[0.605s] Invoking command in '/root/ros_workspace/src/object_avoidance': PYTHONPATH=/root/ros_workspace/build/object_avoidance/prefix_override:/usr/lib/python3/dist-packages/colcon_core/task/python/colcon_distutils_commands:/root/ros_workspace/install/object_avoidance/lib/python3.10/site-packages:${PYTHONPATH} /usr/bin/python3 -W ignore:setup.py install is deprecated -W ignore:easy_install command is deprecated setup.py egg_info --egg-base ../../build/object_avoidance build --build-base /root/ros_workspace/build/object_avoidance/build install --record /root/ros_workspace/build/object_avoidance/install.log --single-version-externally-managed install_data
[0.706s] running egg_info
[0.706s] writing ../../build/object_avoidance/object_avoidance.egg-info/PKG-INFO
[0.706s] writing dependency_links to ../../build/object_avoidance/object_avoidance.egg-info/dependency_links.txt
[0.706s] writing entry points to ../../build/object_avoidance/object_avoidance.egg-info/entry_points.txt
[0.706s] writing requirements to ../../build/object_avoidance/object_avoidance.egg-info/requires.txt
[0.707s] writing top-level names to ../../build/object_avoidance/object_avoidance.egg-info/top_level.txt
[0.707s] reading manifest file '../../build/object_avoidance/object_avoidance.egg-info/SOURCES.txt'
[0.708s] writing manifest file '../../build/object_avoidance/object_avoidance.egg-info/SOURCES.txt'
[0.708s] running build
[0.708s] running build_py
[0.708s] running install
[0.708s] running install_lib
[0.709s] running install_data
[0.709s] running install_egg_info
[0.710s] removing '/root/ros_workspace/install/object_avoidance/lib/python3.10/site-packages/object_avoidance-0.0.0-py3.10.egg-info' (and everything under it)
[0.710s] Copying ../../build/object_avoidance/object_avoidance.egg-info to /root/ros_workspace/install/object_avoidance/lib/python3.10/site-packages/object_avoidance-0.0.0-py3.10.egg-info
[0.710s] running install_scripts
[0.721s] Installing object_avoidance_node script to /root/ros_workspace/install/object_avoidance/lib/object_avoidance
[0.721s] writing list of installed files to '/root/ros_workspace/build/object_avoidance/install.log'
[0.751s] Invoked command in '/root/ros_workspace/src/object_avoidance' returned '0': PYTHONPATH=/root/ros_workspace/build/object_avoidance/prefix_override:/usr/lib/python3/dist-packages/colcon_core/task/python/colcon_distutils_commands:/root/ros_workspace/install/object_avoidance/lib/python3.10/site-packages:${PYTHONPATH} /usr/bin/python3 -W ignore:setup.py install is deprecated -W ignore:easy_install command is deprecated setup.py egg_info --egg-base ../../build/object_avoidance build --build-base /root/ros_workspace/build/object_avoidance/build install --record /root/ros_workspace/build/object_avoidance/install.log --single-version-externally-managed install_data
