[0.131s] Invoking command in '/root/ros_workspace/build/dynamixel_sdk_examples': CMAKE_PREFIX_PATH=/root/ros_workspace/install/dynamixel_sdk_custom_interfaces:/root/ros_workspace/install/dynamixel_sdk:/root/ros_workspace/install/zed_ros2:/root/ros_workspace/install/zed_robot_integration:/root/ros_workspace/install/zed_ipc:/root/ros_workspace/install/zed_multi_camera:/root/ros_workspace/install/zed_isaac_ros_multi_camera:/root/ros_workspace/install/zed_isaac_ros_april_tag:/root/ros_workspace/install/zed_display_rviz2:/root/ros_workspace/install/zed_depth_to_laserscan:/root/ros_workspace/install/zed_wrapper:/root/ros_workspace/install/zed_tutorial_video:/root/ros_workspace/install/zed_tutorial_pos_tracking:/root/ros_workspace/install/zed_tutorial_depth:/root/ros_workspace/install/zed_topic_benchmark:/root/ros_workspace/install/zed_topic_benchmark_component:/root/ros_workspace/install/zed_topic_benchmark_interfaces:/root/ros_workspace/install/zed_rgb_convert:/root/ros_workspace/install/zed_isaac_ros_nitros_sub:/root/ros_workspace/install/zed_aruco_localization:/root/ros_workspace/install/zed_components:/root/ros_workspace/install/yolov8_msgs:/root/ros_workspace/install/turtlebot3:/root/ros_workspace/install/turtlebot3_simulations:/root/ros_workspace/install/turtlebot3_bringup:/root/ros_workspace/install/turtlebot3_node:/root/ros_workspace/install/turtlebot3_navigation2:/root/ros_workspace/install/turtlebot3_fake_node:/root/ros_workspace/install/turtlebot3_msgs:/root/ros_workspace/install/turtlebot3_manipulation_gazebo:/root/ros_workspace/install/turtlebot3_gazebo:/root/ros_workspace/install/turtlebot3_description:/root/ros_workspace/install/turtlebot3_cartographer:/root/ros_workspace/install/rviz_plugin_zed_od:/root/ros_workspace/install/dynamixel_sdk_examples:/root/ros_workspace/install/turtlebot3_teleop:/root/ros_workspace/install/turtlebot3_example:/root/ros_workspace/install/object_detection:/root/ros_workspace/install/object_avoidance:/opt/ros/humble LD_LIBRARY_PATH=/root/ros_workspace/install/dynamixel_sdk_custom_interfaces/lib:/root/ros_workspace/install/dynamixel_sdk/lib:/root/ros_workspace/install/zed_ipc/lib:/root/ros_workspace/install/zed_topic_benchmark_component/lib:/root/ros_workspace/install/zed_topic_benchmark_interfaces/lib:/root/ros_workspace/install/zed_rgb_convert/lib:/root/ros_workspace/install/zed_aruco_localization/lib:/root/ros_workspace/install/zed_components/lib:/root/ros_workspace/install/yolov8_msgs/lib:/root/ros_workspace/install/turtlebot3_msgs/lib:/root/ros_workspace/install/rviz_plugin_zed_od/lib:/opt/ros/humble/opt/rviz_ogre_vendor/lib:/opt/ros/humble/lib/x86_64-linux-gnu:/opt/ros/humble/lib:/usr/lib/x86_64-linux-gnu:/usr/lib/i386-linux-gnu:/usr/local/cuda/lib64:/usr/local/nvidia/lib:/usr/local/nvidia/lib64 /usr/bin/cmake --build /root/ros_workspace/build/dynamixel_sdk_examples -- -j24 -l24
[0.144s] -- Found ament_cmake: 1.3.12 (/opt/ros/humble/share/ament_cmake/cmake)
[0.216s] -- Override CMake install command with custom implementation using symlinks instead of copying resources
[0.220s] -- Found dynamixel_sdk: 3.8.4 (/root/ros_workspace/install/dynamixel_sdk/share/dynamixel_sdk/cmake)
[0.221s] -- Found dynamixel_sdk_custom_interfaces: 3.8.4 (/root/ros_workspace/install/dynamixel_sdk_custom_interfaces/share/dynamixel_sdk_custom_interfaces/cmake)
[0.239s] -- Found rosidl_generator_c: 3.1.7 (/opt/ros/humble/share/rosidl_generator_c/cmake)
[0.241s] -- Found rosidl_adapter: 3.1.7 (/opt/ros/humble/share/rosidl_adapter/cmake)
[0.246s] -- Found rosidl_generator_cpp: 3.1.7 (/opt/ros/humble/share/rosidl_generator_cpp/cmake)
[0.255s] -- Using all available rosidl_typesupport_c: rosidl_typesupport_fastrtps_c;rosidl_typesupport_introspection_c
[0.267s] -- Using all available rosidl_typesupport_cpp: rosidl_typesupport_fastrtps_cpp;rosidl_typesupport_introspection_cpp
[0.280s] -- Found rclcpp: 16.0.16 (/opt/ros/humble/share/rclcpp/cmake)
[0.293s] -- Found rmw_implementation_cmake: 6.1.2 (/opt/ros/humble/share/rmw_implementation_cmake/cmake)
[0.295s] -- Found rmw_fastrtps_cpp: 6.2.9 (/opt/ros/humble/share/rmw_fastrtps_cpp/cmake)
[0.371s] -- Using RMW implementation 'rmw_fastrtps_cpp' as default
[0.396s] -- Found rclpy: 3.3.19 (/opt/ros/humble/share/rclpy/cmake)
[0.396s] -- Found ament_lint_auto: 0.12.14 (/opt/ros/humble/share/ament_lint_auto/cmake)
[0.436s] -- Added test 'copyright' to check source files copyright and LICENSE
[0.436s] -- Added test 'cppcheck' to perform static code analysis on C / C++ code
[0.437s] -- Configured cppcheck include dirs: /root/ros_workspace/src/DynamixelSDK/ros/dynamixel_sdk_examples/include
[0.437s] -- Configured cppcheck exclude dirs and/or files: 
[0.437s] -- Added test 'cpplint' to check C / C++ code against the Google style
[0.437s] -- Configured cpplint exclude dirs and/or files: 
[0.437s] -- Added test 'flake8' to check Python code syntax and style conventions
[0.437s] -- Added test 'lint_cmake' to check CMake code style
[0.437s] -- Added test 'pep257' to check Python code against some of the docstring style conventions in PEP 257
[0.438s] -- Added test 'uncrustify' to check C / C++ code style
[0.438s] -- Configured uncrustify additional arguments: 
[0.438s] -- Added test 'xmllint' to check XML markup files
[0.438s] -- Configuring done
[0.444s] -- Generating done
[0.445s] -- Build files have been written to: /root/ros_workspace/build/dynamixel_sdk_examples
[0.461s] [35m[1mConsolidate compiler generated dependencies of target read_write_node[0m
[0.472s] [ 50%] [32mBuilding CXX object CMakeFiles/read_write_node.dir/src/read_write_node.cpp.o[0m
[47.388s] [100%] [32m[1mLinking CXX executable read_write_node[0m
[47.581s] [100%] Built target read_write_node
[47.590s] Invoked command in '/root/ros_workspace/build/dynamixel_sdk_examples' returned '0': CMAKE_PREFIX_PATH=/root/ros_workspace/install/dynamixel_sdk_custom_interfaces:/root/ros_workspace/install/dynamixel_sdk:/root/ros_workspace/install/zed_ros2:/root/ros_workspace/install/zed_robot_integration:/root/ros_workspace/install/zed_ipc:/root/ros_workspace/install/zed_multi_camera:/root/ros_workspace/install/zed_isaac_ros_multi_camera:/root/ros_workspace/install/zed_isaac_ros_april_tag:/root/ros_workspace/install/zed_display_rviz2:/root/ros_workspace/install/zed_depth_to_laserscan:/root/ros_workspace/install/zed_wrapper:/root/ros_workspace/install/zed_tutorial_video:/root/ros_workspace/install/zed_tutorial_pos_tracking:/root/ros_workspace/install/zed_tutorial_depth:/root/ros_workspace/install/zed_topic_benchmark:/root/ros_workspace/install/zed_topic_benchmark_component:/root/ros_workspace/install/zed_topic_benchmark_interfaces:/root/ros_workspace/install/zed_rgb_convert:/root/ros_workspace/install/zed_isaac_ros_nitros_sub:/root/ros_workspace/install/zed_aruco_localization:/root/ros_workspace/install/zed_components:/root/ros_workspace/install/yolov8_msgs:/root/ros_workspace/install/turtlebot3:/root/ros_workspace/install/turtlebot3_simulations:/root/ros_workspace/install/turtlebot3_bringup:/root/ros_workspace/install/turtlebot3_node:/root/ros_workspace/install/turtlebot3_navigation2:/root/ros_workspace/install/turtlebot3_fake_node:/root/ros_workspace/install/turtlebot3_msgs:/root/ros_workspace/install/turtlebot3_manipulation_gazebo:/root/ros_workspace/install/turtlebot3_gazebo:/root/ros_workspace/install/turtlebot3_description:/root/ros_workspace/install/turtlebot3_cartographer:/root/ros_workspace/install/rviz_plugin_zed_od:/root/ros_workspace/install/dynamixel_sdk_examples:/root/ros_workspace/install/turtlebot3_teleop:/root/ros_workspace/install/turtlebot3_example:/root/ros_workspace/install/object_detection:/root/ros_workspace/install/object_avoidance:/opt/ros/humble LD_LIBRARY_PATH=/root/ros_workspace/install/dynamixel_sdk_custom_interfaces/lib:/root/ros_workspace/install/dynamixel_sdk/lib:/root/ros_workspace/install/zed_ipc/lib:/root/ros_workspace/install/zed_topic_benchmark_component/lib:/root/ros_workspace/install/zed_topic_benchmark_interfaces/lib:/root/ros_workspace/install/zed_rgb_convert/lib:/root/ros_workspace/install/zed_aruco_localization/lib:/root/ros_workspace/install/zed_components/lib:/root/ros_workspace/install/yolov8_msgs/lib:/root/ros_workspace/install/turtlebot3_msgs/lib:/root/ros_workspace/install/rviz_plugin_zed_od/lib:/opt/ros/humble/opt/rviz_ogre_vendor/lib:/opt/ros/humble/lib/x86_64-linux-gnu:/opt/ros/humble/lib:/usr/lib/x86_64-linux-gnu:/usr/lib/i386-linux-gnu:/usr/local/cuda/lib64:/usr/local/nvidia/lib:/usr/local/nvidia/lib64 /usr/bin/cmake --build /root/ros_workspace/build/dynamixel_sdk_examples -- -j24 -l24
[47.590s] Invoking command in '/root/ros_workspace/build/dynamixel_sdk_examples': CMAKE_PREFIX_PATH=/root/ros_workspace/install/dynamixel_sdk_custom_interfaces:/root/ros_workspace/install/dynamixel_sdk:/root/ros_workspace/install/zed_ros2:/root/ros_workspace/install/zed_robot_integration:/root/ros_workspace/install/zed_ipc:/root/ros_workspace/install/zed_multi_camera:/root/ros_workspace/install/zed_isaac_ros_multi_camera:/root/ros_workspace/install/zed_isaac_ros_april_tag:/root/ros_workspace/install/zed_display_rviz2:/root/ros_workspace/install/zed_depth_to_laserscan:/root/ros_workspace/install/zed_wrapper:/root/ros_workspace/install/zed_tutorial_video:/root/ros_workspace/install/zed_tutorial_pos_tracking:/root/ros_workspace/install/zed_tutorial_depth:/root/ros_workspace/install/zed_topic_benchmark:/root/ros_workspace/install/zed_topic_benchmark_component:/root/ros_workspace/install/zed_topic_benchmark_interfaces:/root/ros_workspace/install/zed_rgb_convert:/root/ros_workspace/install/zed_isaac_ros_nitros_sub:/root/ros_workspace/install/zed_aruco_localization:/root/ros_workspace/install/zed_components:/root/ros_workspace/install/yolov8_msgs:/root/ros_workspace/install/turtlebot3:/root/ros_workspace/install/turtlebot3_simulations:/root/ros_workspace/install/turtlebot3_bringup:/root/ros_workspace/install/turtlebot3_node:/root/ros_workspace/install/turtlebot3_navigation2:/root/ros_workspace/install/turtlebot3_fake_node:/root/ros_workspace/install/turtlebot3_msgs:/root/ros_workspace/install/turtlebot3_manipulation_gazebo:/root/ros_workspace/install/turtlebot3_gazebo:/root/ros_workspace/install/turtlebot3_description:/root/ros_workspace/install/turtlebot3_cartographer:/root/ros_workspace/install/rviz_plugin_zed_od:/root/ros_workspace/install/dynamixel_sdk_examples:/root/ros_workspace/install/turtlebot3_teleop:/root/ros_workspace/install/turtlebot3_example:/root/ros_workspace/install/object_detection:/root/ros_workspace/install/object_avoidance:/opt/ros/humble LD_LIBRARY_PATH=/root/ros_workspace/install/dynamixel_sdk_custom_interfaces/lib:/root/ros_workspace/install/dynamixel_sdk/lib:/root/ros_workspace/install/zed_ipc/lib:/root/ros_workspace/install/zed_topic_benchmark_component/lib:/root/ros_workspace/install/zed_topic_benchmark_interfaces/lib:/root/ros_workspace/install/zed_rgb_convert/lib:/root/ros_workspace/install/zed_aruco_localization/lib:/root/ros_workspace/install/zed_components/lib:/root/ros_workspace/install/yolov8_msgs/lib:/root/ros_workspace/install/turtlebot3_msgs/lib:/root/ros_workspace/install/rviz_plugin_zed_od/lib:/opt/ros/humble/opt/rviz_ogre_vendor/lib:/opt/ros/humble/lib/x86_64-linux-gnu:/opt/ros/humble/lib:/usr/lib/x86_64-linux-gnu:/usr/lib/i386-linux-gnu:/usr/local/cuda/lib64:/usr/local/nvidia/lib:/usr/local/nvidia/lib64 /usr/bin/cmake --install /root/ros_workspace/build/dynamixel_sdk_examples
[47.596s] -- Install configuration: ""
[47.596s] -- Execute custom install script
[47.596s] -- Up-to-date symlink: /root/ros_workspace/install/dynamixel_sdk_examples/lib/dynamixel_sdk_examples/read_write_node
[47.597s] -- Up-to-date symlink: /root/ros_workspace/install/dynamixel_sdk_examples/lib/dynamixel_sdk_examples/read_write_node.py
[47.598s] -- Up-to-date symlink: /root/ros_workspace/install/dynamixel_sdk_examples/share/ament_index/resource_index/package_run_dependencies/dynamixel_sdk_examples
[47.598s] -- Up-to-date symlink: /root/ros_workspace/install/dynamixel_sdk_examples/share/ament_index/resource_index/parent_prefix_path/dynamixel_sdk_examples
[47.598s] -- Up-to-date symlink: /root/ros_workspace/install/dynamixel_sdk_examples/share/dynamixel_sdk_examples/environment/ament_prefix_path.sh
[47.598s] -- Up-to-date symlink: /root/ros_workspace/install/dynamixel_sdk_examples/share/dynamixel_sdk_examples/environment/ament_prefix_path.dsv
[47.598s] -- Up-to-date symlink: /root/ros_workspace/install/dynamixel_sdk_examples/share/dynamixel_sdk_examples/environment/path.sh
[47.598s] -- Up-to-date symlink: /root/ros_workspace/install/dynamixel_sdk_examples/share/dynamixel_sdk_examples/environment/path.dsv
[47.598s] -- Up-to-date symlink: /root/ros_workspace/install/dynamixel_sdk_examples/share/dynamixel_sdk_examples/local_setup.bash
[47.599s] -- Up-to-date symlink: /root/ros_workspace/install/dynamixel_sdk_examples/share/dynamixel_sdk_examples/local_setup.sh
[47.599s] -- Up-to-date symlink: /root/ros_workspace/install/dynamixel_sdk_examples/share/dynamixel_sdk_examples/local_setup.zsh
[47.599s] -- Up-to-date symlink: /root/ros_workspace/install/dynamixel_sdk_examples/share/dynamixel_sdk_examples/local_setup.dsv
[47.599s] -- Symlinking: /root/ros_workspace/install/dynamixel_sdk_examples/share/dynamixel_sdk_examples/package.dsv
[47.605s] -- Up-to-date symlink: /root/ros_workspace/install/dynamixel_sdk_examples/share/ament_index/resource_index/packages/dynamixel_sdk_examples
[47.605s] -- Up-to-date symlink: /root/ros_workspace/install/dynamixel_sdk_examples/share/dynamixel_sdk_examples/cmake/dynamixel_sdk_examplesConfig.cmake
[47.605s] -- Up-to-date symlink: /root/ros_workspace/install/dynamixel_sdk_examples/share/dynamixel_sdk_examples/cmake/dynamixel_sdk_examplesConfig-version.cmake
[47.606s] -- Up-to-date symlink: /root/ros_workspace/install/dynamixel_sdk_examples/share/dynamixel_sdk_examples/package.xml
[47.607s] Invoked command in '/root/ros_workspace/build/dynamixel_sdk_examples' returned '0': CMAKE_PREFIX_PATH=/root/ros_workspace/install/dynamixel_sdk_custom_interfaces:/root/ros_workspace/install/dynamixel_sdk:/root/ros_workspace/install/zed_ros2:/root/ros_workspace/install/zed_robot_integration:/root/ros_workspace/install/zed_ipc:/root/ros_workspace/install/zed_multi_camera:/root/ros_workspace/install/zed_isaac_ros_multi_camera:/root/ros_workspace/install/zed_isaac_ros_april_tag:/root/ros_workspace/install/zed_display_rviz2:/root/ros_workspace/install/zed_depth_to_laserscan:/root/ros_workspace/install/zed_wrapper:/root/ros_workspace/install/zed_tutorial_video:/root/ros_workspace/install/zed_tutorial_pos_tracking:/root/ros_workspace/install/zed_tutorial_depth:/root/ros_workspace/install/zed_topic_benchmark:/root/ros_workspace/install/zed_topic_benchmark_component:/root/ros_workspace/install/zed_topic_benchmark_interfaces:/root/ros_workspace/install/zed_rgb_convert:/root/ros_workspace/install/zed_isaac_ros_nitros_sub:/root/ros_workspace/install/zed_aruco_localization:/root/ros_workspace/install/zed_components:/root/ros_workspace/install/yolov8_msgs:/root/ros_workspace/install/turtlebot3:/root/ros_workspace/install/turtlebot3_simulations:/root/ros_workspace/install/turtlebot3_bringup:/root/ros_workspace/install/turtlebot3_node:/root/ros_workspace/install/turtlebot3_navigation2:/root/ros_workspace/install/turtlebot3_fake_node:/root/ros_workspace/install/turtlebot3_msgs:/root/ros_workspace/install/turtlebot3_manipulation_gazebo:/root/ros_workspace/install/turtlebot3_gazebo:/root/ros_workspace/install/turtlebot3_description:/root/ros_workspace/install/turtlebot3_cartographer:/root/ros_workspace/install/rviz_plugin_zed_od:/root/ros_workspace/install/dynamixel_sdk_examples:/root/ros_workspace/install/turtlebot3_teleop:/root/ros_workspace/install/turtlebot3_example:/root/ros_workspace/install/object_detection:/root/ros_workspace/install/object_avoidance:/opt/ros/humble LD_LIBRARY_PATH=/root/ros_workspace/install/dynamixel_sdk_custom_interfaces/lib:/root/ros_workspace/install/dynamixel_sdk/lib:/root/ros_workspace/install/zed_ipc/lib:/root/ros_workspace/install/zed_topic_benchmark_component/lib:/root/ros_workspace/install/zed_topic_benchmark_interfaces/lib:/root/ros_workspace/install/zed_rgb_convert/lib:/root/ros_workspace/install/zed_aruco_localization/lib:/root/ros_workspace/install/zed_components/lib:/root/ros_workspace/install/yolov8_msgs/lib:/root/ros_workspace/install/turtlebot3_msgs/lib:/root/ros_workspace/install/rviz_plugin_zed_od/lib:/opt/ros/humble/opt/rviz_ogre_vendor/lib:/opt/ros/humble/lib/x86_64-linux-gnu:/opt/ros/humble/lib:/usr/lib/x86_64-linux-gnu:/usr/lib/i386-linux-gnu:/usr/local/cuda/lib64:/usr/local/nvidia/lib:/usr/local/nvidia/lib64 /usr/bin/cmake --install /root/ros_workspace/build/dynamixel_sdk_examples
