[0.041s] Invoking command in '/root/ros_workspace/build/zed_topic_benchmark_component': AMENT_PREFIX_PATH=/root/ros_workspace/install/zed_topic_benchmark_interfaces:${AMENT_PREFIX_PATH} CMAKE_PREFIX_PATH=/root/ros_workspace/install/zed_topic_benchmark_interfaces:/opt/ros/humble LD_LIBRARY_PATH=/root/ros_workspace/install/zed_topic_benchmark_interfaces/lib:${LD_LIBRARY_PATH} PYTHONPATH=/root/ros_workspace/install/zed_topic_benchmark_interfaces/local/lib/python3.10/dist-packages:${PYTHONPATH} /usr/bin/cmake --build /root/ros_workspace/build/zed_topic_benchmark_component -- -j24 -l24
[0.074s] [100%] Built target zed_topic_benchmark_component
[0.097s] Invoked command in '/root/ros_workspace/build/zed_topic_benchmark_component' returned '0': AMENT_PREFIX_PATH=/root/ros_workspace/install/zed_topic_benchmark_interfaces:${AMENT_PREFIX_PATH} CMAKE_PREFIX_PATH=/root/ros_workspace/install/zed_topic_benchmark_interfaces:/opt/ros/humble LD_LIBRARY_PATH=/root/ros_workspace/install/zed_topic_benchmark_interfaces/lib:${LD_LIBRARY_PATH} PYTHONPATH=/root/ros_workspace/install/zed_topic_benchmark_interfaces/local/lib/python3.10/dist-packages:${PYTHONPATH} /usr/bin/cmake --build /root/ros_workspace/build/zed_topic_benchmark_component -- -j24 -l24
[0.098s] Invoking command in '/root/ros_workspace/build/zed_topic_benchmark_component': AMENT_PREFIX_PATH=/root/ros_workspace/install/zed_topic_benchmark_interfaces:${AMENT_PREFIX_PATH} CMAKE_PREFIX_PATH=/root/ros_workspace/install/zed_topic_benchmark_interfaces:/opt/ros/humble LD_LIBRARY_PATH=/root/ros_workspace/install/zed_topic_benchmark_interfaces/lib:${LD_LIBRARY_PATH} PYTHONPATH=/root/ros_workspace/install/zed_topic_benchmark_interfaces/local/lib/python3.10/dist-packages:${PYTHONPATH} /usr/bin/cmake --install /root/ros_workspace/build/zed_topic_benchmark_component
[0.101s] -- Install configuration: "Release"
[0.102s] -- Execute custom install script
[0.102s] -- Up-to-date symlink: /root/ros_workspace/install/zed_topic_benchmark_component/lib/libzed_topic_benchmark_component.so
[0.102s] -- Up-to-date symlink: /root/ros_workspace/install/zed_topic_benchmark_component/include/zed_topic_benchmark_component/topic_benchmark_component.hpp
[0.102s] -- Up-to-date symlink: /root/ros_workspace/install/zed_topic_benchmark_component/include/zed_topic_benchmark_component/winavg.hpp
[0.102s] -- Up-to-date symlink: /root/ros_workspace/install/zed_topic_benchmark_component/include/zed_topic_benchmark_component/visibility_control.hpp
[0.102s] -- Up-to-date symlink: /root/ros_workspace/install/zed_topic_benchmark_component/share/zed_topic_benchmark_component/environment/library_path.sh
[0.102s] -- Up-to-date symlink: /root/ros_workspace/install/zed_topic_benchmark_component/share/zed_topic_benchmark_component/environment/library_path.dsv
[0.102s] -- Up-to-date symlink: /root/ros_workspace/install/zed_topic_benchmark_component/share/ament_index/resource_index/package_run_dependencies/zed_topic_benchmark_component
[0.102s] -- Up-to-date symlink: /root/ros_workspace/install/zed_topic_benchmark_component/share/ament_index/resource_index/parent_prefix_path/zed_topic_benchmark_component
[0.102s] -- Up-to-date symlink: /root/ros_workspace/install/zed_topic_benchmark_component/share/zed_topic_benchmark_component/environment/ament_prefix_path.sh
[0.102s] -- Up-to-date symlink: /root/ros_workspace/install/zed_topic_benchmark_component/share/zed_topic_benchmark_component/environment/ament_prefix_path.dsv
[0.103s] -- Up-to-date symlink: /root/ros_workspace/install/zed_topic_benchmark_component/share/zed_topic_benchmark_component/environment/path.sh
[0.103s] -- Up-to-date symlink: /root/ros_workspace/install/zed_topic_benchmark_component/share/zed_topic_benchmark_component/environment/path.dsv
[0.103s] -- Up-to-date symlink: /root/ros_workspace/install/zed_topic_benchmark_component/share/zed_topic_benchmark_component/local_setup.bash
[0.103s] -- Up-to-date symlink: /root/ros_workspace/install/zed_topic_benchmark_component/share/zed_topic_benchmark_component/local_setup.sh
[0.103s] -- Up-to-date symlink: /root/ros_workspace/install/zed_topic_benchmark_component/share/zed_topic_benchmark_component/local_setup.zsh
[0.103s] -- Up-to-date symlink: /root/ros_workspace/install/zed_topic_benchmark_component/share/zed_topic_benchmark_component/local_setup.dsv
[0.103s] -- Symlinking: /root/ros_workspace/install/zed_topic_benchmark_component/share/zed_topic_benchmark_component/package.dsv
[0.107s] -- Up-to-date symlink: /root/ros_workspace/install/zed_topic_benchmark_component/share/ament_index/resource_index/packages/zed_topic_benchmark_component
[0.107s] -- Up-to-date symlink: /root/ros_workspace/install/zed_topic_benchmark_component/share/ament_index/resource_index/rclcpp_components/zed_topic_benchmark_component
[0.107s] -- Up-to-date symlink: /root/ros_workspace/install/zed_topic_benchmark_component/share/zed_topic_benchmark_component/cmake/ament_cmake_export_include_directories-extras.cmake
[0.107s] -- Up-to-date symlink: /root/ros_workspace/install/zed_topic_benchmark_component/share/zed_topic_benchmark_component/cmake/ament_cmake_export_libraries-extras.cmake
[0.107s] -- Up-to-date symlink: /root/ros_workspace/install/zed_topic_benchmark_component/share/zed_topic_benchmark_component/cmake/ament_cmake_export_dependencies-extras.cmake
[0.108s] -- Up-to-date symlink: /root/ros_workspace/install/zed_topic_benchmark_component/share/zed_topic_benchmark_component/cmake/zed_topic_benchmark_componentConfig.cmake
[0.108s] -- Up-to-date symlink: /root/ros_workspace/install/zed_topic_benchmark_component/share/zed_topic_benchmark_component/cmake/zed_topic_benchmark_componentConfig-version.cmake
[0.108s] -- Up-to-date symlink: /root/ros_workspace/install/zed_topic_benchmark_component/share/zed_topic_benchmark_component/package.xml
[0.134s] Invoked command in '/root/ros_workspace/build/zed_topic_benchmark_component' returned '0': AMENT_PREFIX_PATH=/root/ros_workspace/install/zed_topic_benchmark_interfaces:${AMENT_PREFIX_PATH} CMAKE_PREFIX_PATH=/root/ros_workspace/install/zed_topic_benchmark_interfaces:/opt/ros/humble LD_LIBRARY_PATH=/root/ros_workspace/install/zed_topic_benchmark_interfaces/lib:${LD_LIBRARY_PATH} PYTHONPATH=/root/ros_workspace/install/zed_topic_benchmark_interfaces/local/lib/python3.10/dist-packages:${PYTHONPATH} /usr/bin/cmake --install /root/ros_workspace/build/zed_topic_benchmark_component
