[0.024s] Invoking command in '/root/ros_workspace/build/zed_depth_to_laserscan': AMENT_PREFIX_PATH=/root/ros_workspace/install/zed_wrapper:/root/ros_workspace/install/zed_components:${AMENT_PREFIX_PATH} CMAKE_PREFIX_PATH=/root/ros_workspace/install/zed_wrapper:/root/ros_workspace/install/zed_components:/opt/ros/humble LD_LIBRARY_PATH=/root/ros_workspace/install/zed_components/lib:${LD_LIBRARY_PATH} /usr/bin/cmake --build /root/ros_workspace/build/zed_depth_to_laserscan -- -j24 -l24
[0.043s] -- Found ament_cmake_auto: 1.3.12 (/opt/ros/humble/share/ament_cmake_auto/cmake)
[0.114s] -- Override CMake install command with custom implementation using symlinks instead of copying resources
[0.168s] -- Found rosidl_generator_c: 3.1.7 (/opt/ros/humble/share/rosidl_generator_c/cmake)
[0.170s] -- Found rosidl_adapter: 3.1.7 (/opt/ros/humble/share/rosidl_adapter/cmake)
[0.173s] -- Found rosidl_generator_cpp: 3.1.7 (/opt/ros/humble/share/rosidl_generator_cpp/cmake)
[0.178s] -- Using all available rosidl_typesupport_c: rosidl_typesupport_fastrtps_c;rosidl_typesupport_introspection_c
[0.186s] -- Using all available rosidl_typesupport_cpp: rosidl_typesupport_fastrtps_cpp;rosidl_typesupport_introspection_cpp
[0.201s] -- Found rmw_implementation_cmake: 6.1.2 (/opt/ros/humble/share/rmw_implementation_cmake/cmake)
[0.202s] -- Found rmw_fastrtps_cpp: 6.2.9 (/opt/ros/humble/share/rmw_fastrtps_cpp/cmake)
[0.266s] -- Using RMW implementation 'rmw_fastrtps_cpp' as default
[0.355s] -- Found eigen3_cmake_module: 0.1.1 (/opt/ros/humble/share/eigen3_cmake_module/cmake)
[0.356s] -- Ensuring Eigen3 include directory is part of orocos-kdl CMake target
[0.451s] -- Found zed_wrapper: 5.1.0 (/root/ros_workspace/install/zed_wrapper/share/zed_wrapper/cmake)
[0.451s] -- Found ament_lint_auto: 0.12.14 (/opt/ros/humble/share/ament_lint_auto/cmake)
[0.456s] -- Added test 'copyright' to check source files copyright and LICENSE
[0.457s] -- Added test 'flake8' to check Python code syntax and style conventions
[0.457s] -- Added test 'lint_cmake' to check CMake code style
[0.457s] -- Added test 'pep257' to check Python code against some of the docstring style conventions in PEP 257
[0.458s] -- Added test 'xmllint' to check XML markup files
[0.459s] -- Configuring done
[0.463s] -- Generating done
[0.464s] -- Build files have been written to: /root/ros_workspace/build/zed_depth_to_laserscan
[0.482s] Invoked command in '/root/ros_workspace/build/zed_depth_to_laserscan' returned '0': AMENT_PREFIX_PATH=/root/ros_workspace/install/zed_wrapper:/root/ros_workspace/install/zed_components:${AMENT_PREFIX_PATH} CMAKE_PREFIX_PATH=/root/ros_workspace/install/zed_wrapper:/root/ros_workspace/install/zed_components:/opt/ros/humble LD_LIBRARY_PATH=/root/ros_workspace/install/zed_components/lib:${LD_LIBRARY_PATH} /usr/bin/cmake --build /root/ros_workspace/build/zed_depth_to_laserscan -- -j24 -l24
[0.483s] Invoking command in '/root/ros_workspace/build/zed_depth_to_laserscan': AMENT_PREFIX_PATH=/root/ros_workspace/install/zed_wrapper:/root/ros_workspace/install/zed_components:${AMENT_PREFIX_PATH} CMAKE_PREFIX_PATH=/root/ros_workspace/install/zed_wrapper:/root/ros_workspace/install/zed_components:/opt/ros/humble LD_LIBRARY_PATH=/root/ros_workspace/install/zed_components/lib:${LD_LIBRARY_PATH} /usr/bin/cmake --install /root/ros_workspace/build/zed_depth_to_laserscan
[0.489s] -- Install configuration: "Release"
[0.489s] -- Execute custom install script
[0.490s] -- Up-to-date symlink: /root/ros_workspace/install/zed_depth_to_laserscan/share/zed_depth_to_laserscan/launch/zed_depth_to_laserscan.launch.py
[0.490s] -- Up-to-date symlink: /root/ros_workspace/install/zed_depth_to_laserscan/share/zed_depth_to_laserscan/config/zed_depth_to_laserscan.yaml
[0.490s] -- Up-to-date symlink: /root/ros_workspace/install/zed_depth_to_laserscan/share/zed_depth_to_laserscan/rviz2/zed_depth_to_laserscan.rviz
[0.490s] -- Up-to-date symlink: /root/ros_workspace/install/zed_depth_to_laserscan/share/ament_index/resource_index/package_run_dependencies/zed_depth_to_laserscan
[0.490s] -- Up-to-date symlink: /root/ros_workspace/install/zed_depth_to_laserscan/share/ament_index/resource_index/parent_prefix_path/zed_depth_to_laserscan
[0.491s] -- Up-to-date symlink: /root/ros_workspace/install/zed_depth_to_laserscan/share/zed_depth_to_laserscan/environment/ament_prefix_path.sh
[0.491s] -- Up-to-date symlink: /root/ros_workspace/install/zed_depth_to_laserscan/share/zed_depth_to_laserscan/environment/ament_prefix_path.dsv
[0.491s] -- Up-to-date symlink: /root/ros_workspace/install/zed_depth_to_laserscan/share/zed_depth_to_laserscan/environment/path.sh
[0.491s] -- Up-to-date symlink: /root/ros_workspace/install/zed_depth_to_laserscan/share/zed_depth_to_laserscan/environment/path.dsv
[0.491s] -- Up-to-date symlink: /root/ros_workspace/install/zed_depth_to_laserscan/share/zed_depth_to_laserscan/local_setup.bash
[0.491s] -- Up-to-date symlink: /root/ros_workspace/install/zed_depth_to_laserscan/share/zed_depth_to_laserscan/local_setup.sh
[0.491s] -- Up-to-date symlink: /root/ros_workspace/install/zed_depth_to_laserscan/share/zed_depth_to_laserscan/local_setup.zsh
[0.492s] -- Up-to-date symlink: /root/ros_workspace/install/zed_depth_to_laserscan/share/zed_depth_to_laserscan/local_setup.dsv
[0.492s] -- Symlinking: /root/ros_workspace/install/zed_depth_to_laserscan/share/zed_depth_to_laserscan/package.dsv
[0.498s] -- Up-to-date symlink: /root/ros_workspace/install/zed_depth_to_laserscan/share/ament_index/resource_index/packages/zed_depth_to_laserscan
[0.498s] -- Up-to-date symlink: /root/ros_workspace/install/zed_depth_to_laserscan/share/zed_depth_to_laserscan/cmake/zed_depth_to_laserscanConfig.cmake
[0.498s] -- Up-to-date symlink: /root/ros_workspace/install/zed_depth_to_laserscan/share/zed_depth_to_laserscan/cmake/zed_depth_to_laserscanConfig-version.cmake
[0.498s] -- Up-to-date symlink: /root/ros_workspace/install/zed_depth_to_laserscan/share/zed_depth_to_laserscan/package.xml
[0.500s] Invoked command in '/root/ros_workspace/build/zed_depth_to_laserscan' returned '0': AMENT_PREFIX_PATH=/root/ros_workspace/install/zed_wrapper:/root/ros_workspace/install/zed_components:${AMENT_PREFIX_PATH} CMAKE_PREFIX_PATH=/root/ros_workspace/install/zed_wrapper:/root/ros_workspace/install/zed_components:/opt/ros/humble LD_LIBRARY_PATH=/root/ros_workspace/install/zed_components/lib:${LD_LIBRARY_PATH} /usr/bin/cmake --install /root/ros_workspace/build/zed_depth_to_laserscan
