[0.125s] Invoking command in '/root/ros_workspace/build/zed_tutorial_pos_tracking': CMAKE_PREFIX_PATH=/opt/ros/humble /usr/bin/cmake --build /root/ros_workspace/build/zed_tutorial_pos_tracking -- -j24 -l24
[0.157s] [100%] Built target zed_tutorial_pos_tracking
[0.189s] Invoked command in '/root/ros_workspace/build/zed_tutorial_pos_tracking' returned '0': CMAKE_PREFIX_PATH=/opt/ros/humble /usr/bin/cmake --build /root/ros_workspace/build/zed_tutorial_pos_tracking -- -j24 -l24
[0.189s] Invoking command in '/root/ros_workspace/build/zed_tutorial_pos_tracking': CMAKE_PREFIX_PATH=/opt/ros/humble /usr/bin/cmake --install /root/ros_workspace/build/zed_tutorial_pos_tracking
[0.214s] -- Install configuration: "Release"
[0.214s] -- Execute custom install script
[0.214s] -- Up-to-date symlink: /root/ros_workspace/install/zed_tutorial_pos_tracking/lib/zed_tutorial_pos_tracking/zed_tutorial_pos_tracking
[0.214s] -- Up-to-date symlink: /root/ros_workspace/install/zed_tutorial_pos_tracking/share/ament_index/resource_index/package_run_dependencies/zed_tutorial_pos_tracking
[0.214s] -- Up-to-date symlink: /root/ros_workspace/install/zed_tutorial_pos_tracking/share/ament_index/resource_index/parent_prefix_path/zed_tutorial_pos_tracking
[0.214s] -- Up-to-date symlink: /root/ros_workspace/install/zed_tutorial_pos_tracking/share/zed_tutorial_pos_tracking/environment/ament_prefix_path.sh
[0.214s] -- Up-to-date symlink: /root/ros_workspace/install/zed_tutorial_pos_tracking/share/zed_tutorial_pos_tracking/environment/ament_prefix_path.dsv
[0.214s] -- Up-to-date symlink: /root/ros_workspace/install/zed_tutorial_pos_tracking/share/zed_tutorial_pos_tracking/environment/path.sh
[0.214s] -- Up-to-date symlink: /root/ros_workspace/install/zed_tutorial_pos_tracking/share/zed_tutorial_pos_tracking/environment/path.dsv
[0.214s] -- Up-to-date symlink: /root/ros_workspace/install/zed_tutorial_pos_tracking/share/zed_tutorial_pos_tracking/local_setup.bash
[0.214s] -- Up-to-date symlink: /root/ros_workspace/install/zed_tutorial_pos_tracking/share/zed_tutorial_pos_tracking/local_setup.sh
[0.214s] -- Up-to-date symlink: /root/ros_workspace/install/zed_tutorial_pos_tracking/share/zed_tutorial_pos_tracking/local_setup.zsh
[0.214s] -- Up-to-date symlink: /root/ros_workspace/install/zed_tutorial_pos_tracking/share/zed_tutorial_pos_tracking/local_setup.dsv
[0.214s] -- Symlinking: /root/ros_workspace/install/zed_tutorial_pos_tracking/share/zed_tutorial_pos_tracking/package.dsv
[0.214s] -- Up-to-date symlink: /root/ros_workspace/install/zed_tutorial_pos_tracking/share/ament_index/resource_index/packages/zed_tutorial_pos_tracking
[0.214s] -- Up-to-date symlink: /root/ros_workspace/install/zed_tutorial_pos_tracking/share/zed_tutorial_pos_tracking/cmake/zed_tutorial_pos_trackingConfig.cmake
[0.214s] -- Up-to-date symlink: /root/ros_workspace/install/zed_tutorial_pos_tracking/share/zed_tutorial_pos_tracking/cmake/zed_tutorial_pos_trackingConfig-version.cmake
[0.214s] -- Up-to-date symlink: /root/ros_workspace/install/zed_tutorial_pos_tracking/share/zed_tutorial_pos_tracking/package.xml
[0.226s] Invoked command in '/root/ros_workspace/build/zed_tutorial_pos_tracking' returned '0': CMAKE_PREFIX_PATH=/opt/ros/humble /usr/bin/cmake --install /root/ros_workspace/build/zed_tutorial_pos_tracking
