[0.333s] Invoking command in '/root/ros_workspace/build/turtlebot3_example': AMENT_PREFIX_PATH=/root/ros_workspace/install/turtlebot3_msgs:${AMENT_PREFIX_PATH} CMAKE_PREFIX_PATH=/root/ros_workspace/install/turtlebot3_msgs LD_LIBRARY_PATH=/root/ros_workspace/install/turtlebot3_msgs/lib:${LD_LIBRARY_PATH} PYTHONPATH=/root/ros_workspace/build/turtlebot3_example/prefix_override:/usr/lib/python3/dist-packages/colcon_core/task/python/colcon_distutils_commands:/root/ros_workspace/install/turtlebot3_example/lib/python3.10/site-packages:/root/ros_workspace/install/turtlebot3_msgs/local/lib/python3.10/dist-packages:${PYTHONPATH} /usr/bin/python3 -W ignore:setup.py install is deprecated -W ignore:easy_install command is deprecated setup.py develop --editable --build-directory /root/ros_workspace/build/turtlebot3_example/build --no-deps symlink_data
[0.451s] running develop
[0.508s] running egg_info
[0.508s] writing turtlebot3_example.egg-info/PKG-INFO
[0.508s] writing dependency_links to turtlebot3_example.egg-info/dependency_links.txt
[0.509s] writing entry points to turtlebot3_example.egg-info/entry_points.txt
[0.509s] writing requirements to turtlebot3_example.egg-info/requires.txt
[0.509s] writing top-level names to turtlebot3_example.egg-info/top_level.txt
[0.510s] reading manifest file 'turtlebot3_example.egg-info/SOURCES.txt'
[0.510s] writing manifest file 'turtlebot3_example.egg-info/SOURCES.txt'
[0.535s] running build_ext
[0.535s] Creating /root/ros_workspace/install/turtlebot3_example/lib/python3.10/site-packages/turtlebot3-example.egg-link (link to .)
[0.536s] Installing turtlebot3_absolute_move script to /root/ros_workspace/install/turtlebot3_example/lib/turtlebot3_example
[0.536s] Installing turtlebot3_interactive_marker script to /root/ros_workspace/install/turtlebot3_example/lib/turtlebot3_example
[0.536s] Installing turtlebot3_obstacle_detection script to /root/ros_workspace/install/turtlebot3_example/lib/turtlebot3_example
[0.536s] Installing turtlebot3_patrol_client script to /root/ros_workspace/install/turtlebot3_example/lib/turtlebot3_example
[0.536s] Installing turtlebot3_patrol_server script to /root/ros_workspace/install/turtlebot3_example/lib/turtlebot3_example
[0.536s] Installing turtlebot3_relative_move script to /root/ros_workspace/install/turtlebot3_example/lib/turtlebot3_example
[0.536s] 
[0.536s] Installed /root/ros_workspace/build/turtlebot3_example
[0.536s] running symlink_data
[0.551s] Invoked command in '/root/ros_workspace/build/turtlebot3_example' returned '0': AMENT_PREFIX_PATH=/root/ros_workspace/install/turtlebot3_msgs:${AMENT_PREFIX_PATH} CMAKE_PREFIX_PATH=/root/ros_workspace/install/turtlebot3_msgs LD_LIBRARY_PATH=/root/ros_workspace/install/turtlebot3_msgs/lib:${LD_LIBRARY_PATH} PYTHONPATH=/root/ros_workspace/build/turtlebot3_example/prefix_override:/usr/lib/python3/dist-packages/colcon_core/task/python/colcon_distutils_commands:/root/ros_workspace/install/turtlebot3_example/lib/python3.10/site-packages:/root/ros_workspace/install/turtlebot3_msgs/local/lib/python3.10/dist-packages:${PYTHONPATH} /usr/bin/python3 -W ignore:setup.py install is deprecated -W ignore:easy_install command is deprecated setup.py develop --editable --build-directory /root/ros_workspace/build/turtlebot3_example/build --no-deps symlink_data
