[0.022s] Invoking command in '/root/ros_workspace/build/turtlebot3_description': /usr/bin/cmake /root/ros_workspace/src/turtlebot3/turtlebot3_description -DCMAKE_INSTALL_PREFIX=/root/ros_workspace/install/turtlebot3_description
[0.296s] -- Found ament_cmake: 1.3.12 (/opt/ros/humble/share/ament_cmake/cmake)
[0.296s] -- Configuring incomplete, errors occurred!
[0.296s] See also "/root/ros_workspace/build/turtlebot3_description/CMakeFiles/CMakeOutput.log".
[0.297s] Traceback (most recent call last):
[0.297s]   File "/opt/ros/humble/share/ament_cmake_core/cmake/package_templates/templates_2_cmake.py", line 21, in <module>
[0.297s]     from ament_package.templates import get_environment_hook_template_path
[0.297s] ModuleNotFoundError: No module named 'ament_package'
[0.297s] [31mCMake Error at /opt/ros/humble/share/ament_cmake_core/cmake/ament_cmake_package_templates-extras.cmake:41 (message):
[0.297s]   execute_process(/usr/bin/python3
[0.297s]   /opt/ros/humble/share/ament_cmake_core/cmake/package_templates/templates_2_cmake.py
[0.297s]   /root/ros_workspace/build/turtlebot3_description/ament_cmake_package_templates/templates.cmake)
[0.297s]   returned error code 1
[0.297s] Call Stack (most recent call first):
[0.297s]   /opt/ros/humble/share/ament_cmake_core/cmake/ament_cmake_coreConfig.cmake:41 (include)
[0.297s]   /opt/ros/humble/share/ament_cmake/cmake/ament_cmake_export_dependencies-extras.cmake:15 (find_package)
[0.297s]   /opt/ros/humble/share/ament_cmake/cmake/ament_cmakeConfig.cmake:41 (include)
[0.297s]   CMakeLists.txt:18 (find_package)
[0.297s] 
[0.297s] [0m
[0.307s] Invoked command in '/root/ros_workspace/build/turtlebot3_description' returned '1': /usr/bin/cmake /root/ros_workspace/src/turtlebot3/turtlebot3_description -DCMAKE_INSTALL_PREFIX=/root/ros_workspace/install/turtlebot3_description
