[0.117s] Invoking command in '/root/ros_workspace/build/rviz_plugin_zed_od': CMAKE_PREFIX_PATH=/opt/ros/humble /usr/bin/cmake /root/ros_workspace/src/zed-ros2-examples/rviz-plugin-zed-od -DCMAKE_INSTALL_PREFIX=/root/ros_workspace/install/rviz_plugin_zed_od
[0.124s] -- Enabling tests requiring a display
[0.124s] -- Found ament_cmake_auto: 1.3.12 (/opt/ros/humble/share/ament_cmake_auto/cmake)
[0.194s] -- Override CMake install command with custom implementation using symlinks instead of copying resources
[0.238s] -- Setting OGRE_DIR to: '/opt/ros/humble/share/rviz_ogre_vendor/cmake/../../../opt/rviz_ogre_vendor/lib/OGRE/cmake'
[0.239s] -- Found OGRE
[0.239s] --   static     : OFF
[0.239s] --   components : HLMS;MeshLodGenerator;Overlay;Paging;Property;RTShaderSystem;Terrain;Volume
[0.239s] --   plugins    : Plugin_BSPSceneManager;Plugin_OctreeSceneManager;Plugin_PCZSceneManager;Plugin_ParticleFX;RenderSystem_GL;RenderSystem_GL3Plus;Codec_STBI
[0.239s] --   media      : /opt/ros/humble/opt/rviz_ogre_vendor/share/OGRE/Media
[0.239s] -- OGRE_LIBRARIES: OgreHLMS;OgreMeshLodGenerator;OgreOverlay;OgrePaging;OgreProperty;OgreRTShaderSystem;OgreTerrain;OgreVolume;OgreMain
[0.239s] -- OGRE_LIBRARY_DIRS: /opt/ros/humble/opt/rviz_ogre_vendor/lib
[0.239s] -- OGRE_PLUGINS: Plugin_BSPSceneManager;Plugin_OctreeSceneManager;Plugin_PCZSceneManager;Plugin_ParticleFX;RenderSystem_GL;RenderSystem_GL3Plus;Codec_STBI
[0.239s] -- OGRE_PLUGIN_DIR: /opt/ros/humble/opt/rviz_ogre_vendor/lib/OGRE
[0.239s] -- rviz_ogre_vendor::OgreOverlay for IMPORTED_LOCATION_RELEASE: /opt/ros/humble/opt/rviz_ogre_vendor/lib/libOgreOverlay.so
[0.239s] -- rviz_ogre_vendor::OgreOverlay for IMPORTED_LOCATION_DEBUG: /opt/ros/humble/opt/rviz_ogre_vendor/lib/libOgreOverlay.so
[0.239s] -- rviz_ogre_vendor::OgreMain for IMPORTED_LOCATION_RELEASE: /opt/ros/humble/opt/rviz_ogre_vendor/lib/libOgreMain.so
[0.239s] -- rviz_ogre_vendor::OgreMain for IMPORTED_LOCATION_DEBUG: /opt/ros/humble/opt/rviz_ogre_vendor/lib/libOgreMain.so
[0.244s] -- Could not find freeimage library
[0.273s] -- Found rviz_common: 11.2.23 (/opt/ros/humble/share/rviz_common/cmake)
[0.281s] -- Setting assimp_DIR to: '/opt/ros/humble/share/rviz_assimp_vendor/cmake/../../../opt/rviz_assimp_vendor/lib/cmake/assimp-4.1'
[0.306s] -- library: /usr/lib/x86_64-linux-gnu/libcurl.so
[0.318s] -- Found rosidl_generator_c: 3.1.7 (/opt/ros/humble/share/rosidl_generator_c/cmake)
[0.320s] -- Found rosidl_adapter: 3.1.7 (/opt/ros/humble/share/rosidl_adapter/cmake)
[0.323s] -- Found rosidl_generator_cpp: 3.1.7 (/opt/ros/humble/share/rosidl_generator_cpp/cmake)
[0.327s] -- Using all available rosidl_typesupport_c: rosidl_typesupport_fastrtps_c;rosidl_typesupport_introspection_c
[0.333s] -- Using all available rosidl_typesupport_cpp: rosidl_typesupport_fastrtps_cpp;rosidl_typesupport_introspection_cpp
[0.381s] -- Found rmw_implementation_cmake: 6.1.2 (/opt/ros/humble/share/rmw_implementation_cmake/cmake)
[0.382s] -- Found rmw_fastrtps_cpp: 6.2.9 (/opt/ros/humble/share/rmw_fastrtps_cpp/cmake)
[0.393s] -- Found TinyXML2 via Config file: TinyXML2_DIR-NOTFOUND
[0.398s] -- Found TinyXML2 via Config file: TinyXML2_DIR-NOTFOUND
[0.408s] -- Found TinyXML2 via Config file: TinyXML2_DIR-NOTFOUND
[0.413s] -- Found TinyXML2 via Config file: TinyXML2_DIR-NOTFOUND
[0.420s] -- Using RMW implementation 'rmw_fastrtps_cpp' as default
[0.455s] -- Ensuring Eigen3 include directory is part of orocos-kdl CMake target
[0.508s] [31mCMake Error at CMakeLists.txt:109 (find_package):
[0.508s]   By not providing "Findzed_msgs.cmake" in CMAKE_MODULE_PATH this project has
[0.508s]   asked CMake to find a package configuration file provided by "zed_msgs",
[0.508s]   but CMake did not find one.
[0.508s] 
[0.508s]   Could not find a package configuration file provided by "zed_msgs" with any
[0.508s]   of the following names:
[0.508s] 
[0.509s]     zed_msgsConfig.cmake
[0.509s]     zed_msgs-config.cmake
[0.509s] 
[0.509s]   Add the installation prefix of "zed_msgs" to CMAKE_PREFIX_PATH or set
[0.509s]   "zed_msgs_DIR" to a directory containing one of the above files.  If
[0.509s]   "zed_msgs" provides a separate development package or SDK, be sure it has
[0.509s]   been installed.
[0.509s] 
[0.509s] [0m
[0.509s] -- Configuring incomplete, errors occurred!
[0.509s] See also "/root/ros_workspace/build/rviz_plugin_zed_od/CMakeFiles/CMakeOutput.log".
[0.513s] Invoked command in '/root/ros_workspace/build/rviz_plugin_zed_od' returned '1': CMAKE_PREFIX_PATH=/opt/ros/humble /usr/bin/cmake /root/ros_workspace/src/zed-ros2-examples/rviz-plugin-zed-od -DCMAKE_INSTALL_PREFIX=/root/ros_workspace/install/rviz_plugin_zed_od
