[0.124s] Invoking command in '/root/ros_workspace/build/zed_aruco_localization': CMAKE_PREFIX_PATH=/opt/ros/humble /usr/bin/cmake /root/ros_workspace/src/zed-ros2-examples/examples/zed_aruco_localization -DCMAKE_BUILD_TYPE=Release -DAMENT_CMAKE_SYMLINK_INSTALL=1 -DCMAKE_INSTALL_PREFIX=/root/ros_workspace/install/zed_aruco_localization
[0.160s] -- The C compiler identification is GNU 11.4.0
[0.195s] -- The CXX compiler identification is GNU 11.4.0
[0.197s] -- Detecting C compiler ABI info
[0.228s] -- Detecting C compiler ABI info - done
[0.232s] -- Check for working C compiler: /usr/bin/cc - skipped
[0.232s] -- Detecting C compile features
[0.232s] -- Detecting C compile features - done
[0.233s] -- Detecting CXX compiler ABI info
[0.270s] -- Detecting CXX compiler ABI info - done
[0.274s] -- Check for working CXX compiler: /usr/bin/c++ - skipped
[0.274s] -- Detecting CXX compile features
[0.274s] -- Detecting CXX compile features - done
[0.280s] -- Found OpenCV: /usr (found suitable version "4.5.4", minimum required is "4") 
[0.282s] -- Looking for sgemm_
[0.316s] -- Looking for sgemm_ - not found
[0.317s] -- Looking for pthread.h
[0.360s] -- Looking for pthread.h - found
[0.360s] -- Performing Test CMAKE_HAVE_LIBC_PTHREAD
[0.400s] -- Performing Test CMAKE_HAVE_LIBC_PTHREAD - Success
[0.401s] -- Found Threads: TRUE  
[0.414s] -- Looking for sgemm_
[0.469s] -- Looking for sgemm_ - found
[0.470s] -- Found BLAS: /usr/lib/x86_64-linux-gnu/libopenblas.so  
[0.484s] -- Found CUDA: /usr/local/cuda (found suitable version "12.8", minimum required is "12") 
[0.626s] -- Found CUDA: /usr/local/cuda (found version "12.8") 
[0.627s] -- Found ament_cmake_auto: 1.3.12 (/opt/ros/humble/share/ament_cmake_auto/cmake)
[0.703s] -- Found Python3: /usr/bin/python3 (found version "3.10.12") found components: Interpreter 
[0.734s] -- Override CMake install command with custom implementation using symlinks instead of copying resources
[0.799s] -- Found rosidl_generator_c: 3.1.7 (/opt/ros/humble/share/rosidl_generator_c/cmake)
[0.802s] -- Found rosidl_adapter: 3.1.7 (/opt/ros/humble/share/rosidl_adapter/cmake)
[0.805s] -- Found rosidl_generator_cpp: 3.1.7 (/opt/ros/humble/share/rosidl_generator_cpp/cmake)
[0.811s] -- Using all available rosidl_typesupport_c: rosidl_typesupport_fastrtps_c;rosidl_typesupport_introspection_c
[0.819s] -- Using all available rosidl_typesupport_cpp: rosidl_typesupport_fastrtps_cpp;rosidl_typesupport_introspection_cpp
[0.839s] -- Found rmw_implementation_cmake: 6.1.2 (/opt/ros/humble/share/rmw_implementation_cmake/cmake)
[0.841s] -- Found rmw_fastrtps_cpp: 6.2.9 (/opt/ros/humble/share/rmw_fastrtps_cpp/cmake)
[0.888s] -- Found OpenSSL: /usr/lib/x86_64-linux-gnu/libcrypto.so (found version "3.0.2")  
[0.900s] -- Found FastRTPS: /opt/ros/humble/include  
[0.922s] -- Using RMW implementation 'rmw_fastrtps_cpp' as default
[1.034s] -- Found eigen3_cmake_module: 0.1.1 (/opt/ros/humble/share/eigen3_cmake_module/cmake)
[1.034s] -- Found Eigen3: TRUE (found version "3.4.0") 
[1.034s] -- Ensuring Eigen3 include directory is part of orocos-kdl CMake target
[1.064s] [33mCMake Warning at CMakeLists.txt:113 (find_package):
[1.064s]   By not providing "Findzed_components.cmake" in CMAKE_MODULE_PATH this
[1.064s]   project has asked CMake to find a package configuration file provided by
[1.064s]   "zed_components", but CMake did not find one.
[1.064s] 
[1.065s]   Could not find a package configuration file provided by "zed_components"
[1.065s]   with any of the following names:
[1.065s] 
[1.065s]     zed_componentsConfig.cmake
[1.065s]     zed_components-config.cmake
[1.065s] 
[1.065s]   Add the installation prefix of "zed_components" to CMAKE_PREFIX_PATH or set
[1.065s]   "zed_components_DIR" to a directory containing one of the above files.  If
[1.065s]   "zed_components" provides a separate development package or SDK, be sure it
[1.065s]   has been installed.
[1.065s] 
[1.065s] [0m
[1.065s] -- Found ament_lint_auto: 0.12.14 (/opt/ros/humble/share/ament_lint_auto/cmake)
[1.078s] -- Added test 'copyright' to check source files copyright and LICENSE
[1.078s] -- Added test 'cppcheck' to perform static code analysis on C / C++ code
[1.078s] -- Configured cppcheck include dirs: /root/ros_workspace/src/zed-ros2-examples/examples/zed_aruco_localization/src/include;/root/ros_workspace/src/zed-ros2-examples/examples/zed_aruco_localization/src/component/include
[1.078s] -- Configured cppcheck exclude dirs and/or files: 
[1.079s] -- Added test 'cpplint' to check C / C++ code against the Google style
[1.079s] -- Configured cpplint exclude dirs and/or files: 
[1.079s] -- Added test 'flake8' to check Python code syntax and style conventions
[1.079s] -- Added test 'lint_cmake' to check CMake code style
[1.080s] -- Added test 'pep257' to check Python code against some of the docstring style conventions in PEP 257
[1.080s] -- Added test 'uncrustify' to check C / C++ code style
[1.080s] -- Configured uncrustify additional arguments: 
[1.080s] -- Added test 'xmllint' to check XML markup files
[1.081s] -- Added test 'clang_format' to check C / C++ code style
[1.083s] -- Configuring done
[1.091s] -- Generating done
[1.094s] -- Build files have been written to: /root/ros_workspace/build/zed_aruco_localization
