[0.123s] Invoking command in '/root/ros_workspace/build/zed_depth_to_laserscan': CMAKE_PREFIX_PATH=/opt/ros/humble /usr/bin/cmake /root/ros_workspace/src/zed-ros2-examples/examples/zed_depth_to_laserscan -DCMAKE_BUILD_TYPE=Release -DAMENT_CMAKE_SYMLINK_INSTALL=1 -DCMAKE_INSTALL_PREFIX=/root/ros_workspace/install/zed_depth_to_laserscan
[0.152s] -- The C compiler identification is GNU 11.4.0
[0.183s] -- The CXX compiler identification is GNU 11.4.0
[0.190s] -- Detecting C compiler ABI info
[0.219s] -- Detecting C compiler ABI info - done
[0.224s] -- Check for working C compiler: /usr/bin/cc - skipped
[0.224s] -- Detecting C compile features
[0.224s] -- Detecting C compile features - done
[0.225s] -- Detecting CXX compiler ABI info
[0.270s] -- Detecting CXX compiler ABI info - done
[0.274s] -- Check for working CXX compiler: /usr/bin/c++ - skipped
[0.274s] -- Detecting CXX compile features
[0.275s] -- Detecting CXX compile features - done
[0.277s] -- Found ament_cmake_auto: 1.3.12 (/opt/ros/humble/share/ament_cmake_auto/cmake)
[0.361s] -- Found Python3: /usr/bin/python3 (found version "3.10.12") found components: Interpreter 
[0.393s] -- Override CMake install command with custom implementation using symlinks instead of copying resources
[0.470s] -- Found rosidl_generator_c: 3.1.7 (/opt/ros/humble/share/rosidl_generator_c/cmake)
[0.472s] -- Found rosidl_adapter: 3.1.7 (/opt/ros/humble/share/rosidl_adapter/cmake)
[0.475s] -- Found rosidl_generator_cpp: 3.1.7 (/opt/ros/humble/share/rosidl_generator_cpp/cmake)
[0.484s] -- Using all available rosidl_typesupport_c: rosidl_typesupport_fastrtps_c;rosidl_typesupport_introspection_c
[0.493s] -- Using all available rosidl_typesupport_cpp: rosidl_typesupport_fastrtps_cpp;rosidl_typesupport_introspection_cpp
[0.514s] -- Found rmw_implementation_cmake: 6.1.2 (/opt/ros/humble/share/rmw_implementation_cmake/cmake)
[0.515s] -- Found rmw_fastrtps_cpp: 6.2.9 (/opt/ros/humble/share/rmw_fastrtps_cpp/cmake)
[0.559s] -- Found OpenSSL: /usr/lib/x86_64-linux-gnu/libcrypto.so (found version "3.0.2")  
[0.574s] -- Found FastRTPS: /opt/ros/humble/include  
[0.601s] -- Using RMW implementation 'rmw_fastrtps_cpp' as default
[0.608s] -- Looking for pthread.h
[0.649s] -- Looking for pthread.h - found
[0.650s] -- Performing Test CMAKE_HAVE_LIBC_PTHREAD
[0.687s] -- Performing Test CMAKE_HAVE_LIBC_PTHREAD - Success
[0.687s] -- Found Threads: TRUE  
[0.812s] -- Found eigen3_cmake_module: 0.1.1 (/opt/ros/humble/share/eigen3_cmake_module/cmake)
[0.813s] -- Found Eigen3: TRUE (found version "3.4.0") 
[0.813s] -- Ensuring Eigen3 include directory is part of orocos-kdl CMake target
[0.854s] [33mCMake Warning at CMakeLists.txt:55 (find_package):
[0.854s]   By not providing "Findzed_components.cmake" in CMAKE_MODULE_PATH this
[0.854s]   project has asked CMake to find a package configuration file provided by
[0.854s]   "zed_components", but CMake did not find one.
[0.854s] 
[0.854s]   Could not find a package configuration file provided by "zed_components"
[0.854s]   with any of the following names:
[0.854s] 
[0.854s]     zed_componentsConfig.cmake
[0.854s]     zed_components-config.cmake
[0.854s] 
[0.854s]   Add the installation prefix of "zed_components" to CMAKE_PREFIX_PATH or set
[0.854s]   "zed_components_DIR" to a directory containing one of the above files.  If
[0.854s]   "zed_components" provides a separate development package or SDK, be sure it
[0.854s]   has been installed.
[0.854s] 
[0.855s] [0m
[0.860s] [33mCMake Warning at CMakeLists.txt:56 (find_package):
[0.860s]   By not providing "Findzed_wrapper.cmake" in CMAKE_MODULE_PATH this project
[0.860s]   has asked CMake to find a package configuration file provided by
[0.860s]   "zed_wrapper", but CMake did not find one.
[0.860s] 
[0.860s]   Could not find a package configuration file provided by "zed_wrapper" with
[0.860s]   any of the following names:
[0.861s] 
[0.861s]     zed_wrapperConfig.cmake
[0.861s]     zed_wrapper-config.cmake
[0.861s] 
[0.861s]   Add the installation prefix of "zed_wrapper" to CMAKE_PREFIX_PATH or set
[0.861s]   "zed_wrapper_DIR" to a directory containing one of the above files.  If
[0.861s]   "zed_wrapper" provides a separate development package or SDK, be sure it
[0.861s]   has been installed.
[0.861s] 
[0.861s] [0m
[0.861s] -- Found ament_lint_auto: 0.12.14 (/opt/ros/humble/share/ament_lint_auto/cmake)
[0.871s] -- Added test 'copyright' to check source files copyright and LICENSE
[0.872s] -- Added test 'flake8' to check Python code syntax and style conventions
[0.872s] -- Added test 'lint_cmake' to check CMake code style
[0.872s] -- Added test 'pep257' to check Python code against some of the docstring style conventions in PEP 257
[0.873s] -- Added test 'xmllint' to check XML markup files
[0.873s] -- Configuring done
[0.876s] -- Generating done
[0.877s] -- Build files have been written to: /root/ros_workspace/build/zed_depth_to_laserscan
[0.882s] Invoked command in '/root/ros_workspace/build/zed_depth_to_laserscan' returned '0': CMAKE_PREFIX_PATH=/opt/ros/humble /usr/bin/cmake /root/ros_workspace/src/zed-ros2-examples/examples/zed_depth_to_laserscan -DCMAKE_BUILD_TYPE=Release -DAMENT_CMAKE_SYMLINK_INSTALL=1 -DCMAKE_INSTALL_PREFIX=/root/ros_workspace/install/zed_depth_to_laserscan
[0.883s] Invoking command in '/root/ros_workspace/build/zed_depth_to_laserscan': CMAKE_PREFIX_PATH=/opt/ros/humble /usr/bin/cmake --build /root/ros_workspace/build/zed_depth_to_laserscan -- -j24 -l24
[0.904s] Invoked command in '/root/ros_workspace/build/zed_depth_to_laserscan' returned '0': CMAKE_PREFIX_PATH=/opt/ros/humble /usr/bin/cmake --build /root/ros_workspace/build/zed_depth_to_laserscan -- -j24 -l24
[0.904s] Invoking command in '/root/ros_workspace/build/zed_depth_to_laserscan': CMAKE_PREFIX_PATH=/opt/ros/humble /usr/bin/cmake --install /root/ros_workspace/build/zed_depth_to_laserscan
[0.907s] -- Install configuration: "Release"
[0.908s] -- Execute custom install script
[0.908s] -- Symlinking: /root/ros_workspace/install/zed_depth_to_laserscan/share/zed_depth_to_laserscan/launch/zed_depth_to_laserscan.launch.py
[0.913s] -- Symlinking: /root/ros_workspace/install/zed_depth_to_laserscan/share/zed_depth_to_laserscan/config/zed_depth_to_laserscan.yaml
[0.918s] -- Symlinking: /root/ros_workspace/install/zed_depth_to_laserscan/share/zed_depth_to_laserscan/rviz2/zed_depth_to_laserscan.rviz
[0.923s] -- Symlinking: /root/ros_workspace/install/zed_depth_to_laserscan/share/ament_index/resource_index/package_run_dependencies/zed_depth_to_laserscan
[0.928s] -- Symlinking: /root/ros_workspace/install/zed_depth_to_laserscan/share/ament_index/resource_index/parent_prefix_path/zed_depth_to_laserscan
[0.932s] -- Symlinking: /root/ros_workspace/install/zed_depth_to_laserscan/share/zed_depth_to_laserscan/environment/ament_prefix_path.sh
[0.937s] -- Symlinking: /root/ros_workspace/install/zed_depth_to_laserscan/share/zed_depth_to_laserscan/environment/ament_prefix_path.dsv
[0.940s] -- Symlinking: /root/ros_workspace/install/zed_depth_to_laserscan/share/zed_depth_to_laserscan/environment/path.sh
[0.944s] -- Symlinking: /root/ros_workspace/install/zed_depth_to_laserscan/share/zed_depth_to_laserscan/environment/path.dsv
[0.948s] -- Symlinking: /root/ros_workspace/install/zed_depth_to_laserscan/share/zed_depth_to_laserscan/local_setup.bash
[0.953s] -- Symlinking: /root/ros_workspace/install/zed_depth_to_laserscan/share/zed_depth_to_laserscan/local_setup.sh
[0.957s] -- Symlinking: /root/ros_workspace/install/zed_depth_to_laserscan/share/zed_depth_to_laserscan/local_setup.zsh
[0.962s] -- Symlinking: /root/ros_workspace/install/zed_depth_to_laserscan/share/zed_depth_to_laserscan/local_setup.dsv
[0.967s] -- Symlinking: /root/ros_workspace/install/zed_depth_to_laserscan/share/zed_depth_to_laserscan/package.dsv
[0.972s] -- Symlinking: /root/ros_workspace/install/zed_depth_to_laserscan/share/ament_index/resource_index/packages/zed_depth_to_laserscan
[0.977s] -- Symlinking: /root/ros_workspace/install/zed_depth_to_laserscan/share/zed_depth_to_laserscan/cmake/zed_depth_to_laserscanConfig.cmake
[0.982s] -- Symlinking: /root/ros_workspace/install/zed_depth_to_laserscan/share/zed_depth_to_laserscan/cmake/zed_depth_to_laserscanConfig-version.cmake
[0.985s] -- Symlinking: /root/ros_workspace/install/zed_depth_to_laserscan/share/zed_depth_to_laserscan/package.xml
[0.991s] Invoked command in '/root/ros_workspace/build/zed_depth_to_laserscan' returned '0': CMAKE_PREFIX_PATH=/opt/ros/humble /usr/bin/cmake --install /root/ros_workspace/build/zed_depth_to_laserscan
