[0.351s] Invoking command in '/root/ros_workspace/build/yolov8_msgs': /usr/bin/cmake --build /root/ros_workspace/build/yolov8_msgs -- -j24 -l24
[0.378s] [  2%] Built target yolov8_msgs__cpp
[0.382s] [ 12%] Built target yolov8_msgs__rosidl_generator_c
[0.382s] [ 12%] Built target ament_cmake_python_symlink_yolov8_msgs
[0.395s] [ 23%] Built target yolov8_msgs__rosidl_typesupport_introspection_cpp
[0.395s] [ 33%] Built target yolov8_msgs__rosidl_typesupport_cpp
[0.395s] [ 43%] Built target yolov8_msgs__rosidl_typesupport_fastrtps_cpp
[0.407s] [ 53%] Built target yolov8_msgs__rosidl_typesupport_c
[0.407s] [ 64%] Built target yolov8_msgs__rosidl_typesupport_introspection_c
[0.411s] [ 74%] Built target yolov8_msgs__rosidl_typesupport_fastrtps_c
[0.412s] [ 74%] Built target yolov8_msgs
[0.419s] [ 76%] Built target yolov8_msgs__py
[0.434s] [ 84%] Built target yolov8_msgs__rosidl_generator_py
[0.449s] [ 89%] Built target yolov8_msgs__rosidl_typesupport_fastrtps_c__pyext
[0.449s] [100%] Built target yolov8_msgs__rosidl_typesupport_c__pyext
[0.449s] [100%] Built target yolov8_msgs__rosidl_typesupport_introspection_c__pyext
[0.467s] running egg_info
[0.468s] writing yolov8_msgs.egg-info/PKG-INFO
[0.468s] writing dependency_links to yolov8_msgs.egg-info/dependency_links.txt
[0.468s] writing top-level names to yolov8_msgs.egg-info/top_level.txt
[0.469s] reading manifest file 'yolov8_msgs.egg-info/SOURCES.txt'
[0.469s] writing manifest file 'yolov8_msgs.egg-info/SOURCES.txt'
[0.484s] [100%] Built target ament_cmake_python_build_yolov8_msgs_egg
