[0.124s] Invoking command in '/root/ros_workspace/build/zed_tutorial_depth': CMAKE_PREFIX_PATH=/opt/ros/humble /usr/bin/cmake --build /root/ros_workspace/build/zed_tutorial_depth -- -j24 -l24
[0.149s] [100%] Built target zed_tutorial_depth
[0.177s] Invoked command in '/root/ros_workspace/build/zed_tutorial_depth' returned '0': CMAKE_PREFIX_PATH=/opt/ros/humble /usr/bin/cmake --build /root/ros_workspace/build/zed_tutorial_depth -- -j24 -l24
[0.178s] Invoking command in '/root/ros_workspace/build/zed_tutorial_depth': CMAKE_PREFIX_PATH=/opt/ros/humble /usr/bin/cmake --install /root/ros_workspace/build/zed_tutorial_depth
[0.182s] -- Install configuration: "Release"
[0.183s] -- Execute custom install script
[0.183s] -- Up-to-date symlink: /root/ros_workspace/install/zed_tutorial_depth/lib/zed_tutorial_depth/zed_tutorial_depth
[0.183s] -- Up-to-date symlink: /root/ros_workspace/install/zed_tutorial_depth/share/ament_index/resource_index/package_run_dependencies/zed_tutorial_depth
[0.183s] -- Up-to-date symlink: /root/ros_workspace/install/zed_tutorial_depth/share/ament_index/resource_index/parent_prefix_path/zed_tutorial_depth
[0.183s] -- Up-to-date symlink: /root/ros_workspace/install/zed_tutorial_depth/share/zed_tutorial_depth/environment/ament_prefix_path.sh
[0.183s] -- Up-to-date symlink: /root/ros_workspace/install/zed_tutorial_depth/share/zed_tutorial_depth/environment/ament_prefix_path.dsv
[0.183s] -- Up-to-date symlink: /root/ros_workspace/install/zed_tutorial_depth/share/zed_tutorial_depth/environment/path.sh
[0.183s] -- Up-to-date symlink: /root/ros_workspace/install/zed_tutorial_depth/share/zed_tutorial_depth/environment/path.dsv
[0.183s] -- Up-to-date symlink: /root/ros_workspace/install/zed_tutorial_depth/share/zed_tutorial_depth/local_setup.bash
[0.183s] -- Up-to-date symlink: /root/ros_workspace/install/zed_tutorial_depth/share/zed_tutorial_depth/local_setup.sh
[0.183s] -- Up-to-date symlink: /root/ros_workspace/install/zed_tutorial_depth/share/zed_tutorial_depth/local_setup.zsh
[0.183s] -- Up-to-date symlink: /root/ros_workspace/install/zed_tutorial_depth/share/zed_tutorial_depth/local_setup.dsv
[0.183s] -- Symlinking: /root/ros_workspace/install/zed_tutorial_depth/share/zed_tutorial_depth/package.dsv
[0.189s] -- Up-to-date symlink: /root/ros_workspace/install/zed_tutorial_depth/share/ament_index/resource_index/packages/zed_tutorial_depth
[0.189s] -- Up-to-date symlink: /root/ros_workspace/install/zed_tutorial_depth/share/zed_tutorial_depth/cmake/zed_tutorial_depthConfig.cmake
[0.189s] -- Up-to-date symlink: /root/ros_workspace/install/zed_tutorial_depth/share/zed_tutorial_depth/cmake/zed_tutorial_depthConfig-version.cmake
[0.189s] -- Up-to-date symlink: /root/ros_workspace/install/zed_tutorial_depth/share/zed_tutorial_depth/package.xml
[0.219s] Invoked command in '/root/ros_workspace/build/zed_tutorial_depth' returned '0': CMAKE_PREFIX_PATH=/opt/ros/humble /usr/bin/cmake --install /root/ros_workspace/build/zed_tutorial_depth
