[0.022s] Invoking command in '/root/ros_workspace/build/zed_topic_benchmark': AMENT_PREFIX_PATH=/root/ros_workspace/install/zed_topic_benchmark_component:/root/ros_workspace/install/zed_topic_benchmark_interfaces:${AMENT_PREFIX_PATH} CMAKE_PREFIX_PATH=/root/ros_workspace/install/zed_topic_benchmark_component:/root/ros_workspace/install/zed_topic_benchmark_interfaces:/opt/ros/humble LD_LIBRARY_PATH=/root/ros_workspace/install/zed_topic_benchmark_component/lib:/root/ros_workspace/install/zed_topic_benchmark_interfaces/lib:${LD_LIBRARY_PATH} PYTHONPATH=/root/ros_workspace/install/zed_topic_benchmark_interfaces/local/lib/python3.10/dist-packages:${PYTHONPATH} /usr/bin/cmake --build /root/ros_workspace/build/zed_topic_benchmark -- -j24 -l24
[0.067s] -- Found ament_cmake_auto: 1.3.12 (/opt/ros/humble/share/ament_cmake_auto/cmake)
[0.200s] -- Override CMake install command with custom implementation using symlinks instead of copying resources
[0.312s] -- Found rosidl_generator_c: 3.1.7 (/opt/ros/humble/share/rosidl_generator_c/cmake)
[0.315s] -- Found rosidl_adapter: 3.1.7 (/opt/ros/humble/share/rosidl_adapter/cmake)
[0.322s] -- Found rosidl_generator_cpp: 3.1.7 (/opt/ros/humble/share/rosidl_generator_cpp/cmake)
[0.333s] -- Using all available rosidl_typesupport_c: rosidl_typesupport_fastrtps_c;rosidl_typesupport_introspection_c
[0.347s] -- Using all available rosidl_typesupport_cpp: rosidl_typesupport_fastrtps_cpp;rosidl_typesupport_introspection_cpp
[0.383s] -- Found rmw_implementation_cmake: 6.1.2 (/opt/ros/humble/share/rmw_implementation_cmake/cmake)
[0.386s] -- Found rmw_fastrtps_cpp: 6.2.9 (/opt/ros/humble/share/rmw_fastrtps_cpp/cmake)
[0.485s] -- Using RMW implementation 'rmw_fastrtps_cpp' as default
[0.570s] -- Found ament_lint_auto: 0.12.14 (/opt/ros/humble/share/ament_lint_auto/cmake)
[0.583s] -- Added test 'copyright' to check source files copyright and LICENSE
[0.583s] -- Added test 'cppcheck' to perform static code analysis on C / C++ code
[0.584s] -- Configured cppcheck include dirs: 
[0.584s] -- Configured cppcheck exclude dirs and/or files: 
[0.584s] -- Added test 'cpplint' to check C / C++ code against the Google style
[0.584s] -- Configured cpplint exclude dirs and/or files: 
[0.584s] -- Added test 'flake8' to check Python code syntax and style conventions
[0.585s] -- Added test 'lint_cmake' to check CMake code style
[0.585s] -- Added test 'pep257' to check Python code against some of the docstring style conventions in PEP 257
[0.586s] -- Added test 'uncrustify' to check C / C++ code style
[0.586s] -- Configured uncrustify additional arguments: 
[0.586s] -- Added test 'xmllint' to check XML markup files
[0.586s] -- Added test 'clang_format' to check C / C++ code style
[0.588s] -- Configuring done
[0.612s] -- Generating done
[0.616s] -- Build files have been written to: /root/ros_workspace/build/zed_topic_benchmark
[0.641s] [35m[1mConsolidate compiler generated dependencies of target zed_topic_benchmark[0m
[0.666s] [ 50%] [32mBuilding CXX object CMakeFiles/zed_topic_benchmark.dir/src/topic_benchmark_container.cpp.o[0m
[2.437s] [100%] [32m[1mLinking CXX executable zed_topic_benchmark[0m
[2.533s] [100%] Built target zed_topic_benchmark
[2.543s] Invoked command in '/root/ros_workspace/build/zed_topic_benchmark' returned '0': AMENT_PREFIX_PATH=/root/ros_workspace/install/zed_topic_benchmark_component:/root/ros_workspace/install/zed_topic_benchmark_interfaces:${AMENT_PREFIX_PATH} CMAKE_PREFIX_PATH=/root/ros_workspace/install/zed_topic_benchmark_component:/root/ros_workspace/install/zed_topic_benchmark_interfaces:/opt/ros/humble LD_LIBRARY_PATH=/root/ros_workspace/install/zed_topic_benchmark_component/lib:/root/ros_workspace/install/zed_topic_benchmark_interfaces/lib:${LD_LIBRARY_PATH} PYTHONPATH=/root/ros_workspace/install/zed_topic_benchmark_interfaces/local/lib/python3.10/dist-packages:${PYTHONPATH} /usr/bin/cmake --build /root/ros_workspace/build/zed_topic_benchmark -- -j24 -l24
[2.545s] Invoking command in '/root/ros_workspace/build/zed_topic_benchmark': AMENT_PREFIX_PATH=/root/ros_workspace/install/zed_topic_benchmark_component:/root/ros_workspace/install/zed_topic_benchmark_interfaces:${AMENT_PREFIX_PATH} CMAKE_PREFIX_PATH=/root/ros_workspace/install/zed_topic_benchmark_component:/root/ros_workspace/install/zed_topic_benchmark_interfaces:/opt/ros/humble LD_LIBRARY_PATH=/root/ros_workspace/install/zed_topic_benchmark_component/lib:/root/ros_workspace/install/zed_topic_benchmark_interfaces/lib:${LD_LIBRARY_PATH} PYTHONPATH=/root/ros_workspace/install/zed_topic_benchmark_interfaces/local/lib/python3.10/dist-packages:${PYTHONPATH} /usr/bin/cmake --install /root/ros_workspace/build/zed_topic_benchmark
[2.551s] -- Install configuration: "Release"
[2.552s] -- Execute custom install script
[2.552s] -- Up-to-date symlink: /root/ros_workspace/install/zed_topic_benchmark/lib/zed_topic_benchmark/zed_topic_benchmark
[2.553s] -- Up-to-date symlink: /root/ros_workspace/install/zed_topic_benchmark/share/zed_topic_benchmark/launch/zed_test_ipc.launch.py
[2.553s] -- Up-to-date symlink: /root/ros_workspace/install/zed_topic_benchmark/share/ament_index/resource_index/package_run_dependencies/zed_topic_benchmark
[2.553s] -- Up-to-date symlink: /root/ros_workspace/install/zed_topic_benchmark/share/ament_index/resource_index/parent_prefix_path/zed_topic_benchmark
[2.553s] -- Up-to-date symlink: /root/ros_workspace/install/zed_topic_benchmark/share/zed_topic_benchmark/environment/ament_prefix_path.sh
[2.553s] -- Up-to-date symlink: /root/ros_workspace/install/zed_topic_benchmark/share/zed_topic_benchmark/environment/ament_prefix_path.dsv
[2.554s] -- Up-to-date symlink: /root/ros_workspace/install/zed_topic_benchmark/share/zed_topic_benchmark/environment/path.sh
[2.554s] -- Up-to-date symlink: /root/ros_workspace/install/zed_topic_benchmark/share/zed_topic_benchmark/environment/path.dsv
[2.554s] -- Up-to-date symlink: /root/ros_workspace/install/zed_topic_benchmark/share/zed_topic_benchmark/local_setup.bash
[2.554s] -- Up-to-date symlink: /root/ros_workspace/install/zed_topic_benchmark/share/zed_topic_benchmark/local_setup.sh
[2.554s] -- Up-to-date symlink: /root/ros_workspace/install/zed_topic_benchmark/share/zed_topic_benchmark/local_setup.zsh
[2.554s] -- Up-to-date symlink: /root/ros_workspace/install/zed_topic_benchmark/share/zed_topic_benchmark/local_setup.dsv
[2.554s] -- Symlinking: /root/ros_workspace/install/zed_topic_benchmark/share/zed_topic_benchmark/package.dsv
[2.562s] -- Up-to-date symlink: /root/ros_workspace/install/zed_topic_benchmark/share/ament_index/resource_index/packages/zed_topic_benchmark
[2.562s] -- Up-to-date symlink: /root/ros_workspace/install/zed_topic_benchmark/share/zed_topic_benchmark/cmake/zed_topic_benchmarkConfig.cmake
[2.563s] -- Up-to-date symlink: /root/ros_workspace/install/zed_topic_benchmark/share/zed_topic_benchmark/cmake/zed_topic_benchmarkConfig-version.cmake
[2.563s] -- Up-to-date symlink: /root/ros_workspace/install/zed_topic_benchmark/share/zed_topic_benchmark/package.xml
[2.565s] Invoked command in '/root/ros_workspace/build/zed_topic_benchmark' returned '0': AMENT_PREFIX_PATH=/root/ros_workspace/install/zed_topic_benchmark_component:/root/ros_workspace/install/zed_topic_benchmark_interfaces:${AMENT_PREFIX_PATH} CMAKE_PREFIX_PATH=/root/ros_workspace/install/zed_topic_benchmark_component:/root/ros_workspace/install/zed_topic_benchmark_interfaces:/opt/ros/humble LD_LIBRARY_PATH=/root/ros_workspace/install/zed_topic_benchmark_component/lib:/root/ros_workspace/install/zed_topic_benchmark_interfaces/lib:${LD_LIBRARY_PATH} PYTHONPATH=/root/ros_workspace/install/zed_topic_benchmark_interfaces/local/lib/python3.10/dist-packages:${PYTHONPATH} /usr/bin/cmake --install /root/ros_workspace/build/zed_topic_benchmark
