[0.890s] Invoking command in '/root/ros_workspace/src/object_avoidance': PYTHONPATH=/root/ros_workspace/build/object_avoidance/prefix_override:/usr/lib/python3/dist-packages/colcon_core/task/python/colcon_distutils_commands:/root/ros_workspace/install/object_avoidance/lib/python3.10/site-packages:${PYTHONPATH} /usr/bin/python3 -W ignore:setup.py install is deprecated -W ignore:easy_install command is deprecated setup.py egg_info --egg-base ../../build/object_avoidance build --build-base /root/ros_workspace/build/object_avoidance/build install --record /root/ros_workspace/build/object_avoidance/install.log --single-version-externally-managed install_data
[1.033s] running egg_info
[1.033s] writing ../../build/object_avoidance/object_avoidance.egg-info/PKG-INFO
[1.033s] writing dependency_links to ../../build/object_avoidance/object_avoidance.egg-info/dependency_links.txt
[1.033s] writing entry points to ../../build/object_avoidance/object_avoidance.egg-info/entry_points.txt
[1.033s] writing requirements to ../../build/object_avoidance/object_avoidance.egg-info/requires.txt
[1.033s] writing top-level names to ../../build/object_avoidance/object_avoidance.egg-info/top_level.txt
[1.034s] reading manifest file '../../build/object_avoidance/object_avoidance.egg-info/SOURCES.txt'
[1.035s] writing manifest file '../../build/object_avoidance/object_avoidance.egg-info/SOURCES.txt'
[1.035s] running build
[1.035s] running build_py
[1.035s] running install
[1.035s] running install_lib
[1.035s] running install_data
[1.035s] running install_egg_info
[1.036s] removing '/root/ros_workspace/install/object_avoidance/lib/python3.10/site-packages/object_avoidance-0.0.0-py3.10.egg-info' (and everything under it)
[1.036s] Copying ../../build/object_avoidance/object_avoidance.egg-info to /root/ros_workspace/install/object_avoidance/lib/python3.10/site-packages/object_avoidance-0.0.0-py3.10.egg-info
[1.037s] running install_scripts
[1.048s] Installing object_avoidance_node script to /root/ros_workspace/install/object_avoidance/lib/object_avoidance
[1.048s] writing list of installed files to '/root/ros_workspace/build/object_avoidance/install.log'
[1.061s] Invoked command in '/root/ros_workspace/src/object_avoidance' returned '0': PYTHONPATH=/root/ros_workspace/build/object_avoidance/prefix_override:/usr/lib/python3/dist-packages/colcon_core/task/python/colcon_distutils_commands:/root/ros_workspace/install/object_avoidance/lib/python3.10/site-packages:${PYTHONPATH} /usr/bin/python3 -W ignore:setup.py install is deprecated -W ignore:easy_install command is deprecated setup.py egg_info --egg-base ../../build/object_avoidance build --build-base /root/ros_workspace/build/object_avoidance/build install --record /root/ros_workspace/build/object_avoidance/install.log --single-version-externally-managed install_data
