[0.122s] Invoking command in '/root/ros_workspace/build/zed_isaac_ros_multi_camera': CMAKE_PREFIX_PATH=/opt/ros/humble /usr/bin/cmake /root/ros_workspace/src/zed-ros2-examples/isaac_ros/zed_isaac_ros_multi_camera -DCMAKE_BUILD_TYPE=Release -DAMENT_CMAKE_SYMLINK_INSTALL=1 -DCMAKE_INSTALL_PREFIX=/root/ros_workspace/install/zed_isaac_ros_multi_camera
[0.146s] -- The C compiler identification is GNU 11.4.0
[0.172s] -- The CXX compiler identification is GNU 11.4.0
[0.176s] -- Detecting C compiler ABI info
[0.210s] -- Detecting C compiler ABI info - done
[0.214s] -- Check for working C compiler: /usr/bin/cc - skipped
[0.215s] -- Detecting C compile features
[0.215s] -- Detecting C compile features - done
[0.215s] -- Detecting CXX compiler ABI info
[0.258s] -- Detecting CXX compiler ABI info - done
[0.262s] -- Check for working CXX compiler: /usr/bin/c++ - skipped
[0.262s] -- Detecting CXX compile features
[0.262s] -- Detecting CXX compile features - done
[0.263s] -- Found ament_cmake_auto: 1.3.12 (/opt/ros/humble/share/ament_cmake_auto/cmake)
[0.349s] -- Found Python3: /usr/bin/python3 (found version "3.10.12") found components: Interpreter 
[0.380s] -- Override CMake install command with custom implementation using symlinks instead of copying resources
[0.439s] -- Found ament_lint_auto: 0.12.14 (/opt/ros/humble/share/ament_lint_auto/cmake)
[0.454s] -- Added test 'copyright' to check source files copyright and LICENSE
[0.456s] -- Added test 'flake8' to check Python code syntax and style conventions
[0.456s] -- Added test 'lint_cmake' to check CMake code style
[0.456s] -- Added test 'pep257' to check Python code against some of the docstring style conventions in PEP 257
[0.457s] -- Added test 'xmllint' to check XML markup files
[0.458s] -- Configuring done
[0.461s] -- Generating done
[0.462s] -- Build files have been written to: /root/ros_workspace/build/zed_isaac_ros_multi_camera
[0.467s] Invoked command in '/root/ros_workspace/build/zed_isaac_ros_multi_camera' returned '0': CMAKE_PREFIX_PATH=/opt/ros/humble /usr/bin/cmake /root/ros_workspace/src/zed-ros2-examples/isaac_ros/zed_isaac_ros_multi_camera -DCMAKE_BUILD_TYPE=Release -DAMENT_CMAKE_SYMLINK_INSTALL=1 -DCMAKE_INSTALL_PREFIX=/root/ros_workspace/install/zed_isaac_ros_multi_camera
[0.468s] Invoking command in '/root/ros_workspace/build/zed_isaac_ros_multi_camera': CMAKE_PREFIX_PATH=/opt/ros/humble /usr/bin/cmake --build /root/ros_workspace/build/zed_isaac_ros_multi_camera -- -j24 -l24
[0.488s] Invoked command in '/root/ros_workspace/build/zed_isaac_ros_multi_camera' returned '0': CMAKE_PREFIX_PATH=/opt/ros/humble /usr/bin/cmake --build /root/ros_workspace/build/zed_isaac_ros_multi_camera -- -j24 -l24
[0.490s] Invoking command in '/root/ros_workspace/build/zed_isaac_ros_multi_camera': CMAKE_PREFIX_PATH=/opt/ros/humble /usr/bin/cmake --install /root/ros_workspace/build/zed_isaac_ros_multi_camera
[0.492s] -- Install configuration: "Release"
[0.492s] -- Execute custom install script
[0.492s] -- Symlinking: /root/ros_workspace/install/zed_isaac_ros_multi_camera/share/zed_isaac_ros_multi_camera/launch/zed_multi_camera.launch.py
[0.498s] -- Symlinking: /root/ros_workspace/install/zed_isaac_ros_multi_camera/share/zed_isaac_ros_multi_camera/urdf/zed_multi.urdf.xacro
[0.503s] -- Symlinking: /root/ros_workspace/install/zed_isaac_ros_multi_camera/share/ament_index/resource_index/package_run_dependencies/zed_isaac_ros_multi_camera
[0.506s] -- Symlinking: /root/ros_workspace/install/zed_isaac_ros_multi_camera/share/ament_index/resource_index/parent_prefix_path/zed_isaac_ros_multi_camera
[0.511s] -- Symlinking: /root/ros_workspace/install/zed_isaac_ros_multi_camera/share/zed_isaac_ros_multi_camera/environment/ament_prefix_path.sh
[0.515s] -- Symlinking: /root/ros_workspace/install/zed_isaac_ros_multi_camera/share/zed_isaac_ros_multi_camera/environment/ament_prefix_path.dsv
[0.521s] -- Symlinking: /root/ros_workspace/install/zed_isaac_ros_multi_camera/share/zed_isaac_ros_multi_camera/environment/path.sh
[0.524s] -- Symlinking: /root/ros_workspace/install/zed_isaac_ros_multi_camera/share/zed_isaac_ros_multi_camera/environment/path.dsv
[0.528s] -- Symlinking: /root/ros_workspace/install/zed_isaac_ros_multi_camera/share/zed_isaac_ros_multi_camera/local_setup.bash
[0.533s] -- Symlinking: /root/ros_workspace/install/zed_isaac_ros_multi_camera/share/zed_isaac_ros_multi_camera/local_setup.sh
[0.538s] -- Symlinking: /root/ros_workspace/install/zed_isaac_ros_multi_camera/share/zed_isaac_ros_multi_camera/local_setup.zsh
[0.543s] -- Symlinking: /root/ros_workspace/install/zed_isaac_ros_multi_camera/share/zed_isaac_ros_multi_camera/local_setup.dsv
[0.547s] -- Symlinking: /root/ros_workspace/install/zed_isaac_ros_multi_camera/share/zed_isaac_ros_multi_camera/package.dsv
[0.552s] -- Symlinking: /root/ros_workspace/install/zed_isaac_ros_multi_camera/share/ament_index/resource_index/packages/zed_isaac_ros_multi_camera
[0.557s] -- Symlinking: /root/ros_workspace/install/zed_isaac_ros_multi_camera/share/zed_isaac_ros_multi_camera/cmake/zed_isaac_ros_multi_cameraConfig.cmake
[0.562s] -- Symlinking: /root/ros_workspace/install/zed_isaac_ros_multi_camera/share/zed_isaac_ros_multi_camera/cmake/zed_isaac_ros_multi_cameraConfig-version.cmake
[0.566s] -- Symlinking: /root/ros_workspace/install/zed_isaac_ros_multi_camera/share/zed_isaac_ros_multi_camera/package.xml
[0.573s] Invoked command in '/root/ros_workspace/build/zed_isaac_ros_multi_camera' returned '0': CMAKE_PREFIX_PATH=/opt/ros/humble /usr/bin/cmake --install /root/ros_workspace/build/zed_isaac_ros_multi_camera
