[0.009s] Invoking command in '/root/ros_workspace/build/zed_components': CMAKE_PREFIX_PATH=/opt/ros/humble /usr/bin/cmake --build /root/ros_workspace/build/zed_components -- -j24 -l24
[0.063s] [35m[1mConsolidate compiler generated dependencies of target zed_camera_component[0m
[0.064s] [35m[1mConsolidate compiler generated dependencies of target zed_camera_one_component[0m
[0.100s] [  5%] [32mBuilding CXX object CMakeFiles/zed_camera_one_component.dir/src/zed_camera_one/src/zed_camera_one_component_video.cpp.o[0m
[0.101s] [ 11%] [32mBuilding CXX object CMakeFiles/zed_camera_component.dir/src/zed_camera/src/zed_camera_component_objdet.cpp.o[0m
[0.101s] [ 17%] [32mBuilding CXX object CMakeFiles/zed_camera_one_component.dir/src/zed_camera_one/src/zed_camera_one_component_sensors.cpp.o[0m
[0.101s] [ 23%] [32mBuilding CXX object CMakeFiles/zed_camera_component.dir/src/zed_camera/src/zed_camera_component_bodytrk.cpp.o[0m
[0.101s] [ 29%] [32mBuilding CXX object CMakeFiles/zed_camera_one_component.dir/src/zed_camera_one/src/zed_camera_one_component_main.cpp.o[0m
[0.101s] [ 35%] [32mBuilding CXX object CMakeFiles/zed_camera_component.dir/src/zed_camera/src/zed_camera_component_main.cpp.o[0m
[0.102s] [ 41%] [32mBuilding CXX object CMakeFiles/zed_camera_component.dir/src/zed_camera/src/zed_camera_component_video_depth.cpp.o[0m
[2.286s] [01m[K/root/ros_workspace/src/zed-ros2-wrapper/zed_components/src/zed_camera_one/src/zed_camera_one_component_video.cpp:[m[K In member function ‘[01m[Kvoid stereolabs::ZedCameraOne::retrieveImages(bool)[m[K’:
[2.286s] [01m[K/root/ros_workspace/src/zed-ros2-wrapper/zed_components/src/zed_camera_one/src/zed_camera_one_component_video.cpp:450:32:[m[K [01;31m[Kerror: [m[K‘[01m[KLEFT_BGR[m[K’ is not a member of ‘[01m[Ksl::VIEW[m[K’; did you mean ‘[01m[KLEFT_GRAY[m[K’?
[2.286s]   450 |         _24bitMode ? sl::VIEW::[01;31m[KLEFT_BGR[m[K : sl::VIEW::LEFT_BGRA,
[2.286s]       |                                [01;31m[K^~~~~~~~[m[K
[2.287s]       |                                [32m[KLEFT_GRAY[m[K
[2.287s] [01m[K/root/ros_workspace/src/zed-ros2-wrapper/zed_components/src/zed_camera_one/src/zed_camera_one_component_video.cpp:450:53:[m[K [01;31m[Kerror: [m[K‘[01m[KLEFT_BGRA[m[K’ is not a member of ‘[01m[Ksl::VIEW[m[K’; did you mean ‘[01m[KLEFT_GRAY[m[K’?
[2.287s]   450 |         _24bitMode ? sl::VIEW::LEFT_BGR : sl::VIEW::[01;31m[KLEFT_BGRA[m[K,
[2.287s]       |                                                     [01;31m[K^~~~~~~~~[m[K
[2.287s]       |                                                     [32m[KLEFT_GRAY[m[K
[2.287s] [01m[K/root/ros_workspace/src/zed-ros2-wrapper/zed_components/src/zed_camera_one/src/zed_camera_one_component_video.cpp:462:32:[m[K [01;31m[Kerror: [m[K‘[01m[KLEFT_UNRECTIFIED_BGR[m[K’ is not a member of ‘[01m[Ksl::VIEW[m[K’; did you mean ‘[01m[KLEFT_UNRECTIFIED_GRAY[m[K’?
[2.287s]   462 |         _24bitMode ? sl::VIEW::[01;31m[KLEFT_UNRECTIFIED_BGR[m[K : sl::VIEW::LEFT_UNRECTIFIED_BGRA,
[2.287s]       |                                [01;31m[K^~~~~~~~~~~~~~~~~~~~[m[K
[2.287s]       |                                [32m[KLEFT_UNRECTIFIED_GRAY[m[K
[2.287s] [01m[K/root/ros_workspace/src/zed-ros2-wrapper/zed_components/src/zed_camera_one/src/zed_camera_one_component_video.cpp:462:65:[m[K [01;31m[Kerror: [m[K‘[01m[KLEFT_UNRECTIFIED_BGRA[m[K’ is not a member of ‘[01m[Ksl::VIEW[m[K’; did you mean ‘[01m[KLEFT_UNRECTIFIED_GRAY[m[K’?
[2.287s]   462 |         _24bitMode ? sl::VIEW::LEFT_UNRECTIFIED_BGR : sl::VIEW::[01;31m[KLEFT_UNRECTIFIED_BGRA[m[K,
[2.287s]       |                                                                 [01;31m[K^~~~~~~~~~~~~~~~~~~~~[m[K
[2.287s]       |                                                                 [32m[KLEFT_UNRECTIFIED_GRAY[m[K
[2.334s] [01m[K/root/ros_workspace/src/zed-ros2-wrapper/zed_components/src/zed_camera/src/zed_camera_component_video_depth.cpp:[m[K In member function ‘[01m[Kbool stereolabs::ZedCamera::retrieveLeftImage(bool)[m[K’:
[2.334s] [01m[K/root/ros_workspace/src/zed-ros2-wrapper/zed_components/src/zed_camera/src/zed_camera_component_video_depth.cpp:1494:30:[m[K [01;31m[Kerror: [m[K‘[01m[KLEFT_BGR[m[K’ is not a member of ‘[01m[Ksl::VIEW[m[K’; did you mean ‘[01m[KLEFT_GRAY[m[K’?
[2.334s]  1494 |       m24bitMode ? sl::VIEW::[01;31m[KLEFT_BGR[m[K : sl::VIEW::LEFT_BGRA,
[2.334s]       |                              [01;31m[K^~~~~~~~[m[K
[2.334s]       |                              [32m[KLEFT_GRAY[m[K
[2.334s] [01m[K/root/ros_workspace/src/zed-ros2-wrapper/zed_components/src/zed_camera/src/zed_camera_component_video_depth.cpp:1494:51:[m[K [01;31m[Kerror: [m[K‘[01m[KLEFT_BGRA[m[K’ is not a member of ‘[01m[Ksl::VIEW[m[K’; did you mean ‘[01m[KLEFT_GRAY[m[K’?
[2.334s]  1494 |       m24bitMode ? sl::VIEW::LEFT_BGR : sl::VIEW::[01;31m[KLEFT_BGRA[m[K,
[2.334s]       |                                                   [01;31m[K^~~~~~~~~[m[K
[2.334s]       |                                                   [32m[KLEFT_GRAY[m[K
[2.334s] [01m[K/root/ros_workspace/src/zed-ros2-wrapper/zed_components/src/zed_camera/src/zed_camera_component_video_depth.cpp:[m[K In member function ‘[01m[Kbool stereolabs::ZedCamera::retrieveLeftRawImage(bool)[m[K’:
[2.334s] [01m[K/root/ros_workspace/src/zed-ros2-wrapper/zed_components/src/zed_camera/src/zed_camera_component_video_depth.cpp:1512:30:[m[K [01;31m[Kerror: [m[K‘[01m[KLEFT_UNRECTIFIED_BGR[m[K’ is not a member of ‘[01m[Ksl::VIEW[m[K’; did you mean ‘[01m[KLEFT_UNRECTIFIED_GRAY[m[K’?
[2.334s]  1512 |       m24bitMode ? sl::VIEW::[01;31m[KLEFT_UNRECTIFIED_BGR[m[K : sl::VIEW::LEFT_UNRECTIFIED_BGRA,
[2.334s]       |                              [01;31m[K^~~~~~~~~~~~~~~~~~~~[m[K
[2.334s]       |                              [32m[KLEFT_UNRECTIFIED_GRAY[m[K
[2.335s] [01m[K/root/ros_workspace/src/zed-ros2-wrapper/zed_components/src/zed_camera/src/zed_camera_component_video_depth.cpp:1512:63:[m[K [01;31m[Kerror: [m[K‘[01m[KLEFT_UNRECTIFIED_BGRA[m[K’ is not a member of ‘[01m[Ksl::VIEW[m[K’; did you mean ‘[01m[KLEFT_UNRECTIFIED_GRAY[m[K’?
[2.335s]  1512 |       m24bitMode ? sl::VIEW::LEFT_UNRECTIFIED_BGR : sl::VIEW::[01;31m[KLEFT_UNRECTIFIED_BGRA[m[K,
[2.335s]       |                                                               [01;31m[K^~~~~~~~~~~~~~~~~~~~~[m[K
[2.335s]       |                                                               [32m[KLEFT_UNRECTIFIED_GRAY[m[K
[2.335s] [01m[K/root/ros_workspace/src/zed-ros2-wrapper/zed_components/src/zed_camera/src/zed_camera_component_video_depth.cpp:[m[K In member function ‘[01m[Kbool stereolabs::ZedCamera::retrieveRightImage(bool)[m[K’:
[2.335s] [01m[K/root/ros_workspace/src/zed-ros2-wrapper/zed_components/src/zed_camera/src/zed_camera_component_video_depth.cpp:1529:30:[m[K [01;31m[Kerror: [m[K‘[01m[KRIGHT_BGR[m[K’ is not a member of ‘[01m[Ksl::VIEW[m[K’; did you mean ‘[01m[KRIGHT_GRAY[m[K’?
[2.335s]  1529 |       m24bitMode ? sl::VIEW::[01;31m[KRIGHT_BGR[m[K : sl::VIEW::RIGHT_BGRA,
[2.335s]       |                              [01;31m[K^~~~~~~~~[m[K
[2.335s]       |                              [32m[KRIGHT_GRAY[m[K
[2.335s] [01m[K/root/ros_workspace/src/zed-ros2-wrapper/zed_components/src/zed_camera/src/zed_camera_component_video_depth.cpp:1529:52:[m[K [01;31m[Kerror: [m[K‘[01m[KRIGHT_BGRA[m[K’ is not a member of ‘[01m[Ksl::VIEW[m[K’; did you mean ‘[01m[KRIGHT_GRAY[m[K’?
[2.335s]  1529 |       m24bitMode ? sl::VIEW::RIGHT_BGR : sl::VIEW::[01;31m[KRIGHT_BGRA[m[K,
[2.335s]       |                                                    [01;31m[K^~~~~~~~~~[m[K
[2.335s]       |                                                    [32m[KRIGHT_GRAY[m[K
[2.335s] [01m[K/root/ros_workspace/src/zed-ros2-wrapper/zed_components/src/zed_camera/src/zed_camera_component_video_depth.cpp:[m[K In member function ‘[01m[Kbool stereolabs::ZedCamera::retrieveRightRawImage(bool)[m[K’:
[2.335s] [01m[K/root/ros_workspace/src/zed-ros2-wrapper/zed_components/src/zed_camera/src/zed_camera_component_video_depth.cpp:1546:30:[m[K [01;31m[Kerror: [m[K‘[01m[KRIGHT_UNRECTIFIED_BGR[m[K’ is not a member of ‘[01m[Ksl::VIEW[m[K’; did you mean ‘[01m[KRIGHT_UNRECTIFIED_GRAY[m[K’?
[2.335s]  1546 |       m24bitMode ? sl::VIEW::[01;31m[KRIGHT_UNRECTIFIED_BGR[m[K : sl::VIEW::RIGHT_UNRECTIFIED_BGRA,
[2.335s]       |                              [01;31m[K^~~~~~~~~~~~~~~~~~~~~[m[K
[2.335s]       |                              [32m[KRIGHT_UNRECTIFIED_GRAY[m[K
[2.335s] [01m[K/root/ros_workspace/src/zed-ros2-wrapper/zed_components/src/zed_camera/src/zed_camera_component_video_depth.cpp:1546:64:[m[K [01;31m[Kerror: [m[K‘[01m[KRIGHT_UNRECTIFIED_BGRA[m[K’ is not a member of ‘[01m[Ksl::VIEW[m[K’; did you mean ‘[01m[KRIGHT_UNRECTIFIED_GRAY[m[K’?
[2.335s]  1546 |       m24bitMode ? sl::VIEW::RIGHT_UNRECTIFIED_BGR : sl::VIEW::[01;31m[KRIGHT_UNRECTIFIED_BGRA[m[K,
[2.336s]       |                                                                [01;31m[K^~~~~~~~~~~~~~~~~~~~~~[m[K
[2.336s]       |                                                                [32m[KRIGHT_UNRECTIFIED_GRAY[m[K
[3.045s] gmake[2]: *** [CMakeFiles/zed_camera_one_component.dir/build.make:160: CMakeFiles/zed_camera_one_component.dir/src/zed_camera_one/src/zed_camera_one_component_video.cpp.o] Error 1
[3.045s] gmake[2]: *** Waiting for unfinished jobs....
[3.617s] gmake[2]: *** [CMakeFiles/zed_camera_component.dir/build.make:146: CMakeFiles/zed_camera_component.dir/src/zed_camera/src/zed_camera_component_video_depth.cpp.o] Error 1
[3.617s] gmake[2]: *** Waiting for unfinished jobs....
[7.433s] gmake[1]: *** [CMakeFiles/Makefile2:192: CMakeFiles/zed_camera_one_component.dir/all] Error 2
[7.433s] gmake[1]: *** Waiting for unfinished jobs....
[27.898s] gmake[1]: *** [CMakeFiles/Makefile2:166: CMakeFiles/zed_camera_component.dir/all] Error 2
[27.898s] gmake: *** [Makefile:146: all] Error 2
[27.900s] Invoked command in '/root/ros_workspace/build/zed_components' returned '2': CMAKE_PREFIX_PATH=/opt/ros/humble /usr/bin/cmake --build /root/ros_workspace/build/zed_components -- -j24 -l24
