[0.093s] Invoking command in '/root/ros_workspace/build/zed_tutorial_depth': /usr/bin/cmake /root/ros_workspace/src/zed-ros2-examples/tutorials/zed_depth_tutorial -DCMAKE_INSTALL_PREFIX=/root/ros_workspace/install/zed_tutorial_depth
[0.108s] -- Found ament_cmake_auto: 1.3.12 (/opt/ros/humble/share/ament_cmake_auto/cmake)
[0.140s] Traceback (most recent call last):
[0.140s]   File "/opt/ros/humble/share/ament_cmake_core/cmake/package_templates/templates_2_cmake.py", line 21, in <module>
[0.140s]     from ament_package.templates import get_environment_hook_template_path
[0.140s] ModuleNotFoundError: No module named 'ament_package'
[0.141s] [31mCMake Error at /opt/ros/humble/share/ament_cmake_core/cmake/ament_cmake_package_templates-extras.cmake:41 (message):
[0.141s]   execute_process(/usr/bin/python3
[0.141s]   /opt/ros/humble/share/ament_cmake_core/cmake/package_templates/templates_2_cmake.py
[0.141s]   /root/ros_workspace/build/zed_tutorial_depth/ament_cmake_package_templates/templates.cmake)
[0.141s]   returned error code 1
[0.142s] Call Stack (most recent call first):
[0.142s]   /opt/ros/humble/share/ament_cmake_core/cmake/ament_cmake_coreConfig.cmake:41 (include)
[0.142s]   /opt/ros/humble/share/ament_cmake/cmake/ament_cmake_export_dependencies-extras.cmake:15 (find_package)
[0.142s]   /opt/ros/humble/share/ament_cmake/cmake/ament_cmakeConfig.cmake:41 (include)
[0.142s]   /opt/ros/humble/share/ament_cmake_auto/cmake/ament_cmake_auto-extras.cmake:17 (find_package)
[0.142s]   /opt/ros/humble/share/ament_cmake_auto/cmake/ament_cmake_autoConfig.cmake:41 (include)
[0.142s]   CMakeLists.txt:63 (find_package)
[0.142s] 
[0.142s] [0m
[0.142s] -- Configuring incomplete, errors occurred!
[0.142s] See also "/root/ros_workspace/build/zed_tutorial_depth/CMakeFiles/CMakeOutput.log".
