[0.128s] Invoking command in '/root/ros_workspace/build/zed_tutorial_pos_tracking': CMAKE_PREFIX_PATH=${CMAKE_PREFIX_PATH}:/root/ros_workspace/install/object_avoidance:/opt/ros/humble /usr/bin/cmake --build /root/ros_workspace/build/zed_tutorial_pos_tracking -- -j24 -l24
[0.146s] -- Found ament_cmake_auto: 1.3.12 (/opt/ros/humble/share/ament_cmake_auto/cmake)
[0.222s] -- Override CMake install command with custom implementation using symlinks instead of copying resources
[0.285s] -- Found rosidl_generator_c: 3.1.7 (/opt/ros/humble/share/rosidl_generator_c/cmake)
[0.287s] -- Found rosidl_adapter: 3.1.7 (/opt/ros/humble/share/rosidl_adapter/cmake)
[0.292s] -- Found rosidl_generator_cpp: 3.1.7 (/opt/ros/humble/share/rosidl_generator_cpp/cmake)
[0.300s] -- Using all available rosidl_typesupport_c: rosidl_typesupport_fastrtps_c;rosidl_typesupport_introspection_c
[0.310s] -- Using all available rosidl_typesupport_cpp: rosidl_typesupport_fastrtps_cpp;rosidl_typesupport_introspection_cpp
[0.337s] -- Found rmw_implementation_cmake: 6.1.2 (/opt/ros/humble/share/rmw_implementation_cmake/cmake)
[0.338s] -- Found rmw_fastrtps_cpp: 6.2.9 (/opt/ros/humble/share/rmw_fastrtps_cpp/cmake)
[0.433s] -- Using RMW implementation 'rmw_fastrtps_cpp' as default
[0.548s] -- Found ament_lint_auto: 0.12.14 (/opt/ros/humble/share/ament_lint_auto/cmake)
[0.556s] -- Added test 'copyright' to check source files copyright and LICENSE
[0.556s] -- Added test 'cppcheck' to perform static code analysis on C / C++ code
[0.556s] -- Configured cppcheck include dirs: 
[0.556s] -- Configured cppcheck exclude dirs and/or files: 
[0.557s] -- Added test 'cpplint' to check C / C++ code against the Google style
[0.557s] -- Configured cpplint exclude dirs and/or files: 
[0.557s] -- Added test 'lint_cmake' to check CMake code style
[0.557s] -- Added test 'uncrustify' to check C / C++ code style
[0.557s] -- Configured uncrustify additional arguments: 
[0.557s] -- Added test 'xmllint' to check XML markup files
[0.557s] -- Added test 'clang_format' to check C / C++ code style
[0.558s] -- Configuring done
[0.564s] -- Generating done
[0.566s] -- Build files have been written to: /root/ros_workspace/build/zed_tutorial_pos_tracking
[0.580s] [35m[1mConsolidate compiler generated dependencies of target zed_tutorial_pos_tracking[0m
[0.590s] [ 50%] [32mBuilding CXX object CMakeFiles/zed_tutorial_pos_tracking.dir/src/zed_tutorial_pos_tracking.cpp.o[0m
[8.335s] [100%] [32m[1mLinking CXX executable zed_tutorial_pos_tracking[0m
[8.440s] [100%] Built target zed_tutorial_pos_tracking
[8.450s] Invoked command in '/root/ros_workspace/build/zed_tutorial_pos_tracking' returned '0': CMAKE_PREFIX_PATH=${CMAKE_PREFIX_PATH}:/root/ros_workspace/install/object_avoidance:/opt/ros/humble /usr/bin/cmake --build /root/ros_workspace/build/zed_tutorial_pos_tracking -- -j24 -l24
[8.451s] Invoking command in '/root/ros_workspace/build/zed_tutorial_pos_tracking': CMAKE_PREFIX_PATH=${CMAKE_PREFIX_PATH}:/root/ros_workspace/install/object_avoidance:/opt/ros/humble /usr/bin/cmake --install /root/ros_workspace/build/zed_tutorial_pos_tracking
[8.454s] -- Install configuration: "Release"
[8.455s] -- Execute custom install script
[8.455s] -- Up-to-date symlink: /root/ros_workspace/install/zed_tutorial_pos_tracking/lib/zed_tutorial_pos_tracking/zed_tutorial_pos_tracking
[8.455s] -- Up-to-date symlink: /root/ros_workspace/install/zed_tutorial_pos_tracking/share/ament_index/resource_index/package_run_dependencies/zed_tutorial_pos_tracking
[8.455s] -- Up-to-date symlink: /root/ros_workspace/install/zed_tutorial_pos_tracking/share/ament_index/resource_index/parent_prefix_path/zed_tutorial_pos_tracking
[8.456s] -- Up-to-date symlink: /root/ros_workspace/install/zed_tutorial_pos_tracking/share/zed_tutorial_pos_tracking/environment/ament_prefix_path.sh
[8.456s] -- Up-to-date symlink: /root/ros_workspace/install/zed_tutorial_pos_tracking/share/zed_tutorial_pos_tracking/environment/ament_prefix_path.dsv
[8.456s] -- Up-to-date symlink: /root/ros_workspace/install/zed_tutorial_pos_tracking/share/zed_tutorial_pos_tracking/environment/path.sh
[8.456s] -- Up-to-date symlink: /root/ros_workspace/install/zed_tutorial_pos_tracking/share/zed_tutorial_pos_tracking/environment/path.dsv
[8.456s] -- Up-to-date symlink: /root/ros_workspace/install/zed_tutorial_pos_tracking/share/zed_tutorial_pos_tracking/local_setup.bash
[8.457s] -- Up-to-date symlink: /root/ros_workspace/install/zed_tutorial_pos_tracking/share/zed_tutorial_pos_tracking/local_setup.sh
[8.457s] -- Up-to-date symlink: /root/ros_workspace/install/zed_tutorial_pos_tracking/share/zed_tutorial_pos_tracking/local_setup.zsh
[8.457s] -- Up-to-date symlink: /root/ros_workspace/install/zed_tutorial_pos_tracking/share/zed_tutorial_pos_tracking/local_setup.dsv
[8.457s] -- Symlinking: /root/ros_workspace/install/zed_tutorial_pos_tracking/share/zed_tutorial_pos_tracking/package.dsv
[8.462s] -- Up-to-date symlink: /root/ros_workspace/install/zed_tutorial_pos_tracking/share/ament_index/resource_index/packages/zed_tutorial_pos_tracking
[8.462s] -- Up-to-date symlink: /root/ros_workspace/install/zed_tutorial_pos_tracking/share/zed_tutorial_pos_tracking/cmake/zed_tutorial_pos_trackingConfig.cmake
[8.462s] -- Up-to-date symlink: /root/ros_workspace/install/zed_tutorial_pos_tracking/share/zed_tutorial_pos_tracking/cmake/zed_tutorial_pos_trackingConfig-version.cmake
[8.463s] -- Up-to-date symlink: /root/ros_workspace/install/zed_tutorial_pos_tracking/share/zed_tutorial_pos_tracking/package.xml
[8.464s] Invoked command in '/root/ros_workspace/build/zed_tutorial_pos_tracking' returned '0': CMAKE_PREFIX_PATH=${CMAKE_PREFIX_PATH}:/root/ros_workspace/install/object_avoidance:/opt/ros/humble /usr/bin/cmake --install /root/ros_workspace/build/zed_tutorial_pos_tracking
