[0.109s] Invoking command in '/root/ros_workspace/build/zed_tutorial_depth': CMAKE_PREFIX_PATH=/opt/ros/humble /usr/bin/cmake /root/ros_workspace/src/zed-ros2-examples/tutorials/zed_depth_tutorial -DCMAKE_BUILD_TYPE=Release -DAMENT_CMAKE_SYMLINK_INSTALL=1 -DCMAKE_INSTALL_PREFIX=/root/ros_workspace/install/zed_tutorial_depth
[0.117s] -- Found ament_cmake_auto: 1.3.12 (/opt/ros/humble/share/ament_cmake_auto/cmake)
[0.186s] -- Override CMake install command with custom implementation using symlinks instead of copying resources
[0.234s] -- Found rosidl_generator_c: 3.1.7 (/opt/ros/humble/share/rosidl_generator_c/cmake)
[0.235s] -- Found rosidl_adapter: 3.1.7 (/opt/ros/humble/share/rosidl_adapter/cmake)
[0.238s] -- Found rosidl_generator_cpp: 3.1.7 (/opt/ros/humble/share/rosidl_generator_cpp/cmake)
[0.242s] -- Using all available rosidl_typesupport_c: rosidl_typesupport_fastrtps_c;rosidl_typesupport_introspection_c
[0.248s] -- Using all available rosidl_typesupport_cpp: rosidl_typesupport_fastrtps_cpp;rosidl_typesupport_introspection_cpp
[0.264s] -- Found rmw_implementation_cmake: 6.1.2 (/opt/ros/humble/share/rmw_implementation_cmake/cmake)
[0.264s] -- Found rmw_fastrtps_cpp: 6.2.9 (/opt/ros/humble/share/rmw_fastrtps_cpp/cmake)
[0.329s] -- Using RMW implementation 'rmw_fastrtps_cpp' as default
[0.371s] -- Found ament_lint_auto: 0.12.14 (/opt/ros/humble/share/ament_lint_auto/cmake)
[0.381s] -- Added test 'copyright' to check source files copyright and LICENSE
[0.381s] -- Added test 'cppcheck' to perform static code analysis on C / C++ code
[0.382s] -- Configured cppcheck include dirs: 
[0.382s] -- Configured cppcheck exclude dirs and/or files: 
[0.382s] -- Added test 'cpplint' to check C / C++ code against the Google style
[0.382s] -- Configured cpplint exclude dirs and/or files: 
[0.382s] -- Added test 'lint_cmake' to check CMake code style
[0.382s] -- Added test 'uncrustify' to check C / C++ code style
[0.382s] -- Configured uncrustify additional arguments: 
[0.382s] -- Added test 'xmllint' to check XML markup files
[0.383s] -- Configuring done
[0.387s] -- Generating done
[0.389s] -- Build files have been written to: /root/ros_workspace/build/zed_tutorial_depth
[0.392s] Invoked command in '/root/ros_workspace/build/zed_tutorial_depth' returned '0': CMAKE_PREFIX_PATH=/opt/ros/humble /usr/bin/cmake /root/ros_workspace/src/zed-ros2-examples/tutorials/zed_depth_tutorial -DCMAKE_BUILD_TYPE=Release -DAMENT_CMAKE_SYMLINK_INSTALL=1 -DCMAKE_INSTALL_PREFIX=/root/ros_workspace/install/zed_tutorial_depth
[0.393s] Invoking command in '/root/ros_workspace/build/zed_tutorial_depth': CMAKE_PREFIX_PATH=/opt/ros/humble /usr/bin/cmake --build /root/ros_workspace/build/zed_tutorial_depth -- -j24 -l24
[0.417s] [35m[1mConsolidate compiler generated dependencies of target zed_tutorial_depth[0m
[0.425s] [100%] Built target zed_tutorial_depth
