[0.007s] Invoking command in '/root/ros_workspace/build/zed_topic_benchmark_component': CMAKE_PREFIX_PATH=/root/ros_workspace/install/zed_topic_benchmark_interfaces:/root/ros_workspace/install/zed_ros2:/root/ros_workspace/install/zed_robot_integration:/root/ros_workspace/install/zed_multi_camera:/root/ros_workspace/install/zed_isaac_ros_multi_camera:/root/ros_workspace/install/zed_isaac_ros_april_tag:/root/ros_workspace/install/zed_display_rviz2:/root/ros_workspace/install/zed_depth_to_laserscan:/root/ros_workspace/install/zed_wrapper:/root/ros_workspace/install/zed_tutorial_video:/root/ros_workspace/install/zed_tutorial_pos_tracking:/root/ros_workspace/install/zed_tutorial_depth:/root/ros_workspace/install/zed_topic_benchmark:/root/ros_workspace/install/zed_topic_benchmark_component:/root/ros_workspace/install/zed_isaac_ros_nitros_sub:/root/ros_workspace/install/zed_components:/root/ros_workspace/install/rviz_plugin_zed_od:/root/ros_workspace/install/object_avoidance:/opt/ros/humble LD_LIBRARY_PATH=/root/ros_workspace/install/zed_topic_benchmark_interfaces/lib:/root/ros_workspace/install/zed_topic_benchmark_component/lib:/root/ros_workspace/install/zed_components/lib:/root/ros_workspace/install/rviz_plugin_zed_od/lib:/opt/ros/humble/opt/rviz_ogre_vendor/lib:/opt/ros/humble/lib/x86_64-linux-gnu:/opt/ros/humble/lib:/usr/lib/x86_64-linux-gnu:/usr/lib/i386-linux-gnu:/usr/local/cuda/lib64:/usr/local/nvidia/lib:/usr/local/nvidia/lib64 /usr/bin/cmake --build /root/ros_workspace/build/zed_topic_benchmark_component -- -j24 -l24
[0.022s] -- Found ament_cmake_auto: 1.3.12 (/opt/ros/humble/share/ament_cmake_auto/cmake)
[0.106s] -- Override CMake install command with custom implementation using symlinks instead of copying resources
[0.166s] -- Found rosidl_generator_c: 3.1.7 (/opt/ros/humble/share/rosidl_generator_c/cmake)
[0.167s] -- Found rosidl_adapter: 3.1.7 (/opt/ros/humble/share/rosidl_adapter/cmake)
[0.170s] -- Found rosidl_generator_cpp: 3.1.7 (/opt/ros/humble/share/rosidl_generator_cpp/cmake)
[0.175s] -- Using all available rosidl_typesupport_c: rosidl_typesupport_fastrtps_c;rosidl_typesupport_introspection_c
[0.183s] -- Using all available rosidl_typesupport_cpp: rosidl_typesupport_fastrtps_cpp;rosidl_typesupport_introspection_cpp
[0.221s] -- Found rmw_implementation_cmake: 6.1.2 (/opt/ros/humble/share/rmw_implementation_cmake/cmake)
[0.221s] -- Found rmw_fastrtps_cpp: 6.2.9 (/opt/ros/humble/share/rmw_fastrtps_cpp/cmake)
[0.296s] -- Using RMW implementation 'rmw_fastrtps_cpp' as default
[0.316s] -- Found rclcpp_components: 16.0.16 (/opt/ros/humble/share/rclcpp_components/cmake)
[0.325s] -- Found ament_lint_auto: 0.12.14 (/opt/ros/humble/share/ament_lint_auto/cmake)
[0.332s] -- Added test 'copyright' to check source files copyright and LICENSE
[0.333s] -- Added test 'cppcheck' to perform static code analysis on C / C++ code
[0.333s] -- Configured cppcheck include dirs: $<BUILD_INTERFACE:/root/ros_workspace/src/zed-ros2-examples/tools/zed_benchmark_component/src/include>;$<BUILD_INTERFACE:/root/ros_workspace/src/zed-ros2-examples/tools/zed_benchmark_component/src/component/include>
[0.333s] -- Configured cppcheck exclude dirs and/or files: 
[0.333s] -- Added test 'cpplint' to check C / C++ code against the Google style
[0.333s] -- Configured cpplint exclude dirs and/or files: 
[0.333s] -- Added test 'lint_cmake' to check CMake code style
[0.334s] -- Added test 'uncrustify' to check C / C++ code style
[0.334s] -- Configured uncrustify additional arguments: 
[0.334s] -- Added test 'xmllint' to check XML markup files
[0.334s] -- Added test 'clang_format' to check C / C++ code style
[0.336s] -- Configuring done
[0.342s] -- Generating done
[0.344s] -- Build files have been written to: /root/ros_workspace/build/zed_topic_benchmark_component
[0.365s] [35m[1mConsolidate compiler generated dependencies of target zed_topic_benchmark_component[0m
[0.376s] [ 66%] [32mBuilding CXX object CMakeFiles/zed_topic_benchmark_component.dir/src/component/src/topic_benchmark_component.cpp.o[0m
[0.376s] [ 66%] [32mBuilding CXX object CMakeFiles/zed_topic_benchmark_component.dir/src/component/src/winavg.cpp.o[0m
[4.570s] [100%] [32m[1mLinking CXX shared library libzed_topic_benchmark_component.so[0m
[4.646s] [100%] Built target zed_topic_benchmark_component
[4.654s] Invoked command in '/root/ros_workspace/build/zed_topic_benchmark_component' returned '0': CMAKE_PREFIX_PATH=/root/ros_workspace/install/zed_topic_benchmark_interfaces:/root/ros_workspace/install/zed_ros2:/root/ros_workspace/install/zed_robot_integration:/root/ros_workspace/install/zed_multi_camera:/root/ros_workspace/install/zed_isaac_ros_multi_camera:/root/ros_workspace/install/zed_isaac_ros_april_tag:/root/ros_workspace/install/zed_display_rviz2:/root/ros_workspace/install/zed_depth_to_laserscan:/root/ros_workspace/install/zed_wrapper:/root/ros_workspace/install/zed_tutorial_video:/root/ros_workspace/install/zed_tutorial_pos_tracking:/root/ros_workspace/install/zed_tutorial_depth:/root/ros_workspace/install/zed_topic_benchmark:/root/ros_workspace/install/zed_topic_benchmark_component:/root/ros_workspace/install/zed_isaac_ros_nitros_sub:/root/ros_workspace/install/zed_components:/root/ros_workspace/install/rviz_plugin_zed_od:/root/ros_workspace/install/object_avoidance:/opt/ros/humble LD_LIBRARY_PATH=/root/ros_workspace/install/zed_topic_benchmark_interfaces/lib:/root/ros_workspace/install/zed_topic_benchmark_component/lib:/root/ros_workspace/install/zed_components/lib:/root/ros_workspace/install/rviz_plugin_zed_od/lib:/opt/ros/humble/opt/rviz_ogre_vendor/lib:/opt/ros/humble/lib/x86_64-linux-gnu:/opt/ros/humble/lib:/usr/lib/x86_64-linux-gnu:/usr/lib/i386-linux-gnu:/usr/local/cuda/lib64:/usr/local/nvidia/lib:/usr/local/nvidia/lib64 /usr/bin/cmake --build /root/ros_workspace/build/zed_topic_benchmark_component -- -j24 -l24
[4.655s] Invoking command in '/root/ros_workspace/build/zed_topic_benchmark_component': CMAKE_PREFIX_PATH=/root/ros_workspace/install/zed_topic_benchmark_interfaces:/root/ros_workspace/install/zed_ros2:/root/ros_workspace/install/zed_robot_integration:/root/ros_workspace/install/zed_multi_camera:/root/ros_workspace/install/zed_isaac_ros_multi_camera:/root/ros_workspace/install/zed_isaac_ros_april_tag:/root/ros_workspace/install/zed_display_rviz2:/root/ros_workspace/install/zed_depth_to_laserscan:/root/ros_workspace/install/zed_wrapper:/root/ros_workspace/install/zed_tutorial_video:/root/ros_workspace/install/zed_tutorial_pos_tracking:/root/ros_workspace/install/zed_tutorial_depth:/root/ros_workspace/install/zed_topic_benchmark:/root/ros_workspace/install/zed_topic_benchmark_component:/root/ros_workspace/install/zed_isaac_ros_nitros_sub:/root/ros_workspace/install/zed_components:/root/ros_workspace/install/rviz_plugin_zed_od:/root/ros_workspace/install/object_avoidance:/opt/ros/humble LD_LIBRARY_PATH=/root/ros_workspace/install/zed_topic_benchmark_interfaces/lib:/root/ros_workspace/install/zed_topic_benchmark_component/lib:/root/ros_workspace/install/zed_components/lib:/root/ros_workspace/install/rviz_plugin_zed_od/lib:/opt/ros/humble/opt/rviz_ogre_vendor/lib:/opt/ros/humble/lib/x86_64-linux-gnu:/opt/ros/humble/lib:/usr/lib/x86_64-linux-gnu:/usr/lib/i386-linux-gnu:/usr/local/cuda/lib64:/usr/local/nvidia/lib:/usr/local/nvidia/lib64 /usr/bin/cmake --install /root/ros_workspace/build/zed_topic_benchmark_component
[4.661s] -- Install configuration: "Release"
[4.661s] -- Execute custom install script
[4.661s] -- Up-to-date symlink: /root/ros_workspace/install/zed_topic_benchmark_component/lib/libzed_topic_benchmark_component.so
[4.662s] -- Up-to-date symlink: /root/ros_workspace/install/zed_topic_benchmark_component/include/zed_topic_benchmark_component/topic_benchmark_component.hpp
[4.662s] -- Up-to-date symlink: /root/ros_workspace/install/zed_topic_benchmark_component/include/zed_topic_benchmark_component/winavg.hpp
[4.662s] -- Up-to-date symlink: /root/ros_workspace/install/zed_topic_benchmark_component/include/zed_topic_benchmark_component/visibility_control.hpp
[4.662s] -- Up-to-date symlink: /root/ros_workspace/install/zed_topic_benchmark_component/share/zed_topic_benchmark_component/environment/library_path.sh
[4.662s] -- Up-to-date symlink: /root/ros_workspace/install/zed_topic_benchmark_component/share/zed_topic_benchmark_component/environment/library_path.dsv
[4.662s] -- Up-to-date symlink: /root/ros_workspace/install/zed_topic_benchmark_component/share/ament_index/resource_index/package_run_dependencies/zed_topic_benchmark_component
[4.662s] -- Up-to-date symlink: /root/ros_workspace/install/zed_topic_benchmark_component/share/ament_index/resource_index/parent_prefix_path/zed_topic_benchmark_component
[4.663s] -- Up-to-date symlink: /root/ros_workspace/install/zed_topic_benchmark_component/share/zed_topic_benchmark_component/environment/ament_prefix_path.sh
[4.663s] -- Up-to-date symlink: /root/ros_workspace/install/zed_topic_benchmark_component/share/zed_topic_benchmark_component/environment/ament_prefix_path.dsv
[4.663s] -- Up-to-date symlink: /root/ros_workspace/install/zed_topic_benchmark_component/share/zed_topic_benchmark_component/environment/path.sh
[4.663s] -- Up-to-date symlink: /root/ros_workspace/install/zed_topic_benchmark_component/share/zed_topic_benchmark_component/environment/path.dsv
[4.664s] -- Up-to-date symlink: /root/ros_workspace/install/zed_topic_benchmark_component/share/zed_topic_benchmark_component/local_setup.bash
[4.664s] -- Up-to-date symlink: /root/ros_workspace/install/zed_topic_benchmark_component/share/zed_topic_benchmark_component/local_setup.sh
[4.664s] -- Up-to-date symlink: /root/ros_workspace/install/zed_topic_benchmark_component/share/zed_topic_benchmark_component/local_setup.zsh
[4.664s] -- Up-to-date symlink: /root/ros_workspace/install/zed_topic_benchmark_component/share/zed_topic_benchmark_component/local_setup.dsv
[4.664s] -- Symlinking: /root/ros_workspace/install/zed_topic_benchmark_component/share/zed_topic_benchmark_component/package.dsv
[4.670s] -- Up-to-date symlink: /root/ros_workspace/install/zed_topic_benchmark_component/share/ament_index/resource_index/packages/zed_topic_benchmark_component
[4.670s] -- Up-to-date symlink: /root/ros_workspace/install/zed_topic_benchmark_component/share/ament_index/resource_index/rclcpp_components/zed_topic_benchmark_component
[4.670s] -- Up-to-date symlink: /root/ros_workspace/install/zed_topic_benchmark_component/share/zed_topic_benchmark_component/cmake/ament_cmake_export_include_directories-extras.cmake
[4.670s] -- Up-to-date symlink: /root/ros_workspace/install/zed_topic_benchmark_component/share/zed_topic_benchmark_component/cmake/ament_cmake_export_libraries-extras.cmake
[4.670s] -- Up-to-date symlink: /root/ros_workspace/install/zed_topic_benchmark_component/share/zed_topic_benchmark_component/cmake/ament_cmake_export_dependencies-extras.cmake
[4.671s] -- Up-to-date symlink: /root/ros_workspace/install/zed_topic_benchmark_component/share/zed_topic_benchmark_component/cmake/zed_topic_benchmark_componentConfig.cmake
[4.671s] -- Up-to-date symlink: /root/ros_workspace/install/zed_topic_benchmark_component/share/zed_topic_benchmark_component/cmake/zed_topic_benchmark_componentConfig-version.cmake
[4.671s] -- Up-to-date symlink: /root/ros_workspace/install/zed_topic_benchmark_component/share/zed_topic_benchmark_component/package.xml
[4.673s] Invoked command in '/root/ros_workspace/build/zed_topic_benchmark_component' returned '0': CMAKE_PREFIX_PATH=/root/ros_workspace/install/zed_topic_benchmark_interfaces:/root/ros_workspace/install/zed_ros2:/root/ros_workspace/install/zed_robot_integration:/root/ros_workspace/install/zed_multi_camera:/root/ros_workspace/install/zed_isaac_ros_multi_camera:/root/ros_workspace/install/zed_isaac_ros_april_tag:/root/ros_workspace/install/zed_display_rviz2:/root/ros_workspace/install/zed_depth_to_laserscan:/root/ros_workspace/install/zed_wrapper:/root/ros_workspace/install/zed_tutorial_video:/root/ros_workspace/install/zed_tutorial_pos_tracking:/root/ros_workspace/install/zed_tutorial_depth:/root/ros_workspace/install/zed_topic_benchmark:/root/ros_workspace/install/zed_topic_benchmark_component:/root/ros_workspace/install/zed_isaac_ros_nitros_sub:/root/ros_workspace/install/zed_components:/root/ros_workspace/install/rviz_plugin_zed_od:/root/ros_workspace/install/object_avoidance:/opt/ros/humble LD_LIBRARY_PATH=/root/ros_workspace/install/zed_topic_benchmark_interfaces/lib:/root/ros_workspace/install/zed_topic_benchmark_component/lib:/root/ros_workspace/install/zed_components/lib:/root/ros_workspace/install/rviz_plugin_zed_od/lib:/opt/ros/humble/opt/rviz_ogre_vendor/lib:/opt/ros/humble/lib/x86_64-linux-gnu:/opt/ros/humble/lib:/usr/lib/x86_64-linux-gnu:/usr/lib/i386-linux-gnu:/usr/local/cuda/lib64:/usr/local/nvidia/lib:/usr/local/nvidia/lib64 /usr/bin/cmake --install /root/ros_workspace/build/zed_topic_benchmark_component
