[0.409s] Invoking command in '/root/ros_workspace/build/object_detection': PYTHONPATH=/root/ros_workspace/build/object_detection/prefix_override:/usr/lib/python3/dist-packages/colcon_core/task/python/colcon_distutils_commands:/root/ros_workspace/install/object_detection/lib/python3.10/site-packages:${PYTHONPATH} /usr/bin/python3 -W ignore:setup.py install is deprecated -W ignore:easy_install command is deprecated setup.py develop --editable --build-directory /root/ros_workspace/build/object_detection/build --no-deps symlink_data --force
[0.529s] running develop
[0.585s] running egg_info
[0.585s] writing object_detection.egg-info/PKG-INFO
[0.585s] writing dependency_links to object_detection.egg-info/dependency_links.txt
[0.585s] writing entry points to object_detection.egg-info/entry_points.txt
[0.585s] writing requirements to object_detection.egg-info/requires.txt
[0.585s] writing top-level names to object_detection.egg-info/top_level.txt
[0.586s] reading manifest file 'object_detection.egg-info/SOURCES.txt'
[0.587s] writing manifest file 'object_detection.egg-info/SOURCES.txt'
[0.609s] running build_ext
[0.609s] Creating /root/ros_workspace/install/object_detection/lib/python3.10/site-packages/object-detection.egg-link (link to .)
[0.610s] Installing yolov8_ros2_pt script to /root/ros_workspace/install/object_detection/lib/object_detection
[0.610s] Installing yolov8_ros2_subscriber script to /root/ros_workspace/install/object_detection/lib/object_detection
[0.610s] 
[0.610s] Installed /root/ros_workspace/build/object_detection
[0.610s] running symlink_data
[0.610s] symbolically linking /root/ros_workspace/build/object_detection/resource/object_detection -> /root/ros_workspace/install/object_detection/share/ament_index/resource_index/packages
[0.610s] symbolically linking /root/ros_workspace/build/object_detection/package.xml -> /root/ros_workspace/install/object_detection/share/object_detection
[0.637s] Invoked command in '/root/ros_workspace/build/object_detection' returned '0': PYTHONPATH=/root/ros_workspace/build/object_detection/prefix_override:/usr/lib/python3/dist-packages/colcon_core/task/python/colcon_distutils_commands:/root/ros_workspace/install/object_detection/lib/python3.10/site-packages:${PYTHONPATH} /usr/bin/python3 -W ignore:setup.py install is deprecated -W ignore:easy_install command is deprecated setup.py develop --editable --build-directory /root/ros_workspace/build/object_detection/build --no-deps symlink_data --force
