[0.006s] Invoking command in '/root/ros_workspace/build/zed_topic_benchmark_component': AMENT_PREFIX_PATH=/root/ros_workspace/install/zed_topic_benchmark_interfaces:${AMENT_PREFIX_PATH} CMAKE_PREFIX_PATH=/root/ros_workspace/install/zed_topic_benchmark_interfaces:/opt/ros/humble LD_LIBRARY_PATH=/root/ros_workspace/install/zed_topic_benchmark_interfaces/lib:${LD_LIBRARY_PATH} PYTHONPATH=/root/ros_workspace/install/zed_topic_benchmark_interfaces/local/lib/python3.10/dist-packages:${PYTHONPATH} /usr/bin/cmake /root/ros_workspace/src/zed-ros2-examples/tools/zed_benchmark_component -DCMAKE_INSTALL_PREFIX=/root/ros_workspace/install/zed_topic_benchmark_component
[0.014s] -- Found ament_cmake_auto: 1.3.12 (/opt/ros/humble/share/ament_cmake_auto/cmake)
[0.086s] -- Override CMake install command with custom implementation using symlinks instead of copying resources
[0.143s] -- Found rosidl_generator_c: 3.1.7 (/opt/ros/humble/share/rosidl_generator_c/cmake)
[0.144s] -- Found rosidl_adapter: 3.1.7 (/opt/ros/humble/share/rosidl_adapter/cmake)
[0.147s] -- Found rosidl_generator_cpp: 3.1.7 (/opt/ros/humble/share/rosidl_generator_cpp/cmake)
[0.152s] -- Using all available rosidl_typesupport_c: rosidl_typesupport_fastrtps_c;rosidl_typesupport_introspection_c
[0.158s] -- Using all available rosidl_typesupport_cpp: rosidl_typesupport_fastrtps_cpp;rosidl_typesupport_introspection_cpp
[0.191s] -- Found rmw_implementation_cmake: 6.1.2 (/opt/ros/humble/share/rmw_implementation_cmake/cmake)
[0.192s] -- Found rmw_fastrtps_cpp: 6.2.9 (/opt/ros/humble/share/rmw_fastrtps_cpp/cmake)
[0.259s] -- Using RMW implementation 'rmw_fastrtps_cpp' as default
[0.279s] -- Found rclcpp_components: 16.0.16 (/opt/ros/humble/share/rclcpp_components/cmake)
[0.288s] -- Found ament_lint_auto: 0.12.14 (/opt/ros/humble/share/ament_lint_auto/cmake)
[0.300s] -- Added test 'copyright' to check source files copyright and LICENSE
[0.301s] -- Added test 'cppcheck' to perform static code analysis on C / C++ code
[0.301s] -- Configured cppcheck include dirs: $<BUILD_INTERFACE:/root/ros_workspace/src/zed-ros2-examples/tools/zed_benchmark_component/src/include>;$<BUILD_INTERFACE:/root/ros_workspace/src/zed-ros2-examples/tools/zed_benchmark_component/src/component/include>
[0.301s] -- Configured cppcheck exclude dirs and/or files: 
[0.301s] -- Added test 'cpplint' to check C / C++ code against the Google style
[0.301s] -- Configured cpplint exclude dirs and/or files: 
[0.301s] -- Added test 'lint_cmake' to check CMake code style
[0.302s] -- Added test 'uncrustify' to check C / C++ code style
[0.302s] -- Configured uncrustify additional arguments: 
[0.302s] -- Added test 'xmllint' to check XML markup files
[0.303s] -- Configuring done
[0.309s] -- Generating done
[0.311s] -- Build files have been written to: /root/ros_workspace/build/zed_topic_benchmark_component
