[0.112s] Invoking command in '/root/ros_workspace/build/zed_tutorial_depth': CMAKE_PREFIX_PATH=/opt/ros/humble /usr/bin/cmake --build /root/ros_workspace/build/zed_tutorial_depth -- -j24 -l24
[0.126s] -- Found ament_cmake_auto: 1.3.12 (/opt/ros/humble/share/ament_cmake_auto/cmake)
[0.187s] -- Override CMake install command with custom implementation using symlinks instead of copying resources
[0.233s] -- Found rosidl_generator_c: 3.1.7 (/opt/ros/humble/share/rosidl_generator_c/cmake)
[0.234s] -- Found rosidl_adapter: 3.1.7 (/opt/ros/humble/share/rosidl_adapter/cmake)
[0.237s] -- Found rosidl_generator_cpp: 3.1.7 (/opt/ros/humble/share/rosidl_generator_cpp/cmake)
[0.242s] -- Using all available rosidl_typesupport_c: rosidl_typesupport_fastrtps_c;rosidl_typesupport_introspection_c
[0.247s] -- Using all available rosidl_typesupport_cpp: rosidl_typesupport_fastrtps_cpp;rosidl_typesupport_introspection_cpp
[0.262s] -- Found rmw_implementation_cmake: 6.1.2 (/opt/ros/humble/share/rmw_implementation_cmake/cmake)
[0.263s] -- Found rmw_fastrtps_cpp: 6.2.9 (/opt/ros/humble/share/rmw_fastrtps_cpp/cmake)
[0.327s] -- Using RMW implementation 'rmw_fastrtps_cpp' as default
[0.363s] -- Found ament_lint_auto: 0.12.14 (/opt/ros/humble/share/ament_lint_auto/cmake)
[0.374s] -- Added test 'copyright' to check source files copyright and LICENSE
[0.374s] -- Added test 'cppcheck' to perform static code analysis on C / C++ code
[0.375s] -- Configured cppcheck include dirs: 
[0.375s] -- Configured cppcheck exclude dirs and/or files: 
[0.375s] -- Added test 'cpplint' to check C / C++ code against the Google style
[0.375s] -- Configured cpplint exclude dirs and/or files: 
[0.375s] -- Added test 'lint_cmake' to check CMake code style
[0.376s] -- Added test 'uncrustify' to check C / C++ code style
[0.376s] -- Configured uncrustify additional arguments: 
[0.376s] -- Added test 'xmllint' to check XML markup files
[0.376s] -- Configuring done
[0.382s] -- Generating done
[0.383s] -- Build files have been written to: /root/ros_workspace/build/zed_tutorial_depth
[0.398s] [35m[1mConsolidate compiler generated dependencies of target zed_tutorial_depth[0m
[0.409s] [100%] Built target zed_tutorial_depth
[0.416s] Invoked command in '/root/ros_workspace/build/zed_tutorial_depth' returned '0': CMAKE_PREFIX_PATH=/opt/ros/humble /usr/bin/cmake --build /root/ros_workspace/build/zed_tutorial_depth -- -j24 -l24
[0.417s] Invoking command in '/root/ros_workspace/build/zed_tutorial_depth': CMAKE_PREFIX_PATH=/opt/ros/humble /usr/bin/cmake --install /root/ros_workspace/build/zed_tutorial_depth
[0.422s] -- Install configuration: "Release"
[0.422s] -- Execute custom install script
[0.423s] -- Up-to-date symlink: /root/ros_workspace/install/zed_tutorial_depth/lib/zed_tutorial_depth/zed_tutorial_depth
[0.423s] -- Up-to-date symlink: /root/ros_workspace/install/zed_tutorial_depth/share/ament_index/resource_index/package_run_dependencies/zed_tutorial_depth
[0.423s] -- Up-to-date symlink: /root/ros_workspace/install/zed_tutorial_depth/share/ament_index/resource_index/parent_prefix_path/zed_tutorial_depth
[0.423s] -- Up-to-date symlink: /root/ros_workspace/install/zed_tutorial_depth/share/zed_tutorial_depth/environment/ament_prefix_path.sh
[0.424s] -- Up-to-date symlink: /root/ros_workspace/install/zed_tutorial_depth/share/zed_tutorial_depth/environment/ament_prefix_path.dsv
[0.425s] -- Up-to-date symlink: /root/ros_workspace/install/zed_tutorial_depth/share/zed_tutorial_depth/environment/path.sh
[0.425s] -- Up-to-date symlink: /root/ros_workspace/install/zed_tutorial_depth/share/zed_tutorial_depth/environment/path.dsv
[0.425s] -- Up-to-date symlink: /root/ros_workspace/install/zed_tutorial_depth/share/zed_tutorial_depth/local_setup.bash
[0.425s] -- Up-to-date symlink: /root/ros_workspace/install/zed_tutorial_depth/share/zed_tutorial_depth/local_setup.sh
[0.425s] -- Up-to-date symlink: /root/ros_workspace/install/zed_tutorial_depth/share/zed_tutorial_depth/local_setup.zsh
[0.425s] -- Up-to-date symlink: /root/ros_workspace/install/zed_tutorial_depth/share/zed_tutorial_depth/local_setup.dsv
[0.425s] -- Symlinking: /root/ros_workspace/install/zed_tutorial_depth/share/zed_tutorial_depth/package.dsv
[0.429s] -- Up-to-date symlink: /root/ros_workspace/install/zed_tutorial_depth/share/ament_index/resource_index/packages/zed_tutorial_depth
[0.429s] -- Up-to-date symlink: /root/ros_workspace/install/zed_tutorial_depth/share/zed_tutorial_depth/cmake/zed_tutorial_depthConfig.cmake
[0.429s] -- Up-to-date symlink: /root/ros_workspace/install/zed_tutorial_depth/share/zed_tutorial_depth/cmake/zed_tutorial_depthConfig-version.cmake
[0.429s] -- Up-to-date symlink: /root/ros_workspace/install/zed_tutorial_depth/share/zed_tutorial_depth/package.xml
[0.431s] Invoked command in '/root/ros_workspace/build/zed_tutorial_depth' returned '0': CMAKE_PREFIX_PATH=/opt/ros/humble /usr/bin/cmake --install /root/ros_workspace/build/zed_tutorial_depth
