[0.007s] Invoking command in '/root/ros_workspace/build/zed_topic_benchmark': CMAKE_PREFIX_PATH=/root/ros_workspace/install/zed_topic_benchmark_component:/root/ros_workspace/install/zed_topic_benchmark_interfaces:/root/ros_workspace/install/zed_tutorial_video:/root/ros_workspace/install/zed_tutorial_pos_tracking:/root/ros_workspace/install/zed_tutorial_depth:/root/ros_workspace/install/zed_topic_benchmark:/root/ros_workspace/install/zed_robot_integration:/root/ros_workspace/install/zed_multi_camera:/root/ros_workspace/install/zed_isaac_ros_nitros_sub:/root/ros_workspace/install/zed_isaac_ros_multi_camera:/root/ros_workspace/install/zed_isaac_ros_april_tag:/root/ros_workspace/install/zed_display_rviz2:/root/ros_workspace/install/zed_depth_to_laserscan:/root/ros_workspace/install/rviz_plugin_zed_od:/root/ros_workspace/install/object_avoidance:/opt/ros/humble /usr/bin/cmake --build /root/ros_workspace/build/zed_topic_benchmark -- -j24 -l24
[0.041s] [100%] Built target zed_topic_benchmark
[0.046s] Invoked command in '/root/ros_workspace/build/zed_topic_benchmark' returned '0': CMAKE_PREFIX_PATH=/root/ros_workspace/install/zed_topic_benchmark_component:/root/ros_workspace/install/zed_topic_benchmark_interfaces:/root/ros_workspace/install/zed_tutorial_video:/root/ros_workspace/install/zed_tutorial_pos_tracking:/root/ros_workspace/install/zed_tutorial_depth:/root/ros_workspace/install/zed_topic_benchmark:/root/ros_workspace/install/zed_robot_integration:/root/ros_workspace/install/zed_multi_camera:/root/ros_workspace/install/zed_isaac_ros_nitros_sub:/root/ros_workspace/install/zed_isaac_ros_multi_camera:/root/ros_workspace/install/zed_isaac_ros_april_tag:/root/ros_workspace/install/zed_display_rviz2:/root/ros_workspace/install/zed_depth_to_laserscan:/root/ros_workspace/install/rviz_plugin_zed_od:/root/ros_workspace/install/object_avoidance:/opt/ros/humble /usr/bin/cmake --build /root/ros_workspace/build/zed_topic_benchmark -- -j24 -l24
[0.047s] Invoking command in '/root/ros_workspace/build/zed_topic_benchmark': CMAKE_PREFIX_PATH=/root/ros_workspace/install/zed_topic_benchmark_component:/root/ros_workspace/install/zed_topic_benchmark_interfaces:/root/ros_workspace/install/zed_tutorial_video:/root/ros_workspace/install/zed_tutorial_pos_tracking:/root/ros_workspace/install/zed_tutorial_depth:/root/ros_workspace/install/zed_topic_benchmark:/root/ros_workspace/install/zed_robot_integration:/root/ros_workspace/install/zed_multi_camera:/root/ros_workspace/install/zed_isaac_ros_nitros_sub:/root/ros_workspace/install/zed_isaac_ros_multi_camera:/root/ros_workspace/install/zed_isaac_ros_april_tag:/root/ros_workspace/install/zed_display_rviz2:/root/ros_workspace/install/zed_depth_to_laserscan:/root/ros_workspace/install/rviz_plugin_zed_od:/root/ros_workspace/install/object_avoidance:/opt/ros/humble /usr/bin/cmake --install /root/ros_workspace/build/zed_topic_benchmark
[0.050s] -- Install configuration: "Release"
[0.050s] -- Execute custom install script
[0.050s] -- Up-to-date symlink: /root/ros_workspace/install/zed_topic_benchmark/lib/zed_topic_benchmark/zed_topic_benchmark
[0.050s] -- Up-to-date symlink: /root/ros_workspace/install/zed_topic_benchmark/share/zed_topic_benchmark/launch/zed_test_ipc.launch.py
[0.050s] -- Up-to-date symlink: /root/ros_workspace/install/zed_topic_benchmark/share/ament_index/resource_index/package_run_dependencies/zed_topic_benchmark
[0.050s] -- Up-to-date symlink: /root/ros_workspace/install/zed_topic_benchmark/share/ament_index/resource_index/parent_prefix_path/zed_topic_benchmark
[0.051s] -- Up-to-date symlink: /root/ros_workspace/install/zed_topic_benchmark/share/zed_topic_benchmark/environment/ament_prefix_path.sh
[0.051s] -- Up-to-date symlink: /root/ros_workspace/install/zed_topic_benchmark/share/zed_topic_benchmark/environment/ament_prefix_path.dsv
[0.051s] -- Up-to-date symlink: /root/ros_workspace/install/zed_topic_benchmark/share/zed_topic_benchmark/environment/path.sh
[0.051s] -- Up-to-date symlink: /root/ros_workspace/install/zed_topic_benchmark/share/zed_topic_benchmark/environment/path.dsv
[0.051s] -- Up-to-date symlink: /root/ros_workspace/install/zed_topic_benchmark/share/zed_topic_benchmark/local_setup.bash
[0.051s] -- Up-to-date symlink: /root/ros_workspace/install/zed_topic_benchmark/share/zed_topic_benchmark/local_setup.sh
[0.051s] -- Up-to-date symlink: /root/ros_workspace/install/zed_topic_benchmark/share/zed_topic_benchmark/local_setup.zsh
[0.051s] -- Up-to-date symlink: /root/ros_workspace/install/zed_topic_benchmark/share/zed_topic_benchmark/local_setup.dsv
[0.051s] -- Symlinking: /root/ros_workspace/install/zed_topic_benchmark/share/zed_topic_benchmark/package.dsv
[0.055s] -- Up-to-date symlink: /root/ros_workspace/install/zed_topic_benchmark/share/ament_index/resource_index/packages/zed_topic_benchmark
[0.056s] -- Up-to-date symlink: /root/ros_workspace/install/zed_topic_benchmark/share/zed_topic_benchmark/cmake/zed_topic_benchmarkConfig.cmake
[0.056s] -- Up-to-date symlink: /root/ros_workspace/install/zed_topic_benchmark/share/zed_topic_benchmark/cmake/zed_topic_benchmarkConfig-version.cmake
[0.056s] -- Up-to-date symlink: /root/ros_workspace/install/zed_topic_benchmark/share/zed_topic_benchmark/package.xml
[0.057s] Invoked command in '/root/ros_workspace/build/zed_topic_benchmark' returned '0': CMAKE_PREFIX_PATH=/root/ros_workspace/install/zed_topic_benchmark_component:/root/ros_workspace/install/zed_topic_benchmark_interfaces:/root/ros_workspace/install/zed_tutorial_video:/root/ros_workspace/install/zed_tutorial_pos_tracking:/root/ros_workspace/install/zed_tutorial_depth:/root/ros_workspace/install/zed_topic_benchmark:/root/ros_workspace/install/zed_robot_integration:/root/ros_workspace/install/zed_multi_camera:/root/ros_workspace/install/zed_isaac_ros_nitros_sub:/root/ros_workspace/install/zed_isaac_ros_multi_camera:/root/ros_workspace/install/zed_isaac_ros_april_tag:/root/ros_workspace/install/zed_display_rviz2:/root/ros_workspace/install/zed_depth_to_laserscan:/root/ros_workspace/install/rviz_plugin_zed_od:/root/ros_workspace/install/object_avoidance:/opt/ros/humble /usr/bin/cmake --install /root/ros_workspace/build/zed_topic_benchmark
