[0.022s] Invoking command in '/root/ros_workspace/build/zed_components': CMAKE_PREFIX_PATH=/opt/ros/humble /usr/bin/cmake /root/ros_workspace/src/zed-ros2-wrapper/zed_components -DCMAKE_INSTALL_PREFIX=/root/ros_workspace/install/zed_components
[0.286s] -- Found CUDA: /usr/local/cuda (found suitable version "12.8", minimum required is "12") 
[0.286s] -- Found CUDA: /usr/local/cuda (found version "12.8") 
[0.286s] -- Found ament_cmake_auto: 1.3.12 (/opt/ros/humble/share/ament_cmake_auto/cmake)
[0.286s] -- Override CMake install command with custom implementation using symlinks instead of copying resources
[0.286s] -- Found rosidl_generator_c: 3.1.7 (/opt/ros/humble/share/rosidl_generator_c/cmake)
[0.286s] -- Found rosidl_adapter: 3.1.7 (/opt/ros/humble/share/rosidl_adapter/cmake)
[0.286s] -- Found rosidl_generator_cpp: 3.1.7 (/opt/ros/humble/share/rosidl_generator_cpp/cmake)
[0.286s] -- Using all available rosidl_typesupport_c: rosidl_typesupport_fastrtps_c;rosidl_typesupport_introspection_c
[0.286s] -- Using all available rosidl_typesupport_cpp: rosidl_typesupport_fastrtps_cpp;rosidl_typesupport_introspection_cpp
[0.286s] -- Found rmw_implementation_cmake: 6.1.2 (/opt/ros/humble/share/rmw_implementation_cmake/cmake)
[0.286s] -- Found rmw_fastrtps_cpp: 6.2.9 (/opt/ros/humble/share/rmw_fastrtps_cpp/cmake)
[0.323s] -- Using RMW implementation 'rmw_fastrtps_cpp' as default
[0.440s] -- Found eigen3_cmake_module: 0.1.1 (/opt/ros/humble/share/eigen3_cmake_module/cmake)
[0.440s] -- Ensuring Eigen3 include directory is part of orocos-kdl CMake target
[0.498s] [33mCMake Warning at CMakeLists.txt:123 (find_package):
[0.498s]   By not providing "Findzed_msgs.cmake" in CMAKE_MODULE_PATH this project has
[0.498s]   asked CMake to find a package configuration file provided by "zed_msgs",
[0.498s]   but CMake did not find one.
[0.498s] 
[0.498s]   Could not find a package configuration file provided by "zed_msgs" with any
[0.499s]   of the following names:
[0.499s] 
[0.499s]     zed_msgsConfig.cmake
[0.499s]     zed_msgs-config.cmake
[0.499s] 
[0.499s]   Add the installation prefix of "zed_msgs" to CMAKE_PREFIX_PATH or set
[0.499s]   "zed_msgs_DIR" to a directory containing one of the above files.  If
[0.499s]   "zed_msgs" provides a separate development package or SDK, be sure it has
[0.499s]   been installed.
[0.499s] 
[0.499s] [0m
[0.506s] [31mCMake Error at CMakeLists.txt:134 (find_package):
[0.506s]   By not providing "Findnmea_msgs.cmake" in CMAKE_MODULE_PATH this project
[0.506s]   has asked CMake to find a package configuration file provided by
[0.506s]   "nmea_msgs", but CMake did not find one.
[0.506s] 
[0.506s]   Could not find a package configuration file provided by "nmea_msgs" with
[0.506s]   any of the following names:
[0.506s] 
[0.506s]     nmea_msgsConfig.cmake
[0.506s]     nmea_msgs-config.cmake
[0.506s] 
[0.506s]   Add the installation prefix of "nmea_msgs" to CMAKE_PREFIX_PATH or set
[0.506s]   "nmea_msgs_DIR" to a directory containing one of the above files.  If
[0.506s]   "nmea_msgs" provides a separate development package or SDK, be sure it has
[0.506s]   been installed.
[0.506s] 
[0.506s] [0m
[0.506s] -- Configuring incomplete, errors occurred!
[0.506s] See also "/root/ros_workspace/build/zed_components/CMakeFiles/CMakeOutput.log".
[0.506s] See also "/root/ros_workspace/build/zed_components/CMakeFiles/CMakeError.log".
[0.511s] Invoked command in '/root/ros_workspace/build/zed_components' returned '1': CMAKE_PREFIX_PATH=/opt/ros/humble /usr/bin/cmake /root/ros_workspace/src/zed-ros2-wrapper/zed_components -DCMAKE_INSTALL_PREFIX=/root/ros_workspace/install/zed_components
