[0.025s] Invoking command in '/root/ros_workspace/build/zed_multi_camera': AMENT_PREFIX_PATH=/root/ros_workspace/install/zed_wrapper:/root/ros_workspace/install/zed_components:${AMENT_PREFIX_PATH} CMAKE_PREFIX_PATH=/root/ros_workspace/install/zed_wrapper:/root/ros_workspace/install/zed_components:/opt/ros/humble LD_LIBRARY_PATH=/root/ros_workspace/install/zed_components/lib:${LD_LIBRARY_PATH} /usr/bin/cmake --build /root/ros_workspace/build/zed_multi_camera -- -j24 -l24
[0.042s] -- Found ament_cmake_auto: 1.3.12 (/opt/ros/humble/share/ament_cmake_auto/cmake)
[0.120s] -- Override CMake install command with custom implementation using symlinks instead of copying resources
[0.159s] -- Found ament_lint_auto: 0.12.14 (/opt/ros/humble/share/ament_lint_auto/cmake)
[0.164s] -- Added test 'copyright' to check source files copyright and LICENSE
[0.165s] -- Added test 'flake8' to check Python code syntax and style conventions
[0.165s] -- Added test 'lint_cmake' to check CMake code style
[0.165s] -- Added test 'pep257' to check Python code against some of the docstring style conventions in PEP 257
[0.166s] -- Added test 'xmllint' to check XML markup files
[0.167s] -- Configuring done
[0.169s] -- Generating done
[0.170s] -- Build files have been written to: /root/ros_workspace/build/zed_multi_camera
[0.185s] Invoked command in '/root/ros_workspace/build/zed_multi_camera' returned '0': AMENT_PREFIX_PATH=/root/ros_workspace/install/zed_wrapper:/root/ros_workspace/install/zed_components:${AMENT_PREFIX_PATH} CMAKE_PREFIX_PATH=/root/ros_workspace/install/zed_wrapper:/root/ros_workspace/install/zed_components:/opt/ros/humble LD_LIBRARY_PATH=/root/ros_workspace/install/zed_components/lib:${LD_LIBRARY_PATH} /usr/bin/cmake --build /root/ros_workspace/build/zed_multi_camera -- -j24 -l24
[0.187s] Invoking command in '/root/ros_workspace/build/zed_multi_camera': AMENT_PREFIX_PATH=/root/ros_workspace/install/zed_wrapper:/root/ros_workspace/install/zed_components:${AMENT_PREFIX_PATH} CMAKE_PREFIX_PATH=/root/ros_workspace/install/zed_wrapper:/root/ros_workspace/install/zed_components:/opt/ros/humble LD_LIBRARY_PATH=/root/ros_workspace/install/zed_components/lib:${LD_LIBRARY_PATH} /usr/bin/cmake --install /root/ros_workspace/build/zed_multi_camera
[0.190s] -- Install configuration: "Release"
[0.190s] -- Execute custom install script
[0.191s] -- Up-to-date symlink: /root/ros_workspace/install/zed_multi_camera/share/zed_multi_camera/launch/zed_multi_camera.launch.py
[0.191s] -- Up-to-date symlink: /root/ros_workspace/install/zed_multi_camera/share/zed_multi_camera/urdf/zed_multi.urdf.xacro
[0.192s] -- Up-to-date symlink: /root/ros_workspace/install/zed_multi_camera/share/ament_index/resource_index/package_run_dependencies/zed_multi_camera
[0.192s] -- Up-to-date symlink: /root/ros_workspace/install/zed_multi_camera/share/ament_index/resource_index/parent_prefix_path/zed_multi_camera
[0.192s] -- Up-to-date symlink: /root/ros_workspace/install/zed_multi_camera/share/zed_multi_camera/environment/ament_prefix_path.sh
[0.193s] -- Up-to-date symlink: /root/ros_workspace/install/zed_multi_camera/share/zed_multi_camera/environment/ament_prefix_path.dsv
[0.193s] -- Up-to-date symlink: /root/ros_workspace/install/zed_multi_camera/share/zed_multi_camera/environment/path.sh
[0.193s] -- Up-to-date symlink: /root/ros_workspace/install/zed_multi_camera/share/zed_multi_camera/environment/path.dsv
[0.193s] -- Up-to-date symlink: /root/ros_workspace/install/zed_multi_camera/share/zed_multi_camera/local_setup.bash
[0.193s] -- Up-to-date symlink: /root/ros_workspace/install/zed_multi_camera/share/zed_multi_camera/local_setup.sh
[0.194s] -- Up-to-date symlink: /root/ros_workspace/install/zed_multi_camera/share/zed_multi_camera/local_setup.zsh
[0.194s] -- Up-to-date symlink: /root/ros_workspace/install/zed_multi_camera/share/zed_multi_camera/local_setup.dsv
[0.194s] -- Symlinking: /root/ros_workspace/install/zed_multi_camera/share/zed_multi_camera/package.dsv
[0.201s] -- Up-to-date symlink: /root/ros_workspace/install/zed_multi_camera/share/ament_index/resource_index/packages/zed_multi_camera
[0.201s] -- Up-to-date symlink: /root/ros_workspace/install/zed_multi_camera/share/zed_multi_camera/cmake/zed_multi_cameraConfig.cmake
[0.201s] -- Up-to-date symlink: /root/ros_workspace/install/zed_multi_camera/share/zed_multi_camera/cmake/zed_multi_cameraConfig-version.cmake
[0.201s] -- Up-to-date symlink: /root/ros_workspace/install/zed_multi_camera/share/zed_multi_camera/package.xml
[0.220s] Invoked command in '/root/ros_workspace/build/zed_multi_camera' returned '0': AMENT_PREFIX_PATH=/root/ros_workspace/install/zed_wrapper:/root/ros_workspace/install/zed_components:${AMENT_PREFIX_PATH} CMAKE_PREFIX_PATH=/root/ros_workspace/install/zed_wrapper:/root/ros_workspace/install/zed_components:/opt/ros/humble LD_LIBRARY_PATH=/root/ros_workspace/install/zed_components/lib:${LD_LIBRARY_PATH} /usr/bin/cmake --install /root/ros_workspace/build/zed_multi_camera
