[0.121s] Invoking command in '/root/ros_workspace/build/rviz_plugin_zed_od': CMAKE_PREFIX_PATH=/opt/ros/humble /usr/bin/cmake --build /root/ros_workspace/build/rviz_plugin_zed_od -- -j24 -l24
[0.139s] -- Enabling tests requiring a display
[0.139s] -- Found ament_cmake_auto: 1.3.12 (/opt/ros/humble/share/ament_cmake_auto/cmake)
[0.210s] -- Override CMake install command with custom implementation using symlinks instead of copying resources
[0.264s] -- Setting OGRE_DIR to: '/opt/ros/humble/share/rviz_ogre_vendor/cmake/../../../opt/rviz_ogre_vendor/lib/OGRE/cmake'
[0.264s] -- Found OGRE
[0.264s] --   static     : OFF
[0.265s] --   components : HLMS;MeshLodGenerator;Overlay;Paging;Property;RTShaderSystem;Terrain;Volume
[0.265s] --   plugins    : Plugin_BSPSceneManager;Plugin_OctreeSceneManager;Plugin_PCZSceneManager;Plugin_ParticleFX;RenderSystem_GL;RenderSystem_GL3Plus;Codec_STBI
[0.265s] --   media      : /opt/ros/humble/opt/rviz_ogre_vendor/share/OGRE/Media
[0.265s] -- OGRE_LIBRARIES: OgreHLMS;OgreMeshLodGenerator;OgreOverlay;OgrePaging;OgreProperty;OgreRTShaderSystem;OgreTerrain;OgreVolume;OgreMain
[0.265s] -- OGRE_LIBRARY_DIRS: /opt/ros/humble/opt/rviz_ogre_vendor/lib
[0.265s] -- OGRE_PLUGINS: Plugin_BSPSceneManager;Plugin_OctreeSceneManager;Plugin_PCZSceneManager;Plugin_ParticleFX;RenderSystem_GL;RenderSystem_GL3Plus;Codec_STBI
[0.265s] -- OGRE_PLUGIN_DIR: /opt/ros/humble/opt/rviz_ogre_vendor/lib/OGRE
[0.265s] -- rviz_ogre_vendor::OgreOverlay for IMPORTED_LOCATION_RELEASE: /opt/ros/humble/opt/rviz_ogre_vendor/lib/libOgreOverlay.so
[0.265s] -- rviz_ogre_vendor::OgreOverlay for IMPORTED_LOCATION_DEBUG: /opt/ros/humble/opt/rviz_ogre_vendor/lib/libOgreOverlay.so
[0.265s] -- rviz_ogre_vendor::OgreMain for IMPORTED_LOCATION_RELEASE: /opt/ros/humble/opt/rviz_ogre_vendor/lib/libOgreMain.so
[0.265s] -- rviz_ogre_vendor::OgreMain for IMPORTED_LOCATION_DEBUG: /opt/ros/humble/opt/rviz_ogre_vendor/lib/libOgreMain.so
[0.270s] -- Could not find freeimage library
[0.295s] -- Found rosidl_generator_c: 3.1.7 (/opt/ros/humble/share/rosidl_generator_c/cmake)
[0.296s] -- Found rosidl_adapter: 3.1.7 (/opt/ros/humble/share/rosidl_adapter/cmake)
[0.299s] -- Found rosidl_generator_cpp: 3.1.7 (/opt/ros/humble/share/rosidl_generator_cpp/cmake)
[0.303s] -- Using all available rosidl_typesupport_c: rosidl_typesupport_fastrtps_c;rosidl_typesupport_introspection_c
[0.309s] -- Using all available rosidl_typesupport_cpp: rosidl_typesupport_fastrtps_cpp;rosidl_typesupport_introspection_cpp
[0.340s] -- Found rviz_common: 11.2.22 (/opt/ros/humble/share/rviz_common/cmake)
[0.344s] -- Setting assimp_DIR to: '/opt/ros/humble/share/rviz_assimp_vendor/cmake/../../../opt/rviz_assimp_vendor/lib/cmake/assimp-4.1'
[0.362s] -- library: /usr/lib/x86_64-linux-gnu/libcurl.so
[0.389s] -- Found rmw_implementation_cmake: 6.1.2 (/opt/ros/humble/share/rmw_implementation_cmake/cmake)
[0.390s] -- Found rmw_fastrtps_cpp: 6.2.9 (/opt/ros/humble/share/rmw_fastrtps_cpp/cmake)
[0.399s] -- Found TinyXML2 via Config file: TinyXML2_DIR-NOTFOUND
[0.403s] -- Found TinyXML2 via Config file: TinyXML2_DIR-NOTFOUND
[0.409s] -- Found TinyXML2 via Config file: TinyXML2_DIR-NOTFOUND
[0.413s] -- Found TinyXML2 via Config file: TinyXML2_DIR-NOTFOUND
[0.420s] -- Using RMW implementation 'rmw_fastrtps_cpp' as default
[0.452s] -- Ensuring Eigen3 include directory is part of orocos-kdl CMake target
[0.497s] -- Found ament_lint_auto: 0.12.14 (/opt/ros/humble/share/ament_lint_auto/cmake)
[0.504s] -- Added test 'copyright' to check source files copyright and LICENSE
[0.504s] -- Added test 'cppcheck' to perform static code analysis on C / C++ code
[0.505s] -- Configured cppcheck include dirs: /root/ros_workspace/src/zed-ros2-examples/rviz-plugin-zed-od/src/include;/root/ros_workspace/src/zed-ros2-examples/rviz-plugin-zed-od/src/plugin/include;$<BUILD_INTERFACE:/root/ros_workspace/src/zed-ros2-examples/rviz-plugin-zed-od/include>
[0.505s] -- Configured cppcheck exclude dirs and/or files: 
[0.505s] -- Added test 'cpplint' to check C / C++ code against the Google style
[0.505s] -- Configured cpplint exclude dirs and/or files: 
[0.506s] -- Added test 'lint_cmake' to check CMake code style
[0.506s] -- Added test 'uncrustify' to check C / C++ code style
[0.506s] -- Configured uncrustify additional arguments: 
[0.506s] -- Added test 'xmllint' to check XML markup files
[0.506s] -- Added test 'clang_format' to check C / C++ code style
[0.508s] -- Configuring done
[0.543s] -- Generating done
[0.547s] -- Build files have been written to: /root/ros_workspace/build/rviz_plugin_zed_od
[0.569s] [ 20%] [34m[1mAutomatic MOC and UIC for target rviz_plugin_zed_od[0m
[0.583s] [ 20%] Built target rviz_plugin_zed_od_autogen
[0.591s] [35m[1mConsolidate compiler generated dependencies of target rviz_plugin_zed_od[0m
[0.604s] [100%] Built target rviz_plugin_zed_od
[0.611s] Invoked command in '/root/ros_workspace/build/rviz_plugin_zed_od' returned '0': CMAKE_PREFIX_PATH=/opt/ros/humble /usr/bin/cmake --build /root/ros_workspace/build/rviz_plugin_zed_od -- -j24 -l24
[0.612s] Invoking command in '/root/ros_workspace/build/rviz_plugin_zed_od': CMAKE_PREFIX_PATH=/opt/ros/humble /usr/bin/cmake --install /root/ros_workspace/build/rviz_plugin_zed_od
[0.617s] -- Install configuration: "Release"
[0.617s] -- Execute custom install script
[0.617s] -- Up-to-date symlink: /root/ros_workspace/install/rviz_plugin_zed_od/share/rviz_plugin_zed_od//plugins_description.xml
[0.617s] -- Up-to-date symlink: /root/ros_workspace/install/rviz_plugin_zed_od/share/rviz_plugin_zed_od/environment/library_path.sh
[0.617s] -- Up-to-date symlink: /root/ros_workspace/install/rviz_plugin_zed_od/share/rviz_plugin_zed_od/environment/library_path.dsv
[0.617s] -- Up-to-date symlink: /root/ros_workspace/install/rviz_plugin_zed_od/include/rviz_plugin_zed_od//visibility_control.hpp
[0.618s] -- Up-to-date symlink: /root/ros_workspace/install/rviz_plugin_zed_od/include/rviz_plugin_zed_od//zed_body_parts.hpp
[0.618s] -- Up-to-date symlink: /root/ros_workspace/install/rviz_plugin_zed_od/include/rviz_plugin_zed_od//zed_od_display.hpp
[0.618s] -- Up-to-date symlink: /root/ros_workspace/install/rviz_plugin_zed_od/include/rviz_plugin_zed_od//zed_od_info.hpp
[0.618s] -- Up-to-date symlink: /root/ros_workspace/install/rviz_plugin_zed_od/share/rviz_plugin_zed_od/icons/ZedObjDet.png
[0.618s] -- Up-to-date symlink: /root/ros_workspace/install/rviz_plugin_zed_od/share/ament_index/resource_index/package_run_dependencies/rviz_plugin_zed_od
[0.618s] -- Up-to-date symlink: /root/ros_workspace/install/rviz_plugin_zed_od/share/ament_index/resource_index/parent_prefix_path/rviz_plugin_zed_od
[0.618s] -- Up-to-date symlink: /root/ros_workspace/install/rviz_plugin_zed_od/share/rviz_plugin_zed_od/environment/ament_prefix_path.sh
[0.618s] -- Up-to-date symlink: /root/ros_workspace/install/rviz_plugin_zed_od/share/rviz_plugin_zed_od/environment/ament_prefix_path.dsv
[0.618s] -- Up-to-date symlink: /root/ros_workspace/install/rviz_plugin_zed_od/share/rviz_plugin_zed_od/environment/path.sh
[0.618s] -- Up-to-date symlink: /root/ros_workspace/install/rviz_plugin_zed_od/share/rviz_plugin_zed_od/environment/path.dsv
[0.618s] -- Up-to-date symlink: /root/ros_workspace/install/rviz_plugin_zed_od/share/rviz_plugin_zed_od/local_setup.bash
[0.618s] -- Up-to-date symlink: /root/ros_workspace/install/rviz_plugin_zed_od/share/rviz_plugin_zed_od/local_setup.sh
[0.618s] -- Up-to-date symlink: /root/ros_workspace/install/rviz_plugin_zed_od/share/rviz_plugin_zed_od/local_setup.zsh
[0.618s] -- Up-to-date symlink: /root/ros_workspace/install/rviz_plugin_zed_od/share/rviz_plugin_zed_od/local_setup.dsv
[0.618s] -- Symlinking: /root/ros_workspace/install/rviz_plugin_zed_od/share/rviz_plugin_zed_od/package.dsv
[0.623s] -- Up-to-date symlink: /root/ros_workspace/install/rviz_plugin_zed_od/share/ament_index/resource_index/packages/rviz_plugin_zed_od
[0.623s] -- Up-to-date symlink: /root/ros_workspace/install/rviz_plugin_zed_od/share/ament_index/resource_index/rviz_common__pluginlib__plugin/rviz_plugin_zed_od
[0.623s] -- Up-to-date symlink: /root/ros_workspace/install/rviz_plugin_zed_od/share/rviz_plugin_zed_od/cmake/ament_cmake_export_include_directories-extras.cmake
[0.623s] -- Up-to-date symlink: /root/ros_workspace/install/rviz_plugin_zed_od/share/rviz_plugin_zed_od/cmake/ament_cmake_export_targets-extras.cmake
[0.623s] -- Up-to-date symlink: /root/ros_workspace/install/rviz_plugin_zed_od/share/rviz_plugin_zed_od/cmake/ament_cmake_export_dependencies-extras.cmake
[0.623s] -- Up-to-date symlink: /root/ros_workspace/install/rviz_plugin_zed_od/share/rviz_plugin_zed_od/cmake/rviz_plugin_zed_odConfig.cmake
[0.623s] -- Up-to-date symlink: /root/ros_workspace/install/rviz_plugin_zed_od/share/rviz_plugin_zed_od/cmake/rviz_plugin_zed_odConfig-version.cmake
[0.623s] -- Up-to-date symlink: /root/ros_workspace/install/rviz_plugin_zed_od/share/rviz_plugin_zed_od/package.xml
[0.623s] -- Up-to-date: /root/ros_workspace/install/rviz_plugin_zed_od/lib/librviz_plugin_zed_od.so
[0.623s] -- Up-to-date: /root/ros_workspace/install/rviz_plugin_zed_od/share/rviz_plugin_zed_od/cmake/rviz_plugin_zed_odExport.cmake
[0.623s] -- Up-to-date: /root/ros_workspace/install/rviz_plugin_zed_od/share/rviz_plugin_zed_od/cmake/rviz_plugin_zed_odExport-release.cmake
[0.624s] Invoked command in '/root/ros_workspace/build/rviz_plugin_zed_od' returned '0': CMAKE_PREFIX_PATH=/opt/ros/humble /usr/bin/cmake --install /root/ros_workspace/build/rviz_plugin_zed_od
