[0.022s] Invoking command in '/root/ros_workspace/build/zed_topic_benchmark_interfaces': CMAKE_PREFIX_PATH=${CMAKE_PREFIX_PATH}:/root/ros_workspace/install/object_avoidance:/opt/ros/humble /usr/bin/cmake --build /root/ros_workspace/build/zed_topic_benchmark_interfaces -- -j24 -l24
[0.141s] -- Found ament_cmake_auto: 1.3.12 (/opt/ros/humble/share/ament_cmake_auto/cmake)
[0.141s] -- Override CMake install command with custom implementation using symlinks instead of copying resources
[0.201s] -- Found rosidl_generator_c: 3.1.7 (/opt/ros/humble/share/rosidl_generator_c/cmake)
[0.203s] -- Found rosidl_adapter: 3.1.7 (/opt/ros/humble/share/rosidl_adapter/cmake)
[0.209s] -- Found rosidl_generator_cpp: 3.1.7 (/opt/ros/humble/share/rosidl_generator_cpp/cmake)
[0.218s] -- Using all available rosidl_typesupport_c: rosidl_typesupport_fastrtps_c;rosidl_typesupport_introspection_c
[0.229s] -- Using all available rosidl_typesupport_cpp: rosidl_typesupport_fastrtps_cpp;rosidl_typesupport_introspection_cpp
[0.250s] -- Found ament_lint_auto: 0.12.14 (/opt/ros/humble/share/ament_lint_auto/cmake)
[0.414s] -- Found ament_cmake_ros: 0.10.0 (/opt/ros/humble/share/ament_cmake_ros/cmake)
[0.649s] -- Using all available rosidl_typesupport_c: rosidl_typesupport_fastrtps_c;rosidl_typesupport_introspection_c
[0.741s] -- Using all available rosidl_typesupport_cpp: rosidl_typesupport_fastrtps_cpp;rosidl_typesupport_introspection_cpp
[0.753s] -- Found python_cmake_module: 0.10.0 (/opt/ros/humble/share/python_cmake_module/cmake)
[0.767s] -- Using PYTHON_EXECUTABLE: /usr/bin/python3
[0.767s] -- Using PYTHON_INCLUDE_DIRS: /usr/include/python3.10
[0.767s] -- Using PYTHON_LIBRARIES: /usr/lib/x86_64-linux-gnu/libpython3.10.so
[0.786s] -- Added test 'copyright' to check source files copyright and LICENSE
[0.786s] -- Added test 'lint_cmake' to check CMake code style
[0.787s] -- Added test 'xmllint' to check XML markup files
[0.789s] -- Configuring done
[0.808s] -- Generating done
[0.817s] -- Build files have been written to: /root/ros_workspace/build/zed_topic_benchmark_interfaces
[0.837s] [35m[1mConsolidate compiler generated dependencies of target zed_topic_benchmark_interfaces__rosidl_generator_c[0m
[0.845s] [  3%] Built target zed_topic_benchmark_interfaces__cpp
[0.845s] [ 12%] Built target zed_topic_benchmark_interfaces__rosidl_generator_c
[0.848s] [ 12%] Built target ament_cmake_python_symlink_zed_topic_benchmark_interfaces
[0.851s] [35m[1mConsolidate compiler generated dependencies of target zed_topic_benchmark_interfaces__rosidl_typesupport_cpp[0m
[0.853s] [35m[1mConsolidate compiler generated dependencies of target zed_topic_benchmark_interfaces__rosidl_typesupport_fastrtps_cpp[0m
[0.853s] [35m[1mConsolidate compiler generated dependencies of target zed_topic_benchmark_interfaces__rosidl_typesupport_introspection_cpp[0m
[0.854s] [35m[1mConsolidate compiler generated dependencies of target zed_topic_benchmark_interfaces__rosidl_typesupport_introspection_c[0m
[0.854s] [35m[1mConsolidate compiler generated dependencies of target zed_topic_benchmark_interfaces__rosidl_typesupport_c[0m
[0.855s] [35m[1mConsolidate compiler generated dependencies of target zed_topic_benchmark_interfaces__rosidl_typesupport_fastrtps_c[0m
[0.858s] [ 22%] Built target zed_topic_benchmark_interfaces__rosidl_typesupport_cpp
[0.862s] [ 32%] Built target zed_topic_benchmark_interfaces__rosidl_typesupport_introspection_c
[0.862s] [ 45%] Built target zed_topic_benchmark_interfaces__rosidl_typesupport_c
[0.862s] [ 51%] Built target zed_topic_benchmark_interfaces__rosidl_typesupport_fastrtps_cpp
[0.862s] [ 61%] Built target zed_topic_benchmark_interfaces__rosidl_typesupport_introspection_cpp
[0.863s] [ 70%] Built target zed_topic_benchmark_interfaces__rosidl_typesupport_fastrtps_c
[0.874s] [ 70%] Built target zed_topic_benchmark_interfaces
[0.888s] [ 74%] Built target zed_topic_benchmark_interfaces__py
[0.894s] [35m[1mConsolidate compiler generated dependencies of target zed_topic_benchmark_interfaces__rosidl_generator_py[0m
[0.905s] [ 80%] Built target zed_topic_benchmark_interfaces__rosidl_generator_py
[0.911s] [35m[1mConsolidate compiler generated dependencies of target zed_topic_benchmark_interfaces__rosidl_typesupport_fastrtps_c__pyext[0m
[0.912s] [35m[1mConsolidate compiler generated dependencies of target zed_topic_benchmark_interfaces__rosidl_typesupport_c__pyext[0m
[0.912s] [35m[1mConsolidate compiler generated dependencies of target zed_topic_benchmark_interfaces__rosidl_typesupport_introspection_c__pyext[0m
[0.918s] [ 93%] Built target zed_topic_benchmark_interfaces__rosidl_typesupport_c__pyext
[0.918s] [ 93%] Built target zed_topic_benchmark_interfaces__rosidl_typesupport_fastrtps_c__pyext
[0.918s] [100%] Built target zed_topic_benchmark_interfaces__rosidl_typesupport_introspection_c__pyext
[0.974s] running egg_info
[0.974s] writing zed_topic_benchmark_interfaces.egg-info/PKG-INFO
[0.974s] writing dependency_links to zed_topic_benchmark_interfaces.egg-info/dependency_links.txt
[0.974s] writing top-level names to zed_topic_benchmark_interfaces.egg-info/top_level.txt
[0.975s] reading manifest file 'zed_topic_benchmark_interfaces.egg-info/SOURCES.txt'
[0.976s] writing manifest file 'zed_topic_benchmark_interfaces.egg-info/SOURCES.txt'
[0.995s] [100%] Built target ament_cmake_python_build_zed_topic_benchmark_interfaces_egg
[1.002s] Invoked command in '/root/ros_workspace/build/zed_topic_benchmark_interfaces' returned '0': CMAKE_PREFIX_PATH=${CMAKE_PREFIX_PATH}:/root/ros_workspace/install/object_avoidance:/opt/ros/humble /usr/bin/cmake --build /root/ros_workspace/build/zed_topic_benchmark_interfaces -- -j24 -l24
[1.003s] Invoking command in '/root/ros_workspace/build/zed_topic_benchmark_interfaces': CMAKE_PREFIX_PATH=${CMAKE_PREFIX_PATH}:/root/ros_workspace/install/object_avoidance:/opt/ros/humble /usr/bin/cmake --install /root/ros_workspace/build/zed_topic_benchmark_interfaces
[1.007s] -- Install configuration: "Release"
[1.007s] -- Execute custom install script
[1.008s] -- Up-to-date symlink: /root/ros_workspace/install/zed_topic_benchmark_interfaces/share/ament_index/resource_index/rosidl_interfaces/zed_topic_benchmark_interfaces
[1.008s] -- Up-to-date symlink: /root/ros_workspace/install/zed_topic_benchmark_interfaces/include/zed_topic_benchmark_interfaces/zed_topic_benchmark_interfaces/msg/benchmark_stats_stamped.h
[1.008s] -- Up-to-date symlink: /root/ros_workspace/install/zed_topic_benchmark_interfaces/include/zed_topic_benchmark_interfaces/zed_topic_benchmark_interfaces/msg/detail/benchmark_stats_stamped__functions.h
[1.008s] -- Up-to-date symlink: /root/ros_workspace/install/zed_topic_benchmark_interfaces/include/zed_topic_benchmark_interfaces/zed_topic_benchmark_interfaces/msg/detail/benchmark_stats_stamped__struct.h
[1.008s] -- Up-to-date symlink: /root/ros_workspace/install/zed_topic_benchmark_interfaces/include/zed_topic_benchmark_interfaces/zed_topic_benchmark_interfaces/msg/detail/benchmark_stats_stamped__type_support.h
[1.008s] -- Up-to-date symlink: /root/ros_workspace/install/zed_topic_benchmark_interfaces/include/zed_topic_benchmark_interfaces/zed_topic_benchmark_interfaces/msg/rosidl_generator_c__visibility_control.h
[1.009s] -- Up-to-date symlink: /root/ros_workspace/install/zed_topic_benchmark_interfaces/share/zed_topic_benchmark_interfaces/environment/library_path.sh
[1.009s] -- Up-to-date symlink: /root/ros_workspace/install/zed_topic_benchmark_interfaces/share/zed_topic_benchmark_interfaces/environment/library_path.dsv
[1.009s] -- Up-to-date symlink: /root/ros_workspace/install/zed_topic_benchmark_interfaces/include/zed_topic_benchmark_interfaces/zed_topic_benchmark_interfaces/msg/detail/benchmark_stats_stamped__rosidl_typesupport_fastrtps_c.h
[1.009s] -- Up-to-date symlink: /root/ros_workspace/install/zed_topic_benchmark_interfaces/include/zed_topic_benchmark_interfaces/zed_topic_benchmark_interfaces/msg/rosidl_typesupport_fastrtps_c__visibility_control.h
[1.010s] -- Up-to-date symlink: /root/ros_workspace/install/zed_topic_benchmark_interfaces/include/zed_topic_benchmark_interfaces/zed_topic_benchmark_interfaces/msg/benchmark_stats_stamped.hpp
[1.010s] -- Up-to-date symlink: /root/ros_workspace/install/zed_topic_benchmark_interfaces/include/zed_topic_benchmark_interfaces/zed_topic_benchmark_interfaces/msg/detail/benchmark_stats_stamped__builder.hpp
[1.010s] -- Up-to-date symlink: /root/ros_workspace/install/zed_topic_benchmark_interfaces/include/zed_topic_benchmark_interfaces/zed_topic_benchmark_interfaces/msg/detail/benchmark_stats_stamped__struct.hpp
[1.010s] -- Up-to-date symlink: /root/ros_workspace/install/zed_topic_benchmark_interfaces/include/zed_topic_benchmark_interfaces/zed_topic_benchmark_interfaces/msg/detail/benchmark_stats_stamped__traits.hpp
[1.010s] -- Up-to-date symlink: /root/ros_workspace/install/zed_topic_benchmark_interfaces/include/zed_topic_benchmark_interfaces/zed_topic_benchmark_interfaces/msg/detail/benchmark_stats_stamped__type_support.hpp
[1.010s] -- Up-to-date symlink: /root/ros_workspace/install/zed_topic_benchmark_interfaces/include/zed_topic_benchmark_interfaces/zed_topic_benchmark_interfaces/msg/rosidl_generator_cpp__visibility_control.hpp
[1.011s] -- Up-to-date symlink: /root/ros_workspace/install/zed_topic_benchmark_interfaces/include/zed_topic_benchmark_interfaces/zed_topic_benchmark_interfaces/msg/detail/benchmark_stats_stamped__rosidl_typesupport_fastrtps_cpp.hpp
[1.011s] -- Up-to-date symlink: /root/ros_workspace/install/zed_topic_benchmark_interfaces/include/zed_topic_benchmark_interfaces/zed_topic_benchmark_interfaces/msg/rosidl_typesupport_fastrtps_cpp__visibility_control.h
[1.011s] -- Up-to-date symlink: /root/ros_workspace/install/zed_topic_benchmark_interfaces/include/zed_topic_benchmark_interfaces/zed_topic_benchmark_interfaces/msg/detail/benchmark_stats_stamped__rosidl_typesupport_introspection_c.h
[1.012s] -- Up-to-date symlink: /root/ros_workspace/install/zed_topic_benchmark_interfaces/include/zed_topic_benchmark_interfaces/zed_topic_benchmark_interfaces/msg/rosidl_typesupport_introspection_c__visibility_control.h
[1.012s] -- Up-to-date symlink: /root/ros_workspace/install/zed_topic_benchmark_interfaces/include/zed_topic_benchmark_interfaces/zed_topic_benchmark_interfaces/msg/detail/benchmark_stats_stamped__rosidl_typesupport_introspection_cpp.hpp
[1.012s] -- Up-to-date symlink: /root/ros_workspace/install/zed_topic_benchmark_interfaces/share/zed_topic_benchmark_interfaces/environment/pythonpath.sh
[1.012s] -- Up-to-date symlink: /root/ros_workspace/install/zed_topic_benchmark_interfaces/share/zed_topic_benchmark_interfaces/environment/pythonpath.dsv
[1.012s] -- Up-to-date symlink: /root/ros_workspace/install/zed_topic_benchmark_interfaces/local/lib/python3.10/dist-packages/zed_topic_benchmark_interfaces-5.1.0-py3.10.egg-info/PKG-INFO
[1.013s] -- Up-to-date symlink: /root/ros_workspace/install/zed_topic_benchmark_interfaces/local/lib/python3.10/dist-packages/zed_topic_benchmark_interfaces-5.1.0-py3.10.egg-info/SOURCES.txt
[1.013s] -- Up-to-date symlink: /root/ros_workspace/install/zed_topic_benchmark_interfaces/local/lib/python3.10/dist-packages/zed_topic_benchmark_interfaces-5.1.0-py3.10.egg-info/dependency_links.txt
[1.013s] -- Up-to-date symlink: /root/ros_workspace/install/zed_topic_benchmark_interfaces/local/lib/python3.10/dist-packages/zed_topic_benchmark_interfaces-5.1.0-py3.10.egg-info/top_level.txt
[1.014s] -- Up-to-date symlink: /root/ros_workspace/install/zed_topic_benchmark_interfaces/local/lib/python3.10/dist-packages/zed_topic_benchmark_interfaces/__init__.py
[1.014s] -- Up-to-date symlink: /root/ros_workspace/install/zed_topic_benchmark_interfaces/local/lib/python3.10/dist-packages/zed_topic_benchmark_interfaces/_zed_topic_benchmark_interfaces_s.ep.rosidl_typesupport_c.c
[1.014s] -- Up-to-date symlink: /root/ros_workspace/install/zed_topic_benchmark_interfaces/local/lib/python3.10/dist-packages/zed_topic_benchmark_interfaces/_zed_topic_benchmark_interfaces_s.ep.rosidl_typesupport_fastrtps_c.c
[1.014s] -- Up-to-date symlink: /root/ros_workspace/install/zed_topic_benchmark_interfaces/local/lib/python3.10/dist-packages/zed_topic_benchmark_interfaces/_zed_topic_benchmark_interfaces_s.ep.rosidl_typesupport_introspection_c.c
[1.014s] -- Up-to-date symlink: /root/ros_workspace/install/zed_topic_benchmark_interfaces/local/lib/python3.10/dist-packages/zed_topic_benchmark_interfaces/libzed_topic_benchmark_interfaces__rosidl_generator_py.so
[1.015s] -- Up-to-date symlink: /root/ros_workspace/install/zed_topic_benchmark_interfaces/local/lib/python3.10/dist-packages/zed_topic_benchmark_interfaces/msg/__init__.py
[1.015s] -- Up-to-date symlink: /root/ros_workspace/install/zed_topic_benchmark_interfaces/local/lib/python3.10/dist-packages/zed_topic_benchmark_interfaces/msg/_benchmark_stats_stamped.py
[1.015s] -- Up-to-date symlink: /root/ros_workspace/install/zed_topic_benchmark_interfaces/local/lib/python3.10/dist-packages/zed_topic_benchmark_interfaces/msg/_benchmark_stats_stamped_s.c
[1.015s] -- Up-to-date symlink: /root/ros_workspace/install/zed_topic_benchmark_interfaces/local/lib/python3.10/dist-packages/zed_topic_benchmark_interfaces/zed_topic_benchmark_interfaces_s__rosidl_typesupport_c.cpython-310-x86_64-linux-gnu.so
[1.015s] -- Up-to-date symlink: /root/ros_workspace/install/zed_topic_benchmark_interfaces/local/lib/python3.10/dist-packages/zed_topic_benchmark_interfaces/zed_topic_benchmark_interfaces_s__rosidl_typesupport_fastrtps_c.cpython-310-x86_64-linux-gnu.so
[1.016s] -- Up-to-date symlink: /root/ros_workspace/install/zed_topic_benchmark_interfaces/local/lib/python3.10/dist-packages/zed_topic_benchmark_interfaces/zed_topic_benchmark_interfaces_s__rosidl_typesupport_introspection_c.cpython-310-x86_64-linux-gnu.so
[1.016s] -- Up-to-date symlink: /root/ros_workspace/install/zed_topic_benchmark_interfaces/local/lib/python3.10/dist-packages/zed_topic_benchmark_interfaces/zed_topic_benchmark_interfaces_s__rosidl_typesupport_fastrtps_c.cpython-310-x86_64-linux-gnu.so
[1.016s] -- Up-to-date symlink: /root/ros_workspace/install/zed_topic_benchmark_interfaces/local/lib/python3.10/dist-packages/zed_topic_benchmark_interfaces/zed_topic_benchmark_interfaces_s__rosidl_typesupport_introspection_c.cpython-310-x86_64-linux-gnu.so
[1.016s] -- Up-to-date symlink: /root/ros_workspace/install/zed_topic_benchmark_interfaces/local/lib/python3.10/dist-packages/zed_topic_benchmark_interfaces/zed_topic_benchmark_interfaces_s__rosidl_typesupport_c.cpython-310-x86_64-linux-gnu.so
[1.016s] -- Up-to-date symlink: /root/ros_workspace/install/zed_topic_benchmark_interfaces/share/zed_topic_benchmark_interfaces/msg/BenchmarkStatsStamped.idl
[1.017s] -- Up-to-date symlink: /root/ros_workspace/install/zed_topic_benchmark_interfaces/share/zed_topic_benchmark_interfaces/msg/BenchmarkStatsStamped.msg
[1.017s] -- Up-to-date symlink: /root/ros_workspace/install/zed_topic_benchmark_interfaces/share/ament_index/resource_index/package_run_dependencies/zed_topic_benchmark_interfaces
[1.017s] -- Up-to-date symlink: /root/ros_workspace/install/zed_topic_benchmark_interfaces/share/ament_index/resource_index/parent_prefix_path/zed_topic_benchmark_interfaces
[1.017s] -- Up-to-date symlink: /root/ros_workspace/install/zed_topic_benchmark_interfaces/share/zed_topic_benchmark_interfaces/environment/ament_prefix_path.sh
[1.017s] -- Up-to-date symlink: /root/ros_workspace/install/zed_topic_benchmark_interfaces/share/zed_topic_benchmark_interfaces/environment/ament_prefix_path.dsv
[1.017s] -- Up-to-date symlink: /root/ros_workspace/install/zed_topic_benchmark_interfaces/share/zed_topic_benchmark_interfaces/environment/path.sh
[1.018s] -- Up-to-date symlink: /root/ros_workspace/install/zed_topic_benchmark_interfaces/share/zed_topic_benchmark_interfaces/environment/path.dsv
[1.018s] -- Up-to-date symlink: /root/ros_workspace/install/zed_topic_benchmark_interfaces/share/zed_topic_benchmark_interfaces/local_setup.bash
[1.018s] -- Up-to-date symlink: /root/ros_workspace/install/zed_topic_benchmark_interfaces/share/zed_topic_benchmark_interfaces/local_setup.sh
[1.018s] -- Up-to-date symlink: /root/ros_workspace/install/zed_topic_benchmark_interfaces/share/zed_topic_benchmark_interfaces/local_setup.zsh
[1.018s] -- Up-to-date symlink: /root/ros_workspace/install/zed_topic_benchmark_interfaces/share/zed_topic_benchmark_interfaces/local_setup.dsv
[1.018s] -- Symlinking: /root/ros_workspace/install/zed_topic_benchmark_interfaces/share/zed_topic_benchmark_interfaces/package.dsv
[1.024s] -- Up-to-date symlink: /root/ros_workspace/install/zed_topic_benchmark_interfaces/share/ament_index/resource_index/packages/zed_topic_benchmark_interfaces
[1.024s] -- Up-to-date symlink: /root/ros_workspace/install/zed_topic_benchmark_interfaces/share/zed_topic_benchmark_interfaces/cmake/rosidl_cmake-extras.cmake
[1.024s] -- Up-to-date symlink: /root/ros_workspace/install/zed_topic_benchmark_interfaces/share/zed_topic_benchmark_interfaces/cmake/ament_cmake_export_dependencies-extras.cmake
[1.024s] -- Up-to-date symlink: /root/ros_workspace/install/zed_topic_benchmark_interfaces/share/zed_topic_benchmark_interfaces/cmake/ament_cmake_export_include_directories-extras.cmake
[1.025s] -- Up-to-date symlink: /root/ros_workspace/install/zed_topic_benchmark_interfaces/share/zed_topic_benchmark_interfaces/cmake/ament_cmake_export_libraries-extras.cmake
[1.025s] -- Up-to-date symlink: /root/ros_workspace/install/zed_topic_benchmark_interfaces/share/zed_topic_benchmark_interfaces/cmake/ament_cmake_export_targets-extras.cmake
[1.025s] -- Up-to-date symlink: /root/ros_workspace/install/zed_topic_benchmark_interfaces/share/zed_topic_benchmark_interfaces/cmake/rosidl_cmake_export_typesupport_targets-extras.cmake
[1.025s] -- Up-to-date symlink: /root/ros_workspace/install/zed_topic_benchmark_interfaces/share/zed_topic_benchmark_interfaces/cmake/rosidl_cmake_export_typesupport_libraries-extras.cmake
[1.025s] -- Up-to-date symlink: /root/ros_workspace/install/zed_topic_benchmark_interfaces/share/zed_topic_benchmark_interfaces/cmake/zed_topic_benchmark_interfacesConfig.cmake
[1.025s] -- Up-to-date symlink: /root/ros_workspace/install/zed_topic_benchmark_interfaces/share/zed_topic_benchmark_interfaces/cmake/zed_topic_benchmark_interfacesConfig-version.cmake
[1.026s] -- Up-to-date symlink: /root/ros_workspace/install/zed_topic_benchmark_interfaces/share/zed_topic_benchmark_interfaces/package.xml
[1.026s] -- Up-to-date: /root/ros_workspace/install/zed_topic_benchmark_interfaces/lib/libzed_topic_benchmark_interfaces__rosidl_generator_c.so
[1.026s] -- Up-to-date: /root/ros_workspace/install/zed_topic_benchmark_interfaces/lib/libzed_topic_benchmark_interfaces__rosidl_typesupport_fastrtps_c.so
[1.026s] -- Up-to-date: /root/ros_workspace/install/zed_topic_benchmark_interfaces/lib/libzed_topic_benchmark_interfaces__rosidl_typesupport_fastrtps_cpp.so
[1.027s] -- Up-to-date: /root/ros_workspace/install/zed_topic_benchmark_interfaces/lib/libzed_topic_benchmark_interfaces__rosidl_typesupport_introspection_c.so
[1.027s] -- Up-to-date: /root/ros_workspace/install/zed_topic_benchmark_interfaces/lib/libzed_topic_benchmark_interfaces__rosidl_typesupport_c.so
[1.027s] -- Up-to-date: /root/ros_workspace/install/zed_topic_benchmark_interfaces/lib/libzed_topic_benchmark_interfaces__rosidl_typesupport_introspection_cpp.so
[1.027s] -- Up-to-date: /root/ros_workspace/install/zed_topic_benchmark_interfaces/lib/libzed_topic_benchmark_interfaces__rosidl_typesupport_cpp.so
[1.046s] Listing '/root/ros_workspace/install/zed_topic_benchmark_interfaces/local/lib/python3.10/dist-packages/zed_topic_benchmark_interfaces'...
[1.046s] Compiling '/root/ros_workspace/install/zed_topic_benchmark_interfaces/local/lib/python3.10/dist-packages/zed_topic_benchmark_interfaces/__init__.py'...
[1.046s] Listing '/root/ros_workspace/install/zed_topic_benchmark_interfaces/local/lib/python3.10/dist-packages/zed_topic_benchmark_interfaces/msg'...
[1.049s] -- Up-to-date: /root/ros_workspace/install/zed_topic_benchmark_interfaces/lib/libzed_topic_benchmark_interfaces__rosidl_generator_py.so
[1.049s] -- Up-to-date: /root/ros_workspace/install/zed_topic_benchmark_interfaces/share/zed_topic_benchmark_interfaces/cmake/export_zed_topic_benchmark_interfaces__rosidl_generator_cExport.cmake
[1.049s] -- Up-to-date: /root/ros_workspace/install/zed_topic_benchmark_interfaces/share/zed_topic_benchmark_interfaces/cmake/export_zed_topic_benchmark_interfaces__rosidl_generator_cExport-release.cmake
[1.049s] -- Up-to-date: /root/ros_workspace/install/zed_topic_benchmark_interfaces/share/zed_topic_benchmark_interfaces/cmake/export_zed_topic_benchmark_interfaces__rosidl_typesupport_fastrtps_cExport.cmake
[1.049s] -- Up-to-date: /root/ros_workspace/install/zed_topic_benchmark_interfaces/share/zed_topic_benchmark_interfaces/cmake/export_zed_topic_benchmark_interfaces__rosidl_typesupport_fastrtps_cExport-release.cmake
[1.049s] -- Up-to-date: /root/ros_workspace/install/zed_topic_benchmark_interfaces/share/zed_topic_benchmark_interfaces/cmake/export_zed_topic_benchmark_interfaces__rosidl_generator_cppExport.cmake
[1.049s] -- Up-to-date: /root/ros_workspace/install/zed_topic_benchmark_interfaces/share/zed_topic_benchmark_interfaces/cmake/export_zed_topic_benchmark_interfaces__rosidl_typesupport_fastrtps_cppExport.cmake
[1.049s] -- Up-to-date: /root/ros_workspace/install/zed_topic_benchmark_interfaces/share/zed_topic_benchmark_interfaces/cmake/export_zed_topic_benchmark_interfaces__rosidl_typesupport_fastrtps_cppExport-release.cmake
[1.049s] -- Up-to-date: /root/ros_workspace/install/zed_topic_benchmark_interfaces/share/zed_topic_benchmark_interfaces/cmake/zed_topic_benchmark_interfaces__rosidl_typesupport_introspection_cExport.cmake
[1.050s] -- Up-to-date: /root/ros_workspace/install/zed_topic_benchmark_interfaces/share/zed_topic_benchmark_interfaces/cmake/zed_topic_benchmark_interfaces__rosidl_typesupport_introspection_cExport-release.cmake
[1.050s] -- Up-to-date: /root/ros_workspace/install/zed_topic_benchmark_interfaces/share/zed_topic_benchmark_interfaces/cmake/zed_topic_benchmark_interfaces__rosidl_typesupport_cExport.cmake
[1.050s] -- Up-to-date: /root/ros_workspace/install/zed_topic_benchmark_interfaces/share/zed_topic_benchmark_interfaces/cmake/zed_topic_benchmark_interfaces__rosidl_typesupport_cExport-release.cmake
[1.050s] -- Up-to-date: /root/ros_workspace/install/zed_topic_benchmark_interfaces/share/zed_topic_benchmark_interfaces/cmake/zed_topic_benchmark_interfaces__rosidl_typesupport_introspection_cppExport.cmake
[1.050s] -- Up-to-date: /root/ros_workspace/install/zed_topic_benchmark_interfaces/share/zed_topic_benchmark_interfaces/cmake/zed_topic_benchmark_interfaces__rosidl_typesupport_introspection_cppExport-release.cmake
[1.050s] -- Up-to-date: /root/ros_workspace/install/zed_topic_benchmark_interfaces/share/zed_topic_benchmark_interfaces/cmake/zed_topic_benchmark_interfaces__rosidl_typesupport_cppExport.cmake
[1.050s] -- Up-to-date: /root/ros_workspace/install/zed_topic_benchmark_interfaces/share/zed_topic_benchmark_interfaces/cmake/zed_topic_benchmark_interfaces__rosidl_typesupport_cppExport-release.cmake
[1.050s] -- Up-to-date: /root/ros_workspace/install/zed_topic_benchmark_interfaces/share/zed_topic_benchmark_interfaces/cmake/export_zed_topic_benchmark_interfaces__rosidl_generator_pyExport.cmake
[1.050s] -- Up-to-date: /root/ros_workspace/install/zed_topic_benchmark_interfaces/share/zed_topic_benchmark_interfaces/cmake/export_zed_topic_benchmark_interfaces__rosidl_generator_pyExport-release.cmake
[1.052s] Invoked command in '/root/ros_workspace/build/zed_topic_benchmark_interfaces' returned '0': CMAKE_PREFIX_PATH=${CMAKE_PREFIX_PATH}:/root/ros_workspace/install/object_avoidance:/opt/ros/humble /usr/bin/cmake --install /root/ros_workspace/build/zed_topic_benchmark_interfaces
