[0.128s] Invoking command in '/root/ros_workspace/build/zed_tutorial_video': CMAKE_PREFIX_PATH=${CMAKE_PREFIX_PATH}:/root/ros_workspace/install/object_avoidance:/opt/ros/humble /usr/bin/cmake --build /root/ros_workspace/build/zed_tutorial_video -- -j24 -l24
[0.149s] -- Found ament_cmake_auto: 1.3.12 (/opt/ros/humble/share/ament_cmake_auto/cmake)
[0.243s] -- Override CMake install command with custom implementation using symlinks instead of copying resources
[0.298s] -- Found rosidl_generator_c: 3.1.7 (/opt/ros/humble/share/rosidl_generator_c/cmake)
[0.299s] -- Found rosidl_adapter: 3.1.7 (/opt/ros/humble/share/rosidl_adapter/cmake)
[0.302s] -- Found rosidl_generator_cpp: 3.1.7 (/opt/ros/humble/share/rosidl_generator_cpp/cmake)
[0.307s] -- Using all available rosidl_typesupport_c: rosidl_typesupport_fastrtps_c;rosidl_typesupport_introspection_c
[0.314s] -- Using all available rosidl_typesupport_cpp: rosidl_typesupport_fastrtps_cpp;rosidl_typesupport_introspection_cpp
[0.333s] -- Found rmw_implementation_cmake: 6.1.2 (/opt/ros/humble/share/rmw_implementation_cmake/cmake)
[0.335s] -- Found rmw_fastrtps_cpp: 6.2.9 (/opt/ros/humble/share/rmw_fastrtps_cpp/cmake)
[0.432s] -- Using RMW implementation 'rmw_fastrtps_cpp' as default
[0.483s] -- Found ament_lint_auto: 0.12.14 (/opt/ros/humble/share/ament_lint_auto/cmake)
[0.486s] -- Configuring done
[0.492s] -- Generating done
[0.494s] -- Build files have been written to: /root/ros_workspace/build/zed_tutorial_video
[0.511s] [35m[1mConsolidate compiler generated dependencies of target zed_tutorial_video[0m
[0.524s] [ 50%] [32mBuilding CXX object CMakeFiles/zed_tutorial_video.dir/src/zed_video_sub_tutorial.cpp.o[0m
[7.600s] [100%] [32m[1mLinking CXX executable zed_tutorial_video[0m
[7.684s] [100%] Built target zed_tutorial_video
[7.691s] Invoked command in '/root/ros_workspace/build/zed_tutorial_video' returned '0': CMAKE_PREFIX_PATH=${CMAKE_PREFIX_PATH}:/root/ros_workspace/install/object_avoidance:/opt/ros/humble /usr/bin/cmake --build /root/ros_workspace/build/zed_tutorial_video -- -j24 -l24
[7.692s] Invoking command in '/root/ros_workspace/build/zed_tutorial_video': CMAKE_PREFIX_PATH=${CMAKE_PREFIX_PATH}:/root/ros_workspace/install/object_avoidance:/opt/ros/humble /usr/bin/cmake --install /root/ros_workspace/build/zed_tutorial_video
[7.697s] -- Install configuration: "Release"
[7.698s] -- Execute custom install script
[7.698s] -- Up-to-date symlink: /root/ros_workspace/install/zed_tutorial_video/lib/zed_tutorial_video/zed_tutorial_video
[7.698s] -- Up-to-date symlink: /root/ros_workspace/install/zed_tutorial_video/share/ament_index/resource_index/package_run_dependencies/zed_tutorial_video
[7.699s] -- Up-to-date symlink: /root/ros_workspace/install/zed_tutorial_video/share/ament_index/resource_index/parent_prefix_path/zed_tutorial_video
[7.699s] -- Up-to-date symlink: /root/ros_workspace/install/zed_tutorial_video/share/zed_tutorial_video/environment/ament_prefix_path.sh
[7.699s] -- Up-to-date symlink: /root/ros_workspace/install/zed_tutorial_video/share/zed_tutorial_video/environment/ament_prefix_path.dsv
[7.699s] -- Up-to-date symlink: /root/ros_workspace/install/zed_tutorial_video/share/zed_tutorial_video/environment/path.sh
[7.700s] -- Up-to-date symlink: /root/ros_workspace/install/zed_tutorial_video/share/zed_tutorial_video/environment/path.dsv
[7.700s] -- Up-to-date symlink: /root/ros_workspace/install/zed_tutorial_video/share/zed_tutorial_video/local_setup.bash
[7.700s] -- Up-to-date symlink: /root/ros_workspace/install/zed_tutorial_video/share/zed_tutorial_video/local_setup.sh
[7.700s] -- Up-to-date symlink: /root/ros_workspace/install/zed_tutorial_video/share/zed_tutorial_video/local_setup.zsh
[7.700s] -- Up-to-date symlink: /root/ros_workspace/install/zed_tutorial_video/share/zed_tutorial_video/local_setup.dsv
[7.700s] -- Symlinking: /root/ros_workspace/install/zed_tutorial_video/share/zed_tutorial_video/package.dsv
[7.707s] -- Up-to-date symlink: /root/ros_workspace/install/zed_tutorial_video/share/ament_index/resource_index/packages/zed_tutorial_video
[7.707s] -- Up-to-date symlink: /root/ros_workspace/install/zed_tutorial_video/share/zed_tutorial_video/cmake/zed_tutorial_videoConfig.cmake
[7.708s] -- Up-to-date symlink: /root/ros_workspace/install/zed_tutorial_video/share/zed_tutorial_video/cmake/zed_tutorial_videoConfig-version.cmake
[7.708s] -- Up-to-date symlink: /root/ros_workspace/install/zed_tutorial_video/share/zed_tutorial_video/package.xml
[7.709s] Invoked command in '/root/ros_workspace/build/zed_tutorial_video' returned '0': CMAKE_PREFIX_PATH=${CMAKE_PREFIX_PATH}:/root/ros_workspace/install/object_avoidance:/opt/ros/humble /usr/bin/cmake --install /root/ros_workspace/build/zed_tutorial_video
