running egg_info
creating ../../build/object_avoidance/object_avoidance.egg-info
writing ../../build/object_avoidance/object_avoidance.egg-info/PKG-INFO
writing dependency_links to ../../build/object_avoidance/object_avoidance.egg-info/dependency_links.txt
writing entry points to ../../build/object_avoidance/object_avoidance.egg-info/entry_points.txt
writing requirements to ../../build/object_avoidance/object_avoidance.egg-info/requires.txt
writing top-level names to ../../build/object_avoidance/object_avoidance.egg-info/top_level.txt
writing manifest file '../../build/object_avoidance/object_avoidance.egg-info/SOURCES.txt'
reading manifest file '../../build/object_avoidance/object_avoidance.egg-info/SOURCES.txt'
writing manifest file '../../build/object_avoidance/object_avoidance.egg-info/SOURCES.txt'
running build
running build_py
creating /root/ros_workspace/build/object_avoidance/build
creating /root/ros_workspace/build/object_avoidance/build/lib
creating /root/ros_workspace/build/object_avoidance/build/lib/object_avoidance
copying object_avoidance/__init__.py -> /root/ros_workspace/build/object_avoidance/build/lib/object_avoidance
copying object_avoidance/object_avoidance.py -> /root/ros_workspace/build/object_avoidance/build/lib/object_avoidance
running install
running install_lib
creating /root/ros_workspace/install/object_avoidance/lib/python3.10/site-packages/object_avoidance
copying /root/ros_workspace/build/object_avoidance/build/lib/object_avoidance/__init__.py -> /root/ros_workspace/install/object_avoidance/lib/python3.10/site-packages/object_avoidance
copying /root/ros_workspace/build/object_avoidance/build/lib/object_avoidance/object_avoidance.py -> /root/ros_workspace/install/object_avoidance/lib/python3.10/site-packages/object_avoidance
byte-compiling /root/ros_workspace/install/object_avoidance/lib/python3.10/site-packages/object_avoidance/__init__.py to __init__.cpython-310.pyc
byte-compiling /root/ros_workspace/install/object_avoidance/lib/python3.10/site-packages/object_avoidance/object_avoidance.py to object_avoidance.cpython-310.pyc
running install_data
creating /root/ros_workspace/install/object_avoidance/share/ament_index
creating /root/ros_workspace/install/object_avoidance/share/ament_index/resource_index
creating /root/ros_workspace/install/object_avoidance/share/ament_index/resource_index/packages
copying resource/object_avoidance -> /root/ros_workspace/install/object_avoidance/share/ament_index/resource_index/packages
copying package.xml -> /root/ros_workspace/install/object_avoidance/share/object_avoidance
running install_egg_info
Copying ../../build/object_avoidance/object_avoidance.egg-info to /root/ros_workspace/install/object_avoidance/lib/python3.10/site-packages/object_avoidance-0.0.0-py3.10.egg-info
running install_scripts
Installing object_avoidance_node script to /root/ros_workspace/install/object_avoidance/lib/object_avoidance
writing list of installed files to '/root/ros_workspace/build/object_avoidance/install.log'
