[0.044s] Invoking command in '/root/ros_workspace/build/zed_isaac_ros_multi_camera': AMENT_PREFIX_PATH=/root/ros_workspace/install/zed_wrapper:/root/ros_workspace/install/zed_components:${AMENT_PREFIX_PATH} CMAKE_PREFIX_PATH=/root/ros_workspace/install/zed_wrapper:/root/ros_workspace/install/zed_components:/opt/ros/humble LD_LIBRARY_PATH=/root/ros_workspace/install/zed_components/lib:${LD_LIBRARY_PATH} /usr/bin/cmake --build /root/ros_workspace/build/zed_isaac_ros_multi_camera -- -j24 -l24
[0.067s] Invoked command in '/root/ros_workspace/build/zed_isaac_ros_multi_camera' returned '0': AMENT_PREFIX_PATH=/root/ros_workspace/install/zed_wrapper:/root/ros_workspace/install/zed_components:${AMENT_PREFIX_PATH} CMAKE_PREFIX_PATH=/root/ros_workspace/install/zed_wrapper:/root/ros_workspace/install/zed_components:/opt/ros/humble LD_LIBRARY_PATH=/root/ros_workspace/install/zed_components/lib:${LD_LIBRARY_PATH} /usr/bin/cmake --build /root/ros_workspace/build/zed_isaac_ros_multi_camera -- -j24 -l24
[0.068s] Invoking command in '/root/ros_workspace/build/zed_isaac_ros_multi_camera': AMENT_PREFIX_PATH=/root/ros_workspace/install/zed_wrapper:/root/ros_workspace/install/zed_components:${AMENT_PREFIX_PATH} CMAKE_PREFIX_PATH=/root/ros_workspace/install/zed_wrapper:/root/ros_workspace/install/zed_components:/opt/ros/humble LD_LIBRARY_PATH=/root/ros_workspace/install/zed_components/lib:${LD_LIBRARY_PATH} /usr/bin/cmake --install /root/ros_workspace/build/zed_isaac_ros_multi_camera
[0.072s] -- Install configuration: "Release"
[0.072s] -- Execute custom install script
[0.072s] -- Up-to-date symlink: /root/ros_workspace/install/zed_isaac_ros_multi_camera/share/zed_isaac_ros_multi_camera/launch/zed_multi_camera.launch.py
[0.072s] -- Up-to-date symlink: /root/ros_workspace/install/zed_isaac_ros_multi_camera/share/zed_isaac_ros_multi_camera/urdf/zed_multi.urdf.xacro
[0.072s] -- Up-to-date symlink: /root/ros_workspace/install/zed_isaac_ros_multi_camera/share/ament_index/resource_index/package_run_dependencies/zed_isaac_ros_multi_camera
[0.072s] -- Up-to-date symlink: /root/ros_workspace/install/zed_isaac_ros_multi_camera/share/ament_index/resource_index/parent_prefix_path/zed_isaac_ros_multi_camera
[0.072s] -- Up-to-date symlink: /root/ros_workspace/install/zed_isaac_ros_multi_camera/share/zed_isaac_ros_multi_camera/environment/ament_prefix_path.sh
[0.072s] -- Up-to-date symlink: /root/ros_workspace/install/zed_isaac_ros_multi_camera/share/zed_isaac_ros_multi_camera/environment/ament_prefix_path.dsv
[0.072s] -- Up-to-date symlink: /root/ros_workspace/install/zed_isaac_ros_multi_camera/share/zed_isaac_ros_multi_camera/environment/path.sh
[0.073s] -- Up-to-date symlink: /root/ros_workspace/install/zed_isaac_ros_multi_camera/share/zed_isaac_ros_multi_camera/environment/path.dsv
[0.073s] -- Up-to-date symlink: /root/ros_workspace/install/zed_isaac_ros_multi_camera/share/zed_isaac_ros_multi_camera/local_setup.bash
[0.073s] -- Up-to-date symlink: /root/ros_workspace/install/zed_isaac_ros_multi_camera/share/zed_isaac_ros_multi_camera/local_setup.sh
[0.073s] -- Up-to-date symlink: /root/ros_workspace/install/zed_isaac_ros_multi_camera/share/zed_isaac_ros_multi_camera/local_setup.zsh
[0.073s] -- Up-to-date symlink: /root/ros_workspace/install/zed_isaac_ros_multi_camera/share/zed_isaac_ros_multi_camera/local_setup.dsv
[0.073s] -- Symlinking: /root/ros_workspace/install/zed_isaac_ros_multi_camera/share/zed_isaac_ros_multi_camera/package.dsv
[0.081s] -- Up-to-date symlink: /root/ros_workspace/install/zed_isaac_ros_multi_camera/share/ament_index/resource_index/packages/zed_isaac_ros_multi_camera
[0.081s] -- Up-to-date symlink: /root/ros_workspace/install/zed_isaac_ros_multi_camera/share/zed_isaac_ros_multi_camera/cmake/zed_isaac_ros_multi_cameraConfig.cmake
[0.081s] -- Up-to-date symlink: /root/ros_workspace/install/zed_isaac_ros_multi_camera/share/zed_isaac_ros_multi_camera/cmake/zed_isaac_ros_multi_cameraConfig-version.cmake
[0.081s] -- Up-to-date symlink: /root/ros_workspace/install/zed_isaac_ros_multi_camera/share/zed_isaac_ros_multi_camera/package.xml
[0.098s] Invoked command in '/root/ros_workspace/build/zed_isaac_ros_multi_camera' returned '0': AMENT_PREFIX_PATH=/root/ros_workspace/install/zed_wrapper:/root/ros_workspace/install/zed_components:${AMENT_PREFIX_PATH} CMAKE_PREFIX_PATH=/root/ros_workspace/install/zed_wrapper:/root/ros_workspace/install/zed_components:/opt/ros/humble LD_LIBRARY_PATH=/root/ros_workspace/install/zed_components/lib:${LD_LIBRARY_PATH} /usr/bin/cmake --install /root/ros_workspace/build/zed_isaac_ros_multi_camera
