[0.019s] Invoking command in '/root/ros_workspace/build/zed_robot_integration': AMENT_PREFIX_PATH=/root/ros_workspace/install/zed_wrapper:/root/ros_workspace/install/zed_components:${AMENT_PREFIX_PATH} CMAKE_PREFIX_PATH=/root/ros_workspace/install/zed_wrapper:/root/ros_workspace/install/zed_components:/opt/ros/humble LD_LIBRARY_PATH=/root/ros_workspace/install/zed_components/lib:${LD_LIBRARY_PATH} /usr/bin/cmake --build /root/ros_workspace/build/zed_robot_integration -- -j24 -l24
[0.032s] -- Found ament_cmake: 1.3.12 (/opt/ros/humble/share/ament_cmake/cmake)
[0.098s] -- Override CMake install command with custom implementation using symlinks instead of copying resources
[0.146s] -- Configuring done
[0.148s] -- Generating done
[0.149s] -- Build files have been written to: /root/ros_workspace/build/zed_robot_integration
[0.165s] Invoked command in '/root/ros_workspace/build/zed_robot_integration' returned '0': AMENT_PREFIX_PATH=/root/ros_workspace/install/zed_wrapper:/root/ros_workspace/install/zed_components:${AMENT_PREFIX_PATH} CMAKE_PREFIX_PATH=/root/ros_workspace/install/zed_wrapper:/root/ros_workspace/install/zed_components:/opt/ros/humble LD_LIBRARY_PATH=/root/ros_workspace/install/zed_components/lib:${LD_LIBRARY_PATH} /usr/bin/cmake --build /root/ros_workspace/build/zed_robot_integration -- -j24 -l24
[0.166s] Invoking command in '/root/ros_workspace/build/zed_robot_integration': AMENT_PREFIX_PATH=/root/ros_workspace/install/zed_wrapper:/root/ros_workspace/install/zed_components:${AMENT_PREFIX_PATH} CMAKE_PREFIX_PATH=/root/ros_workspace/install/zed_wrapper:/root/ros_workspace/install/zed_components:/opt/ros/humble LD_LIBRARY_PATH=/root/ros_workspace/install/zed_components/lib:${LD_LIBRARY_PATH} /usr/bin/cmake --install /root/ros_workspace/build/zed_robot_integration
[0.172s] -- Install configuration: "Release"
[0.173s] -- Execute custom install script
[0.174s] -- Up-to-date symlink: /root/ros_workspace/install/zed_robot_integration/share/zed_robot_integration//launch/view_dual_zed.launch.py
[0.174s] -- Up-to-date symlink: /root/ros_workspace/install/zed_robot_integration/share/zed_robot_integration//launch/view_mono_zed.launch.py
[0.174s] -- Up-to-date symlink: /root/ros_workspace/install/zed_robot_integration/share/zed_robot_integration//urdf/zed_robot_dual.urdf.xacro
[0.174s] -- Up-to-date symlink: /root/ros_workspace/install/zed_robot_integration/share/zed_robot_integration//urdf/zed_robot_mono.urdf.xacro
[0.175s] -- Up-to-date symlink: /root/ros_workspace/install/zed_robot_integration/share/zed_robot_integration//rviz2/view_config.rviz
[0.175s] -- Up-to-date symlink: /root/ros_workspace/install/zed_robot_integration/share/ament_index/resource_index/package_run_dependencies/zed_robot_integration
[0.175s] -- Up-to-date symlink: /root/ros_workspace/install/zed_robot_integration/share/ament_index/resource_index/parent_prefix_path/zed_robot_integration
[0.175s] -- Up-to-date symlink: /root/ros_workspace/install/zed_robot_integration/share/zed_robot_integration/environment/ament_prefix_path.sh
[0.175s] -- Up-to-date symlink: /root/ros_workspace/install/zed_robot_integration/share/zed_robot_integration/environment/ament_prefix_path.dsv
[0.175s] -- Up-to-date symlink: /root/ros_workspace/install/zed_robot_integration/share/zed_robot_integration/environment/path.sh
[0.175s] -- Up-to-date symlink: /root/ros_workspace/install/zed_robot_integration/share/zed_robot_integration/environment/path.dsv
[0.176s] -- Up-to-date symlink: /root/ros_workspace/install/zed_robot_integration/share/zed_robot_integration/local_setup.bash
[0.176s] -- Up-to-date symlink: /root/ros_workspace/install/zed_robot_integration/share/zed_robot_integration/local_setup.sh
[0.176s] -- Up-to-date symlink: /root/ros_workspace/install/zed_robot_integration/share/zed_robot_integration/local_setup.zsh
[0.176s] -- Up-to-date symlink: /root/ros_workspace/install/zed_robot_integration/share/zed_robot_integration/local_setup.dsv
[0.176s] -- Symlinking: /root/ros_workspace/install/zed_robot_integration/share/zed_robot_integration/package.dsv
[0.182s] -- Up-to-date symlink: /root/ros_workspace/install/zed_robot_integration/share/ament_index/resource_index/packages/zed_robot_integration
[0.182s] -- Up-to-date symlink: /root/ros_workspace/install/zed_robot_integration/share/zed_robot_integration/cmake/zed_robot_integrationConfig.cmake
[0.182s] -- Up-to-date symlink: /root/ros_workspace/install/zed_robot_integration/share/zed_robot_integration/cmake/zed_robot_integrationConfig-version.cmake
[0.182s] -- Up-to-date symlink: /root/ros_workspace/install/zed_robot_integration/share/zed_robot_integration/package.xml
[0.200s] Invoked command in '/root/ros_workspace/build/zed_robot_integration' returned '0': AMENT_PREFIX_PATH=/root/ros_workspace/install/zed_wrapper:/root/ros_workspace/install/zed_components:${AMENT_PREFIX_PATH} CMAKE_PREFIX_PATH=/root/ros_workspace/install/zed_wrapper:/root/ros_workspace/install/zed_components:/opt/ros/humble LD_LIBRARY_PATH=/root/ros_workspace/install/zed_components/lib:${LD_LIBRARY_PATH} /usr/bin/cmake --install /root/ros_workspace/build/zed_robot_integration
