[0.007s] Invoking command in '/root/ros_workspace/build/zed_ipc': AMENT_PREFIX_PATH=/root/ros_workspace/install/zed_multi_camera:/root/ros_workspace/install/zed_wrapper:/root/ros_workspace/install/zed_components:${AMENT_PREFIX_PATH} CMAKE_PREFIX_PATH=/root/ros_workspace/install/zed_multi_camera:/root/ros_workspace/install/zed_wrapper:/root/ros_workspace/install/zed_components:/opt/ros/humble LD_LIBRARY_PATH=/root/ros_workspace/install/zed_components/lib:${LD_LIBRARY_PATH} /usr/bin/cmake --build /root/ros_workspace/build/zed_ipc -- -j24 -l24
[0.024s] -- Found ament_cmake_auto: 1.3.12 (/opt/ros/humble/share/ament_cmake_auto/cmake)
[0.091s] -- Override CMake install command with custom implementation using symlinks instead of copying resources
[0.142s] -- Found rosidl_generator_c: 3.1.7 (/opt/ros/humble/share/rosidl_generator_c/cmake)
[0.144s] -- Found rosidl_adapter: 3.1.7 (/opt/ros/humble/share/rosidl_adapter/cmake)
[0.146s] -- Found rosidl_generator_cpp: 3.1.7 (/opt/ros/humble/share/rosidl_generator_cpp/cmake)
[0.151s] -- Using all available rosidl_typesupport_c: rosidl_typesupport_fastrtps_c;rosidl_typesupport_introspection_c
[0.157s] -- Using all available rosidl_typesupport_cpp: rosidl_typesupport_fastrtps_cpp;rosidl_typesupport_introspection_cpp
[0.173s] -- Found rmw_implementation_cmake: 6.1.2 (/opt/ros/humble/share/rmw_implementation_cmake/cmake)
[0.174s] -- Found rmw_fastrtps_cpp: 6.2.9 (/opt/ros/humble/share/rmw_fastrtps_cpp/cmake)
[0.248s] -- Using RMW implementation 'rmw_fastrtps_cpp' as default
[0.295s] -- Found ament_lint_auto: 0.12.14 (/opt/ros/humble/share/ament_lint_auto/cmake)
[0.302s] -- Added test 'copyright' to check source files copyright and LICENSE
[0.302s] -- Added test 'cppcheck' to perform static code analysis on C / C++ code
[0.303s] -- Configured cppcheck include dirs: /root/ros_workspace/src/zed-ros2-examples/tutorials/zed_ipc/src/include;/root/ros_workspace/src/zed-ros2-examples/tutorials/zed_ipc/src/component/include;/root/ros_workspace/src/zed-ros2-examples/tutorials/zed_ipc/src/components/include
[0.303s] -- Configured cppcheck exclude dirs and/or files: 
[0.303s] -- Added test 'cpplint' to check C / C++ code against the Google style
[0.303s] -- Configured cpplint exclude dirs and/or files: 
[0.303s] -- Added test 'flake8' to check Python code syntax and style conventions
[0.303s] -- Added test 'lint_cmake' to check CMake code style
[0.304s] -- Added test 'pep257' to check Python code against some of the docstring style conventions in PEP 257
[0.304s] -- Added test 'uncrustify' to check C / C++ code style
[0.304s] -- Configured uncrustify additional arguments: 
[0.304s] -- Added test 'xmllint' to check XML markup files
[0.304s] -- Added test 'clang_format' to check C / C++ code style
[0.307s] -- Configuring done
[0.314s] -- Generating done
[0.316s] -- Build files have been written to: /root/ros_workspace/build/zed_ipc
[0.334s] [35m[1mConsolidate compiler generated dependencies of target pointcloud_component[0m
[0.346s] [ 33%] [32mBuilding CXX object CMakeFiles/pointcloud_component.dir/src/components/src/pointcloud_component.cpp.o[0m
[5.804s] [ 66%] [32mBuilding CXX object CMakeFiles/pointcloud_component.dir/src/components/src/winavg.cpp.o[0m
[6.017s] [100%] [32m[1mLinking CXX shared library libpointcloud_component.so[0m
[6.103s] [100%] Built target pointcloud_component
[6.109s] Invoked command in '/root/ros_workspace/build/zed_ipc' returned '0': AMENT_PREFIX_PATH=/root/ros_workspace/install/zed_multi_camera:/root/ros_workspace/install/zed_wrapper:/root/ros_workspace/install/zed_components:${AMENT_PREFIX_PATH} CMAKE_PREFIX_PATH=/root/ros_workspace/install/zed_multi_camera:/root/ros_workspace/install/zed_wrapper:/root/ros_workspace/install/zed_components:/opt/ros/humble LD_LIBRARY_PATH=/root/ros_workspace/install/zed_components/lib:${LD_LIBRARY_PATH} /usr/bin/cmake --build /root/ros_workspace/build/zed_ipc -- -j24 -l24
[6.110s] Invoking command in '/root/ros_workspace/build/zed_ipc': AMENT_PREFIX_PATH=/root/ros_workspace/install/zed_multi_camera:/root/ros_workspace/install/zed_wrapper:/root/ros_workspace/install/zed_components:${AMENT_PREFIX_PATH} CMAKE_PREFIX_PATH=/root/ros_workspace/install/zed_multi_camera:/root/ros_workspace/install/zed_wrapper:/root/ros_workspace/install/zed_components:/opt/ros/humble LD_LIBRARY_PATH=/root/ros_workspace/install/zed_components/lib:${LD_LIBRARY_PATH} /usr/bin/cmake --install /root/ros_workspace/build/zed_ipc
[6.116s] -- Install configuration: "Release"
[6.116s] -- Execute custom install script
[6.116s] -- Up-to-date symlink: /root/ros_workspace/install/zed_ipc/lib/libpointcloud_component.so
[6.117s] -- Up-to-date symlink: /root/ros_workspace/install/zed_ipc/include/zed_ipc//ipc_visibility_control.hpp
[6.117s] -- Up-to-date symlink: /root/ros_workspace/install/zed_ipc/include/zed_ipc//pointcloud_component.hpp
[6.117s] -- Up-to-date symlink: /root/ros_workspace/install/zed_ipc/include/zed_ipc//winavg.hpp
[6.118s] -- Up-to-date symlink: /root/ros_workspace/install/zed_ipc/share/zed_ipc/launch/zed_ipc.launch.py
[6.118s] -- Up-to-date symlink: /root/ros_workspace/install/zed_ipc/share/zed_ipc/environment/library_path.sh
[6.118s] -- Up-to-date symlink: /root/ros_workspace/install/zed_ipc/share/zed_ipc/environment/library_path.dsv
[6.118s] -- Up-to-date symlink: /root/ros_workspace/install/zed_ipc/share/ament_index/resource_index/package_run_dependencies/zed_ipc
[6.118s] -- Up-to-date symlink: /root/ros_workspace/install/zed_ipc/share/ament_index/resource_index/parent_prefix_path/zed_ipc
[6.119s] -- Up-to-date symlink: /root/ros_workspace/install/zed_ipc/share/zed_ipc/environment/ament_prefix_path.sh
[6.119s] -- Up-to-date symlink: /root/ros_workspace/install/zed_ipc/share/zed_ipc/environment/ament_prefix_path.dsv
[6.119s] -- Up-to-date symlink: /root/ros_workspace/install/zed_ipc/share/zed_ipc/environment/path.sh
[6.119s] -- Up-to-date symlink: /root/ros_workspace/install/zed_ipc/share/zed_ipc/environment/path.dsv
[6.119s] -- Up-to-date symlink: /root/ros_workspace/install/zed_ipc/share/zed_ipc/local_setup.bash
[6.119s] -- Up-to-date symlink: /root/ros_workspace/install/zed_ipc/share/zed_ipc/local_setup.sh
[6.119s] -- Up-to-date symlink: /root/ros_workspace/install/zed_ipc/share/zed_ipc/local_setup.zsh
[6.119s] -- Up-to-date symlink: /root/ros_workspace/install/zed_ipc/share/zed_ipc/local_setup.dsv
[6.119s] -- Symlinking: /root/ros_workspace/install/zed_ipc/share/zed_ipc/package.dsv
[6.125s] -- Up-to-date symlink: /root/ros_workspace/install/zed_ipc/share/ament_index/resource_index/packages/zed_ipc
[6.125s] -- Up-to-date symlink: /root/ros_workspace/install/zed_ipc/share/ament_index/resource_index/rclcpp_components/zed_ipc
[6.125s] -- Up-to-date symlink: /root/ros_workspace/install/zed_ipc/share/zed_ipc/cmake/ament_cmake_export_include_directories-extras.cmake
[6.125s] -- Up-to-date symlink: /root/ros_workspace/install/zed_ipc/share/zed_ipc/cmake/ament_cmake_export_libraries-extras.cmake
[6.126s] -- Up-to-date symlink: /root/ros_workspace/install/zed_ipc/share/zed_ipc/cmake/ament_cmake_export_dependencies-extras.cmake
[6.126s] -- Up-to-date symlink: /root/ros_workspace/install/zed_ipc/share/zed_ipc/cmake/zed_ipcConfig.cmake
[6.126s] -- Up-to-date symlink: /root/ros_workspace/install/zed_ipc/share/zed_ipc/cmake/zed_ipcConfig-version.cmake
[6.126s] -- Up-to-date symlink: /root/ros_workspace/install/zed_ipc/share/zed_ipc/package.xml
[6.127s] Invoked command in '/root/ros_workspace/build/zed_ipc' returned '0': AMENT_PREFIX_PATH=/root/ros_workspace/install/zed_multi_camera:/root/ros_workspace/install/zed_wrapper:/root/ros_workspace/install/zed_components:${AMENT_PREFIX_PATH} CMAKE_PREFIX_PATH=/root/ros_workspace/install/zed_multi_camera:/root/ros_workspace/install/zed_wrapper:/root/ros_workspace/install/zed_components:/opt/ros/humble LD_LIBRARY_PATH=/root/ros_workspace/install/zed_components/lib:${LD_LIBRARY_PATH} /usr/bin/cmake --install /root/ros_workspace/build/zed_ipc
