[0.229s] Invoking command in '/root/ros_workspace/build/yolov8_msgs': CMAKE_PREFIX_PATH=${CMAKE_PREFIX_PATH}:/root/ros_workspace/install/object_detection:/root/ros_workspace/install/object_avoidance:/opt/ros/humble /usr/bin/cmake /root/ros_workspace/src/yolov8_msgs -DCMAKE_INSTALL_PREFIX=/root/ros_workspace/install/yolov8_msgs
[0.248s] -- Found ament_cmake: 1.3.12 (/opt/ros/humble/share/ament_cmake/cmake)
[0.313s] -- Override CMake install command with custom implementation using symlinks instead of copying resources
[0.320s] -- Found std_msgs: 4.9.0 (/opt/ros/humble/share/std_msgs/cmake)
[0.336s] -- Found rosidl_generator_c: 3.1.7 (/opt/ros/humble/share/rosidl_generator_c/cmake)
[0.338s] -- Found rosidl_adapter: 3.1.7 (/opt/ros/humble/share/rosidl_adapter/cmake)
[0.342s] -- Found rosidl_generator_cpp: 3.1.7 (/opt/ros/humble/share/rosidl_generator_cpp/cmake)
[0.348s] -- Using all available rosidl_typesupport_c: rosidl_typesupport_fastrtps_c;rosidl_typesupport_introspection_c
[0.356s] -- Using all available rosidl_typesupport_cpp: rosidl_typesupport_fastrtps_cpp;rosidl_typesupport_introspection_cpp
[0.369s] -- Found rosidl_default_generators: 1.2.0 (/opt/ros/humble/share/rosidl_default_generators/cmake)
[0.553s] -- Found ament_cmake_ros: 0.10.0 (/opt/ros/humble/share/ament_cmake_ros/cmake)
[0.760s] -- Using all available rosidl_typesupport_c: rosidl_typesupport_fastrtps_c;rosidl_typesupport_introspection_c
[0.830s] -- Using all available rosidl_typesupport_cpp: rosidl_typesupport_fastrtps_cpp;rosidl_typesupport_introspection_cpp
[0.842s] -- Found python_cmake_module: 0.10.0 (/opt/ros/humble/share/python_cmake_module/cmake)
[0.857s] -- Using PYTHON_EXECUTABLE: /usr/bin/python3
[0.857s] -- Using PYTHON_INCLUDE_DIRS: /usr/include/python3.10
[0.857s] -- Using PYTHON_LIBRARIES: /usr/lib/x86_64-linux-gnu/libpython3.10.so
[0.877s] -- Found ament_lint_auto: 0.12.14 (/opt/ros/humble/share/ament_lint_auto/cmake)
[0.886s] -- Added test 'copyright' to check source files copyright and LICENSE
[0.887s] -- Added test 'lint_cmake' to check CMake code style
[0.888s] -- Added test 'xmllint' to check XML markup files
[0.891s] -- Configuring done
[0.916s] -- Generating done
[0.921s] -- Build files have been written to: /root/ros_workspace/build/yolov8_msgs
[0.925s] Invoked command in '/root/ros_workspace/build/yolov8_msgs' returned '0': CMAKE_PREFIX_PATH=${CMAKE_PREFIX_PATH}:/root/ros_workspace/install/object_detection:/root/ros_workspace/install/object_avoidance:/opt/ros/humble /usr/bin/cmake /root/ros_workspace/src/yolov8_msgs -DCMAKE_INSTALL_PREFIX=/root/ros_workspace/install/yolov8_msgs
[0.926s] Invoking command in '/root/ros_workspace/build/yolov8_msgs': CMAKE_PREFIX_PATH=${CMAKE_PREFIX_PATH}:/root/ros_workspace/install/object_detection:/root/ros_workspace/install/object_avoidance:/opt/ros/humble /usr/bin/cmake --build /root/ros_workspace/build/yolov8_msgs -- -j24 -l24
[0.957s] [35m[1mConsolidate compiler generated dependencies of target yolov8_msgs__rosidl_generator_c[0m
[0.972s] [  2%] Built target yolov8_msgs__cpp
[0.977s] [ 12%] Built target yolov8_msgs__rosidl_generator_c
[0.978s] [ 12%] Built target ament_cmake_python_symlink_yolov8_msgs
[0.981s] [35m[1mConsolidate compiler generated dependencies of target yolov8_msgs__rosidl_typesupport_cpp[0m
[0.981s] [35m[1mConsolidate compiler generated dependencies of target yolov8_msgs__rosidl_typesupport_introspection_cpp[0m
[0.983s] [35m[1mConsolidate compiler generated dependencies of target yolov8_msgs__rosidl_typesupport_fastrtps_cpp[0m
[0.985s] [35m[1mConsolidate compiler generated dependencies of target yolov8_msgs__rosidl_typesupport_c[0m
[0.985s] [35m[1mConsolidate compiler generated dependencies of target yolov8_msgs__rosidl_typesupport_introspection_c[0m
[0.986s] [35m[1mConsolidate compiler generated dependencies of target yolov8_msgs__rosidl_typesupport_fastrtps_c[0m
[0.992s] [ 23%] Built target yolov8_msgs__rosidl_typesupport_introspection_cpp
[0.992s] [ 33%] Built target yolov8_msgs__rosidl_typesupport_cpp
[0.997s] [ 43%] Built target yolov8_msgs__rosidl_typesupport_c
[0.997s] [ 53%] Built target yolov8_msgs__rosidl_typesupport_fastrtps_cpp
[0.998s] [ 64%] Built target yolov8_msgs__rosidl_typesupport_introspection_c
[1.001s] [ 74%] Built target yolov8_msgs__rosidl_typesupport_fastrtps_c
[1.013s] [ 74%] Built target yolov8_msgs
[1.027s] [ 76%] Built target yolov8_msgs__py
[1.034s] [35m[1mConsolidate compiler generated dependencies of target yolov8_msgs__rosidl_generator_py[0m
[1.046s] [ 84%] Built target yolov8_msgs__rosidl_generator_py
[1.051s] [35m[1mConsolidate compiler generated dependencies of target yolov8_msgs__rosidl_typesupport_introspection_c__pyext[0m
[1.051s] [35m[1mConsolidate compiler generated dependencies of target yolov8_msgs__rosidl_typesupport_fastrtps_c__pyext[0m
[1.051s] [35m[1mConsolidate compiler generated dependencies of target yolov8_msgs__rosidl_typesupport_c__pyext[0m
[1.058s] [ 89%] Built target yolov8_msgs__rosidl_typesupport_c__pyext
[1.060s] [ 94%] Built target yolov8_msgs__rosidl_typesupport_fastrtps_c__pyext
[1.060s] [100%] Built target yolov8_msgs__rosidl_typesupport_introspection_c__pyext
[1.087s] running egg_info
[1.087s] writing yolov8_msgs.egg-info/PKG-INFO
[1.087s] writing dependency_links to yolov8_msgs.egg-info/dependency_links.txt
[1.087s] writing top-level names to yolov8_msgs.egg-info/top_level.txt
[1.088s] reading manifest file 'yolov8_msgs.egg-info/SOURCES.txt'
[1.089s] writing manifest file 'yolov8_msgs.egg-info/SOURCES.txt'
[1.102s] [100%] Built target ament_cmake_python_build_yolov8_msgs_egg
[1.110s] Invoked command in '/root/ros_workspace/build/yolov8_msgs' returned '0': CMAKE_PREFIX_PATH=${CMAKE_PREFIX_PATH}:/root/ros_workspace/install/object_detection:/root/ros_workspace/install/object_avoidance:/opt/ros/humble /usr/bin/cmake --build /root/ros_workspace/build/yolov8_msgs -- -j24 -l24
[1.115s] Invoking command in '/root/ros_workspace/build/yolov8_msgs': CMAKE_PREFIX_PATH=${CMAKE_PREFIX_PATH}:/root/ros_workspace/install/object_detection:/root/ros_workspace/install/object_avoidance:/opt/ros/humble /usr/bin/cmake --install /root/ros_workspace/build/yolov8_msgs
[1.120s] -- Install configuration: ""
[1.120s] -- Execute custom install script
[1.120s] -- Up-to-date symlink: /root/ros_workspace/install/yolov8_msgs/share/ament_index/resource_index/rosidl_interfaces/yolov8_msgs
[1.120s] -- Up-to-date symlink: /root/ros_workspace/install/yolov8_msgs/include/yolov8_msgs/yolov8_msgs/msg/detail/inference_result__functions.h
[1.120s] -- Up-to-date symlink: /root/ros_workspace/install/yolov8_msgs/include/yolov8_msgs/yolov8_msgs/msg/detail/inference_result__struct.h
[1.120s] -- Up-to-date symlink: /root/ros_workspace/install/yolov8_msgs/include/yolov8_msgs/yolov8_msgs/msg/detail/inference_result__type_support.h
[1.121s] -- Up-to-date symlink: /root/ros_workspace/install/yolov8_msgs/include/yolov8_msgs/yolov8_msgs/msg/detail/yolov8_inference__functions.h
[1.121s] -- Up-to-date symlink: /root/ros_workspace/install/yolov8_msgs/include/yolov8_msgs/yolov8_msgs/msg/detail/yolov8_inference__struct.h
[1.121s] -- Up-to-date symlink: /root/ros_workspace/install/yolov8_msgs/include/yolov8_msgs/yolov8_msgs/msg/detail/yolov8_inference__type_support.h
[1.121s] -- Up-to-date symlink: /root/ros_workspace/install/yolov8_msgs/include/yolov8_msgs/yolov8_msgs/msg/inference_result.h
[1.121s] -- Up-to-date symlink: /root/ros_workspace/install/yolov8_msgs/include/yolov8_msgs/yolov8_msgs/msg/rosidl_generator_c__visibility_control.h
[1.121s] -- Up-to-date symlink: /root/ros_workspace/install/yolov8_msgs/include/yolov8_msgs/yolov8_msgs/msg/yolov8_inference.h
[1.121s] -- Up-to-date symlink: /root/ros_workspace/install/yolov8_msgs/share/yolov8_msgs/environment/library_path.sh
[1.121s] -- Up-to-date symlink: /root/ros_workspace/install/yolov8_msgs/share/yolov8_msgs/environment/library_path.dsv
[1.121s] -- Up-to-date symlink: /root/ros_workspace/install/yolov8_msgs/include/yolov8_msgs/yolov8_msgs/msg/detail/inference_result__rosidl_typesupport_fastrtps_c.h
[1.121s] -- Up-to-date symlink: /root/ros_workspace/install/yolov8_msgs/include/yolov8_msgs/yolov8_msgs/msg/detail/yolov8_inference__rosidl_typesupport_fastrtps_c.h
[1.121s] -- Up-to-date symlink: /root/ros_workspace/install/yolov8_msgs/include/yolov8_msgs/yolov8_msgs/msg/rosidl_typesupport_fastrtps_c__visibility_control.h
[1.122s] -- Up-to-date symlink: /root/ros_workspace/install/yolov8_msgs/include/yolov8_msgs/yolov8_msgs/msg/detail/inference_result__builder.hpp
[1.122s] -- Up-to-date symlink: /root/ros_workspace/install/yolov8_msgs/include/yolov8_msgs/yolov8_msgs/msg/detail/inference_result__struct.hpp
[1.122s] -- Up-to-date symlink: /root/ros_workspace/install/yolov8_msgs/include/yolov8_msgs/yolov8_msgs/msg/detail/inference_result__traits.hpp
[1.122s] -- Up-to-date symlink: /root/ros_workspace/install/yolov8_msgs/include/yolov8_msgs/yolov8_msgs/msg/detail/inference_result__type_support.hpp
[1.122s] -- Up-to-date symlink: /root/ros_workspace/install/yolov8_msgs/include/yolov8_msgs/yolov8_msgs/msg/detail/yolov8_inference__builder.hpp
[1.122s] -- Up-to-date symlink: /root/ros_workspace/install/yolov8_msgs/include/yolov8_msgs/yolov8_msgs/msg/detail/yolov8_inference__struct.hpp
[1.122s] -- Up-to-date symlink: /root/ros_workspace/install/yolov8_msgs/include/yolov8_msgs/yolov8_msgs/msg/detail/yolov8_inference__traits.hpp
[1.122s] -- Up-to-date symlink: /root/ros_workspace/install/yolov8_msgs/include/yolov8_msgs/yolov8_msgs/msg/detail/yolov8_inference__type_support.hpp
[1.122s] -- Up-to-date symlink: /root/ros_workspace/install/yolov8_msgs/include/yolov8_msgs/yolov8_msgs/msg/inference_result.hpp
[1.122s] -- Up-to-date symlink: /root/ros_workspace/install/yolov8_msgs/include/yolov8_msgs/yolov8_msgs/msg/rosidl_generator_cpp__visibility_control.hpp
[1.122s] -- Up-to-date symlink: /root/ros_workspace/install/yolov8_msgs/include/yolov8_msgs/yolov8_msgs/msg/yolov8_inference.hpp
[1.122s] -- Up-to-date symlink: /root/ros_workspace/install/yolov8_msgs/include/yolov8_msgs/yolov8_msgs/msg/detail/inference_result__rosidl_typesupport_fastrtps_cpp.hpp
[1.122s] -- Up-to-date symlink: /root/ros_workspace/install/yolov8_msgs/include/yolov8_msgs/yolov8_msgs/msg/detail/yolov8_inference__rosidl_typesupport_fastrtps_cpp.hpp
[1.122s] -- Up-to-date symlink: /root/ros_workspace/install/yolov8_msgs/include/yolov8_msgs/yolov8_msgs/msg/rosidl_typesupport_fastrtps_cpp__visibility_control.h
[1.122s] -- Up-to-date symlink: /root/ros_workspace/install/yolov8_msgs/include/yolov8_msgs/yolov8_msgs/msg/detail/inference_result__rosidl_typesupport_introspection_c.h
[1.122s] -- Up-to-date symlink: /root/ros_workspace/install/yolov8_msgs/include/yolov8_msgs/yolov8_msgs/msg/detail/yolov8_inference__rosidl_typesupport_introspection_c.h
[1.123s] -- Up-to-date symlink: /root/ros_workspace/install/yolov8_msgs/include/yolov8_msgs/yolov8_msgs/msg/rosidl_typesupport_introspection_c__visibility_control.h
[1.123s] -- Up-to-date symlink: /root/ros_workspace/install/yolov8_msgs/include/yolov8_msgs/yolov8_msgs/msg/detail/inference_result__rosidl_typesupport_introspection_cpp.hpp
[1.123s] -- Up-to-date symlink: /root/ros_workspace/install/yolov8_msgs/include/yolov8_msgs/yolov8_msgs/msg/detail/yolov8_inference__rosidl_typesupport_introspection_cpp.hpp
[1.123s] -- Up-to-date symlink: /root/ros_workspace/install/yolov8_msgs/share/yolov8_msgs/environment/pythonpath.sh
[1.123s] -- Up-to-date symlink: /root/ros_workspace/install/yolov8_msgs/share/yolov8_msgs/environment/pythonpath.dsv
[1.123s] -- Up-to-date symlink: /root/ros_workspace/install/yolov8_msgs/local/lib/python3.10/dist-packages/yolov8_msgs-0.0.0-py3.10.egg-info/PKG-INFO
[1.123s] -- Up-to-date symlink: /root/ros_workspace/install/yolov8_msgs/local/lib/python3.10/dist-packages/yolov8_msgs-0.0.0-py3.10.egg-info/SOURCES.txt
[1.123s] -- Up-to-date symlink: /root/ros_workspace/install/yolov8_msgs/local/lib/python3.10/dist-packages/yolov8_msgs-0.0.0-py3.10.egg-info/dependency_links.txt
[1.123s] -- Up-to-date symlink: /root/ros_workspace/install/yolov8_msgs/local/lib/python3.10/dist-packages/yolov8_msgs-0.0.0-py3.10.egg-info/top_level.txt
[1.123s] -- Up-to-date symlink: /root/ros_workspace/install/yolov8_msgs/local/lib/python3.10/dist-packages/yolov8_msgs/__init__.py
[1.123s] -- Up-to-date symlink: /root/ros_workspace/install/yolov8_msgs/local/lib/python3.10/dist-packages/yolov8_msgs/_yolov8_msgs_s.ep.rosidl_typesupport_c.c
[1.123s] -- Up-to-date symlink: /root/ros_workspace/install/yolov8_msgs/local/lib/python3.10/dist-packages/yolov8_msgs/_yolov8_msgs_s.ep.rosidl_typesupport_fastrtps_c.c
[1.123s] -- Up-to-date symlink: /root/ros_workspace/install/yolov8_msgs/local/lib/python3.10/dist-packages/yolov8_msgs/_yolov8_msgs_s.ep.rosidl_typesupport_introspection_c.c
[1.123s] -- Up-to-date symlink: /root/ros_workspace/install/yolov8_msgs/local/lib/python3.10/dist-packages/yolov8_msgs/libyolov8_msgs__rosidl_generator_py.so
[1.123s] -- Up-to-date symlink: /root/ros_workspace/install/yolov8_msgs/local/lib/python3.10/dist-packages/yolov8_msgs/msg/__init__.py
[1.123s] -- Up-to-date symlink: /root/ros_workspace/install/yolov8_msgs/local/lib/python3.10/dist-packages/yolov8_msgs/msg/_inference_result.py
[1.123s] -- Up-to-date symlink: /root/ros_workspace/install/yolov8_msgs/local/lib/python3.10/dist-packages/yolov8_msgs/msg/_inference_result_s.c
[1.123s] -- Up-to-date symlink: /root/ros_workspace/install/yolov8_msgs/local/lib/python3.10/dist-packages/yolov8_msgs/msg/_yolov8_inference.py
[1.124s] -- Up-to-date symlink: /root/ros_workspace/install/yolov8_msgs/local/lib/python3.10/dist-packages/yolov8_msgs/msg/_yolov8_inference_s.c
[1.124s] -- Up-to-date symlink: /root/ros_workspace/install/yolov8_msgs/local/lib/python3.10/dist-packages/yolov8_msgs/yolov8_msgs_s__rosidl_typesupport_c.cpython-310-x86_64-linux-gnu.so
[1.124s] -- Up-to-date symlink: /root/ros_workspace/install/yolov8_msgs/local/lib/python3.10/dist-packages/yolov8_msgs/yolov8_msgs_s__rosidl_typesupport_fastrtps_c.cpython-310-x86_64-linux-gnu.so
[1.124s] -- Up-to-date symlink: /root/ros_workspace/install/yolov8_msgs/local/lib/python3.10/dist-packages/yolov8_msgs/yolov8_msgs_s__rosidl_typesupport_introspection_c.cpython-310-x86_64-linux-gnu.so
[1.124s] -- Up-to-date symlink: /root/ros_workspace/install/yolov8_msgs/local/lib/python3.10/dist-packages/yolov8_msgs/yolov8_msgs_s__rosidl_typesupport_fastrtps_c.cpython-310-x86_64-linux-gnu.so
[1.124s] -- Up-to-date symlink: /root/ros_workspace/install/yolov8_msgs/local/lib/python3.10/dist-packages/yolov8_msgs/yolov8_msgs_s__rosidl_typesupport_introspection_c.cpython-310-x86_64-linux-gnu.so
[1.124s] -- Up-to-date symlink: /root/ros_workspace/install/yolov8_msgs/local/lib/python3.10/dist-packages/yolov8_msgs/yolov8_msgs_s__rosidl_typesupport_c.cpython-310-x86_64-linux-gnu.so
[1.124s] -- Up-to-date symlink: /root/ros_workspace/install/yolov8_msgs/share/yolov8_msgs/msg/InferenceResult.idl
[1.124s] -- Up-to-date symlink: /root/ros_workspace/install/yolov8_msgs/share/yolov8_msgs/msg/Yolov8Inference.idl
[1.124s] -- Up-to-date symlink: /root/ros_workspace/install/yolov8_msgs/share/yolov8_msgs/msg/InferenceResult.msg
[1.124s] -- Up-to-date symlink: /root/ros_workspace/install/yolov8_msgs/share/yolov8_msgs/msg/Yolov8Inference.msg
[1.124s] -- Up-to-date symlink: /root/ros_workspace/install/yolov8_msgs/share/ament_index/resource_index/package_run_dependencies/yolov8_msgs
[1.124s] -- Up-to-date symlink: /root/ros_workspace/install/yolov8_msgs/share/ament_index/resource_index/parent_prefix_path/yolov8_msgs
[1.124s] -- Up-to-date symlink: /root/ros_workspace/install/yolov8_msgs/share/yolov8_msgs/environment/ament_prefix_path.sh
[1.124s] -- Up-to-date symlink: /root/ros_workspace/install/yolov8_msgs/share/yolov8_msgs/environment/ament_prefix_path.dsv
[1.124s] -- Up-to-date symlink: /root/ros_workspace/install/yolov8_msgs/share/yolov8_msgs/environment/path.sh
[1.124s] -- Up-to-date symlink: /root/ros_workspace/install/yolov8_msgs/share/yolov8_msgs/environment/path.dsv
[1.125s] -- Up-to-date symlink: /root/ros_workspace/install/yolov8_msgs/share/yolov8_msgs/local_setup.bash
[1.125s] -- Up-to-date symlink: /root/ros_workspace/install/yolov8_msgs/share/yolov8_msgs/local_setup.sh
[1.125s] -- Up-to-date symlink: /root/ros_workspace/install/yolov8_msgs/share/yolov8_msgs/local_setup.zsh
[1.125s] -- Up-to-date symlink: /root/ros_workspace/install/yolov8_msgs/share/yolov8_msgs/local_setup.dsv
[1.125s] -- Symlinking: /root/ros_workspace/install/yolov8_msgs/share/yolov8_msgs/package.dsv
[1.129s] -- Up-to-date symlink: /root/ros_workspace/install/yolov8_msgs/share/ament_index/resource_index/packages/yolov8_msgs
[1.129s] -- Up-to-date symlink: /root/ros_workspace/install/yolov8_msgs/share/yolov8_msgs/cmake/rosidl_cmake-extras.cmake
[1.129s] -- Up-to-date symlink: /root/ros_workspace/install/yolov8_msgs/share/yolov8_msgs/cmake/ament_cmake_export_dependencies-extras.cmake
[1.129s] -- Up-to-date symlink: /root/ros_workspace/install/yolov8_msgs/share/yolov8_msgs/cmake/ament_cmake_export_include_directories-extras.cmake
[1.129s] -- Up-to-date symlink: /root/ros_workspace/install/yolov8_msgs/share/yolov8_msgs/cmake/ament_cmake_export_libraries-extras.cmake
[1.129s] -- Up-to-date symlink: /root/ros_workspace/install/yolov8_msgs/share/yolov8_msgs/cmake/ament_cmake_export_targets-extras.cmake
[1.129s] -- Up-to-date symlink: /root/ros_workspace/install/yolov8_msgs/share/yolov8_msgs/cmake/rosidl_cmake_export_typesupport_targets-extras.cmake
[1.129s] -- Up-to-date symlink: /root/ros_workspace/install/yolov8_msgs/share/yolov8_msgs/cmake/rosidl_cmake_export_typesupport_libraries-extras.cmake
[1.129s] -- Up-to-date symlink: /root/ros_workspace/install/yolov8_msgs/share/yolov8_msgs/cmake/yolov8_msgsConfig.cmake
[1.129s] -- Up-to-date symlink: /root/ros_workspace/install/yolov8_msgs/share/yolov8_msgs/cmake/yolov8_msgsConfig-version.cmake
[1.129s] -- Up-to-date symlink: /root/ros_workspace/install/yolov8_msgs/share/yolov8_msgs/package.xml
[1.130s] -- Up-to-date: /root/ros_workspace/install/yolov8_msgs/lib/libyolov8_msgs__rosidl_generator_c.so
[1.130s] -- Up-to-date: /root/ros_workspace/install/yolov8_msgs/lib/libyolov8_msgs__rosidl_typesupport_fastrtps_c.so
[1.130s] -- Up-to-date: /root/ros_workspace/install/yolov8_msgs/lib/libyolov8_msgs__rosidl_typesupport_fastrtps_cpp.so
[1.131s] -- Up-to-date: /root/ros_workspace/install/yolov8_msgs/lib/libyolov8_msgs__rosidl_typesupport_introspection_c.so
[1.131s] -- Up-to-date: /root/ros_workspace/install/yolov8_msgs/lib/libyolov8_msgs__rosidl_typesupport_c.so
[1.131s] -- Up-to-date: /root/ros_workspace/install/yolov8_msgs/lib/libyolov8_msgs__rosidl_typesupport_introspection_cpp.so
[1.132s] -- Up-to-date: /root/ros_workspace/install/yolov8_msgs/lib/libyolov8_msgs__rosidl_typesupport_cpp.so
[1.153s] Listing '/root/ros_workspace/install/yolov8_msgs/local/lib/python3.10/dist-packages/yolov8_msgs'...
[1.153s] Compiling '/root/ros_workspace/install/yolov8_msgs/local/lib/python3.10/dist-packages/yolov8_msgs/__init__.py'...
[1.153s] Listing '/root/ros_workspace/install/yolov8_msgs/local/lib/python3.10/dist-packages/yolov8_msgs/msg'...
[1.156s] -- Up-to-date: /root/ros_workspace/install/yolov8_msgs/lib/libyolov8_msgs__rosidl_generator_py.so
[1.156s] -- Up-to-date: /root/ros_workspace/install/yolov8_msgs/share/yolov8_msgs/cmake/export_yolov8_msgs__rosidl_generator_cExport.cmake
[1.156s] -- Up-to-date: /root/ros_workspace/install/yolov8_msgs/share/yolov8_msgs/cmake/export_yolov8_msgs__rosidl_generator_cExport-noconfig.cmake
[1.156s] -- Up-to-date: /root/ros_workspace/install/yolov8_msgs/share/yolov8_msgs/cmake/export_yolov8_msgs__rosidl_typesupport_fastrtps_cExport.cmake
[1.156s] -- Up-to-date: /root/ros_workspace/install/yolov8_msgs/share/yolov8_msgs/cmake/export_yolov8_msgs__rosidl_typesupport_fastrtps_cExport-noconfig.cmake
[1.156s] -- Up-to-date: /root/ros_workspace/install/yolov8_msgs/share/yolov8_msgs/cmake/export_yolov8_msgs__rosidl_generator_cppExport.cmake
[1.156s] -- Up-to-date: /root/ros_workspace/install/yolov8_msgs/share/yolov8_msgs/cmake/export_yolov8_msgs__rosidl_typesupport_fastrtps_cppExport.cmake
[1.156s] -- Up-to-date: /root/ros_workspace/install/yolov8_msgs/share/yolov8_msgs/cmake/export_yolov8_msgs__rosidl_typesupport_fastrtps_cppExport-noconfig.cmake
[1.156s] -- Up-to-date: /root/ros_workspace/install/yolov8_msgs/share/yolov8_msgs/cmake/yolov8_msgs__rosidl_typesupport_introspection_cExport.cmake
[1.156s] -- Up-to-date: /root/ros_workspace/install/yolov8_msgs/share/yolov8_msgs/cmake/yolov8_msgs__rosidl_typesupport_introspection_cExport-noconfig.cmake
[1.156s] -- Up-to-date: /root/ros_workspace/install/yolov8_msgs/share/yolov8_msgs/cmake/yolov8_msgs__rosidl_typesupport_cExport.cmake
[1.156s] -- Up-to-date: /root/ros_workspace/install/yolov8_msgs/share/yolov8_msgs/cmake/yolov8_msgs__rosidl_typesupport_cExport-noconfig.cmake
[1.156s] -- Up-to-date: /root/ros_workspace/install/yolov8_msgs/share/yolov8_msgs/cmake/yolov8_msgs__rosidl_typesupport_introspection_cppExport.cmake
[1.156s] -- Up-to-date: /root/ros_workspace/install/yolov8_msgs/share/yolov8_msgs/cmake/yolov8_msgs__rosidl_typesupport_introspection_cppExport-noconfig.cmake
[1.157s] -- Up-to-date: /root/ros_workspace/install/yolov8_msgs/share/yolov8_msgs/cmake/yolov8_msgs__rosidl_typesupport_cppExport.cmake
[1.157s] -- Up-to-date: /root/ros_workspace/install/yolov8_msgs/share/yolov8_msgs/cmake/yolov8_msgs__rosidl_typesupport_cppExport-noconfig.cmake
[1.157s] -- Up-to-date: /root/ros_workspace/install/yolov8_msgs/share/yolov8_msgs/cmake/export_yolov8_msgs__rosidl_generator_pyExport.cmake
[1.157s] -- Up-to-date: /root/ros_workspace/install/yolov8_msgs/share/yolov8_msgs/cmake/export_yolov8_msgs__rosidl_generator_pyExport-noconfig.cmake
[1.158s] Invoked command in '/root/ros_workspace/build/yolov8_msgs' returned '0': CMAKE_PREFIX_PATH=${CMAKE_PREFIX_PATH}:/root/ros_workspace/install/object_detection:/root/ros_workspace/install/object_avoidance:/opt/ros/humble /usr/bin/cmake --install /root/ros_workspace/build/yolov8_msgs
