[0.021s] Invoking command in '/root/ros_workspace/build/zed_rgb_convert': AMENT_PREFIX_PATH=/root/ros_workspace/install/zed_components:${AMENT_PREFIX_PATH} CMAKE_PREFIX_PATH=/root/ros_workspace/install/zed_components:/opt/ros/humble LD_LIBRARY_PATH=/root/ros_workspace/install/zed_components/lib:${LD_LIBRARY_PATH} /usr/bin/cmake --build /root/ros_workspace/build/zed_rgb_convert -- -j24 -l24
[0.054s] [ 50%] Built target zed_rgb_convert_component
[0.072s] [100%] Built target zed_rgb_convert
[0.097s] Invoked command in '/root/ros_workspace/build/zed_rgb_convert' returned '0': AMENT_PREFIX_PATH=/root/ros_workspace/install/zed_components:${AMENT_PREFIX_PATH} CMAKE_PREFIX_PATH=/root/ros_workspace/install/zed_components:/opt/ros/humble LD_LIBRARY_PATH=/root/ros_workspace/install/zed_components/lib:${LD_LIBRARY_PATH} /usr/bin/cmake --build /root/ros_workspace/build/zed_rgb_convert -- -j24 -l24
[0.098s] Invoking command in '/root/ros_workspace/build/zed_rgb_convert': AMENT_PREFIX_PATH=/root/ros_workspace/install/zed_components:${AMENT_PREFIX_PATH} CMAKE_PREFIX_PATH=/root/ros_workspace/install/zed_components:/opt/ros/humble LD_LIBRARY_PATH=/root/ros_workspace/install/zed_components/lib:${LD_LIBRARY_PATH} /usr/bin/cmake --install /root/ros_workspace/build/zed_rgb_convert
[0.109s] -- Install configuration: "Release"
[0.109s] -- Execute custom install script
[0.109s] -- Up-to-date symlink: /root/ros_workspace/install/zed_rgb_convert/lib/zed_rgb_convert/zed_rgb_convert
[0.109s] -- Up-to-date symlink: /root/ros_workspace/install/zed_rgb_convert/lib/libzed_rgb_convert_component.so
[0.109s] -- Up-to-date symlink: /root/ros_workspace/install/zed_rgb_convert/include/zed_rgb_convert//cvt_visibility_control.hpp
[0.109s] -- Up-to-date symlink: /root/ros_workspace/install/zed_rgb_convert/share/zed_rgb_convert/launch/zed_rgb_convert.launch.py
[0.109s] -- Up-to-date symlink: /root/ros_workspace/install/zed_rgb_convert/share/zed_rgb_convert/environment/library_path.sh
[0.109s] -- Up-to-date symlink: /root/ros_workspace/install/zed_rgb_convert/share/zed_rgb_convert/environment/library_path.dsv
[0.109s] -- Up-to-date symlink: /root/ros_workspace/install/zed_rgb_convert/share/ament_index/resource_index/package_run_dependencies/zed_rgb_convert
[0.109s] -- Up-to-date symlink: /root/ros_workspace/install/zed_rgb_convert/share/ament_index/resource_index/parent_prefix_path/zed_rgb_convert
[0.109s] -- Up-to-date symlink: /root/ros_workspace/install/zed_rgb_convert/share/zed_rgb_convert/environment/ament_prefix_path.sh
[0.109s] -- Up-to-date symlink: /root/ros_workspace/install/zed_rgb_convert/share/zed_rgb_convert/environment/ament_prefix_path.dsv
[0.109s] -- Up-to-date symlink: /root/ros_workspace/install/zed_rgb_convert/share/zed_rgb_convert/environment/path.sh
[0.109s] -- Up-to-date symlink: /root/ros_workspace/install/zed_rgb_convert/share/zed_rgb_convert/environment/path.dsv
[0.109s] -- Up-to-date symlink: /root/ros_workspace/install/zed_rgb_convert/share/zed_rgb_convert/local_setup.bash
[0.109s] -- Up-to-date symlink: /root/ros_workspace/install/zed_rgb_convert/share/zed_rgb_convert/local_setup.sh
[0.109s] -- Up-to-date symlink: /root/ros_workspace/install/zed_rgb_convert/share/zed_rgb_convert/local_setup.zsh
[0.109s] -- Up-to-date symlink: /root/ros_workspace/install/zed_rgb_convert/share/zed_rgb_convert/local_setup.dsv
[0.109s] -- Symlinking: /root/ros_workspace/install/zed_rgb_convert/share/zed_rgb_convert/package.dsv
[0.109s] -- Up-to-date symlink: /root/ros_workspace/install/zed_rgb_convert/share/ament_index/resource_index/packages/zed_rgb_convert
[0.109s] -- Up-to-date symlink: /root/ros_workspace/install/zed_rgb_convert/share/ament_index/resource_index/rclcpp_components/zed_rgb_convert
[0.109s] -- Up-to-date symlink: /root/ros_workspace/install/zed_rgb_convert/share/zed_rgb_convert/cmake/ament_cmake_export_include_directories-extras.cmake
[0.110s] -- Up-to-date symlink: /root/ros_workspace/install/zed_rgb_convert/share/zed_rgb_convert/cmake/ament_cmake_export_libraries-extras.cmake
[0.110s] -- Up-to-date symlink: /root/ros_workspace/install/zed_rgb_convert/share/zed_rgb_convert/cmake/ament_cmake_export_dependencies-extras.cmake
[0.110s] -- Up-to-date symlink: /root/ros_workspace/install/zed_rgb_convert/share/zed_rgb_convert/cmake/zed_rgb_convertConfig.cmake
[0.110s] -- Up-to-date symlink: /root/ros_workspace/install/zed_rgb_convert/share/zed_rgb_convert/cmake/zed_rgb_convertConfig-version.cmake
[0.110s] -- Up-to-date symlink: /root/ros_workspace/install/zed_rgb_convert/share/zed_rgb_convert/package.xml
[0.117s] Invoked command in '/root/ros_workspace/build/zed_rgb_convert' returned '0': AMENT_PREFIX_PATH=/root/ros_workspace/install/zed_components:${AMENT_PREFIX_PATH} CMAKE_PREFIX_PATH=/root/ros_workspace/install/zed_components:/opt/ros/humble LD_LIBRARY_PATH=/root/ros_workspace/install/zed_components/lib:${LD_LIBRARY_PATH} /usr/bin/cmake --install /root/ros_workspace/build/zed_rgb_convert
