[0.134s] Invoking command in '/root/ros_workspace/build/zed_tutorial_video': CMAKE_PREFIX_PATH=/opt/ros/humble /usr/bin/cmake --build /root/ros_workspace/build/zed_tutorial_video -- -j24 -l24
[0.169s] [100%] Built target zed_tutorial_video
[0.190s] Invoked command in '/root/ros_workspace/build/zed_tutorial_video' returned '0': CMAKE_PREFIX_PATH=/opt/ros/humble /usr/bin/cmake --build /root/ros_workspace/build/zed_tutorial_video -- -j24 -l24
[0.191s] Invoking command in '/root/ros_workspace/build/zed_tutorial_video': CMAKE_PREFIX_PATH=/opt/ros/humble /usr/bin/cmake --install /root/ros_workspace/build/zed_tutorial_video
[0.195s] -- Install configuration: "Release"
[0.195s] -- Execute custom install script
[0.196s] -- Up-to-date symlink: /root/ros_workspace/install/zed_tutorial_video/lib/zed_tutorial_video/zed_tutorial_video
[0.196s] -- Up-to-date symlink: /root/ros_workspace/install/zed_tutorial_video/share/ament_index/resource_index/package_run_dependencies/zed_tutorial_video
[0.197s] -- Up-to-date symlink: /root/ros_workspace/install/zed_tutorial_video/share/ament_index/resource_index/parent_prefix_path/zed_tutorial_video
[0.197s] -- Up-to-date symlink: /root/ros_workspace/install/zed_tutorial_video/share/zed_tutorial_video/environment/ament_prefix_path.sh
[0.197s] -- Up-to-date symlink: /root/ros_workspace/install/zed_tutorial_video/share/zed_tutorial_video/environment/ament_prefix_path.dsv
[0.197s] -- Up-to-date symlink: /root/ros_workspace/install/zed_tutorial_video/share/zed_tutorial_video/environment/path.sh
[0.197s] -- Up-to-date symlink: /root/ros_workspace/install/zed_tutorial_video/share/zed_tutorial_video/environment/path.dsv
[0.197s] -- Up-to-date symlink: /root/ros_workspace/install/zed_tutorial_video/share/zed_tutorial_video/local_setup.bash
[0.198s] -- Up-to-date symlink: /root/ros_workspace/install/zed_tutorial_video/share/zed_tutorial_video/local_setup.sh
[0.198s] -- Up-to-date symlink: /root/ros_workspace/install/zed_tutorial_video/share/zed_tutorial_video/local_setup.zsh
[0.199s] -- Up-to-date symlink: /root/ros_workspace/install/zed_tutorial_video/share/zed_tutorial_video/local_setup.dsv
[0.199s] -- Symlinking: /root/ros_workspace/install/zed_tutorial_video/share/zed_tutorial_video/package.dsv
[0.205s] -- Up-to-date symlink: /root/ros_workspace/install/zed_tutorial_video/share/ament_index/resource_index/packages/zed_tutorial_video
[0.205s] -- Up-to-date symlink: /root/ros_workspace/install/zed_tutorial_video/share/zed_tutorial_video/cmake/zed_tutorial_videoConfig.cmake
[0.205s] -- Up-to-date symlink: /root/ros_workspace/install/zed_tutorial_video/share/zed_tutorial_video/cmake/zed_tutorial_videoConfig-version.cmake
[0.206s] -- Up-to-date symlink: /root/ros_workspace/install/zed_tutorial_video/share/zed_tutorial_video/package.xml
[0.222s] Invoked command in '/root/ros_workspace/build/zed_tutorial_video' returned '0': CMAKE_PREFIX_PATH=/opt/ros/humble /usr/bin/cmake --install /root/ros_workspace/build/zed_tutorial_video
