[0.011s] Invoking command in '/root/ros_workspace/build/zed_isaac_ros_nitros_sub': CMAKE_PREFIX_PATH=/root/ros_workspace/install/zed_components:/root/ros_workspace/install/zed_ros2:/root/ros_workspace/install/zed_robot_integration:/root/ros_workspace/install/zed_multi_camera:/root/ros_workspace/install/zed_isaac_ros_multi_camera:/root/ros_workspace/install/zed_isaac_ros_april_tag:/root/ros_workspace/install/zed_display_rviz2:/root/ros_workspace/install/zed_depth_to_laserscan:/root/ros_workspace/install/zed_wrapper:/root/ros_workspace/install/zed_tutorial_video:/root/ros_workspace/install/zed_tutorial_pos_tracking:/root/ros_workspace/install/zed_tutorial_depth:/root/ros_workspace/install/zed_topic_benchmark:/root/ros_workspace/install/zed_topic_benchmark_component:/root/ros_workspace/install/zed_topic_benchmark_interfaces:/root/ros_workspace/install/zed_isaac_ros_nitros_sub:/root/ros_workspace/install/rviz_plugin_zed_od:/root/ros_workspace/install/object_avoidance:/opt/ros/humble LD_LIBRARY_PATH=/root/ros_workspace/install/zed_components/lib:/root/ros_workspace/install/zed_topic_benchmark_component/lib:/root/ros_workspace/install/zed_topic_benchmark_interfaces/lib:/root/ros_workspace/install/rviz_plugin_zed_od/lib:/opt/ros/humble/opt/rviz_ogre_vendor/lib:/opt/ros/humble/lib/x86_64-linux-gnu:/opt/ros/humble/lib:/usr/lib/x86_64-linux-gnu:/usr/lib/i386-linux-gnu:/usr/local/cuda/lib64:/usr/local/nvidia/lib:/usr/local/nvidia/lib64 /usr/bin/cmake --build /root/ros_workspace/build/zed_isaac_ros_nitros_sub -- -j24 -l24
[0.025s] -- Found ament_cmake_auto: 1.3.12 (/opt/ros/humble/share/ament_cmake_auto/cmake)
[0.106s] -- Override CMake install command with custom implementation using symlinks instead of copying resources
[0.184s] -- Found rosidl_generator_c: 3.1.7 (/opt/ros/humble/share/rosidl_generator_c/cmake)
[0.186s] -- Found rosidl_adapter: 3.1.7 (/opt/ros/humble/share/rosidl_adapter/cmake)
[0.191s] -- Found rosidl_generator_cpp: 3.1.7 (/opt/ros/humble/share/rosidl_generator_cpp/cmake)
[0.200s] -- Using all available rosidl_typesupport_c: rosidl_typesupport_fastrtps_c;rosidl_typesupport_introspection_c
[0.210s] -- Using all available rosidl_typesupport_cpp: rosidl_typesupport_fastrtps_cpp;rosidl_typesupport_introspection_cpp
[0.237s] -- Found rmw_implementation_cmake: 6.1.2 (/opt/ros/humble/share/rmw_implementation_cmake/cmake)
[0.238s] -- Found rmw_fastrtps_cpp: 6.2.9 (/opt/ros/humble/share/rmw_fastrtps_cpp/cmake)
[0.323s] -- Using RMW implementation 'rmw_fastrtps_cpp' as default
[0.478s] -- Found eigen3_cmake_module: 0.1.1 (/opt/ros/humble/share/eigen3_cmake_module/cmake)
[0.479s] -- Found Eigen3: TRUE (found version "3.4.0") 
[0.479s] -- Ensuring Eigen3 include directory is part of orocos-kdl CMake target
[0.611s] -- Configuring done
[0.614s] -- Generating done
[0.615s] -- Build files have been written to: /root/ros_workspace/build/zed_isaac_ros_nitros_sub
[0.633s] Invoked command in '/root/ros_workspace/build/zed_isaac_ros_nitros_sub' returned '0': CMAKE_PREFIX_PATH=/root/ros_workspace/install/zed_components:/root/ros_workspace/install/zed_ros2:/root/ros_workspace/install/zed_robot_integration:/root/ros_workspace/install/zed_multi_camera:/root/ros_workspace/install/zed_isaac_ros_multi_camera:/root/ros_workspace/install/zed_isaac_ros_april_tag:/root/ros_workspace/install/zed_display_rviz2:/root/ros_workspace/install/zed_depth_to_laserscan:/root/ros_workspace/install/zed_wrapper:/root/ros_workspace/install/zed_tutorial_video:/root/ros_workspace/install/zed_tutorial_pos_tracking:/root/ros_workspace/install/zed_tutorial_depth:/root/ros_workspace/install/zed_topic_benchmark:/root/ros_workspace/install/zed_topic_benchmark_component:/root/ros_workspace/install/zed_topic_benchmark_interfaces:/root/ros_workspace/install/zed_isaac_ros_nitros_sub:/root/ros_workspace/install/rviz_plugin_zed_od:/root/ros_workspace/install/object_avoidance:/opt/ros/humble LD_LIBRARY_PATH=/root/ros_workspace/install/zed_components/lib:/root/ros_workspace/install/zed_topic_benchmark_component/lib:/root/ros_workspace/install/zed_topic_benchmark_interfaces/lib:/root/ros_workspace/install/rviz_plugin_zed_od/lib:/opt/ros/humble/opt/rviz_ogre_vendor/lib:/opt/ros/humble/lib/x86_64-linux-gnu:/opt/ros/humble/lib:/usr/lib/x86_64-linux-gnu:/usr/lib/i386-linux-gnu:/usr/local/cuda/lib64:/usr/local/nvidia/lib:/usr/local/nvidia/lib64 /usr/bin/cmake --build /root/ros_workspace/build/zed_isaac_ros_nitros_sub -- -j24 -l24
[0.635s] Invoking command in '/root/ros_workspace/build/zed_isaac_ros_nitros_sub': CMAKE_PREFIX_PATH=/root/ros_workspace/install/zed_components:/root/ros_workspace/install/zed_ros2:/root/ros_workspace/install/zed_robot_integration:/root/ros_workspace/install/zed_multi_camera:/root/ros_workspace/install/zed_isaac_ros_multi_camera:/root/ros_workspace/install/zed_isaac_ros_april_tag:/root/ros_workspace/install/zed_display_rviz2:/root/ros_workspace/install/zed_depth_to_laserscan:/root/ros_workspace/install/zed_wrapper:/root/ros_workspace/install/zed_tutorial_video:/root/ros_workspace/install/zed_tutorial_pos_tracking:/root/ros_workspace/install/zed_tutorial_depth:/root/ros_workspace/install/zed_topic_benchmark:/root/ros_workspace/install/zed_topic_benchmark_component:/root/ros_workspace/install/zed_topic_benchmark_interfaces:/root/ros_workspace/install/zed_isaac_ros_nitros_sub:/root/ros_workspace/install/rviz_plugin_zed_od:/root/ros_workspace/install/object_avoidance:/opt/ros/humble LD_LIBRARY_PATH=/root/ros_workspace/install/zed_components/lib:/root/ros_workspace/install/zed_topic_benchmark_component/lib:/root/ros_workspace/install/zed_topic_benchmark_interfaces/lib:/root/ros_workspace/install/rviz_plugin_zed_od/lib:/opt/ros/humble/opt/rviz_ogre_vendor/lib:/opt/ros/humble/lib/x86_64-linux-gnu:/opt/ros/humble/lib:/usr/lib/x86_64-linux-gnu:/usr/lib/i386-linux-gnu:/usr/local/cuda/lib64:/usr/local/nvidia/lib:/usr/local/nvidia/lib64 /usr/bin/cmake --install /root/ros_workspace/build/zed_isaac_ros_nitros_sub
[0.640s] -- Install configuration: "Release"
[0.641s] -- Execute custom install script
[0.641s] -- Up-to-date symlink: /root/ros_workspace/install/zed_isaac_ros_nitros_sub/share/ament_index/resource_index/package_run_dependencies/zed_isaac_ros_nitros_sub
[0.641s] -- Up-to-date symlink: /root/ros_workspace/install/zed_isaac_ros_nitros_sub/share/ament_index/resource_index/parent_prefix_path/zed_isaac_ros_nitros_sub
[0.641s] -- Up-to-date symlink: /root/ros_workspace/install/zed_isaac_ros_nitros_sub/share/zed_isaac_ros_nitros_sub/environment/ament_prefix_path.sh
[0.641s] -- Up-to-date symlink: /root/ros_workspace/install/zed_isaac_ros_nitros_sub/share/zed_isaac_ros_nitros_sub/environment/ament_prefix_path.dsv
[0.641s] -- Up-to-date symlink: /root/ros_workspace/install/zed_isaac_ros_nitros_sub/share/zed_isaac_ros_nitros_sub/environment/path.sh
[0.641s] -- Up-to-date symlink: /root/ros_workspace/install/zed_isaac_ros_nitros_sub/share/zed_isaac_ros_nitros_sub/environment/path.dsv
[0.641s] -- Up-to-date symlink: /root/ros_workspace/install/zed_isaac_ros_nitros_sub/share/zed_isaac_ros_nitros_sub/local_setup.bash
[0.642s] -- Up-to-date symlink: /root/ros_workspace/install/zed_isaac_ros_nitros_sub/share/zed_isaac_ros_nitros_sub/local_setup.sh
[0.642s] -- Up-to-date symlink: /root/ros_workspace/install/zed_isaac_ros_nitros_sub/share/zed_isaac_ros_nitros_sub/local_setup.zsh
[0.642s] -- Up-to-date symlink: /root/ros_workspace/install/zed_isaac_ros_nitros_sub/share/zed_isaac_ros_nitros_sub/local_setup.dsv
[0.642s] -- Symlinking: /root/ros_workspace/install/zed_isaac_ros_nitros_sub/share/zed_isaac_ros_nitros_sub/package.dsv
[0.648s] -- Up-to-date symlink: /root/ros_workspace/install/zed_isaac_ros_nitros_sub/share/ament_index/resource_index/packages/zed_isaac_ros_nitros_sub
[0.648s] -- Up-to-date symlink: /root/ros_workspace/install/zed_isaac_ros_nitros_sub/share/zed_isaac_ros_nitros_sub/cmake/zed_isaac_ros_nitros_subConfig.cmake
[0.648s] -- Up-to-date symlink: /root/ros_workspace/install/zed_isaac_ros_nitros_sub/share/zed_isaac_ros_nitros_sub/cmake/zed_isaac_ros_nitros_subConfig-version.cmake
[0.648s] -- Up-to-date symlink: /root/ros_workspace/install/zed_isaac_ros_nitros_sub/share/zed_isaac_ros_nitros_sub/package.xml
[0.650s] Invoked command in '/root/ros_workspace/build/zed_isaac_ros_nitros_sub' returned '0': CMAKE_PREFIX_PATH=/root/ros_workspace/install/zed_components:/root/ros_workspace/install/zed_ros2:/root/ros_workspace/install/zed_robot_integration:/root/ros_workspace/install/zed_multi_camera:/root/ros_workspace/install/zed_isaac_ros_multi_camera:/root/ros_workspace/install/zed_isaac_ros_april_tag:/root/ros_workspace/install/zed_display_rviz2:/root/ros_workspace/install/zed_depth_to_laserscan:/root/ros_workspace/install/zed_wrapper:/root/ros_workspace/install/zed_tutorial_video:/root/ros_workspace/install/zed_tutorial_pos_tracking:/root/ros_workspace/install/zed_tutorial_depth:/root/ros_workspace/install/zed_topic_benchmark:/root/ros_workspace/install/zed_topic_benchmark_component:/root/ros_workspace/install/zed_topic_benchmark_interfaces:/root/ros_workspace/install/zed_isaac_ros_nitros_sub:/root/ros_workspace/install/rviz_plugin_zed_od:/root/ros_workspace/install/object_avoidance:/opt/ros/humble LD_LIBRARY_PATH=/root/ros_workspace/install/zed_components/lib:/root/ros_workspace/install/zed_topic_benchmark_component/lib:/root/ros_workspace/install/zed_topic_benchmark_interfaces/lib:/root/ros_workspace/install/rviz_plugin_zed_od/lib:/opt/ros/humble/opt/rviz_ogre_vendor/lib:/opt/ros/humble/lib/x86_64-linux-gnu:/opt/ros/humble/lib:/usr/lib/x86_64-linux-gnu:/usr/lib/i386-linux-gnu:/usr/local/cuda/lib64:/usr/local/nvidia/lib:/usr/local/nvidia/lib64 /usr/bin/cmake --install /root/ros_workspace/build/zed_isaac_ros_nitros_sub
