[0.014s] Invoking command in '/root/ros_workspace/build/zed_components': CMAKE_PREFIX_PATH=/opt/ros/humble /usr/bin/cmake --build /root/ros_workspace/build/zed_components -- -j24 -l24
[0.121s] -- Found CUDA: /usr/local/cuda (found suitable version "12.8", minimum required is "12") 
[0.121s] -- Found CUDA: /usr/local/cuda (found version "12.8") 
[0.121s] -- Found ament_cmake_auto: 1.3.12 (/opt/ros/humble/share/ament_cmake_auto/cmake)
[0.137s] -- Override CMake install command with custom implementation using symlinks instead of copying resources
[0.187s] -- Found rosidl_generator_c: 3.1.7 (/opt/ros/humble/share/rosidl_generator_c/cmake)
[0.188s] -- Found rosidl_adapter: 3.1.7 (/opt/ros/humble/share/rosidl_adapter/cmake)
[0.191s] -- Found rosidl_generator_cpp: 3.1.7 (/opt/ros/humble/share/rosidl_generator_cpp/cmake)
[0.195s] -- Using all available rosidl_typesupport_c: rosidl_typesupport_fastrtps_c;rosidl_typesupport_introspection_c
[0.201s] -- Using all available rosidl_typesupport_cpp: rosidl_typesupport_fastrtps_cpp;rosidl_typesupport_introspection_cpp
[0.216s] -- Found rmw_implementation_cmake: 6.1.2 (/opt/ros/humble/share/rmw_implementation_cmake/cmake)
[0.217s] -- Found rmw_fastrtps_cpp: 6.2.9 (/opt/ros/humble/share/rmw_fastrtps_cpp/cmake)
[0.280s] -- Using RMW implementation 'rmw_fastrtps_cpp' as default
[0.391s] -- Found eigen3_cmake_module: 0.1.1 (/opt/ros/humble/share/eigen3_cmake_module/cmake)
[0.391s] -- Ensuring Eigen3 include directory is part of orocos-kdl CMake target
[0.452s] [33mCMake Warning at CMakeLists.txt:123 (find_package):
[0.452s]   By not providing "Findzed_msgs.cmake" in CMAKE_MODULE_PATH this project has
[0.452s]   asked CMake to find a package configuration file provided by "zed_msgs",
[0.452s]   but CMake did not find one.
[0.452s] 
[0.452s]   Could not find a package configuration file provided by "zed_msgs" with any
[0.452s]   of the following names:
[0.452s] 
[0.452s]     zed_msgsConfig.cmake
[0.452s]     zed_msgs-config.cmake
[0.452s] 
[0.452s]   Add the installation prefix of "zed_msgs" to CMAKE_PREFIX_PATH or set
[0.452s]   "zed_msgs_DIR" to a directory containing one of the above files.  If
[0.452s]   "zed_msgs" provides a separate development package or SDK, be sure it has
[0.452s]   been installed.
[0.452s] 
[0.453s] [0m
[0.459s] [31mCMake Error at CMakeLists.txt:134 (find_package):
[0.459s]   By not providing "Findnmea_msgs.cmake" in CMAKE_MODULE_PATH this project
[0.459s]   has asked CMake to find a package configuration file provided by
[0.459s]   "nmea_msgs", but CMake did not find one.
[0.459s] 
[0.459s]   Could not find a package configuration file provided by "nmea_msgs" with
[0.459s]   any of the following names:
[0.459s] 
[0.459s]     nmea_msgsConfig.cmake
[0.459s]     nmea_msgs-config.cmake
[0.459s] 
[0.459s]   Add the installation prefix of "nmea_msgs" to CMAKE_PREFIX_PATH or set
[0.459s]   "nmea_msgs_DIR" to a directory containing one of the above files.  If
[0.459s]   "nmea_msgs" provides a separate development package or SDK, be sure it has
[0.459s]   been installed.
[0.460s] 
[0.460s] [0m
[0.460s] -- Configuring incomplete, errors occurred!
[0.460s] See also "/root/ros_workspace/build/zed_components/CMakeFiles/CMakeOutput.log".
[0.460s] See also "/root/ros_workspace/build/zed_components/CMakeFiles/CMakeError.log".
[0.463s] gmake: *** [Makefile:577: cmake_check_build_system] Error 1
[0.465s] Invoked command in '/root/ros_workspace/build/zed_components' returned '2': CMAKE_PREFIX_PATH=/opt/ros/humble /usr/bin/cmake --build /root/ros_workspace/build/zed_components -- -j24 -l24
