[0.031s] Invoking command in '/root/ros_workspace/build/turtlebot3': AMENT_PREFIX_PATH=/root/ros_workspace/install/turtlebot3_bringup:/root/ros_workspace/install/turtlebot3_node:/root/ros_workspace/install/turtlebot3_example:/root/ros_workspace/install/turtlebot3_teleop:/root/ros_workspace/install/turtlebot3_navigation2:/root/ros_workspace/install/turtlebot3_msgs:/root/ros_workspace/install/turtlebot3_description:/root/ros_workspace/install/turtlebot3_cartographer:/root/ros_workspace/install/dynamixel_sdk:${AMENT_PREFIX_PATH} CMAKE_PREFIX_PATH=/root/ros_workspace/install/turtlebot3_bringup:/root/ros_workspace/install/turtlebot3_node:/root/ros_workspace/install/turtlebot3_navigation2:/root/ros_workspace/install/turtlebot3_msgs:/root/ros_workspace/install/turtlebot3_description:/root/ros_workspace/install/turtlebot3_cartographer:/root/ros_workspace/install/dynamixel_sdk:/opt/ros/humble LD_LIBRARY_PATH=/root/ros_workspace/install/turtlebot3_msgs/lib:/root/ros_workspace/install/dynamixel_sdk/lib:${LD_LIBRARY_PATH} PYTHONPATH=/root/ros_workspace/build/turtlebot3_example:/root/ros_workspace/install/turtlebot3_example/lib/python3.10/site-packages:/root/ros_workspace/build/turtlebot3_teleop:/root/ros_workspace/install/turtlebot3_teleop/lib/python3.10/site-packages:/root/ros_workspace/install/turtlebot3_msgs/local/lib/python3.10/dist-packages:/root/ros_workspace/install/dynamixel_sdk/local/lib/python3.10/dist-packages:${PYTHONPATH} /usr/bin/cmake /root/ros_workspace/src/turtlebot3/turtlebot3 -DAMENT_CMAKE_SYMLINK_INSTALL=1 -DCMAKE_INSTALL_PREFIX=/root/ros_workspace/install/turtlebot3
[0.125s] -- The C compiler identification is GNU 11.4.0
[0.186s] -- The CXX compiler identification is GNU 11.4.0
[0.190s] -- Detecting C compiler ABI info
[0.254s] -- Detecting C compiler ABI info - done
[0.257s] -- Check for working C compiler: /usr/bin/cc - skipped
[0.258s] -- Detecting C compile features
[0.258s] -- Detecting C compile features - done
[0.260s] -- Detecting CXX compiler ABI info
[0.357s] -- Detecting CXX compiler ABI info - done
[0.360s] -- Check for working CXX compiler: /usr/bin/c++ - skipped
[0.360s] -- Detecting CXX compile features
[0.361s] -- Detecting CXX compile features - done
[0.363s] -- Found ament_cmake: 1.3.12 (/opt/ros/humble/share/ament_cmake/cmake)
[0.514s] -- Found Python3: /usr/bin/python3 (found version "3.10.12") found components: Interpreter 
[0.550s] -- Override CMake install command with custom implementation using symlinks instead of copying resources
[0.617s] -- Configuring done
[0.619s] -- Generating done
[0.619s] -- Build files have been written to: /root/ros_workspace/build/turtlebot3
[0.624s] Invoked command in '/root/ros_workspace/build/turtlebot3' returned '0': AMENT_PREFIX_PATH=/root/ros_workspace/install/turtlebot3_bringup:/root/ros_workspace/install/turtlebot3_node:/root/ros_workspace/install/turtlebot3_example:/root/ros_workspace/install/turtlebot3_teleop:/root/ros_workspace/install/turtlebot3_navigation2:/root/ros_workspace/install/turtlebot3_msgs:/root/ros_workspace/install/turtlebot3_description:/root/ros_workspace/install/turtlebot3_cartographer:/root/ros_workspace/install/dynamixel_sdk:${AMENT_PREFIX_PATH} CMAKE_PREFIX_PATH=/root/ros_workspace/install/turtlebot3_bringup:/root/ros_workspace/install/turtlebot3_node:/root/ros_workspace/install/turtlebot3_navigation2:/root/ros_workspace/install/turtlebot3_msgs:/root/ros_workspace/install/turtlebot3_description:/root/ros_workspace/install/turtlebot3_cartographer:/root/ros_workspace/install/dynamixel_sdk:/opt/ros/humble LD_LIBRARY_PATH=/root/ros_workspace/install/turtlebot3_msgs/lib:/root/ros_workspace/install/dynamixel_sdk/lib:${LD_LIBRARY_PATH} PYTHONPATH=/root/ros_workspace/build/turtlebot3_example:/root/ros_workspace/install/turtlebot3_example/lib/python3.10/site-packages:/root/ros_workspace/build/turtlebot3_teleop:/root/ros_workspace/install/turtlebot3_teleop/lib/python3.10/site-packages:/root/ros_workspace/install/turtlebot3_msgs/local/lib/python3.10/dist-packages:/root/ros_workspace/install/dynamixel_sdk/local/lib/python3.10/dist-packages:${PYTHONPATH} /usr/bin/cmake /root/ros_workspace/src/turtlebot3/turtlebot3 -DAMENT_CMAKE_SYMLINK_INSTALL=1 -DCMAKE_INSTALL_PREFIX=/root/ros_workspace/install/turtlebot3
[0.625s] Invoking command in '/root/ros_workspace/build/turtlebot3': AMENT_PREFIX_PATH=/root/ros_workspace/install/turtlebot3_bringup:/root/ros_workspace/install/turtlebot3_node:/root/ros_workspace/install/turtlebot3_example:/root/ros_workspace/install/turtlebot3_teleop:/root/ros_workspace/install/turtlebot3_navigation2:/root/ros_workspace/install/turtlebot3_msgs:/root/ros_workspace/install/turtlebot3_description:/root/ros_workspace/install/turtlebot3_cartographer:/root/ros_workspace/install/dynamixel_sdk:${AMENT_PREFIX_PATH} CMAKE_PREFIX_PATH=/root/ros_workspace/install/turtlebot3_bringup:/root/ros_workspace/install/turtlebot3_node:/root/ros_workspace/install/turtlebot3_navigation2:/root/ros_workspace/install/turtlebot3_msgs:/root/ros_workspace/install/turtlebot3_description:/root/ros_workspace/install/turtlebot3_cartographer:/root/ros_workspace/install/dynamixel_sdk:/opt/ros/humble LD_LIBRARY_PATH=/root/ros_workspace/install/turtlebot3_msgs/lib:/root/ros_workspace/install/dynamixel_sdk/lib:${LD_LIBRARY_PATH} PYTHONPATH=/root/ros_workspace/build/turtlebot3_example:/root/ros_workspace/install/turtlebot3_example/lib/python3.10/site-packages:/root/ros_workspace/build/turtlebot3_teleop:/root/ros_workspace/install/turtlebot3_teleop/lib/python3.10/site-packages:/root/ros_workspace/install/turtlebot3_msgs/local/lib/python3.10/dist-packages:/root/ros_workspace/install/dynamixel_sdk/local/lib/python3.10/dist-packages:${PYTHONPATH} /usr/bin/cmake --build /root/ros_workspace/build/turtlebot3 -- -j24 -l24
[0.654s] Invoked command in '/root/ros_workspace/build/turtlebot3' returned '0': AMENT_PREFIX_PATH=/root/ros_workspace/install/turtlebot3_bringup:/root/ros_workspace/install/turtlebot3_node:/root/ros_workspace/install/turtlebot3_example:/root/ros_workspace/install/turtlebot3_teleop:/root/ros_workspace/install/turtlebot3_navigation2:/root/ros_workspace/install/turtlebot3_msgs:/root/ros_workspace/install/turtlebot3_description:/root/ros_workspace/install/turtlebot3_cartographer:/root/ros_workspace/install/dynamixel_sdk:${AMENT_PREFIX_PATH} CMAKE_PREFIX_PATH=/root/ros_workspace/install/turtlebot3_bringup:/root/ros_workspace/install/turtlebot3_node:/root/ros_workspace/install/turtlebot3_navigation2:/root/ros_workspace/install/turtlebot3_msgs:/root/ros_workspace/install/turtlebot3_description:/root/ros_workspace/install/turtlebot3_cartographer:/root/ros_workspace/install/dynamixel_sdk:/opt/ros/humble LD_LIBRARY_PATH=/root/ros_workspace/install/turtlebot3_msgs/lib:/root/ros_workspace/install/dynamixel_sdk/lib:${LD_LIBRARY_PATH} PYTHONPATH=/root/ros_workspace/build/turtlebot3_example:/root/ros_workspace/install/turtlebot3_example/lib/python3.10/site-packages:/root/ros_workspace/build/turtlebot3_teleop:/root/ros_workspace/install/turtlebot3_teleop/lib/python3.10/site-packages:/root/ros_workspace/install/turtlebot3_msgs/local/lib/python3.10/dist-packages:/root/ros_workspace/install/dynamixel_sdk/local/lib/python3.10/dist-packages:${PYTHONPATH} /usr/bin/cmake --build /root/ros_workspace/build/turtlebot3 -- -j24 -l24
[0.656s] Invoking command in '/root/ros_workspace/build/turtlebot3': AMENT_PREFIX_PATH=/root/ros_workspace/install/turtlebot3_bringup:/root/ros_workspace/install/turtlebot3_node:/root/ros_workspace/install/turtlebot3_example:/root/ros_workspace/install/turtlebot3_teleop:/root/ros_workspace/install/turtlebot3_navigation2:/root/ros_workspace/install/turtlebot3_msgs:/root/ros_workspace/install/turtlebot3_description:/root/ros_workspace/install/turtlebot3_cartographer:/root/ros_workspace/install/dynamixel_sdk:${AMENT_PREFIX_PATH} CMAKE_PREFIX_PATH=/root/ros_workspace/install/turtlebot3_bringup:/root/ros_workspace/install/turtlebot3_node:/root/ros_workspace/install/turtlebot3_navigation2:/root/ros_workspace/install/turtlebot3_msgs:/root/ros_workspace/install/turtlebot3_description:/root/ros_workspace/install/turtlebot3_cartographer:/root/ros_workspace/install/dynamixel_sdk:/opt/ros/humble LD_LIBRARY_PATH=/root/ros_workspace/install/turtlebot3_msgs/lib:/root/ros_workspace/install/dynamixel_sdk/lib:${LD_LIBRARY_PATH} PYTHONPATH=/root/ros_workspace/build/turtlebot3_example:/root/ros_workspace/install/turtlebot3_example/lib/python3.10/site-packages:/root/ros_workspace/build/turtlebot3_teleop:/root/ros_workspace/install/turtlebot3_teleop/lib/python3.10/site-packages:/root/ros_workspace/install/turtlebot3_msgs/local/lib/python3.10/dist-packages:/root/ros_workspace/install/dynamixel_sdk/local/lib/python3.10/dist-packages:${PYTHONPATH} /usr/bin/cmake --install /root/ros_workspace/build/turtlebot3
[0.669s] -- Install configuration: ""
[0.670s] -- Execute custom install script
[0.670s] -- Symlinking: /root/ros_workspace/install/turtlebot3/share/ament_index/resource_index/package_run_dependencies/turtlebot3
[0.682s] -- Symlinking: /root/ros_workspace/install/turtlebot3/share/ament_index/resource_index/parent_prefix_path/turtlebot3
[0.695s] -- Symlinking: /root/ros_workspace/install/turtlebot3/share/turtlebot3/environment/ament_prefix_path.sh
[0.707s] -- Symlinking: /root/ros_workspace/install/turtlebot3/share/turtlebot3/environment/ament_prefix_path.dsv
[0.722s] -- Symlinking: /root/ros_workspace/install/turtlebot3/share/turtlebot3/environment/path.sh
[0.738s] -- Symlinking: /root/ros_workspace/install/turtlebot3/share/turtlebot3/environment/path.dsv
[0.756s] -- Symlinking: /root/ros_workspace/install/turtlebot3/share/turtlebot3/local_setup.bash
[0.767s] -- Symlinking: /root/ros_workspace/install/turtlebot3/share/turtlebot3/local_setup.sh
[0.782s] -- Symlinking: /root/ros_workspace/install/turtlebot3/share/turtlebot3/local_setup.zsh
[0.797s] -- Symlinking: /root/ros_workspace/install/turtlebot3/share/turtlebot3/local_setup.dsv
[0.811s] -- Symlinking: /root/ros_workspace/install/turtlebot3/share/turtlebot3/package.dsv
[0.825s] -- Symlinking: /root/ros_workspace/install/turtlebot3/share/ament_index/resource_index/packages/turtlebot3
[0.836s] -- Symlinking: /root/ros_workspace/install/turtlebot3/share/turtlebot3/cmake/turtlebot3Config.cmake
[0.848s] -- Symlinking: /root/ros_workspace/install/turtlebot3/share/turtlebot3/cmake/turtlebot3Config-version.cmake
[0.861s] -- Symlinking: /root/ros_workspace/install/turtlebot3/share/turtlebot3/package.xml
[0.882s] Invoked command in '/root/ros_workspace/build/turtlebot3' returned '0': AMENT_PREFIX_PATH=/root/ros_workspace/install/turtlebot3_bringup:/root/ros_workspace/install/turtlebot3_node:/root/ros_workspace/install/turtlebot3_example:/root/ros_workspace/install/turtlebot3_teleop:/root/ros_workspace/install/turtlebot3_navigation2:/root/ros_workspace/install/turtlebot3_msgs:/root/ros_workspace/install/turtlebot3_description:/root/ros_workspace/install/turtlebot3_cartographer:/root/ros_workspace/install/dynamixel_sdk:${AMENT_PREFIX_PATH} CMAKE_PREFIX_PATH=/root/ros_workspace/install/turtlebot3_bringup:/root/ros_workspace/install/turtlebot3_node:/root/ros_workspace/install/turtlebot3_navigation2:/root/ros_workspace/install/turtlebot3_msgs:/root/ros_workspace/install/turtlebot3_description:/root/ros_workspace/install/turtlebot3_cartographer:/root/ros_workspace/install/dynamixel_sdk:/opt/ros/humble LD_LIBRARY_PATH=/root/ros_workspace/install/turtlebot3_msgs/lib:/root/ros_workspace/install/dynamixel_sdk/lib:${LD_LIBRARY_PATH} PYTHONPATH=/root/ros_workspace/build/turtlebot3_example:/root/ros_workspace/install/turtlebot3_example/lib/python3.10/site-packages:/root/ros_workspace/build/turtlebot3_teleop:/root/ros_workspace/install/turtlebot3_teleop/lib/python3.10/site-packages:/root/ros_workspace/install/turtlebot3_msgs/local/lib/python3.10/dist-packages:/root/ros_workspace/install/dynamixel_sdk/local/lib/python3.10/dist-packages:${PYTHONPATH} /usr/bin/cmake --install /root/ros_workspace/build/turtlebot3
