[0.498s] Invoking command in '/root/ros_workspace/src/object_detection': PYTHONPATH=/root/ros_workspace/build/object_detection/prefix_override:/usr/lib/python3/dist-packages/colcon_core/task/python/colcon_distutils_commands:/root/ros_workspace/install/object_detection/lib/python3.10/site-packages:${PYTHONPATH} /usr/bin/python3 -W ignore:setup.py install is deprecated -W ignore:easy_install command is deprecated setup.py egg_info --egg-base ../../build/object_detection build --build-base /root/ros_workspace/build/object_detection/build install --record /root/ros_workspace/build/object_detection/install.log --single-version-externally-managed install_data
[0.608s] running egg_info
[0.609s] creating ../../build/object_detection/object_detection.egg-info
[0.609s] writing ../../build/object_detection/object_detection.egg-info/PKG-INFO
[0.609s] writing dependency_links to ../../build/object_detection/object_detection.egg-info/dependency_links.txt
[0.609s] writing entry points to ../../build/object_detection/object_detection.egg-info/entry_points.txt
[0.609s] writing requirements to ../../build/object_detection/object_detection.egg-info/requires.txt
[0.609s] writing top-level names to ../../build/object_detection/object_detection.egg-info/top_level.txt
[0.609s] writing manifest file '../../build/object_detection/object_detection.egg-info/SOURCES.txt'
[0.610s] reading manifest file '../../build/object_detection/object_detection.egg-info/SOURCES.txt'
[0.610s] writing manifest file '../../build/object_detection/object_detection.egg-info/SOURCES.txt'
[0.610s] running build
[0.610s] running build_py
[0.610s] creating /root/ros_workspace/build/object_detection/build
[0.610s] creating /root/ros_workspace/build/object_detection/build/lib
[0.610s] creating /root/ros_workspace/build/object_detection/build/lib/object_detection
[0.611s] copying object_detection/yolov8_ros2_pt.py -> /root/ros_workspace/build/object_detection/build/lib/object_detection
[0.611s] copying object_detection/yolov8_ros2_subscriber.py -> /root/ros_workspace/build/object_detection/build/lib/object_detection
[0.611s] copying object_detection/__init__.py -> /root/ros_workspace/build/object_detection/build/lib/object_detection
[0.611s] running install
[0.611s] running install_lib
[0.611s] creating /root/ros_workspace/install/object_detection/lib/python3.10/site-packages/object_detection
[0.611s] copying /root/ros_workspace/build/object_detection/build/lib/object_detection/yolov8_ros2_pt.py -> /root/ros_workspace/install/object_detection/lib/python3.10/site-packages/object_detection
[0.611s] copying /root/ros_workspace/build/object_detection/build/lib/object_detection/yolov8_ros2_subscriber.py -> /root/ros_workspace/install/object_detection/lib/python3.10/site-packages/object_detection
[0.611s] copying /root/ros_workspace/build/object_detection/build/lib/object_detection/__init__.py -> /root/ros_workspace/install/object_detection/lib/python3.10/site-packages/object_detection
[0.611s] byte-compiling /root/ros_workspace/install/object_detection/lib/python3.10/site-packages/object_detection/yolov8_ros2_pt.py to yolov8_ros2_pt.cpython-310.pyc
[0.612s] byte-compiling /root/ros_workspace/install/object_detection/lib/python3.10/site-packages/object_detection/yolov8_ros2_subscriber.py to yolov8_ros2_subscriber.cpython-310.pyc
[0.612s] byte-compiling /root/ros_workspace/install/object_detection/lib/python3.10/site-packages/object_detection/__init__.py to __init__.cpython-310.pyc
[0.612s] running install_data
[0.612s] creating /root/ros_workspace/install/object_detection/share/ament_index
[0.613s] creating /root/ros_workspace/install/object_detection/share/ament_index/resource_index
[0.613s] creating /root/ros_workspace/install/object_detection/share/ament_index/resource_index/packages
[0.613s] copying resource/object_detection -> /root/ros_workspace/install/object_detection/share/ament_index/resource_index/packages
[0.613s] copying package.xml -> /root/ros_workspace/install/object_detection/share/object_detection
[0.613s] running install_egg_info
[0.614s] Copying ../../build/object_detection/object_detection.egg-info to /root/ros_workspace/install/object_detection/lib/python3.10/site-packages/object_detection-0.0.0-py3.10.egg-info
[0.614s] running install_scripts
[0.629s] Installing yolov8_ros2_pt script to /root/ros_workspace/install/object_detection/lib/object_detection
[0.629s] Installing yolov8_ros2_subscriber script to /root/ros_workspace/install/object_detection/lib/object_detection
[0.629s] writing list of installed files to '/root/ros_workspace/build/object_detection/install.log'
[0.659s] Invoked command in '/root/ros_workspace/src/object_detection' returned '0': PYTHONPATH=/root/ros_workspace/build/object_detection/prefix_override:/usr/lib/python3/dist-packages/colcon_core/task/python/colcon_distutils_commands:/root/ros_workspace/install/object_detection/lib/python3.10/site-packages:${PYTHONPATH} /usr/bin/python3 -W ignore:setup.py install is deprecated -W ignore:easy_install command is deprecated setup.py egg_info --egg-base ../../build/object_detection build --build-base /root/ros_workspace/build/object_detection/build install --record /root/ros_workspace/build/object_detection/install.log --single-version-externally-managed install_data
