[0.113s] Invoking command in '/root/ros_workspace/build/rviz_plugin_zed_od': CMAKE_PREFIX_PATH=/opt/ros/humble /usr/bin/cmake --build /root/ros_workspace/build/rviz_plugin_zed_od -- -j24 -l24
[0.130s] -- Enabling tests requiring a display
[0.130s] -- Found ament_cmake_auto: 1.3.12 (/opt/ros/humble/share/ament_cmake_auto/cmake)
[0.188s] -- Override CMake install command with custom implementation using symlinks instead of copying resources
[0.227s] -- Setting OGRE_DIR to: '/opt/ros/humble/share/rviz_ogre_vendor/cmake/../../../opt/rviz_ogre_vendor/lib/OGRE/cmake'
[0.228s] -- Found OGRE
[0.228s] --   static     : OFF
[0.228s] --   components : HLMS;MeshLodGenerator;Overlay;Paging;Property;RTShaderSystem;Terrain;Volume
[0.228s] --   plugins    : Plugin_BSPSceneManager;Plugin_OctreeSceneManager;Plugin_PCZSceneManager;Plugin_ParticleFX;RenderSystem_GL;RenderSystem_GL3Plus;Codec_STBI
[0.228s] --   media      : /opt/ros/humble/opt/rviz_ogre_vendor/share/OGRE/Media
[0.228s] -- OGRE_LIBRARIES: OgreHLMS;OgreMeshLodGenerator;OgreOverlay;OgrePaging;OgreProperty;OgreRTShaderSystem;OgreTerrain;OgreVolume;OgreMain
[0.228s] -- OGRE_LIBRARY_DIRS: /opt/ros/humble/opt/rviz_ogre_vendor/lib
[0.228s] -- OGRE_PLUGINS: Plugin_BSPSceneManager;Plugin_OctreeSceneManager;Plugin_PCZSceneManager;Plugin_ParticleFX;RenderSystem_GL;RenderSystem_GL3Plus;Codec_STBI
[0.228s] -- OGRE_PLUGIN_DIR: /opt/ros/humble/opt/rviz_ogre_vendor/lib/OGRE
[0.228s] -- rviz_ogre_vendor::OgreOverlay for IMPORTED_LOCATION_RELEASE: /opt/ros/humble/opt/rviz_ogre_vendor/lib/libOgreOverlay.so
[0.228s] -- rviz_ogre_vendor::OgreOverlay for IMPORTED_LOCATION_DEBUG: /opt/ros/humble/opt/rviz_ogre_vendor/lib/libOgreOverlay.so
[0.228s] -- rviz_ogre_vendor::OgreMain for IMPORTED_LOCATION_RELEASE: /opt/ros/humble/opt/rviz_ogre_vendor/lib/libOgreMain.so
[0.228s] -- rviz_ogre_vendor::OgreMain for IMPORTED_LOCATION_DEBUG: /opt/ros/humble/opt/rviz_ogre_vendor/lib/libOgreMain.so
[0.233s] -- Could not find freeimage library
[0.261s] -- Found rviz_common: 11.2.22 (/opt/ros/humble/share/rviz_common/cmake)
[0.270s] -- Setting assimp_DIR to: '/opt/ros/humble/share/rviz_assimp_vendor/cmake/../../../opt/rviz_assimp_vendor/lib/cmake/assimp-4.1'
[0.290s] -- library: /usr/lib/x86_64-linux-gnu/libcurl.so
[0.301s] -- Found rosidl_generator_c: 3.1.7 (/opt/ros/humble/share/rosidl_generator_c/cmake)
[0.302s] -- Found rosidl_adapter: 3.1.7 (/opt/ros/humble/share/rosidl_adapter/cmake)
[0.305s] -- Found rosidl_generator_cpp: 3.1.7 (/opt/ros/humble/share/rosidl_generator_cpp/cmake)
[0.309s] -- Using all available rosidl_typesupport_c: rosidl_typesupport_fastrtps_c;rosidl_typesupport_introspection_c
[0.315s] -- Using all available rosidl_typesupport_cpp: rosidl_typesupport_fastrtps_cpp;rosidl_typesupport_introspection_cpp
[0.353s] -- Found rmw_implementation_cmake: 6.1.2 (/opt/ros/humble/share/rmw_implementation_cmake/cmake)
[0.354s] -- Found rmw_fastrtps_cpp: 6.2.9 (/opt/ros/humble/share/rmw_fastrtps_cpp/cmake)
[0.363s] -- Found TinyXML2 via Config file: TinyXML2_DIR-NOTFOUND
[0.369s] -- Found TinyXML2 via Config file: TinyXML2_DIR-NOTFOUND
[0.375s] -- Found TinyXML2 via Config file: TinyXML2_DIR-NOTFOUND
[0.381s] -- Found TinyXML2 via Config file: TinyXML2_DIR-NOTFOUND
[0.387s] -- Using RMW implementation 'rmw_fastrtps_cpp' as default
[0.418s] -- Ensuring Eigen3 include directory is part of orocos-kdl CMake target
[0.469s] [31mCMake Error at CMakeLists.txt:109 (find_package):
[0.469s]   By not providing "Findzed_msgs.cmake" in CMAKE_MODULE_PATH this project has
[0.469s]   asked CMake to find a package configuration file provided by "zed_msgs",
[0.469s]   but CMake did not find one.
[0.469s] 
[0.469s]   Could not find a package configuration file provided by "zed_msgs" with any
[0.469s]   of the following names:
[0.469s] 
[0.469s]     zed_msgsConfig.cmake
[0.469s]     zed_msgs-config.cmake
[0.469s] 
[0.469s]   Add the installation prefix of "zed_msgs" to CMAKE_PREFIX_PATH or set
[0.469s]   "zed_msgs_DIR" to a directory containing one of the above files.  If
[0.469s]   "zed_msgs" provides a separate development package or SDK, be sure it has
[0.469s]   been installed.
[0.469s] 
[0.469s] [0m
[0.469s] -- Configuring incomplete, errors occurred!
[0.469s] See also "/root/ros_workspace/build/rviz_plugin_zed_od/CMakeFiles/CMakeOutput.log".
[0.473s] gmake: *** [Makefile:349: cmake_check_build_system] Error 1
