[0.149s] Invoking command in '/root/ros_workspace/build/rviz_plugin_zed_od': CMAKE_PREFIX_PATH=/opt/ros/humble /usr/bin/cmake --build /root/ros_workspace/build/rviz_plugin_zed_od -- -j24 -l24
[0.176s] -- Enabling tests requiring a display
[0.176s] -- Found ament_cmake_auto: 1.3.12 (/opt/ros/humble/share/ament_cmake_auto/cmake)
[0.257s] -- Override CMake install command with custom implementation using symlinks instead of copying resources
[0.309s] -- Setting OGRE_DIR to: '/opt/ros/humble/share/rviz_ogre_vendor/cmake/../../../opt/rviz_ogre_vendor/lib/OGRE/cmake'
[0.310s] -- Found OGRE
[0.310s] --   static     : OFF
[0.310s] --   components : HLMS;MeshLodGenerator;Overlay;Paging;Property;RTShaderSystem;Terrain;Volume
[0.310s] --   plugins    : Plugin_BSPSceneManager;Plugin_OctreeSceneManager;Plugin_PCZSceneManager;Plugin_ParticleFX;RenderSystem_GL;RenderSystem_GL3Plus;Codec_STBI
[0.310s] --   media      : /opt/ros/humble/opt/rviz_ogre_vendor/share/OGRE/Media
[0.310s] -- OGRE_LIBRARIES: OgreHLMS;OgreMeshLodGenerator;OgreOverlay;OgrePaging;OgreProperty;OgreRTShaderSystem;OgreTerrain;OgreVolume;OgreMain
[0.310s] -- OGRE_LIBRARY_DIRS: /opt/ros/humble/opt/rviz_ogre_vendor/lib
[0.310s] -- OGRE_PLUGINS: Plugin_BSPSceneManager;Plugin_OctreeSceneManager;Plugin_PCZSceneManager;Plugin_ParticleFX;RenderSystem_GL;RenderSystem_GL3Plus;Codec_STBI
[0.310s] -- OGRE_PLUGIN_DIR: /opt/ros/humble/opt/rviz_ogre_vendor/lib/OGRE
[0.310s] -- rviz_ogre_vendor::OgreOverlay for IMPORTED_LOCATION_RELEASE: /opt/ros/humble/opt/rviz_ogre_vendor/lib/libOgreOverlay.so
[0.310s] -- rviz_ogre_vendor::OgreOverlay for IMPORTED_LOCATION_DEBUG: /opt/ros/humble/opt/rviz_ogre_vendor/lib/libOgreOverlay.so
[0.310s] -- rviz_ogre_vendor::OgreMain for IMPORTED_LOCATION_RELEASE: /opt/ros/humble/opt/rviz_ogre_vendor/lib/libOgreMain.so
[0.310s] -- rviz_ogre_vendor::OgreMain for IMPORTED_LOCATION_DEBUG: /opt/ros/humble/opt/rviz_ogre_vendor/lib/libOgreMain.so
[0.316s] -- Could not find freeimage library
[0.353s] -- Found rosidl_generator_c: 3.1.7 (/opt/ros/humble/share/rosidl_generator_c/cmake)
[0.354s] -- Found rosidl_adapter: 3.1.7 (/opt/ros/humble/share/rosidl_adapter/cmake)
[0.358s] -- Found rosidl_generator_cpp: 3.1.7 (/opt/ros/humble/share/rosidl_generator_cpp/cmake)
[0.363s] -- Using all available rosidl_typesupport_c: rosidl_typesupport_fastrtps_c;rosidl_typesupport_introspection_c
[0.369s] -- Using all available rosidl_typesupport_cpp: rosidl_typesupport_fastrtps_cpp;rosidl_typesupport_introspection_cpp
[0.411s] -- Found rviz_common: 11.2.23 (/opt/ros/humble/share/rviz_common/cmake)
[0.421s] -- Setting assimp_DIR to: '/opt/ros/humble/share/rviz_assimp_vendor/cmake/../../../opt/rviz_assimp_vendor/lib/cmake/assimp-4.1'
[0.445s] -- library: /usr/lib/x86_64-linux-gnu/libcurl.so
[0.477s] -- Found rmw_implementation_cmake: 6.1.2 (/opt/ros/humble/share/rmw_implementation_cmake/cmake)
[0.478s] -- Found rmw_fastrtps_cpp: 6.2.9 (/opt/ros/humble/share/rmw_fastrtps_cpp/cmake)
[0.488s] -- Found TinyXML2 via Config file: TinyXML2_DIR-NOTFOUND
[0.494s] -- Found TinyXML2 via Config file: TinyXML2_DIR-NOTFOUND
[0.501s] -- Found TinyXML2 via Config file: TinyXML2_DIR-NOTFOUND
[0.507s] -- Found TinyXML2 via Config file: TinyXML2_DIR-NOTFOUND
[0.514s] -- Using RMW implementation 'rmw_fastrtps_cpp' as default
[0.552s] -- Ensuring Eigen3 include directory is part of orocos-kdl CMake target
[0.604s] -- Found ament_lint_auto: 0.12.14 (/opt/ros/humble/share/ament_lint_auto/cmake)
[0.612s] -- Added test 'copyright' to check source files copyright and LICENSE
[0.612s] -- Added test 'cppcheck' to perform static code analysis on C / C++ code
[0.613s] -- Configured cppcheck include dirs: /root/ros_workspace/src/zed-ros2-examples/rviz-plugin-zed-od/src/include;/root/ros_workspace/src/zed-ros2-examples/rviz-plugin-zed-od/src/plugin/include;$<BUILD_INTERFACE:/root/ros_workspace/src/zed-ros2-examples/rviz-plugin-zed-od/include>
[0.613s] -- Configured cppcheck exclude dirs and/or files: 
[0.613s] -- Added test 'cpplint' to check C / C++ code against the Google style
[0.614s] -- Configured cpplint exclude dirs and/or files: 
[0.614s] -- Added test 'lint_cmake' to check CMake code style
[0.614s] -- Added test 'uncrustify' to check C / C++ code style
[0.615s] -- Configured uncrustify additional arguments: 
[0.615s] -- Added test 'xmllint' to check XML markup files
[0.616s] -- Added test 'clang_format' to check C / C++ code style
[0.619s] -- Configuring done
[0.666s] -- Generating done
[0.669s] -- Build files have been written to: /root/ros_workspace/build/rviz_plugin_zed_od
[0.698s] [ 20%] [34m[1mAutomatic MOC and UIC for target rviz_plugin_zed_od[0m
[1.174s] [ 20%] Built target rviz_plugin_zed_od_autogen
[1.191s] [35m[1mConsolidate compiler generated dependencies of target rviz_plugin_zed_od[0m
[1.217s] [ 80%] [32mBuilding CXX object CMakeFiles/rviz_plugin_zed_od.dir/src/plugin/src/zed_od_info.cpp.o[0m
[1.217s] [ 80%] [32mBuilding CXX object CMakeFiles/rviz_plugin_zed_od.dir/src/plugin/src/zed_od_display.cpp.o[0m
[1.217s] [ 80%] [32mBuilding CXX object CMakeFiles/rviz_plugin_zed_od.dir/rviz_plugin_zed_od_autogen/mocs_compilation.cpp.o[0m
[67.818s] [100%] [32m[1mLinking CXX shared library librviz_plugin_zed_od.so[0m
[68.295s] [100%] Built target rviz_plugin_zed_od
[68.318s] Invoked command in '/root/ros_workspace/build/rviz_plugin_zed_od' returned '0': CMAKE_PREFIX_PATH=/opt/ros/humble /usr/bin/cmake --build /root/ros_workspace/build/rviz_plugin_zed_od -- -j24 -l24
[68.320s] Invoking command in '/root/ros_workspace/build/rviz_plugin_zed_od': CMAKE_PREFIX_PATH=/opt/ros/humble /usr/bin/cmake --install /root/ros_workspace/build/rviz_plugin_zed_od
[68.325s] -- Install configuration: "Release"
[68.326s] -- Execute custom install script
[68.326s] -- Up-to-date symlink: /root/ros_workspace/install/rviz_plugin_zed_od/share/rviz_plugin_zed_od//plugins_description.xml
[68.326s] -- Up-to-date symlink: /root/ros_workspace/install/rviz_plugin_zed_od/share/rviz_plugin_zed_od/environment/library_path.sh
[68.327s] -- Up-to-date symlink: /root/ros_workspace/install/rviz_plugin_zed_od/share/rviz_plugin_zed_od/environment/library_path.dsv
[68.327s] -- Up-to-date symlink: /root/ros_workspace/install/rviz_plugin_zed_od/include/rviz_plugin_zed_od//visibility_control.hpp
[68.327s] -- Up-to-date symlink: /root/ros_workspace/install/rviz_plugin_zed_od/include/rviz_plugin_zed_od//zed_body_parts.hpp
[68.328s] -- Up-to-date symlink: /root/ros_workspace/install/rviz_plugin_zed_od/include/rviz_plugin_zed_od//zed_od_display.hpp
[68.328s] -- Up-to-date symlink: /root/ros_workspace/install/rviz_plugin_zed_od/include/rviz_plugin_zed_od//zed_od_info.hpp
[68.328s] -- Up-to-date symlink: /root/ros_workspace/install/rviz_plugin_zed_od/share/rviz_plugin_zed_od/icons/ZedObjDet.png
[68.329s] -- Up-to-date symlink: /root/ros_workspace/install/rviz_plugin_zed_od/share/ament_index/resource_index/package_run_dependencies/rviz_plugin_zed_od
[68.329s] -- Up-to-date symlink: /root/ros_workspace/install/rviz_plugin_zed_od/share/ament_index/resource_index/parent_prefix_path/rviz_plugin_zed_od
[68.329s] -- Up-to-date symlink: /root/ros_workspace/install/rviz_plugin_zed_od/share/rviz_plugin_zed_od/environment/ament_prefix_path.sh
[68.329s] -- Up-to-date symlink: /root/ros_workspace/install/rviz_plugin_zed_od/share/rviz_plugin_zed_od/environment/ament_prefix_path.dsv
[68.330s] -- Up-to-date symlink: /root/ros_workspace/install/rviz_plugin_zed_od/share/rviz_plugin_zed_od/environment/path.sh
[68.330s] -- Up-to-date symlink: /root/ros_workspace/install/rviz_plugin_zed_od/share/rviz_plugin_zed_od/environment/path.dsv
[68.330s] -- Up-to-date symlink: /root/ros_workspace/install/rviz_plugin_zed_od/share/rviz_plugin_zed_od/local_setup.bash
[68.330s] -- Up-to-date symlink: /root/ros_workspace/install/rviz_plugin_zed_od/share/rviz_plugin_zed_od/local_setup.sh
[68.330s] -- Up-to-date symlink: /root/ros_workspace/install/rviz_plugin_zed_od/share/rviz_plugin_zed_od/local_setup.zsh
[68.330s] -- Up-to-date symlink: /root/ros_workspace/install/rviz_plugin_zed_od/share/rviz_plugin_zed_od/local_setup.dsv
[68.330s] -- Symlinking: /root/ros_workspace/install/rviz_plugin_zed_od/share/rviz_plugin_zed_od/package.dsv
[68.338s] -- Up-to-date symlink: /root/ros_workspace/install/rviz_plugin_zed_od/share/ament_index/resource_index/packages/rviz_plugin_zed_od
[68.338s] -- Up-to-date symlink: /root/ros_workspace/install/rviz_plugin_zed_od/share/ament_index/resource_index/rviz_common__pluginlib__plugin/rviz_plugin_zed_od
[68.339s] -- Up-to-date symlink: /root/ros_workspace/install/rviz_plugin_zed_od/share/rviz_plugin_zed_od/cmake/ament_cmake_export_include_directories-extras.cmake
[68.339s] -- Up-to-date symlink: /root/ros_workspace/install/rviz_plugin_zed_od/share/rviz_plugin_zed_od/cmake/ament_cmake_export_targets-extras.cmake
[68.339s] -- Up-to-date symlink: /root/ros_workspace/install/rviz_plugin_zed_od/share/rviz_plugin_zed_od/cmake/ament_cmake_export_dependencies-extras.cmake
[68.340s] -- Up-to-date symlink: /root/ros_workspace/install/rviz_plugin_zed_od/share/rviz_plugin_zed_od/cmake/rviz_plugin_zed_odConfig.cmake
[68.340s] -- Up-to-date symlink: /root/ros_workspace/install/rviz_plugin_zed_od/share/rviz_plugin_zed_od/cmake/rviz_plugin_zed_odConfig-version.cmake
[68.340s] -- Up-to-date symlink: /root/ros_workspace/install/rviz_plugin_zed_od/share/rviz_plugin_zed_od/package.xml
[68.340s] -- Installing: /root/ros_workspace/install/rviz_plugin_zed_od/lib/librviz_plugin_zed_od.so
[68.341s] -- Set runtime path of "/root/ros_workspace/install/rviz_plugin_zed_od/lib/librviz_plugin_zed_od.so" to ""
[68.342s] -- Up-to-date: /root/ros_workspace/install/rviz_plugin_zed_od/share/rviz_plugin_zed_od/cmake/rviz_plugin_zed_odExport.cmake
[68.342s] -- Up-to-date: /root/ros_workspace/install/rviz_plugin_zed_od/share/rviz_plugin_zed_od/cmake/rviz_plugin_zed_odExport-release.cmake
[68.344s] Invoked command in '/root/ros_workspace/build/rviz_plugin_zed_od' returned '0': CMAKE_PREFIX_PATH=/opt/ros/humble /usr/bin/cmake --install /root/ros_workspace/build/rviz_plugin_zed_od
