[0.821s] Invoking command in '/root/ros_workspace/build/turtlebot3_teleop': PYTHONPATH=/root/ros_workspace/build/turtlebot3_teleop/prefix_override:/usr/lib/python3/dist-packages/colcon_core/task/python/colcon_distutils_commands:/root/ros_workspace/install/turtlebot3_teleop/lib/python3.10/site-packages:${PYTHONPATH} /usr/bin/python3 -W ignore:setup.py install is deprecated -W ignore:easy_install command is deprecated setup.py develop --editable --build-directory /root/ros_workspace/build/turtlebot3_teleop/build --no-deps symlink_data
[0.953s] running develop
[1.011s] running egg_info
[1.011s] creating turtlebot3_teleop.egg-info
[1.011s] writing turtlebot3_teleop.egg-info/PKG-INFO
[1.011s] writing dependency_links to turtlebot3_teleop.egg-info/dependency_links.txt
[1.012s] writing entry points to turtlebot3_teleop.egg-info/entry_points.txt
[1.012s] writing requirements to turtlebot3_teleop.egg-info/requires.txt
[1.012s] writing top-level names to turtlebot3_teleop.egg-info/top_level.txt
[1.012s] writing manifest file 'turtlebot3_teleop.egg-info/SOURCES.txt'
[1.013s] reading manifest file 'turtlebot3_teleop.egg-info/SOURCES.txt'
[1.013s] writing manifest file 'turtlebot3_teleop.egg-info/SOURCES.txt'
[1.042s] running build_ext
[1.042s] Creating /root/ros_workspace/install/turtlebot3_teleop/lib/python3.10/site-packages/turtlebot3-teleop.egg-link (link to .)
[1.043s] Installing teleop_keyboard script to /root/ros_workspace/install/turtlebot3_teleop/lib/turtlebot3_teleop
[1.043s] 
[1.043s] Installed /root/ros_workspace/build/turtlebot3_teleop
[1.043s] running symlink_data
[1.043s] creating /root/ros_workspace/install/turtlebot3_teleop/share/ament_index
[1.043s] creating /root/ros_workspace/install/turtlebot3_teleop/share/ament_index/resource_index
[1.043s] creating /root/ros_workspace/install/turtlebot3_teleop/share/ament_index/resource_index/packages
[1.043s] symbolically linking /root/ros_workspace/build/turtlebot3_teleop/resource/turtlebot3_teleop -> /root/ros_workspace/install/turtlebot3_teleop/share/ament_index/resource_index/packages
[1.043s] symbolically linking /root/ros_workspace/build/turtlebot3_teleop/package.xml -> /root/ros_workspace/install/turtlebot3_teleop/share/turtlebot3_teleop
[1.061s] Invoked command in '/root/ros_workspace/build/turtlebot3_teleop' returned '0': PYTHONPATH=/root/ros_workspace/build/turtlebot3_teleop/prefix_override:/usr/lib/python3/dist-packages/colcon_core/task/python/colcon_distutils_commands:/root/ros_workspace/install/turtlebot3_teleop/lib/python3.10/site-packages:${PYTHONPATH} /usr/bin/python3 -W ignore:setup.py install is deprecated -W ignore:easy_install command is deprecated setup.py develop --editable --build-directory /root/ros_workspace/build/turtlebot3_teleop/build --no-deps symlink_data
