[0.679s] Invoking command in '/root/ros_workspace/src/find_box': PYTHONPATH=/root/ros_workspace/build/find_box/prefix_override:/usr/lib/python3/dist-packages/colcon_core/task/python/colcon_distutils_commands:/root/ros_workspace/install/find_box/lib/python3.10/site-packages:${PYTHONPATH} /usr/bin/python3 -W ignore:setup.py install is deprecated -W ignore:easy_install command is deprecated setup.py egg_info --egg-base ../../build/find_box build --build-base /root/ros_workspace/build/find_box/build install --record /root/ros_workspace/build/find_box/install.log --single-version-externally-managed install_data
[0.788s] running egg_info
[0.789s] writing ../../build/find_box/find_box.egg-info/PKG-INFO
[0.789s] writing dependency_links to ../../build/find_box/find_box.egg-info/dependency_links.txt
[0.789s] writing entry points to ../../build/find_box/find_box.egg-info/entry_points.txt
[0.789s] writing requirements to ../../build/find_box/find_box.egg-info/requires.txt
[0.789s] writing top-level names to ../../build/find_box/find_box.egg-info/top_level.txt
[0.790s] reading manifest file '../../build/find_box/find_box.egg-info/SOURCES.txt'
[0.790s] writing manifest file '../../build/find_box/find_box.egg-info/SOURCES.txt'
[0.790s] running build
[0.790s] running build_py
[0.790s] copying find_box/find_box.py -> /root/ros_workspace/build/find_box/build/lib/find_box
[0.791s] running install
[0.791s] running install_lib
[0.791s] copying /root/ros_workspace/build/find_box/build/lib/find_box/find_box.py -> /root/ros_workspace/install/find_box/lib/python3.10/site-packages/find_box
[0.791s] byte-compiling /root/ros_workspace/install/find_box/lib/python3.10/site-packages/find_box/find_box.py to find_box.cpython-310.pyc
[0.792s] running install_data
[0.792s] running install_egg_info
[0.793s] removing '/root/ros_workspace/install/find_box/lib/python3.10/site-packages/find_box-0.0.0-py3.10.egg-info' (and everything under it)
[0.793s] Copying ../../build/find_box/find_box.egg-info to /root/ros_workspace/install/find_box/lib/python3.10/site-packages/find_box-0.0.0-py3.10.egg-info
[0.793s] running install_scripts
[0.806s] Installing find_box script to /root/ros_workspace/install/find_box/lib/find_box
[0.807s] writing list of installed files to '/root/ros_workspace/build/find_box/install.log'
[0.838s] Invoked command in '/root/ros_workspace/src/find_box' returned '0': PYTHONPATH=/root/ros_workspace/build/find_box/prefix_override:/usr/lib/python3/dist-packages/colcon_core/task/python/colcon_distutils_commands:/root/ros_workspace/install/find_box/lib/python3.10/site-packages:${PYTHONPATH} /usr/bin/python3 -W ignore:setup.py install is deprecated -W ignore:easy_install command is deprecated setup.py egg_info --egg-base ../../build/find_box build --build-base /root/ros_workspace/build/find_box/build install --record /root/ros_workspace/build/find_box/install.log --single-version-externally-managed install_data
