[0.041s] Invoking command in '/root/ros_workspace/build/dynamixel_sdk': CMAKE_PREFIX_PATH=${CMAKE_PREFIX_PATH}:/root/ros_workspace/install/turtlebot3_teleop:/root/ros_workspace/install/turtlebot3_example:/root/ros_workspace/install/object_detection:/root/ros_workspace/install/object_avoidance:/opt/ros/humble /usr/bin/cmake --build /root/ros_workspace/build/dynamixel_sdk -- -j24 -l24
[0.537s] -- Found ament_cmake: 1.3.12 (/opt/ros/humble/share/ament_cmake/cmake)
[0.537s] -- Override CMake install command with custom implementation using symlinks instead of copying resources
[0.537s] -- Configuring done
[0.537s] -- Generating done
[0.537s] -- Build files have been written to: /root/ros_workspace/build/dynamixel_sdk
[0.537s] [35m[1mConsolidate compiler generated dependencies of target dynamixel_sdk[0m
[0.537s] [ 15%] [32mBuilding CXX object CMakeFiles/dynamixel_sdk.dir/src/dynamixel_sdk/group_sync_read.cpp.o[0m
[0.537s] [ 15%] [32mBuilding CXX object CMakeFiles/dynamixel_sdk.dir/src/dynamixel_sdk/protocol2_packet_handler.cpp.o[0m
[0.537s] [ 23%] [32mBuilding CXX object CMakeFiles/dynamixel_sdk.dir/src/dynamixel_sdk/group_sync_write.cpp.o[0m
[0.537s] [ 30%] [32mBuilding CXX object CMakeFiles/dynamixel_sdk.dir/src/dynamixel_sdk/packet_handler.cpp.o[0m
[0.537s] [ 46%] [32mBuilding CXX object CMakeFiles/dynamixel_sdk.dir/src/dynamixel_sdk/group_fast_bulk_read.cpp.o[0m
[0.537s] [ 46%] [32mBuilding CXX object CMakeFiles/dynamixel_sdk.dir/src/dynamixel_sdk/group_fast_sync_read.cpp.o[0m
[0.537s] [ 53%] [32mBuilding CXX object CMakeFiles/dynamixel_sdk.dir/src/dynamixel_sdk/port_handler.cpp.o[0m
[0.537s] [ 76%] [32mBuilding CXX object CMakeFiles/dynamixel_sdk.dir/src/dynamixel_sdk/group_bulk_write.cpp.o[0m
[0.537s] [ 76%] [32mBuilding CXX object CMakeFiles/dynamixel_sdk.dir/src/dynamixel_sdk/group_bulk_read.cpp.o[0m
[0.537s] [ 76%] [32mBuilding CXX object CMakeFiles/dynamixel_sdk.dir/src/dynamixel_sdk/protocol1_packet_handler.cpp.o[0m
[0.537s] [ 84%] [32mBuilding CXX object CMakeFiles/dynamixel_sdk.dir/src/dynamixel_sdk/group_handler.cpp.o[0m
[0.537s] [ 92%] [32mBuilding CXX object CMakeFiles/dynamixel_sdk.dir/src/dynamixel_sdk/port_handler_linux.cpp.o[0m
[0.537s] [ 92%] Built target ament_cmake_python_symlink_dynamixel_sdk
[0.537s] running egg_info
[0.537s] writing dynamixel_sdk.egg-info/PKG-INFO
[0.538s] writing dependency_links to dynamixel_sdk.egg-info/dependency_links.txt
[0.538s] writing top-level names to dynamixel_sdk.egg-info/top_level.txt
[0.538s] reading manifest file 'dynamixel_sdk.egg-info/SOURCES.txt'
[0.538s] writing manifest file 'dynamixel_sdk.egg-info/SOURCES.txt'
[0.538s] [ 92%] Built target ament_cmake_python_build_dynamixel_sdk_egg
[0.594s] [100%] [32m[1mLinking CXX shared library libdynamixel_sdk.so[0m
[0.649s] [100%] Built target dynamixel_sdk
