[0.116s] Invoking command in '/root/ros_workspace/build/zed_tutorial_pos_tracking': CMAKE_PREFIX_PATH=/opt/ros/humble /usr/bin/cmake /root/ros_workspace/src/zed-ros2-examples/tutorials/zed_pose_tutorial -DCMAKE_BUILD_TYPE=Release -DAMENT_CMAKE_SYMLINK_INSTALL=1 -DCMAKE_INSTALL_PREFIX=/root/ros_workspace/install/zed_tutorial_pos_tracking
[0.122s] -- Found ament_cmake_auto: 1.3.12 (/opt/ros/humble/share/ament_cmake_auto/cmake)
[0.188s] -- Override CMake install command with custom implementation using symlinks instead of copying resources
[0.242s] -- Found rosidl_generator_c: 3.1.7 (/opt/ros/humble/share/rosidl_generator_c/cmake)
[0.243s] -- Found rosidl_adapter: 3.1.7 (/opt/ros/humble/share/rosidl_adapter/cmake)
[0.246s] -- Found rosidl_generator_cpp: 3.1.7 (/opt/ros/humble/share/rosidl_generator_cpp/cmake)
[0.251s] -- Using all available rosidl_typesupport_c: rosidl_typesupport_fastrtps_c;rosidl_typesupport_introspection_c
[0.260s] -- Using all available rosidl_typesupport_cpp: rosidl_typesupport_fastrtps_cpp;rosidl_typesupport_introspection_cpp
[0.277s] -- Found rmw_implementation_cmake: 6.1.2 (/opt/ros/humble/share/rmw_implementation_cmake/cmake)
[0.277s] -- Found rmw_fastrtps_cpp: 6.2.9 (/opt/ros/humble/share/rmw_fastrtps_cpp/cmake)
[0.341s] -- Using RMW implementation 'rmw_fastrtps_cpp' as default
[0.423s] -- Found ament_lint_auto: 0.12.14 (/opt/ros/humble/share/ament_lint_auto/cmake)
[0.428s] -- Added test 'copyright' to check source files copyright and LICENSE
[0.428s] -- Added test 'cppcheck' to perform static code analysis on C / C++ code
[0.429s] -- Configured cppcheck include dirs: 
[0.429s] -- Configured cppcheck exclude dirs and/or files: 
[0.429s] -- Added test 'cpplint' to check C / C++ code against the Google style
[0.429s] -- Configured cpplint exclude dirs and/or files: 
[0.429s] -- Added test 'lint_cmake' to check CMake code style
[0.430s] -- Added test 'uncrustify' to check C / C++ code style
[0.431s] -- Configured uncrustify additional arguments: 
[0.431s] -- Added test 'xmllint' to check XML markup files
[0.431s] -- Added test 'clang_format' to check C / C++ code style
[0.431s] -- Configuring done
[0.440s] -- Generating done
[0.441s] -- Build files have been written to: /root/ros_workspace/build/zed_tutorial_pos_tracking
[0.452s] Invoked command in '/root/ros_workspace/build/zed_tutorial_pos_tracking' returned '0': CMAKE_PREFIX_PATH=/opt/ros/humble /usr/bin/cmake /root/ros_workspace/src/zed-ros2-examples/tutorials/zed_pose_tutorial -DCMAKE_BUILD_TYPE=Release -DAMENT_CMAKE_SYMLINK_INSTALL=1 -DCMAKE_INSTALL_PREFIX=/root/ros_workspace/install/zed_tutorial_pos_tracking
[0.452s] Invoking command in '/root/ros_workspace/build/zed_tutorial_pos_tracking': CMAKE_PREFIX_PATH=/opt/ros/humble /usr/bin/cmake --build /root/ros_workspace/build/zed_tutorial_pos_tracking -- -j24 -l24
[0.473s] [35m[1mConsolidate compiler generated dependencies of target zed_tutorial_pos_tracking[0m
[0.484s] [100%] Built target zed_tutorial_pos_tracking
[0.490s] Invoked command in '/root/ros_workspace/build/zed_tutorial_pos_tracking' returned '0': CMAKE_PREFIX_PATH=/opt/ros/humble /usr/bin/cmake --build /root/ros_workspace/build/zed_tutorial_pos_tracking -- -j24 -l24
[0.491s] Invoking command in '/root/ros_workspace/build/zed_tutorial_pos_tracking': CMAKE_PREFIX_PATH=/opt/ros/humble /usr/bin/cmake --install /root/ros_workspace/build/zed_tutorial_pos_tracking
[0.496s] -- Install configuration: "Release"
[0.497s] -- Execute custom install script
[0.497s] -- Up-to-date symlink: /root/ros_workspace/install/zed_tutorial_pos_tracking/lib/zed_tutorial_pos_tracking/zed_tutorial_pos_tracking
[0.497s] -- Up-to-date symlink: /root/ros_workspace/install/zed_tutorial_pos_tracking/share/ament_index/resource_index/package_run_dependencies/zed_tutorial_pos_tracking
[0.497s] -- Up-to-date symlink: /root/ros_workspace/install/zed_tutorial_pos_tracking/share/ament_index/resource_index/parent_prefix_path/zed_tutorial_pos_tracking
[0.497s] -- Up-to-date symlink: /root/ros_workspace/install/zed_tutorial_pos_tracking/share/zed_tutorial_pos_tracking/environment/ament_prefix_path.sh
[0.497s] -- Up-to-date symlink: /root/ros_workspace/install/zed_tutorial_pos_tracking/share/zed_tutorial_pos_tracking/environment/ament_prefix_path.dsv
[0.497s] -- Up-to-date symlink: /root/ros_workspace/install/zed_tutorial_pos_tracking/share/zed_tutorial_pos_tracking/environment/path.sh
[0.497s] -- Up-to-date symlink: /root/ros_workspace/install/zed_tutorial_pos_tracking/share/zed_tutorial_pos_tracking/environment/path.dsv
[0.497s] -- Up-to-date symlink: /root/ros_workspace/install/zed_tutorial_pos_tracking/share/zed_tutorial_pos_tracking/local_setup.bash
[0.497s] -- Up-to-date symlink: /root/ros_workspace/install/zed_tutorial_pos_tracking/share/zed_tutorial_pos_tracking/local_setup.sh
[0.498s] -- Up-to-date symlink: /root/ros_workspace/install/zed_tutorial_pos_tracking/share/zed_tutorial_pos_tracking/local_setup.zsh
[0.498s] -- Up-to-date symlink: /root/ros_workspace/install/zed_tutorial_pos_tracking/share/zed_tutorial_pos_tracking/local_setup.dsv
[0.498s] -- Up-to-date symlink: /root/ros_workspace/install/zed_tutorial_pos_tracking/share/zed_tutorial_pos_tracking/package.dsv
[0.498s] -- Up-to-date symlink: /root/ros_workspace/install/zed_tutorial_pos_tracking/share/ament_index/resource_index/packages/zed_tutorial_pos_tracking
[0.498s] -- Up-to-date symlink: /root/ros_workspace/install/zed_tutorial_pos_tracking/share/zed_tutorial_pos_tracking/cmake/zed_tutorial_pos_trackingConfig.cmake
[0.498s] -- Up-to-date symlink: /root/ros_workspace/install/zed_tutorial_pos_tracking/share/zed_tutorial_pos_tracking/cmake/zed_tutorial_pos_trackingConfig-version.cmake
[0.498s] -- Up-to-date symlink: /root/ros_workspace/install/zed_tutorial_pos_tracking/share/zed_tutorial_pos_tracking/package.xml
[0.499s] Invoked command in '/root/ros_workspace/build/zed_tutorial_pos_tracking' returned '0': CMAKE_PREFIX_PATH=/opt/ros/humble /usr/bin/cmake --install /root/ros_workspace/build/zed_tutorial_pos_tracking
