running egg_info
creating ../../build/find_box/find_box.egg-info
writing ../../build/find_box/find_box.egg-info/PKG-INFO
writing dependency_links to ../../build/find_box/find_box.egg-info/dependency_links.txt
writing entry points to ../../build/find_box/find_box.egg-info/entry_points.txt
writing requirements to ../../build/find_box/find_box.egg-info/requires.txt
writing top-level names to ../../build/find_box/find_box.egg-info/top_level.txt
writing manifest file '../../build/find_box/find_box.egg-info/SOURCES.txt'
reading manifest file '../../build/find_box/find_box.egg-info/SOURCES.txt'
writing manifest file '../../build/find_box/find_box.egg-info/SOURCES.txt'
running build
running build_py
creating /root/ros_workspace/build/find_box/build
creating /root/ros_workspace/build/find_box/build/lib
creating /root/ros_workspace/build/find_box/build/lib/find_box
copying find_box/__init__.py -> /root/ros_workspace/build/find_box/build/lib/find_box
running install
running install_lib
creating /root/ros_workspace/install/find_box/lib/python3.10/site-packages/find_box
copying /root/ros_workspace/build/find_box/build/lib/find_box/__init__.py -> /root/ros_workspace/install/find_box/lib/python3.10/site-packages/find_box
byte-compiling /root/ros_workspace/install/find_box/lib/python3.10/site-packages/find_box/__init__.py to __init__.cpython-310.pyc
running install_data
creating /root/ros_workspace/install/find_box/share/ament_index
creating /root/ros_workspace/install/find_box/share/ament_index/resource_index
creating /root/ros_workspace/install/find_box/share/ament_index/resource_index/packages
copying resource/find_box -> /root/ros_workspace/install/find_box/share/ament_index/resource_index/packages
copying package.xml -> /root/ros_workspace/install/find_box/share/find_box
running install_egg_info
Copying ../../build/find_box/find_box.egg-info to /root/ros_workspace/install/find_box/lib/python3.10/site-packages/find_box-0.0.0-py3.10.egg-info
running install_scripts
writing list of installed files to '/root/ros_workspace/build/find_box/install.log'
