[0.247s] Invoking command in '/root/ros_workspace/build/zed_tutorial_depth': CMAKE_PREFIX_PATH=/opt/ros/humble /usr/bin/cmake /root/ros_workspace/src/zed-ros2-examples/tutorials/zed_depth_tutorial -DCMAKE_INSTALL_PREFIX=/root/ros_workspace/install/zed_tutorial_depth
[0.255s] -- Found ament_cmake_auto: 1.3.12 (/opt/ros/humble/share/ament_cmake_auto/cmake)
[0.332s] -- Override CMake install command with custom implementation using symlinks instead of copying resources
[0.396s] -- Found rosidl_generator_c: 3.1.7 (/opt/ros/humble/share/rosidl_generator_c/cmake)
[0.397s] -- Found rosidl_adapter: 3.1.7 (/opt/ros/humble/share/rosidl_adapter/cmake)
[0.400s] -- Found rosidl_generator_cpp: 3.1.7 (/opt/ros/humble/share/rosidl_generator_cpp/cmake)
[0.405s] -- Using all available rosidl_typesupport_c: rosidl_typesupport_fastrtps_c;rosidl_typesupport_introspection_c
[0.411s] -- Using all available rosidl_typesupport_cpp: rosidl_typesupport_fastrtps_cpp;rosidl_typesupport_introspection_cpp
[0.428s] -- Found rmw_implementation_cmake: 6.1.2 (/opt/ros/humble/share/rmw_implementation_cmake/cmake)
[0.429s] -- Found rmw_fastrtps_cpp: 6.2.9 (/opt/ros/humble/share/rmw_fastrtps_cpp/cmake)
[0.505s] -- Using RMW implementation 'rmw_fastrtps_cpp' as default
[0.559s] -- Found ament_lint_auto: 0.12.14 (/opt/ros/humble/share/ament_lint_auto/cmake)
[0.575s] -- Added test 'copyright' to check source files copyright and LICENSE
[0.576s] -- Added test 'cppcheck' to perform static code analysis on C / C++ code
[0.576s] -- Configured cppcheck include dirs: 
[0.576s] -- Configured cppcheck exclude dirs and/or files: 
[0.576s] -- Added test 'cpplint' to check C / C++ code against the Google style
[0.576s] -- Configured cpplint exclude dirs and/or files: 
[0.577s] -- Added test 'lint_cmake' to check CMake code style
[0.577s] -- Added test 'uncrustify' to check C / C++ code style
[0.577s] -- Configured uncrustify additional arguments: 
[0.578s] -- Added test 'xmllint' to check XML markup files
[0.578s] -- Configuring done
[0.583s] -- Generating done
[0.586s] -- Build files have been written to: /root/ros_workspace/build/zed_tutorial_depth
[0.590s] Invoked command in '/root/ros_workspace/build/zed_tutorial_depth' returned '0': CMAKE_PREFIX_PATH=/opt/ros/humble /usr/bin/cmake /root/ros_workspace/src/zed-ros2-examples/tutorials/zed_depth_tutorial -DCMAKE_INSTALL_PREFIX=/root/ros_workspace/install/zed_tutorial_depth
[0.591s] Invoking command in '/root/ros_workspace/build/zed_tutorial_depth': CMAKE_PREFIX_PATH=/opt/ros/humble /usr/bin/cmake --build /root/ros_workspace/build/zed_tutorial_depth -- -j24 -l24
[0.619s] [35m[1mConsolidate compiler generated dependencies of target zed_tutorial_depth[0m
[0.628s] [100%] Built target zed_tutorial_depth
[0.635s] Invoked command in '/root/ros_workspace/build/zed_tutorial_depth' returned '0': CMAKE_PREFIX_PATH=/opt/ros/humble /usr/bin/cmake --build /root/ros_workspace/build/zed_tutorial_depth -- -j24 -l24
[0.636s] Invoking command in '/root/ros_workspace/build/zed_tutorial_depth': CMAKE_PREFIX_PATH=/opt/ros/humble /usr/bin/cmake --install /root/ros_workspace/build/zed_tutorial_depth
[0.640s] -- Install configuration: "Release"
[0.641s] -- Execute custom install script
[0.641s] -- Up-to-date symlink: /root/ros_workspace/install/zed_tutorial_depth/lib/zed_tutorial_depth/zed_tutorial_depth
[0.641s] -- Up-to-date symlink: /root/ros_workspace/install/zed_tutorial_depth/share/ament_index/resource_index/package_run_dependencies/zed_tutorial_depth
[0.641s] -- Up-to-date symlink: /root/ros_workspace/install/zed_tutorial_depth/share/ament_index/resource_index/parent_prefix_path/zed_tutorial_depth
[0.641s] -- Up-to-date symlink: /root/ros_workspace/install/zed_tutorial_depth/share/zed_tutorial_depth/environment/ament_prefix_path.sh
[0.641s] -- Up-to-date symlink: /root/ros_workspace/install/zed_tutorial_depth/share/zed_tutorial_depth/environment/ament_prefix_path.dsv
[0.641s] -- Up-to-date symlink: /root/ros_workspace/install/zed_tutorial_depth/share/zed_tutorial_depth/environment/path.sh
[0.641s] -- Up-to-date symlink: /root/ros_workspace/install/zed_tutorial_depth/share/zed_tutorial_depth/environment/path.dsv
[0.642s] -- Up-to-date symlink: /root/ros_workspace/install/zed_tutorial_depth/share/zed_tutorial_depth/local_setup.bash
[0.642s] -- Up-to-date symlink: /root/ros_workspace/install/zed_tutorial_depth/share/zed_tutorial_depth/local_setup.sh
[0.642s] -- Up-to-date symlink: /root/ros_workspace/install/zed_tutorial_depth/share/zed_tutorial_depth/local_setup.zsh
[0.642s] -- Up-to-date symlink: /root/ros_workspace/install/zed_tutorial_depth/share/zed_tutorial_depth/local_setup.dsv
[0.642s] -- Symlinking: /root/ros_workspace/install/zed_tutorial_depth/share/zed_tutorial_depth/package.dsv
[0.647s] -- Up-to-date symlink: /root/ros_workspace/install/zed_tutorial_depth/share/ament_index/resource_index/packages/zed_tutorial_depth
[0.647s] -- Up-to-date symlink: /root/ros_workspace/install/zed_tutorial_depth/share/zed_tutorial_depth/cmake/zed_tutorial_depthConfig.cmake
[0.647s] -- Up-to-date symlink: /root/ros_workspace/install/zed_tutorial_depth/share/zed_tutorial_depth/cmake/zed_tutorial_depthConfig-version.cmake
[0.647s] -- Up-to-date symlink: /root/ros_workspace/install/zed_tutorial_depth/share/zed_tutorial_depth/package.xml
[0.658s] Invoked command in '/root/ros_workspace/build/zed_tutorial_depth' returned '0': CMAKE_PREFIX_PATH=/opt/ros/humble /usr/bin/cmake --install /root/ros_workspace/build/zed_tutorial_depth
