[0.132s] Invoking command in '/root/ros_workspace/build/rviz_plugin_zed_od': CMAKE_PREFIX_PATH=${CMAKE_PREFIX_PATH}:/root/ros_workspace/install/object_avoidance:/opt/ros/humble /usr/bin/cmake --build /root/ros_workspace/build/rviz_plugin_zed_od -- -j24 -l24
[0.159s] -- Enabling tests requiring a display
[0.160s] -- Found ament_cmake_auto: 1.3.12 (/opt/ros/humble/share/ament_cmake_auto/cmake)
[0.238s] -- Override CMake install command with custom implementation using symlinks instead of copying resources
[0.288s] -- Setting OGRE_DIR to: '/opt/ros/humble/share/rviz_ogre_vendor/cmake/../../../opt/rviz_ogre_vendor/lib/OGRE/cmake'
[0.288s] -- Found OGRE
[0.288s] --   static     : OFF
[0.288s] --   components : HLMS;MeshLodGenerator;Overlay;Paging;Property;RTShaderSystem;Terrain;Volume
[0.289s] --   plugins    : Plugin_BSPSceneManager;Plugin_OctreeSceneManager;Plugin_PCZSceneManager;Plugin_ParticleFX;RenderSystem_GL;RenderSystem_GL3Plus;Codec_STBI
[0.289s] --   media      : /opt/ros/humble/opt/rviz_ogre_vendor/share/OGRE/Media
[0.290s] -- OGRE_LIBRARIES: OgreHLMS;OgreMeshLodGenerator;OgreOverlay;OgrePaging;OgreProperty;OgreRTShaderSystem;OgreTerrain;OgreVolume;OgreMain
[0.291s] -- OGRE_LIBRARY_DIRS: /opt/ros/humble/opt/rviz_ogre_vendor/lib
[0.291s] -- OGRE_PLUGINS: Plugin_BSPSceneManager;Plugin_OctreeSceneManager;Plugin_PCZSceneManager;Plugin_ParticleFX;RenderSystem_GL;RenderSystem_GL3Plus;Codec_STBI
[0.291s] -- OGRE_PLUGIN_DIR: /opt/ros/humble/opt/rviz_ogre_vendor/lib/OGRE
[0.291s] -- rviz_ogre_vendor::OgreOverlay for IMPORTED_LOCATION_RELEASE: /opt/ros/humble/opt/rviz_ogre_vendor/lib/libOgreOverlay.so
[0.291s] -- rviz_ogre_vendor::OgreOverlay for IMPORTED_LOCATION_DEBUG: /opt/ros/humble/opt/rviz_ogre_vendor/lib/libOgreOverlay.so
[0.291s] -- rviz_ogre_vendor::OgreMain for IMPORTED_LOCATION_RELEASE: /opt/ros/humble/opt/rviz_ogre_vendor/lib/libOgreMain.so
[0.291s] -- rviz_ogre_vendor::OgreMain for IMPORTED_LOCATION_DEBUG: /opt/ros/humble/opt/rviz_ogre_vendor/lib/libOgreMain.so
[0.295s] -- Could not find freeimage library
[0.339s] -- Found rosidl_generator_c: 3.1.7 (/opt/ros/humble/share/rosidl_generator_c/cmake)
[0.341s] -- Found rosidl_adapter: 3.1.7 (/opt/ros/humble/share/rosidl_adapter/cmake)
[0.344s] -- Found rosidl_generator_cpp: 3.1.7 (/opt/ros/humble/share/rosidl_generator_cpp/cmake)
[0.349s] -- Using all available rosidl_typesupport_c: rosidl_typesupport_fastrtps_c;rosidl_typesupport_introspection_c
[0.356s] -- Using all available rosidl_typesupport_cpp: rosidl_typesupport_fastrtps_cpp;rosidl_typesupport_introspection_cpp
[0.409s] -- Found rviz_common: 11.2.23 (/opt/ros/humble/share/rviz_common/cmake)
[0.424s] -- Setting assimp_DIR to: '/opt/ros/humble/share/rviz_assimp_vendor/cmake/../../../opt/rviz_assimp_vendor/lib/cmake/assimp-4.1'
[0.459s] -- library: /usr/lib/x86_64-linux-gnu/libcurl.so
[0.499s] -- Found rmw_implementation_cmake: 6.1.2 (/opt/ros/humble/share/rmw_implementation_cmake/cmake)
[0.500s] -- Found rmw_fastrtps_cpp: 6.2.9 (/opt/ros/humble/share/rmw_fastrtps_cpp/cmake)
[0.515s] -- Found TinyXML2 via Config file: TinyXML2_DIR-NOTFOUND
[0.522s] -- Found TinyXML2 via Config file: TinyXML2_DIR-NOTFOUND
[0.530s] -- Found TinyXML2 via Config file: TinyXML2_DIR-NOTFOUND
[0.535s] -- Found TinyXML2 via Config file: TinyXML2_DIR-NOTFOUND
[0.542s] -- Using RMW implementation 'rmw_fastrtps_cpp' as default
[0.577s] -- Ensuring Eigen3 include directory is part of orocos-kdl CMake target
[0.632s] -- Found ament_lint_auto: 0.12.14 (/opt/ros/humble/share/ament_lint_auto/cmake)
[0.639s] -- Added test 'copyright' to check source files copyright and LICENSE
[0.640s] -- Added test 'cppcheck' to perform static code analysis on C / C++ code
[0.640s] -- Configured cppcheck include dirs: /root/ros_workspace/src/zed-ros2-examples/rviz-plugin-zed-od/src/include;/root/ros_workspace/src/zed-ros2-examples/rviz-plugin-zed-od/src/plugin/include;$<BUILD_INTERFACE:/root/ros_workspace/src/zed-ros2-examples/rviz-plugin-zed-od/include>
[0.640s] -- Configured cppcheck exclude dirs and/or files: 
[0.640s] -- Added test 'cpplint' to check C / C++ code against the Google style
[0.640s] -- Configured cpplint exclude dirs and/or files: 
[0.641s] -- Added test 'lint_cmake' to check CMake code style
[0.641s] -- Added test 'uncrustify' to check C / C++ code style
[0.641s] -- Configured uncrustify additional arguments: 
[0.642s] -- Added test 'xmllint' to check XML markup files
[0.642s] -- Added test 'clang_format' to check C / C++ code style
[0.644s] -- Configuring done
[0.685s] -- Generating done
[0.690s] -- Build files have been written to: /root/ros_workspace/build/rviz_plugin_zed_od
[0.716s] [ 20%] [34m[1mAutomatic MOC and UIC for target rviz_plugin_zed_od[0m
[1.009s] [ 20%] Built target rviz_plugin_zed_od_autogen
[1.018s] [35m[1mConsolidate compiler generated dependencies of target rviz_plugin_zed_od[0m
[1.037s] [ 40%] [32mBuilding CXX object CMakeFiles/rviz_plugin_zed_od.dir/src/plugin/src/zed_od_info.cpp.o[0m
[1.038s] [ 80%] [32mBuilding CXX object CMakeFiles/rviz_plugin_zed_od.dir/src/plugin/src/zed_od_display.cpp.o[0m
[1.038s] [ 80%] [32mBuilding CXX object CMakeFiles/rviz_plugin_zed_od.dir/rviz_plugin_zed_od_autogen/mocs_compilation.cpp.o[0m
[10.129s] [100%] [32m[1mLinking CXX shared library librviz_plugin_zed_od.so[0m
[10.426s] [100%] Built target rviz_plugin_zed_od
[10.431s] Invoked command in '/root/ros_workspace/build/rviz_plugin_zed_od' returned '0': CMAKE_PREFIX_PATH=${CMAKE_PREFIX_PATH}:/root/ros_workspace/install/object_avoidance:/opt/ros/humble /usr/bin/cmake --build /root/ros_workspace/build/rviz_plugin_zed_od -- -j24 -l24
[10.432s] Invoking command in '/root/ros_workspace/build/rviz_plugin_zed_od': CMAKE_PREFIX_PATH=${CMAKE_PREFIX_PATH}:/root/ros_workspace/install/object_avoidance:/opt/ros/humble /usr/bin/cmake --install /root/ros_workspace/build/rviz_plugin_zed_od
[10.436s] -- Install configuration: "Release"
[10.436s] -- Execute custom install script
[10.436s] -- Up-to-date symlink: /root/ros_workspace/install/rviz_plugin_zed_od/share/rviz_plugin_zed_od//plugins_description.xml
[10.436s] -- Up-to-date symlink: /root/ros_workspace/install/rviz_plugin_zed_od/share/rviz_plugin_zed_od/environment/library_path.sh
[10.436s] -- Up-to-date symlink: /root/ros_workspace/install/rviz_plugin_zed_od/share/rviz_plugin_zed_od/environment/library_path.dsv
[10.437s] -- Up-to-date symlink: /root/ros_workspace/install/rviz_plugin_zed_od/include/rviz_plugin_zed_od//visibility_control.hpp
[10.437s] -- Up-to-date symlink: /root/ros_workspace/install/rviz_plugin_zed_od/include/rviz_plugin_zed_od//zed_body_parts.hpp
[10.437s] -- Up-to-date symlink: /root/ros_workspace/install/rviz_plugin_zed_od/include/rviz_plugin_zed_od//zed_od_display.hpp
[10.437s] -- Up-to-date symlink: /root/ros_workspace/install/rviz_plugin_zed_od/include/rviz_plugin_zed_od//zed_od_info.hpp
[10.437s] -- Up-to-date symlink: /root/ros_workspace/install/rviz_plugin_zed_od/share/rviz_plugin_zed_od/icons/ZedObjDet.png
[10.437s] -- Up-to-date symlink: /root/ros_workspace/install/rviz_plugin_zed_od/share/ament_index/resource_index/package_run_dependencies/rviz_plugin_zed_od
[10.438s] -- Up-to-date symlink: /root/ros_workspace/install/rviz_plugin_zed_od/share/ament_index/resource_index/parent_prefix_path/rviz_plugin_zed_od
[10.438s] -- Up-to-date symlink: /root/ros_workspace/install/rviz_plugin_zed_od/share/rviz_plugin_zed_od/environment/ament_prefix_path.sh
[10.438s] -- Up-to-date symlink: /root/ros_workspace/install/rviz_plugin_zed_od/share/rviz_plugin_zed_od/environment/ament_prefix_path.dsv
[10.438s] -- Up-to-date symlink: /root/ros_workspace/install/rviz_plugin_zed_od/share/rviz_plugin_zed_od/environment/path.sh
[10.438s] -- Up-to-date symlink: /root/ros_workspace/install/rviz_plugin_zed_od/share/rviz_plugin_zed_od/environment/path.dsv
[10.438s] -- Up-to-date symlink: /root/ros_workspace/install/rviz_plugin_zed_od/share/rviz_plugin_zed_od/local_setup.bash
[10.438s] -- Up-to-date symlink: /root/ros_workspace/install/rviz_plugin_zed_od/share/rviz_plugin_zed_od/local_setup.sh
[10.439s] -- Up-to-date symlink: /root/ros_workspace/install/rviz_plugin_zed_od/share/rviz_plugin_zed_od/local_setup.zsh
[10.439s] -- Up-to-date symlink: /root/ros_workspace/install/rviz_plugin_zed_od/share/rviz_plugin_zed_od/local_setup.dsv
[10.439s] -- Symlinking: /root/ros_workspace/install/rviz_plugin_zed_od/share/rviz_plugin_zed_od/package.dsv
[10.444s] -- Up-to-date symlink: /root/ros_workspace/install/rviz_plugin_zed_od/share/ament_index/resource_index/packages/rviz_plugin_zed_od
[10.445s] -- Up-to-date symlink: /root/ros_workspace/install/rviz_plugin_zed_od/share/ament_index/resource_index/rviz_common__pluginlib__plugin/rviz_plugin_zed_od
[10.445s] -- Up-to-date symlink: /root/ros_workspace/install/rviz_plugin_zed_od/share/rviz_plugin_zed_od/cmake/ament_cmake_export_include_directories-extras.cmake
[10.445s] -- Up-to-date symlink: /root/ros_workspace/install/rviz_plugin_zed_od/share/rviz_plugin_zed_od/cmake/ament_cmake_export_targets-extras.cmake
[10.445s] -- Up-to-date symlink: /root/ros_workspace/install/rviz_plugin_zed_od/share/rviz_plugin_zed_od/cmake/ament_cmake_export_dependencies-extras.cmake
[10.445s] -- Up-to-date symlink: /root/ros_workspace/install/rviz_plugin_zed_od/share/rviz_plugin_zed_od/cmake/rviz_plugin_zed_odConfig.cmake
[10.445s] -- Up-to-date symlink: /root/ros_workspace/install/rviz_plugin_zed_od/share/rviz_plugin_zed_od/cmake/rviz_plugin_zed_odConfig-version.cmake
[10.445s] -- Up-to-date symlink: /root/ros_workspace/install/rviz_plugin_zed_od/share/rviz_plugin_zed_od/package.xml
[10.446s] -- Installing: /root/ros_workspace/install/rviz_plugin_zed_od/lib/librviz_plugin_zed_od.so
[10.447s] -- Set runtime path of "/root/ros_workspace/install/rviz_plugin_zed_od/lib/librviz_plugin_zed_od.so" to ""
[10.447s] -- Up-to-date: /root/ros_workspace/install/rviz_plugin_zed_od/share/rviz_plugin_zed_od/cmake/rviz_plugin_zed_odExport.cmake
[10.447s] -- Up-to-date: /root/ros_workspace/install/rviz_plugin_zed_od/share/rviz_plugin_zed_od/cmake/rviz_plugin_zed_odExport-release.cmake
[10.448s] Invoked command in '/root/ros_workspace/build/rviz_plugin_zed_od' returned '0': CMAKE_PREFIX_PATH=${CMAKE_PREFIX_PATH}:/root/ros_workspace/install/object_avoidance:/opt/ros/humble /usr/bin/cmake --install /root/ros_workspace/build/rviz_plugin_zed_od
