[0.121s] Invoking command in '/root/ros_workspace/build/zed_robot_integration': CMAKE_PREFIX_PATH=/opt/ros/humble /usr/bin/cmake /root/ros_workspace/src/zed-ros2-examples/tutorials/zed_robot_integration -DCMAKE_BUILD_TYPE=Release -DAMENT_CMAKE_SYMLINK_INSTALL=1 -DCMAKE_INSTALL_PREFIX=/root/ros_workspace/install/zed_robot_integration
[0.149s] -- The C compiler identification is GNU 11.4.0
[0.178s] -- The CXX compiler identification is GNU 11.4.0
[0.183s] -- Detecting C compiler ABI info
[0.217s] -- Detecting C compiler ABI info - done
[0.220s] -- Check for working C compiler: /usr/bin/cc - skipped
[0.220s] -- Detecting C compile features
[0.220s] -- Detecting C compile features - done
[0.221s] -- Detecting CXX compiler ABI info
[0.263s] -- Detecting CXX compiler ABI info - done
[0.269s] -- Check for working CXX compiler: /usr/bin/c++ - skipped
[0.269s] -- Detecting CXX compile features
[0.269s] -- Detecting CXX compile features - done
[0.269s] -- Found ament_cmake: 1.3.12 (/opt/ros/humble/share/ament_cmake/cmake)
[0.342s] -- Found Python3: /usr/bin/python3 (found version "3.10.12") found components: Interpreter 
[0.377s] -- Override CMake install command with custom implementation using symlinks instead of copying resources
[0.426s] -- Configuring done
[0.427s] -- Generating done
[0.428s] -- Build files have been written to: /root/ros_workspace/build/zed_robot_integration
[0.430s] Invoked command in '/root/ros_workspace/build/zed_robot_integration' returned '0': CMAKE_PREFIX_PATH=/opt/ros/humble /usr/bin/cmake /root/ros_workspace/src/zed-ros2-examples/tutorials/zed_robot_integration -DCMAKE_BUILD_TYPE=Release -DAMENT_CMAKE_SYMLINK_INSTALL=1 -DCMAKE_INSTALL_PREFIX=/root/ros_workspace/install/zed_robot_integration
[0.431s] Invoking command in '/root/ros_workspace/build/zed_robot_integration': CMAKE_PREFIX_PATH=/opt/ros/humble /usr/bin/cmake --build /root/ros_workspace/build/zed_robot_integration -- -j24 -l24
[0.449s] Invoked command in '/root/ros_workspace/build/zed_robot_integration' returned '0': CMAKE_PREFIX_PATH=/opt/ros/humble /usr/bin/cmake --build /root/ros_workspace/build/zed_robot_integration -- -j24 -l24
[0.450s] Invoking command in '/root/ros_workspace/build/zed_robot_integration': CMAKE_PREFIX_PATH=/opt/ros/humble /usr/bin/cmake --install /root/ros_workspace/build/zed_robot_integration
[0.453s] -- Install configuration: "Release"
[0.453s] -- Execute custom install script
[0.454s] -- Symlinking: /root/ros_workspace/install/zed_robot_integration/share/zed_robot_integration//launch/view_dual_zed.launch.py
[0.458s] -- Symlinking: /root/ros_workspace/install/zed_robot_integration/share/zed_robot_integration//launch/view_mono_zed.launch.py
[0.463s] -- Symlinking: /root/ros_workspace/install/zed_robot_integration/share/zed_robot_integration//urdf/zed_robot_dual.urdf.xacro
[0.465s] -- Symlinking: /root/ros_workspace/install/zed_robot_integration/share/zed_robot_integration//urdf/zed_robot_mono.urdf.xacro
[0.469s] -- Symlinking: /root/ros_workspace/install/zed_robot_integration/share/zed_robot_integration//rviz2/view_config.rviz
[0.475s] -- Symlinking: /root/ros_workspace/install/zed_robot_integration/share/ament_index/resource_index/package_run_dependencies/zed_robot_integration
[0.479s] -- Symlinking: /root/ros_workspace/install/zed_robot_integration/share/ament_index/resource_index/parent_prefix_path/zed_robot_integration
[0.485s] -- Symlinking: /root/ros_workspace/install/zed_robot_integration/share/zed_robot_integration/environment/ament_prefix_path.sh
[0.489s] -- Symlinking: /root/ros_workspace/install/zed_robot_integration/share/zed_robot_integration/environment/ament_prefix_path.dsv
[0.494s] -- Symlinking: /root/ros_workspace/install/zed_robot_integration/share/zed_robot_integration/environment/path.sh
[0.498s] -- Symlinking: /root/ros_workspace/install/zed_robot_integration/share/zed_robot_integration/environment/path.dsv
[0.504s] -- Symlinking: /root/ros_workspace/install/zed_robot_integration/share/zed_robot_integration/local_setup.bash
[0.509s] -- Symlinking: /root/ros_workspace/install/zed_robot_integration/share/zed_robot_integration/local_setup.sh
[0.514s] -- Symlinking: /root/ros_workspace/install/zed_robot_integration/share/zed_robot_integration/local_setup.zsh
[0.518s] -- Symlinking: /root/ros_workspace/install/zed_robot_integration/share/zed_robot_integration/local_setup.dsv
[0.524s] -- Symlinking: /root/ros_workspace/install/zed_robot_integration/share/zed_robot_integration/package.dsv
[0.528s] -- Symlinking: /root/ros_workspace/install/zed_robot_integration/share/ament_index/resource_index/packages/zed_robot_integration
[0.531s] -- Symlinking: /root/ros_workspace/install/zed_robot_integration/share/zed_robot_integration/cmake/zed_robot_integrationConfig.cmake
[0.537s] -- Symlinking: /root/ros_workspace/install/zed_robot_integration/share/zed_robot_integration/cmake/zed_robot_integrationConfig-version.cmake
[0.541s] -- Symlinking: /root/ros_workspace/install/zed_robot_integration/share/zed_robot_integration/package.xml
[0.548s] Invoked command in '/root/ros_workspace/build/zed_robot_integration' returned '0': CMAKE_PREFIX_PATH=/opt/ros/humble /usr/bin/cmake --install /root/ros_workspace/build/zed_robot_integration
