[0.123s] Invoking command in '/root/ros_workspace/build/zed_isaac_ros_nitros_sub': CMAKE_PREFIX_PATH=/opt/ros/humble /usr/bin/cmake --build /root/ros_workspace/build/zed_isaac_ros_nitros_sub -- -j24 -l24
[0.160s] Invoked command in '/root/ros_workspace/build/zed_isaac_ros_nitros_sub' returned '0': CMAKE_PREFIX_PATH=/opt/ros/humble /usr/bin/cmake --build /root/ros_workspace/build/zed_isaac_ros_nitros_sub -- -j24 -l24
[0.161s] Invoking command in '/root/ros_workspace/build/zed_isaac_ros_nitros_sub': CMAKE_PREFIX_PATH=/opt/ros/humble /usr/bin/cmake --install /root/ros_workspace/build/zed_isaac_ros_nitros_sub
[0.166s] -- Install configuration: "Release"
[0.166s] -- Execute custom install script
[0.166s] -- Up-to-date symlink: /root/ros_workspace/install/zed_isaac_ros_nitros_sub/share/ament_index/resource_index/package_run_dependencies/zed_isaac_ros_nitros_sub
[0.166s] -- Up-to-date symlink: /root/ros_workspace/install/zed_isaac_ros_nitros_sub/share/ament_index/resource_index/parent_prefix_path/zed_isaac_ros_nitros_sub
[0.166s] -- Up-to-date symlink: /root/ros_workspace/install/zed_isaac_ros_nitros_sub/share/zed_isaac_ros_nitros_sub/environment/ament_prefix_path.sh
[0.166s] -- Up-to-date symlink: /root/ros_workspace/install/zed_isaac_ros_nitros_sub/share/zed_isaac_ros_nitros_sub/environment/ament_prefix_path.dsv
[0.166s] -- Up-to-date symlink: /root/ros_workspace/install/zed_isaac_ros_nitros_sub/share/zed_isaac_ros_nitros_sub/environment/path.sh
[0.166s] -- Up-to-date symlink: /root/ros_workspace/install/zed_isaac_ros_nitros_sub/share/zed_isaac_ros_nitros_sub/environment/path.dsv
[0.167s] -- Up-to-date symlink: /root/ros_workspace/install/zed_isaac_ros_nitros_sub/share/zed_isaac_ros_nitros_sub/local_setup.bash
[0.167s] -- Up-to-date symlink: /root/ros_workspace/install/zed_isaac_ros_nitros_sub/share/zed_isaac_ros_nitros_sub/local_setup.sh
[0.167s] -- Up-to-date symlink: /root/ros_workspace/install/zed_isaac_ros_nitros_sub/share/zed_isaac_ros_nitros_sub/local_setup.zsh
[0.167s] -- Up-to-date symlink: /root/ros_workspace/install/zed_isaac_ros_nitros_sub/share/zed_isaac_ros_nitros_sub/local_setup.dsv
[0.167s] -- Symlinking: /root/ros_workspace/install/zed_isaac_ros_nitros_sub/share/zed_isaac_ros_nitros_sub/package.dsv
[0.171s] -- Up-to-date symlink: /root/ros_workspace/install/zed_isaac_ros_nitros_sub/share/ament_index/resource_index/packages/zed_isaac_ros_nitros_sub
[0.171s] -- Up-to-date symlink: /root/ros_workspace/install/zed_isaac_ros_nitros_sub/share/zed_isaac_ros_nitros_sub/cmake/zed_isaac_ros_nitros_subConfig.cmake
[0.171s] -- Up-to-date symlink: /root/ros_workspace/install/zed_isaac_ros_nitros_sub/share/zed_isaac_ros_nitros_sub/cmake/zed_isaac_ros_nitros_subConfig-version.cmake
[0.171s] -- Up-to-date symlink: /root/ros_workspace/install/zed_isaac_ros_nitros_sub/share/zed_isaac_ros_nitros_sub/package.xml
[0.210s] Invoked command in '/root/ros_workspace/build/zed_isaac_ros_nitros_sub' returned '0': CMAKE_PREFIX_PATH=/opt/ros/humble /usr/bin/cmake --install /root/ros_workspace/build/zed_isaac_ros_nitros_sub
