[0.021s] Invoking command in '/root/ros_workspace/build/turtlebot3_simulations': AMENT_PREFIX_PATH=/root/ros_workspace/install/turtlebot3_fake_node:/root/ros_workspace/install/turtlebot3_msgs:/root/ros_workspace/install/turtlebot3_manipulation_gazebo:${AMENT_PREFIX_PATH} CMAKE_PREFIX_PATH=/root/ros_workspace/install/turtlebot3_fake_node:/root/ros_workspace/install/turtlebot3_msgs:/root/ros_workspace/install/turtlebot3_manipulation_gazebo:/opt/ros/humble LD_LIBRARY_PATH=/root/ros_workspace/install/turtlebot3_msgs/lib:${LD_LIBRARY_PATH} PYTHONPATH=/root/ros_workspace/install/turtlebot3_msgs/local/lib/python3.10/dist-packages:${PYTHONPATH} /usr/bin/cmake --build /root/ros_workspace/build/turtlebot3_simulations -- -j24 -l24
[0.043s] Invoked command in '/root/ros_workspace/build/turtlebot3_simulations' returned '0': AMENT_PREFIX_PATH=/root/ros_workspace/install/turtlebot3_fake_node:/root/ros_workspace/install/turtlebot3_msgs:/root/ros_workspace/install/turtlebot3_manipulation_gazebo:${AMENT_PREFIX_PATH} CMAKE_PREFIX_PATH=/root/ros_workspace/install/turtlebot3_fake_node:/root/ros_workspace/install/turtlebot3_msgs:/root/ros_workspace/install/turtlebot3_manipulation_gazebo:/opt/ros/humble LD_LIBRARY_PATH=/root/ros_workspace/install/turtlebot3_msgs/lib:${LD_LIBRARY_PATH} PYTHONPATH=/root/ros_workspace/install/turtlebot3_msgs/local/lib/python3.10/dist-packages:${PYTHONPATH} /usr/bin/cmake --build /root/ros_workspace/build/turtlebot3_simulations -- -j24 -l24
[0.044s] Invoking command in '/root/ros_workspace/build/turtlebot3_simulations': AMENT_PREFIX_PATH=/root/ros_workspace/install/turtlebot3_fake_node:/root/ros_workspace/install/turtlebot3_msgs:/root/ros_workspace/install/turtlebot3_manipulation_gazebo:${AMENT_PREFIX_PATH} CMAKE_PREFIX_PATH=/root/ros_workspace/install/turtlebot3_fake_node:/root/ros_workspace/install/turtlebot3_msgs:/root/ros_workspace/install/turtlebot3_manipulation_gazebo:/opt/ros/humble LD_LIBRARY_PATH=/root/ros_workspace/install/turtlebot3_msgs/lib:${LD_LIBRARY_PATH} PYTHONPATH=/root/ros_workspace/install/turtlebot3_msgs/local/lib/python3.10/dist-packages:${PYTHONPATH} /usr/bin/cmake --install /root/ros_workspace/build/turtlebot3_simulations
[0.047s] -- Install configuration: ""
[0.047s] -- Execute custom install script
[0.047s] -- Up-to-date symlink: /root/ros_workspace/install/turtlebot3_simulations/share/ament_index/resource_index/package_run_dependencies/turtlebot3_simulations
[0.047s] -- Up-to-date symlink: /root/ros_workspace/install/turtlebot3_simulations/share/ament_index/resource_index/parent_prefix_path/turtlebot3_simulations
[0.047s] -- Up-to-date symlink: /root/ros_workspace/install/turtlebot3_simulations/share/turtlebot3_simulations/environment/ament_prefix_path.sh
[0.047s] -- Up-to-date symlink: /root/ros_workspace/install/turtlebot3_simulations/share/turtlebot3_simulations/environment/ament_prefix_path.dsv
[0.047s] -- Up-to-date symlink: /root/ros_workspace/install/turtlebot3_simulations/share/turtlebot3_simulations/environment/path.sh
[0.047s] -- Up-to-date symlink: /root/ros_workspace/install/turtlebot3_simulations/share/turtlebot3_simulations/environment/path.dsv
[0.047s] -- Up-to-date symlink: /root/ros_workspace/install/turtlebot3_simulations/share/turtlebot3_simulations/local_setup.bash
[0.047s] -- Up-to-date symlink: /root/ros_workspace/install/turtlebot3_simulations/share/turtlebot3_simulations/local_setup.sh
[0.048s] -- Up-to-date symlink: /root/ros_workspace/install/turtlebot3_simulations/share/turtlebot3_simulations/local_setup.zsh
[0.048s] -- Up-to-date symlink: /root/ros_workspace/install/turtlebot3_simulations/share/turtlebot3_simulations/local_setup.dsv
[0.048s] -- Symlinking: /root/ros_workspace/install/turtlebot3_simulations/share/turtlebot3_simulations/package.dsv
[0.052s] -- Up-to-date symlink: /root/ros_workspace/install/turtlebot3_simulations/share/ament_index/resource_index/packages/turtlebot3_simulations
[0.052s] -- Up-to-date symlink: /root/ros_workspace/install/turtlebot3_simulations/share/turtlebot3_simulations/cmake/turtlebot3_simulationsConfig.cmake
[0.053s] -- Up-to-date symlink: /root/ros_workspace/install/turtlebot3_simulations/share/turtlebot3_simulations/cmake/turtlebot3_simulationsConfig-version.cmake
[0.053s] -- Up-to-date symlink: /root/ros_workspace/install/turtlebot3_simulations/share/turtlebot3_simulations/package.xml
[0.054s] Invoked command in '/root/ros_workspace/build/turtlebot3_simulations' returned '0': AMENT_PREFIX_PATH=/root/ros_workspace/install/turtlebot3_fake_node:/root/ros_workspace/install/turtlebot3_msgs:/root/ros_workspace/install/turtlebot3_manipulation_gazebo:${AMENT_PREFIX_PATH} CMAKE_PREFIX_PATH=/root/ros_workspace/install/turtlebot3_fake_node:/root/ros_workspace/install/turtlebot3_msgs:/root/ros_workspace/install/turtlebot3_manipulation_gazebo:/opt/ros/humble LD_LIBRARY_PATH=/root/ros_workspace/install/turtlebot3_msgs/lib:${LD_LIBRARY_PATH} PYTHONPATH=/root/ros_workspace/install/turtlebot3_msgs/local/lib/python3.10/dist-packages:${PYTHONPATH} /usr/bin/cmake --install /root/ros_workspace/build/turtlebot3_simulations
