[0.890s] Invoking command in '/root/ros_workspace/src/find_box': PYTHONPATH=/root/ros_workspace/build/find_box/prefix_override:/usr/lib/python3/dist-packages/colcon_core/task/python/colcon_distutils_commands:/root/ros_workspace/install/find_box/lib/python3.10/site-packages:${PYTHONPATH} /usr/bin/python3 -W ignore:setup.py install is deprecated -W ignore:easy_install command is deprecated setup.py egg_info --egg-base ../../build/find_box build --build-base /root/ros_workspace/build/find_box/build install --record /root/ros_workspace/build/find_box/install.log --single-version-externally-managed install_data
[1.030s] running egg_info
[1.031s] writing ../../build/find_box/find_box.egg-info/PKG-INFO
[1.031s] writing dependency_links to ../../build/find_box/find_box.egg-info/dependency_links.txt
[1.031s] writing entry points to ../../build/find_box/find_box.egg-info/entry_points.txt
[1.031s] writing requirements to ../../build/find_box/find_box.egg-info/requires.txt
[1.031s] writing top-level names to ../../build/find_box/find_box.egg-info/top_level.txt
[1.032s] reading manifest file '../../build/find_box/find_box.egg-info/SOURCES.txt'
[1.032s] writing manifest file '../../build/find_box/find_box.egg-info/SOURCES.txt'
[1.032s] running build
[1.032s] running build_py
[1.032s] copying find_box/find_box.py -> /root/ros_workspace/build/find_box/build/lib/find_box
[1.032s] running install
[1.032s] running install_lib
[1.033s] copying /root/ros_workspace/build/find_box/build/lib/find_box/find_box.py -> /root/ros_workspace/install/find_box/lib/python3.10/site-packages/find_box
[1.033s] byte-compiling /root/ros_workspace/install/find_box/lib/python3.10/site-packages/find_box/find_box.py to find_box.cpython-310.pyc
[1.034s] running install_data
[1.034s] running install_egg_info
[1.035s] removing '/root/ros_workspace/install/find_box/lib/python3.10/site-packages/find_box-0.0.0-py3.10.egg-info' (and everything under it)
[1.036s] Copying ../../build/find_box/find_box.egg-info to /root/ros_workspace/install/find_box/lib/python3.10/site-packages/find_box-0.0.0-py3.10.egg-info
[1.036s] running install_scripts
[1.052s] Installing find_box script to /root/ros_workspace/install/find_box/lib/find_box
[1.052s] writing list of installed files to '/root/ros_workspace/build/find_box/install.log'
[1.065s] Invoked command in '/root/ros_workspace/src/find_box' returned '0': PYTHONPATH=/root/ros_workspace/build/find_box/prefix_override:/usr/lib/python3/dist-packages/colcon_core/task/python/colcon_distutils_commands:/root/ros_workspace/install/find_box/lib/python3.10/site-packages:${PYTHONPATH} /usr/bin/python3 -W ignore:setup.py install is deprecated -W ignore:easy_install command is deprecated setup.py egg_info --egg-base ../../build/find_box build --build-base /root/ros_workspace/build/find_box/build install --record /root/ros_workspace/build/find_box/install.log --single-version-externally-managed install_data
