-- The C compiler identification is GNU 11.4.0
-- The CXX compiler identification is GNU 11.4.0
-- Detecting C compiler ABI info
-- Detecting C compiler ABI info - done
-- Check for working C compiler: /usr/bin/cc - skipped
-- Detecting C compile features
-- Detecting C compile features - done
-- Detecting CXX compiler ABI info
-- Detecting CXX compiler ABI info - done
-- Check for working CXX compiler: /usr/bin/c++ - skipped
-- Detecting CXX compile features
-- Detecting CXX compile features - done
-- Found ament_cmake_auto: 1.3.12 (/opt/ros/humble/share/ament_cmake_auto/cmake)
-- Found Python3: /usr/bin/python3 (found version "3.10.12") found components: Interpreter 
-- Override CMake install command with custom implementation using symlinks instead of copying resources
-- Found rosidl_generator_c: 3.1.7 (/opt/ros/humble/share/rosidl_generator_c/cmake)
-- Found rosidl_adapter: 3.1.7 (/opt/ros/humble/share/rosidl_adapter/cmake)
-- Found rosidl_generator_cpp: 3.1.7 (/opt/ros/humble/share/rosidl_generator_cpp/cmake)
-- Using all available rosidl_typesupport_c: rosidl_typesupport_fastrtps_c;rosidl_typesupport_introspection_c
-- Using all available rosidl_typesupport_cpp: rosidl_typesupport_fastrtps_cpp;rosidl_typesupport_introspection_cpp
-- Configuring done
-- Generating done
-- Build files have been written to: /root/ros_workspace/build/zed_isaac_ros_april_tag
-- Install configuration: "Release"
-- Execute custom install script
-- Symlinking: /root/ros_workspace/install/zed_isaac_ros_april_tag/share/ament_index/resource_index/package_run_dependencies/zed_isaac_ros_april_tag
-- Symlinking: /root/ros_workspace/install/zed_isaac_ros_april_tag/share/ament_index/resource_index/parent_prefix_path/zed_isaac_ros_april_tag
-- Symlinking: /root/ros_workspace/install/zed_isaac_ros_april_tag/share/zed_isaac_ros_april_tag/environment/ament_prefix_path.sh
-- Symlinking: /root/ros_workspace/install/zed_isaac_ros_april_tag/share/zed_isaac_ros_april_tag/environment/ament_prefix_path.dsv
-- Symlinking: /root/ros_workspace/install/zed_isaac_ros_april_tag/share/zed_isaac_ros_april_tag/environment/path.sh
-- Symlinking: /root/ros_workspace/install/zed_isaac_ros_april_tag/share/zed_isaac_ros_april_tag/environment/path.dsv
-- Symlinking: /root/ros_workspace/install/zed_isaac_ros_april_tag/share/zed_isaac_ros_april_tag/local_setup.bash
-- Symlinking: /root/ros_workspace/install/zed_isaac_ros_april_tag/share/zed_isaac_ros_april_tag/local_setup.sh
-- Symlinking: /root/ros_workspace/install/zed_isaac_ros_april_tag/share/zed_isaac_ros_april_tag/local_setup.zsh
-- Symlinking: /root/ros_workspace/install/zed_isaac_ros_april_tag/share/zed_isaac_ros_april_tag/local_setup.dsv
-- Symlinking: /root/ros_workspace/install/zed_isaac_ros_april_tag/share/zed_isaac_ros_april_tag/package.dsv
-- Symlinking: /root/ros_workspace/install/zed_isaac_ros_april_tag/share/ament_index/resource_index/packages/zed_isaac_ros_april_tag
-- Symlinking: /root/ros_workspace/install/zed_isaac_ros_april_tag/share/zed_isaac_ros_april_tag/cmake/zed_isaac_ros_april_tagConfig.cmake
-- Symlinking: /root/ros_workspace/install/zed_isaac_ros_april_tag/share/zed_isaac_ros_april_tag/cmake/zed_isaac_ros_april_tagConfig-version.cmake
-- Symlinking: /root/ros_workspace/install/zed_isaac_ros_april_tag/share/zed_isaac_ros_april_tag/package.xml
