[0.122s] Invoking command in '/root/ros_workspace/build/zed_isaac_ros_april_tag': CMAKE_PREFIX_PATH=/opt/ros/humble /usr/bin/cmake /root/ros_workspace/src/zed-ros2-examples/isaac_ros/zed_isaac_ros_april_tag -DCMAKE_BUILD_TYPE=Release -DAMENT_CMAKE_SYMLINK_INSTALL=1 -DCMAKE_INSTALL_PREFIX=/root/ros_workspace/install/zed_isaac_ros_april_tag
[0.147s] -- The C compiler identification is GNU 11.4.0
[0.181s] -- The CXX compiler identification is GNU 11.4.0
[0.187s] -- Detecting C compiler ABI info
[0.221s] -- Detecting C compiler ABI info - done
[0.224s] -- Check for working C compiler: /usr/bin/cc - skipped
[0.225s] -- Detecting C compile features
[0.225s] -- Detecting C compile features - done
[0.226s] -- Detecting CXX compiler ABI info
[0.263s] -- Detecting CXX compiler ABI info - done
[0.268s] -- Check for working CXX compiler: /usr/bin/c++ - skipped
[0.268s] -- Detecting CXX compile features
[0.268s] -- Detecting CXX compile features - done
[0.269s] -- Found ament_cmake_auto: 1.3.12 (/opt/ros/humble/share/ament_cmake_auto/cmake)
[0.341s] -- Found Python3: /usr/bin/python3 (found version "3.10.12") found components: Interpreter 
[0.373s] -- Override CMake install command with custom implementation using symlinks instead of copying resources
[0.453s] -- Found rosidl_generator_c: 3.1.7 (/opt/ros/humble/share/rosidl_generator_c/cmake)
[0.458s] -- Found rosidl_adapter: 3.1.7 (/opt/ros/humble/share/rosidl_adapter/cmake)
[0.465s] -- Found rosidl_generator_cpp: 3.1.7 (/opt/ros/humble/share/rosidl_generator_cpp/cmake)
[0.475s] -- Using all available rosidl_typesupport_c: rosidl_typesupport_fastrtps_c;rosidl_typesupport_introspection_c
[0.488s] -- Using all available rosidl_typesupport_cpp: rosidl_typesupport_fastrtps_cpp;rosidl_typesupport_introspection_cpp
[0.508s] -- Configuring done
[0.510s] -- Generating done
[0.512s] -- Build files have been written to: /root/ros_workspace/build/zed_isaac_ros_april_tag
[0.516s] Invoked command in '/root/ros_workspace/build/zed_isaac_ros_april_tag' returned '0': CMAKE_PREFIX_PATH=/opt/ros/humble /usr/bin/cmake /root/ros_workspace/src/zed-ros2-examples/isaac_ros/zed_isaac_ros_april_tag -DCMAKE_BUILD_TYPE=Release -DAMENT_CMAKE_SYMLINK_INSTALL=1 -DCMAKE_INSTALL_PREFIX=/root/ros_workspace/install/zed_isaac_ros_april_tag
[0.516s] Invoking command in '/root/ros_workspace/build/zed_isaac_ros_april_tag': CMAKE_PREFIX_PATH=/opt/ros/humble /usr/bin/cmake --build /root/ros_workspace/build/zed_isaac_ros_april_tag -- -j24 -l24
[0.537s] Invoked command in '/root/ros_workspace/build/zed_isaac_ros_april_tag' returned '0': CMAKE_PREFIX_PATH=/opt/ros/humble /usr/bin/cmake --build /root/ros_workspace/build/zed_isaac_ros_april_tag -- -j24 -l24
[0.538s] Invoking command in '/root/ros_workspace/build/zed_isaac_ros_april_tag': CMAKE_PREFIX_PATH=/opt/ros/humble /usr/bin/cmake --install /root/ros_workspace/build/zed_isaac_ros_april_tag
[0.541s] -- Install configuration: "Release"
[0.541s] -- Execute custom install script
[0.541s] -- Symlinking: /root/ros_workspace/install/zed_isaac_ros_april_tag/share/ament_index/resource_index/package_run_dependencies/zed_isaac_ros_april_tag
[0.545s] -- Symlinking: /root/ros_workspace/install/zed_isaac_ros_april_tag/share/ament_index/resource_index/parent_prefix_path/zed_isaac_ros_april_tag
[0.551s] -- Symlinking: /root/ros_workspace/install/zed_isaac_ros_april_tag/share/zed_isaac_ros_april_tag/environment/ament_prefix_path.sh
[0.557s] -- Symlinking: /root/ros_workspace/install/zed_isaac_ros_april_tag/share/zed_isaac_ros_april_tag/environment/ament_prefix_path.dsv
[0.560s] -- Symlinking: /root/ros_workspace/install/zed_isaac_ros_april_tag/share/zed_isaac_ros_april_tag/environment/path.sh
[0.565s] -- Symlinking: /root/ros_workspace/install/zed_isaac_ros_april_tag/share/zed_isaac_ros_april_tag/environment/path.dsv
[0.568s] -- Symlinking: /root/ros_workspace/install/zed_isaac_ros_april_tag/share/zed_isaac_ros_april_tag/local_setup.bash
[0.572s] -- Symlinking: /root/ros_workspace/install/zed_isaac_ros_april_tag/share/zed_isaac_ros_april_tag/local_setup.sh
[0.575s] -- Symlinking: /root/ros_workspace/install/zed_isaac_ros_april_tag/share/zed_isaac_ros_april_tag/local_setup.zsh
[0.579s] -- Symlinking: /root/ros_workspace/install/zed_isaac_ros_april_tag/share/zed_isaac_ros_april_tag/local_setup.dsv
[0.584s] -- Symlinking: /root/ros_workspace/install/zed_isaac_ros_april_tag/share/zed_isaac_ros_april_tag/package.dsv
[0.588s] -- Symlinking: /root/ros_workspace/install/zed_isaac_ros_april_tag/share/ament_index/resource_index/packages/zed_isaac_ros_april_tag
[0.591s] -- Symlinking: /root/ros_workspace/install/zed_isaac_ros_april_tag/share/zed_isaac_ros_april_tag/cmake/zed_isaac_ros_april_tagConfig.cmake
[0.595s] -- Symlinking: /root/ros_workspace/install/zed_isaac_ros_april_tag/share/zed_isaac_ros_april_tag/cmake/zed_isaac_ros_april_tagConfig-version.cmake
[0.600s] -- Symlinking: /root/ros_workspace/install/zed_isaac_ros_april_tag/share/zed_isaac_ros_april_tag/package.xml
[0.606s] Invoked command in '/root/ros_workspace/build/zed_isaac_ros_april_tag' returned '0': CMAKE_PREFIX_PATH=/opt/ros/humble /usr/bin/cmake --install /root/ros_workspace/build/zed_isaac_ros_april_tag
