[0.508s] Invoking command in '/root/ros_workspace/build/yolov8_msgs': CMAKE_PREFIX_PATH=${CMAKE_PREFIX_PATH}:/root/ros_workspace/install/turtlebot3_teleop:/root/ros_workspace/install/turtlebot3_example:/root/ros_workspace/install/object_detection:/root/ros_workspace/install/object_avoidance:/opt/ros/humble /usr/bin/cmake --build /root/ros_workspace/build/yolov8_msgs -- -j24 -l24
[0.541s] [  5%] Built target yolov8_msgs__cpp
[0.541s] [ 12%] Built target yolov8_msgs__rosidl_generator_c
[0.546s] [ 12%] Built target ament_cmake_python_symlink_yolov8_msgs
[0.554s] [ 23%] Built target yolov8_msgs__rosidl_typesupport_c
[0.554s] [ 33%] Built target yolov8_msgs__rosidl_typesupport_cpp
[0.554s] [ 51%] Built target yolov8_msgs__rosidl_typesupport_introspection_cpp
[0.554s] [ 53%] Built target yolov8_msgs__rosidl_typesupport_introspection_c
[0.555s] [ 64%] Built target yolov8_msgs__rosidl_typesupport_fastrtps_cpp
[0.562s] [ 74%] Built target yolov8_msgs__rosidl_typesupport_fastrtps_c
[0.574s] [ 74%] Built target yolov8_msgs
[0.587s] [ 76%] Built target yolov8_msgs__py
[0.601s] [ 84%] Built target yolov8_msgs__rosidl_generator_py
[0.614s] [ 89%] Built target yolov8_msgs__rosidl_typesupport_c__pyext
[0.616s] [ 94%] Built target yolov8_msgs__rosidl_typesupport_fastrtps_c__pyext
[0.616s] [100%] Built target yolov8_msgs__rosidl_typesupport_introspection_c__pyext
[0.664s] running egg_info
[0.664s] writing yolov8_msgs.egg-info/PKG-INFO
[0.664s] writing dependency_links to yolov8_msgs.egg-info/dependency_links.txt
[0.665s] writing top-level names to yolov8_msgs.egg-info/top_level.txt
[0.666s] reading manifest file 'yolov8_msgs.egg-info/SOURCES.txt'
[0.666s] writing manifest file 'yolov8_msgs.egg-info/SOURCES.txt'
[0.680s] [100%] Built target ament_cmake_python_build_yolov8_msgs_egg
