[0.043s] Invoking command in '/root/ros_workspace/build/turtlebot3_gazebo': /usr/bin/cmake --build /root/ros_workspace/build/turtlebot3_gazebo -- -j24 -l24
[0.371s] -- Found ament_cmake: 1.3.12 (/opt/ros/humble/share/ament_cmake/cmake)
[0.371s] -- Configuring incomplete, errors occurred!
[0.371s] See also "/root/ros_workspace/build/turtlebot3_gazebo/CMakeFiles/CMakeOutput.log".
[0.371s] Traceback (most recent call last):
[0.371s]   File "/opt/ros/humble/share/ament_cmake_core/cmake/package_templates/templates_2_cmake.py", line 21, in <module>
[0.371s]     from ament_package.templates import get_environment_hook_template_path
[0.371s] ModuleNotFoundError: No module named 'ament_package'
[0.371s] [31mCMake Error at /opt/ros/humble/share/ament_cmake_core/cmake/ament_cmake_package_templates-extras.cmake:41 (message):
[0.371s]   execute_process(/usr/bin/python3
[0.371s]   /opt/ros/humble/share/ament_cmake_core/cmake/package_templates/templates_2_cmake.py
[0.372s]   /root/ros_workspace/build/turtlebot3_gazebo/ament_cmake_package_templates/templates.cmake)
[0.372s]   returned error code 1
[0.372s] Call Stack (most recent call first):
[0.372s]   /opt/ros/humble/share/ament_cmake_core/cmake/ament_cmake_coreConfig.cmake:41 (include)
[0.372s]   /opt/ros/humble/share/ament_cmake/cmake/ament_cmake_export_dependencies-extras.cmake:15 (find_package)
[0.372s]   /opt/ros/humble/share/ament_cmake/cmake/ament_cmakeConfig.cmake:41 (include)
[0.372s]   CMakeLists.txt:22 (find_package)
[0.372s] 
[0.372s] [0m
[0.372s] gmake: *** [Makefile:472: cmake_check_build_system] Error 1
[0.383s] Invoked command in '/root/ros_workspace/build/turtlebot3_gazebo' returned '2': /usr/bin/cmake --build /root/ros_workspace/build/turtlebot3_gazebo -- -j24 -l24
