[0.035s] Invoking command in '/root/ros_workspace/build/zed_ipc': AMENT_PREFIX_PATH=/root/ros_workspace/install/zed_multi_camera:/root/ros_workspace/install/zed_wrapper:/root/ros_workspace/install/zed_components:${AMENT_PREFIX_PATH} CMAKE_PREFIX_PATH=/root/ros_workspace/install/zed_multi_camera:/root/ros_workspace/install/zed_wrapper:/root/ros_workspace/install/zed_components:/opt/ros/humble LD_LIBRARY_PATH=/root/ros_workspace/install/zed_components/lib:${LD_LIBRARY_PATH} /usr/bin/cmake --build /root/ros_workspace/build/zed_ipc -- -j24 -l24
[0.067s] [100%] Built target pointcloud_component
[0.081s] Invoked command in '/root/ros_workspace/build/zed_ipc' returned '0': AMENT_PREFIX_PATH=/root/ros_workspace/install/zed_multi_camera:/root/ros_workspace/install/zed_wrapper:/root/ros_workspace/install/zed_components:${AMENT_PREFIX_PATH} CMAKE_PREFIX_PATH=/root/ros_workspace/install/zed_multi_camera:/root/ros_workspace/install/zed_wrapper:/root/ros_workspace/install/zed_components:/opt/ros/humble LD_LIBRARY_PATH=/root/ros_workspace/install/zed_components/lib:${LD_LIBRARY_PATH} /usr/bin/cmake --build /root/ros_workspace/build/zed_ipc -- -j24 -l24
[0.082s] Invoking command in '/root/ros_workspace/build/zed_ipc': AMENT_PREFIX_PATH=/root/ros_workspace/install/zed_multi_camera:/root/ros_workspace/install/zed_wrapper:/root/ros_workspace/install/zed_components:${AMENT_PREFIX_PATH} CMAKE_PREFIX_PATH=/root/ros_workspace/install/zed_multi_camera:/root/ros_workspace/install/zed_wrapper:/root/ros_workspace/install/zed_components:/opt/ros/humble LD_LIBRARY_PATH=/root/ros_workspace/install/zed_components/lib:${LD_LIBRARY_PATH} /usr/bin/cmake --install /root/ros_workspace/build/zed_ipc
[0.086s] -- Install configuration: "Release"
[0.086s] -- Execute custom install script
[0.086s] -- Up-to-date symlink: /root/ros_workspace/install/zed_ipc/lib/libpointcloud_component.so
[0.086s] -- Up-to-date symlink: /root/ros_workspace/install/zed_ipc/include/zed_ipc//ipc_visibility_control.hpp
[0.086s] -- Up-to-date symlink: /root/ros_workspace/install/zed_ipc/include/zed_ipc//pointcloud_component.hpp
[0.086s] -- Up-to-date symlink: /root/ros_workspace/install/zed_ipc/include/zed_ipc//winavg.hpp
[0.086s] -- Up-to-date symlink: /root/ros_workspace/install/zed_ipc/share/zed_ipc/launch/zed_ipc.launch.py
[0.086s] -- Up-to-date symlink: /root/ros_workspace/install/zed_ipc/share/zed_ipc/environment/library_path.sh
[0.087s] -- Up-to-date symlink: /root/ros_workspace/install/zed_ipc/share/zed_ipc/environment/library_path.dsv
[0.087s] -- Up-to-date symlink: /root/ros_workspace/install/zed_ipc/share/ament_index/resource_index/package_run_dependencies/zed_ipc
[0.087s] -- Up-to-date symlink: /root/ros_workspace/install/zed_ipc/share/ament_index/resource_index/parent_prefix_path/zed_ipc
[0.087s] -- Up-to-date symlink: /root/ros_workspace/install/zed_ipc/share/zed_ipc/environment/ament_prefix_path.sh
[0.087s] -- Up-to-date symlink: /root/ros_workspace/install/zed_ipc/share/zed_ipc/environment/ament_prefix_path.dsv
[0.087s] -- Up-to-date symlink: /root/ros_workspace/install/zed_ipc/share/zed_ipc/environment/path.sh
[0.087s] -- Up-to-date symlink: /root/ros_workspace/install/zed_ipc/share/zed_ipc/environment/path.dsv
[0.087s] -- Up-to-date symlink: /root/ros_workspace/install/zed_ipc/share/zed_ipc/local_setup.bash
[0.087s] -- Up-to-date symlink: /root/ros_workspace/install/zed_ipc/share/zed_ipc/local_setup.sh
[0.087s] -- Up-to-date symlink: /root/ros_workspace/install/zed_ipc/share/zed_ipc/local_setup.zsh
[0.087s] -- Up-to-date symlink: /root/ros_workspace/install/zed_ipc/share/zed_ipc/local_setup.dsv
[0.087s] -- Symlinking: /root/ros_workspace/install/zed_ipc/share/zed_ipc/package.dsv
[0.091s] -- Up-to-date symlink: /root/ros_workspace/install/zed_ipc/share/ament_index/resource_index/packages/zed_ipc
[0.091s] -- Up-to-date symlink: /root/ros_workspace/install/zed_ipc/share/ament_index/resource_index/rclcpp_components/zed_ipc
[0.091s] -- Up-to-date symlink: /root/ros_workspace/install/zed_ipc/share/zed_ipc/cmake/ament_cmake_export_include_directories-extras.cmake
[0.091s] -- Up-to-date symlink: /root/ros_workspace/install/zed_ipc/share/zed_ipc/cmake/ament_cmake_export_libraries-extras.cmake
[0.091s] -- Up-to-date symlink: /root/ros_workspace/install/zed_ipc/share/zed_ipc/cmake/ament_cmake_export_dependencies-extras.cmake
[0.091s] -- Up-to-date symlink: /root/ros_workspace/install/zed_ipc/share/zed_ipc/cmake/zed_ipcConfig.cmake
[0.091s] -- Up-to-date symlink: /root/ros_workspace/install/zed_ipc/share/zed_ipc/cmake/zed_ipcConfig-version.cmake
[0.092s] -- Up-to-date symlink: /root/ros_workspace/install/zed_ipc/share/zed_ipc/package.xml
[0.093s] Invoked command in '/root/ros_workspace/build/zed_ipc' returned '0': AMENT_PREFIX_PATH=/root/ros_workspace/install/zed_multi_camera:/root/ros_workspace/install/zed_wrapper:/root/ros_workspace/install/zed_components:${AMENT_PREFIX_PATH} CMAKE_PREFIX_PATH=/root/ros_workspace/install/zed_multi_camera:/root/ros_workspace/install/zed_wrapper:/root/ros_workspace/install/zed_components:/opt/ros/humble LD_LIBRARY_PATH=/root/ros_workspace/install/zed_components/lib:${LD_LIBRARY_PATH} /usr/bin/cmake --install /root/ros_workspace/build/zed_ipc
