[0.148s] Invoking command in '/root/ros_workspace/build/zed_tutorial_depth': CMAKE_PREFIX_PATH=/opt/ros/humble /usr/bin/cmake --build /root/ros_workspace/build/zed_tutorial_depth -- -j24 -l24
[0.172s] -- Found ament_cmake_auto: 1.3.12 (/opt/ros/humble/share/ament_cmake_auto/cmake)
[0.254s] -- Override CMake install command with custom implementation using symlinks instead of copying resources
[0.313s] -- Found rosidl_generator_c: 3.1.7 (/opt/ros/humble/share/rosidl_generator_c/cmake)
[0.314s] -- Found rosidl_adapter: 3.1.7 (/opt/ros/humble/share/rosidl_adapter/cmake)
[0.317s] -- Found rosidl_generator_cpp: 3.1.7 (/opt/ros/humble/share/rosidl_generator_cpp/cmake)
[0.325s] -- Using all available rosidl_typesupport_c: rosidl_typesupport_fastrtps_c;rosidl_typesupport_introspection_c
[0.332s] -- Using all available rosidl_typesupport_cpp: rosidl_typesupport_fastrtps_cpp;rosidl_typesupport_introspection_cpp
[0.354s] -- Found rmw_implementation_cmake: 6.1.2 (/opt/ros/humble/share/rmw_implementation_cmake/cmake)
[0.355s] -- Found rmw_fastrtps_cpp: 6.2.9 (/opt/ros/humble/share/rmw_fastrtps_cpp/cmake)
[0.435s] -- Using RMW implementation 'rmw_fastrtps_cpp' as default
[0.484s] -- Found ament_lint_auto: 0.12.14 (/opt/ros/humble/share/ament_lint_auto/cmake)
[0.489s] -- Added test 'copyright' to check source files copyright and LICENSE
[0.489s] -- Added test 'cppcheck' to perform static code analysis on C / C++ code
[0.490s] -- Configured cppcheck include dirs: 
[0.490s] -- Configured cppcheck exclude dirs and/or files: 
[0.490s] -- Added test 'cpplint' to check C / C++ code against the Google style
[0.490s] -- Configured cpplint exclude dirs and/or files: 
[0.490s] -- Added test 'lint_cmake' to check CMake code style
[0.491s] -- Added test 'uncrustify' to check C / C++ code style
[0.491s] -- Configured uncrustify additional arguments: 
[0.491s] -- Added test 'xmllint' to check XML markup files
[0.491s] -- Added test 'clang_format' to check C / C++ code style
[0.492s] -- Configuring done
[0.499s] -- Generating done
[0.501s] -- Build files have been written to: /root/ros_workspace/build/zed_tutorial_depth
[0.517s] [35m[1mConsolidate compiler generated dependencies of target zed_tutorial_depth[0m
[0.533s] [ 50%] [32mBuilding CXX object CMakeFiles/zed_tutorial_depth.dir/src/zed_depth_sub_tutorial.cpp.o[0m
[64.410s] [100%] [32m[1mLinking CXX executable zed_tutorial_depth[0m
[64.577s] [100%] Built target zed_tutorial_depth
[64.606s] Invoked command in '/root/ros_workspace/build/zed_tutorial_depth' returned '0': CMAKE_PREFIX_PATH=/opt/ros/humble /usr/bin/cmake --build /root/ros_workspace/build/zed_tutorial_depth -- -j24 -l24
[64.608s] Invoking command in '/root/ros_workspace/build/zed_tutorial_depth': CMAKE_PREFIX_PATH=/opt/ros/humble /usr/bin/cmake --install /root/ros_workspace/build/zed_tutorial_depth
[64.615s] -- Install configuration: "Release"
[64.616s] -- Execute custom install script
[64.617s] -- Up-to-date symlink: /root/ros_workspace/install/zed_tutorial_depth/lib/zed_tutorial_depth/zed_tutorial_depth
[64.618s] -- Up-to-date symlink: /root/ros_workspace/install/zed_tutorial_depth/share/ament_index/resource_index/package_run_dependencies/zed_tutorial_depth
[64.618s] -- Up-to-date symlink: /root/ros_workspace/install/zed_tutorial_depth/share/ament_index/resource_index/parent_prefix_path/zed_tutorial_depth
[64.619s] -- Up-to-date symlink: /root/ros_workspace/install/zed_tutorial_depth/share/zed_tutorial_depth/environment/ament_prefix_path.sh
[64.619s] -- Up-to-date symlink: /root/ros_workspace/install/zed_tutorial_depth/share/zed_tutorial_depth/environment/ament_prefix_path.dsv
[64.620s] -- Up-to-date symlink: /root/ros_workspace/install/zed_tutorial_depth/share/zed_tutorial_depth/environment/path.sh
[64.620s] -- Up-to-date symlink: /root/ros_workspace/install/zed_tutorial_depth/share/zed_tutorial_depth/environment/path.dsv
[64.620s] -- Up-to-date symlink: /root/ros_workspace/install/zed_tutorial_depth/share/zed_tutorial_depth/local_setup.bash
[64.620s] -- Up-to-date symlink: /root/ros_workspace/install/zed_tutorial_depth/share/zed_tutorial_depth/local_setup.sh
[64.620s] -- Up-to-date symlink: /root/ros_workspace/install/zed_tutorial_depth/share/zed_tutorial_depth/local_setup.zsh
[64.620s] -- Up-to-date symlink: /root/ros_workspace/install/zed_tutorial_depth/share/zed_tutorial_depth/local_setup.dsv
[64.620s] -- Symlinking: /root/ros_workspace/install/zed_tutorial_depth/share/zed_tutorial_depth/package.dsv
[64.627s] -- Up-to-date symlink: /root/ros_workspace/install/zed_tutorial_depth/share/ament_index/resource_index/packages/zed_tutorial_depth
[64.627s] -- Up-to-date symlink: /root/ros_workspace/install/zed_tutorial_depth/share/zed_tutorial_depth/cmake/zed_tutorial_depthConfig.cmake
[64.627s] -- Up-to-date symlink: /root/ros_workspace/install/zed_tutorial_depth/share/zed_tutorial_depth/cmake/zed_tutorial_depthConfig-version.cmake
[64.628s] -- Up-to-date symlink: /root/ros_workspace/install/zed_tutorial_depth/share/zed_tutorial_depth/package.xml
[64.630s] Invoked command in '/root/ros_workspace/build/zed_tutorial_depth' returned '0': CMAKE_PREFIX_PATH=/opt/ros/humble /usr/bin/cmake --install /root/ros_workspace/build/zed_tutorial_depth
