[0.014s] Invoking command in '/root/ros_workspace/build/zed_ipc': CMAKE_PREFIX_PATH=/root/ros_workspace/install/zed_multi_camera:/root/ros_workspace/install/zed_wrapper:/root/ros_workspace/install/zed_components:/root/ros_workspace/install/zed_ros2:/root/ros_workspace/install/zed_robot_integration:/root/ros_workspace/install/zed_isaac_ros_multi_camera:/root/ros_workspace/install/zed_isaac_ros_april_tag:/root/ros_workspace/install/zed_display_rviz2:/root/ros_workspace/install/zed_depth_to_laserscan:/root/ros_workspace/install/zed_tutorial_video:/root/ros_workspace/install/zed_tutorial_pos_tracking:/root/ros_workspace/install/zed_tutorial_depth:/root/ros_workspace/install/zed_topic_benchmark:/root/ros_workspace/install/zed_topic_benchmark_component:/root/ros_workspace/install/zed_topic_benchmark_interfaces:/root/ros_workspace/install/zed_isaac_ros_nitros_sub:/root/ros_workspace/install/rviz_plugin_zed_od:/root/ros_workspace/install/object_avoidance:/opt/ros/humble LD_LIBRARY_PATH=/root/ros_workspace/install/zed_components/lib:/root/ros_workspace/install/zed_topic_benchmark_component/lib:/root/ros_workspace/install/zed_topic_benchmark_interfaces/lib:/root/ros_workspace/install/rviz_plugin_zed_od/lib:/opt/ros/humble/opt/rviz_ogre_vendor/lib:/opt/ros/humble/lib/x86_64-linux-gnu:/opt/ros/humble/lib:/usr/lib/x86_64-linux-gnu:/usr/lib/i386-linux-gnu:/usr/local/cuda/lib64:/usr/local/nvidia/lib:/usr/local/nvidia/lib64 /usr/bin/cmake --build /root/ros_workspace/build/zed_ipc -- -j24 -l24
[0.027s] -- Found ament_cmake_auto: 1.3.12 (/opt/ros/humble/share/ament_cmake_auto/cmake)
[0.091s] -- Override CMake install command with custom implementation using symlinks instead of copying resources
[0.148s] -- Found rosidl_generator_c: 3.1.7 (/opt/ros/humble/share/rosidl_generator_c/cmake)
[0.150s] -- Found rosidl_adapter: 3.1.7 (/opt/ros/humble/share/rosidl_adapter/cmake)
[0.152s] -- Found rosidl_generator_cpp: 3.1.7 (/opt/ros/humble/share/rosidl_generator_cpp/cmake)
[0.157s] -- Using all available rosidl_typesupport_c: rosidl_typesupport_fastrtps_c;rosidl_typesupport_introspection_c
[0.164s] -- Using all available rosidl_typesupport_cpp: rosidl_typesupport_fastrtps_cpp;rosidl_typesupport_introspection_cpp
[0.179s] -- Found rmw_implementation_cmake: 6.1.2 (/opt/ros/humble/share/rmw_implementation_cmake/cmake)
[0.180s] -- Found rmw_fastrtps_cpp: 6.2.9 (/opt/ros/humble/share/rmw_fastrtps_cpp/cmake)
[0.246s] -- Using RMW implementation 'rmw_fastrtps_cpp' as default
[0.294s] -- Found ament_lint_auto: 0.12.14 (/opt/ros/humble/share/ament_lint_auto/cmake)
[0.301s] -- Added test 'copyright' to check source files copyright and LICENSE
[0.301s] -- Added test 'cppcheck' to perform static code analysis on C / C++ code
[0.301s] -- Configured cppcheck include dirs: /root/ros_workspace/src/zed-ros2-examples/tutorials/zed_ipc/src/include;/root/ros_workspace/src/zed-ros2-examples/tutorials/zed_ipc/src/component/include;/root/ros_workspace/src/zed-ros2-examples/tutorials/zed_ipc/src/components/include
[0.301s] -- Configured cppcheck exclude dirs and/or files: 
[0.302s] -- Added test 'cpplint' to check C / C++ code against the Google style
[0.302s] -- Configured cpplint exclude dirs and/or files: 
[0.302s] -- Added test 'flake8' to check Python code syntax and style conventions
[0.302s] -- Added test 'lint_cmake' to check CMake code style
[0.302s] -- Added test 'pep257' to check Python code against some of the docstring style conventions in PEP 257
[0.303s] -- Added test 'uncrustify' to check C / C++ code style
[0.303s] -- Configured uncrustify additional arguments: 
[0.303s] -- Added test 'xmllint' to check XML markup files
[0.303s] -- Added test 'clang_format' to check C / C++ code style
[0.305s] -- Configuring done
[0.313s] -- Generating done
[0.315s] -- Build files have been written to: /root/ros_workspace/build/zed_ipc
[0.333s] [35m[1mConsolidate compiler generated dependencies of target pointcloud_component[0m
[0.345s] [ 33%] [32mBuilding CXX object CMakeFiles/pointcloud_component.dir/src/components/src/winavg.cpp.o[0m
[0.347s] [ 66%] [32mBuilding CXX object CMakeFiles/pointcloud_component.dir/src/components/src/pointcloud_component.cpp.o[0m
[6.871s] [100%] [32m[1mLinking CXX shared library libpointcloud_component.so[0m
[6.960s] [100%] Built target pointcloud_component
[6.970s] Invoked command in '/root/ros_workspace/build/zed_ipc' returned '0': CMAKE_PREFIX_PATH=/root/ros_workspace/install/zed_multi_camera:/root/ros_workspace/install/zed_wrapper:/root/ros_workspace/install/zed_components:/root/ros_workspace/install/zed_ros2:/root/ros_workspace/install/zed_robot_integration:/root/ros_workspace/install/zed_isaac_ros_multi_camera:/root/ros_workspace/install/zed_isaac_ros_april_tag:/root/ros_workspace/install/zed_display_rviz2:/root/ros_workspace/install/zed_depth_to_laserscan:/root/ros_workspace/install/zed_tutorial_video:/root/ros_workspace/install/zed_tutorial_pos_tracking:/root/ros_workspace/install/zed_tutorial_depth:/root/ros_workspace/install/zed_topic_benchmark:/root/ros_workspace/install/zed_topic_benchmark_component:/root/ros_workspace/install/zed_topic_benchmark_interfaces:/root/ros_workspace/install/zed_isaac_ros_nitros_sub:/root/ros_workspace/install/rviz_plugin_zed_od:/root/ros_workspace/install/object_avoidance:/opt/ros/humble LD_LIBRARY_PATH=/root/ros_workspace/install/zed_components/lib:/root/ros_workspace/install/zed_topic_benchmark_component/lib:/root/ros_workspace/install/zed_topic_benchmark_interfaces/lib:/root/ros_workspace/install/rviz_plugin_zed_od/lib:/opt/ros/humble/opt/rviz_ogre_vendor/lib:/opt/ros/humble/lib/x86_64-linux-gnu:/opt/ros/humble/lib:/usr/lib/x86_64-linux-gnu:/usr/lib/i386-linux-gnu:/usr/local/cuda/lib64:/usr/local/nvidia/lib:/usr/local/nvidia/lib64 /usr/bin/cmake --build /root/ros_workspace/build/zed_ipc -- -j24 -l24
[6.972s] Invoking command in '/root/ros_workspace/build/zed_ipc': CMAKE_PREFIX_PATH=/root/ros_workspace/install/zed_multi_camera:/root/ros_workspace/install/zed_wrapper:/root/ros_workspace/install/zed_components:/root/ros_workspace/install/zed_ros2:/root/ros_workspace/install/zed_robot_integration:/root/ros_workspace/install/zed_isaac_ros_multi_camera:/root/ros_workspace/install/zed_isaac_ros_april_tag:/root/ros_workspace/install/zed_display_rviz2:/root/ros_workspace/install/zed_depth_to_laserscan:/root/ros_workspace/install/zed_tutorial_video:/root/ros_workspace/install/zed_tutorial_pos_tracking:/root/ros_workspace/install/zed_tutorial_depth:/root/ros_workspace/install/zed_topic_benchmark:/root/ros_workspace/install/zed_topic_benchmark_component:/root/ros_workspace/install/zed_topic_benchmark_interfaces:/root/ros_workspace/install/zed_isaac_ros_nitros_sub:/root/ros_workspace/install/rviz_plugin_zed_od:/root/ros_workspace/install/object_avoidance:/opt/ros/humble LD_LIBRARY_PATH=/root/ros_workspace/install/zed_components/lib:/root/ros_workspace/install/zed_topic_benchmark_component/lib:/root/ros_workspace/install/zed_topic_benchmark_interfaces/lib:/root/ros_workspace/install/rviz_plugin_zed_od/lib:/opt/ros/humble/opt/rviz_ogre_vendor/lib:/opt/ros/humble/lib/x86_64-linux-gnu:/opt/ros/humble/lib:/usr/lib/x86_64-linux-gnu:/usr/lib/i386-linux-gnu:/usr/local/cuda/lib64:/usr/local/nvidia/lib:/usr/local/nvidia/lib64 /usr/bin/cmake --install /root/ros_workspace/build/zed_ipc
[6.976s] -- Install configuration: "Release"
[6.976s] -- Execute custom install script
[6.976s] -- Symlinking: /root/ros_workspace/install/zed_ipc/lib/libpointcloud_component.so
[6.981s] -- Symlinking: /root/ros_workspace/install/zed_ipc/include/zed_ipc//ipc_visibility_control.hpp
[6.986s] -- Symlinking: /root/ros_workspace/install/zed_ipc/include/zed_ipc//pointcloud_component.hpp
[6.992s] -- Symlinking: /root/ros_workspace/install/zed_ipc/include/zed_ipc//winavg.hpp
[6.998s] -- Symlinking: /root/ros_workspace/install/zed_ipc/share/zed_ipc/launch/zed_ipc.launch.py
[7.003s] -- Symlinking: /root/ros_workspace/install/zed_ipc/share/zed_ipc/environment/library_path.sh
[7.009s] -- Symlinking: /root/ros_workspace/install/zed_ipc/share/zed_ipc/environment/library_path.dsv
[7.014s] -- Symlinking: /root/ros_workspace/install/zed_ipc/share/ament_index/resource_index/package_run_dependencies/zed_ipc
[7.019s] -- Symlinking: /root/ros_workspace/install/zed_ipc/share/ament_index/resource_index/parent_prefix_path/zed_ipc
[7.026s] -- Symlinking: /root/ros_workspace/install/zed_ipc/share/zed_ipc/environment/ament_prefix_path.sh
[7.031s] -- Symlinking: /root/ros_workspace/install/zed_ipc/share/zed_ipc/environment/ament_prefix_path.dsv
[7.036s] -- Symlinking: /root/ros_workspace/install/zed_ipc/share/zed_ipc/environment/path.sh
[7.043s] -- Symlinking: /root/ros_workspace/install/zed_ipc/share/zed_ipc/environment/path.dsv
[7.048s] -- Symlinking: /root/ros_workspace/install/zed_ipc/share/zed_ipc/local_setup.bash
[7.053s] -- Symlinking: /root/ros_workspace/install/zed_ipc/share/zed_ipc/local_setup.sh
[7.058s] -- Symlinking: /root/ros_workspace/install/zed_ipc/share/zed_ipc/local_setup.zsh
[7.063s] -- Symlinking: /root/ros_workspace/install/zed_ipc/share/zed_ipc/local_setup.dsv
[7.070s] -- Symlinking: /root/ros_workspace/install/zed_ipc/share/zed_ipc/package.dsv
[7.076s] -- Symlinking: /root/ros_workspace/install/zed_ipc/share/ament_index/resource_index/packages/zed_ipc
[7.080s] -- Symlinking: /root/ros_workspace/install/zed_ipc/share/ament_index/resource_index/rclcpp_components/zed_ipc
[7.087s] -- Symlinking: /root/ros_workspace/install/zed_ipc/share/zed_ipc/cmake/ament_cmake_export_include_directories-extras.cmake
[7.091s] -- Symlinking: /root/ros_workspace/install/zed_ipc/share/zed_ipc/cmake/ament_cmake_export_libraries-extras.cmake
[7.096s] -- Symlinking: /root/ros_workspace/install/zed_ipc/share/zed_ipc/cmake/ament_cmake_export_dependencies-extras.cmake
[7.102s] -- Symlinking: /root/ros_workspace/install/zed_ipc/share/zed_ipc/cmake/zed_ipcConfig.cmake
[7.106s] -- Symlinking: /root/ros_workspace/install/zed_ipc/share/zed_ipc/cmake/zed_ipcConfig-version.cmake
[7.111s] -- Symlinking: /root/ros_workspace/install/zed_ipc/share/zed_ipc/package.xml
[7.119s] Invoked command in '/root/ros_workspace/build/zed_ipc' returned '0': CMAKE_PREFIX_PATH=/root/ros_workspace/install/zed_multi_camera:/root/ros_workspace/install/zed_wrapper:/root/ros_workspace/install/zed_components:/root/ros_workspace/install/zed_ros2:/root/ros_workspace/install/zed_robot_integration:/root/ros_workspace/install/zed_isaac_ros_multi_camera:/root/ros_workspace/install/zed_isaac_ros_april_tag:/root/ros_workspace/install/zed_display_rviz2:/root/ros_workspace/install/zed_depth_to_laserscan:/root/ros_workspace/install/zed_tutorial_video:/root/ros_workspace/install/zed_tutorial_pos_tracking:/root/ros_workspace/install/zed_tutorial_depth:/root/ros_workspace/install/zed_topic_benchmark:/root/ros_workspace/install/zed_topic_benchmark_component:/root/ros_workspace/install/zed_topic_benchmark_interfaces:/root/ros_workspace/install/zed_isaac_ros_nitros_sub:/root/ros_workspace/install/rviz_plugin_zed_od:/root/ros_workspace/install/object_avoidance:/opt/ros/humble LD_LIBRARY_PATH=/root/ros_workspace/install/zed_components/lib:/root/ros_workspace/install/zed_topic_benchmark_component/lib:/root/ros_workspace/install/zed_topic_benchmark_interfaces/lib:/root/ros_workspace/install/rviz_plugin_zed_od/lib:/opt/ros/humble/opt/rviz_ogre_vendor/lib:/opt/ros/humble/lib/x86_64-linux-gnu:/opt/ros/humble/lib:/usr/lib/x86_64-linux-gnu:/usr/lib/i386-linux-gnu:/usr/local/cuda/lib64:/usr/local/nvidia/lib:/usr/local/nvidia/lib64 /usr/bin/cmake --install /root/ros_workspace/build/zed_ipc
