[0.016s] Invoking command in '/root/ros_workspace/build/zed_ros2': AMENT_PREFIX_PATH=/root/ros_workspace/install/zed_wrapper:/root/ros_workspace/install/zed_components:${AMENT_PREFIX_PATH} CMAKE_PREFIX_PATH=/root/ros_workspace/install/zed_wrapper:/root/ros_workspace/install/zed_components:/opt/ros/humble LD_LIBRARY_PATH=/root/ros_workspace/install/zed_components/lib:${LD_LIBRARY_PATH} /usr/bin/cmake --build /root/ros_workspace/build/zed_ros2 -- -j24 -l24
[0.042s] Invoked command in '/root/ros_workspace/build/zed_ros2' returned '0': AMENT_PREFIX_PATH=/root/ros_workspace/install/zed_wrapper:/root/ros_workspace/install/zed_components:${AMENT_PREFIX_PATH} CMAKE_PREFIX_PATH=/root/ros_workspace/install/zed_wrapper:/root/ros_workspace/install/zed_components:/opt/ros/humble LD_LIBRARY_PATH=/root/ros_workspace/install/zed_components/lib:${LD_LIBRARY_PATH} /usr/bin/cmake --build /root/ros_workspace/build/zed_ros2 -- -j24 -l24
[0.043s] Invoking command in '/root/ros_workspace/build/zed_ros2': AMENT_PREFIX_PATH=/root/ros_workspace/install/zed_wrapper:/root/ros_workspace/install/zed_components:${AMENT_PREFIX_PATH} CMAKE_PREFIX_PATH=/root/ros_workspace/install/zed_wrapper:/root/ros_workspace/install/zed_components:/opt/ros/humble LD_LIBRARY_PATH=/root/ros_workspace/install/zed_components/lib:${LD_LIBRARY_PATH} /usr/bin/cmake --install /root/ros_workspace/build/zed_ros2
[0.044s] -- Install configuration: "Release"
[0.044s] -- Execute custom install script
[0.044s] -- Up-to-date symlink: /root/ros_workspace/install/zed_ros2/share/ament_index/resource_index/package_run_dependencies/zed_ros2
[0.044s] -- Up-to-date symlink: /root/ros_workspace/install/zed_ros2/share/ament_index/resource_index/parent_prefix_path/zed_ros2
[0.044s] -- Up-to-date symlink: /root/ros_workspace/install/zed_ros2/share/zed_ros2/environment/ament_prefix_path.sh
[0.044s] -- Up-to-date symlink: /root/ros_workspace/install/zed_ros2/share/zed_ros2/environment/ament_prefix_path.dsv
[0.045s] -- Up-to-date symlink: /root/ros_workspace/install/zed_ros2/share/zed_ros2/environment/path.sh
[0.045s] -- Up-to-date symlink: /root/ros_workspace/install/zed_ros2/share/zed_ros2/environment/path.dsv
[0.045s] -- Up-to-date symlink: /root/ros_workspace/install/zed_ros2/share/zed_ros2/local_setup.bash
[0.045s] -- Up-to-date symlink: /root/ros_workspace/install/zed_ros2/share/zed_ros2/local_setup.sh
[0.045s] -- Up-to-date symlink: /root/ros_workspace/install/zed_ros2/share/zed_ros2/local_setup.zsh
[0.045s] -- Up-to-date symlink: /root/ros_workspace/install/zed_ros2/share/zed_ros2/local_setup.dsv
[0.045s] -- Symlinking: /root/ros_workspace/install/zed_ros2/share/zed_ros2/package.dsv
[0.048s] -- Up-to-date symlink: /root/ros_workspace/install/zed_ros2/share/ament_index/resource_index/packages/zed_ros2
[0.048s] -- Up-to-date symlink: /root/ros_workspace/install/zed_ros2/share/zed_ros2/cmake/zed_ros2Config.cmake
[0.048s] -- Up-to-date symlink: /root/ros_workspace/install/zed_ros2/share/zed_ros2/cmake/zed_ros2Config-version.cmake
[0.049s] -- Up-to-date symlink: /root/ros_workspace/install/zed_ros2/share/zed_ros2/package.xml
[0.077s] Invoked command in '/root/ros_workspace/build/zed_ros2' returned '0': AMENT_PREFIX_PATH=/root/ros_workspace/install/zed_wrapper:/root/ros_workspace/install/zed_components:${AMENT_PREFIX_PATH} CMAKE_PREFIX_PATH=/root/ros_workspace/install/zed_wrapper:/root/ros_workspace/install/zed_components:/opt/ros/humble LD_LIBRARY_PATH=/root/ros_workspace/install/zed_components/lib:${LD_LIBRARY_PATH} /usr/bin/cmake --install /root/ros_workspace/build/zed_ros2
