running egg_info
writing ../../build/find_box/find_box.egg-info/PKG-INFO
writing dependency_links to ../../build/find_box/find_box.egg-info/dependency_links.txt
writing entry points to ../../build/find_box/find_box.egg-info/entry_points.txt
writing requirements to ../../build/find_box/find_box.egg-info/requires.txt
writing top-level names to ../../build/find_box/find_box.egg-info/top_level.txt
reading manifest file '../../build/find_box/find_box.egg-info/SOURCES.txt'
writing manifest file '../../build/find_box/find_box.egg-info/SOURCES.txt'
running build
running build_py
copying find_box/find_box.py -> /root/ros_workspace/build/find_box/build/lib/find_box
running install
running install_lib
copying /root/ros_workspace/build/find_box/build/lib/find_box/find_box.py -> /root/ros_workspace/install/find_box/lib/python3.10/site-packages/find_box
byte-compiling /root/ros_workspace/install/find_box/lib/python3.10/site-packages/find_box/find_box.py to find_box.cpython-310.pyc
running install_data
copying package.xml -> /root/ros_workspace/install/find_box/share/find_box
running install_egg_info
removing '/root/ros_workspace/install/find_box/lib/python3.10/site-packages/find_box-0.0.0-py3.10.egg-info' (and everything under it)
Copying ../../build/find_box/find_box.egg-info to /root/ros_workspace/install/find_box/lib/python3.10/site-packages/find_box-0.0.0-py3.10.egg-info
running install_scripts
writing list of installed files to '/root/ros_workspace/build/find_box/install.log'
