[0.279s] Invoking command in '/root/ros_workspace/build/turtlebot3_example': AMENT_PREFIX_PATH=/root/ros_workspace/install/turtlebot3_msgs:${AMENT_PREFIX_PATH} CMAKE_PREFIX_PATH=/root/ros_workspace/install/turtlebot3_msgs LD_LIBRARY_PATH=/root/ros_workspace/install/turtlebot3_msgs/lib:${LD_LIBRARY_PATH} PYTHONPATH=/root/ros_workspace/build/turtlebot3_example/prefix_override:/usr/lib/python3/dist-packages/colcon_core/task/python/colcon_distutils_commands:/root/ros_workspace/install/turtlebot3_example/lib/python3.10/site-packages:/root/ros_workspace/install/turtlebot3_msgs/local/lib/python3.10/dist-packages:${PYTHONPATH} /usr/bin/python3 -W ignore:setup.py install is deprecated -W ignore:easy_install command is deprecated setup.py develop --uninstall --editable --build-directory /root/ros_workspace/build/turtlebot3_example/build
[0.388s] running develop
[0.445s] Removing /root/ros_workspace/install/turtlebot3_example/lib/python3.10/site-packages/turtlebot3-example.egg-link (link to .)
[0.460s] Invoked command in '/root/ros_workspace/build/turtlebot3_example' returned '0': AMENT_PREFIX_PATH=/root/ros_workspace/install/turtlebot3_msgs:${AMENT_PREFIX_PATH} CMAKE_PREFIX_PATH=/root/ros_workspace/install/turtlebot3_msgs LD_LIBRARY_PATH=/root/ros_workspace/install/turtlebot3_msgs/lib:${LD_LIBRARY_PATH} PYTHONPATH=/root/ros_workspace/build/turtlebot3_example/prefix_override:/usr/lib/python3/dist-packages/colcon_core/task/python/colcon_distutils_commands:/root/ros_workspace/install/turtlebot3_example/lib/python3.10/site-packages:/root/ros_workspace/install/turtlebot3_msgs/local/lib/python3.10/dist-packages:${PYTHONPATH} /usr/bin/python3 -W ignore:setup.py install is deprecated -W ignore:easy_install command is deprecated setup.py develop --uninstall --editable --build-directory /root/ros_workspace/build/turtlebot3_example/build
[0.461s] Invoking command in '/root/ros_workspace/src/turtlebot3/turtlebot3_example': AMENT_PREFIX_PATH=/root/ros_workspace/install/turtlebot3_msgs:${AMENT_PREFIX_PATH} CMAKE_PREFIX_PATH=/root/ros_workspace/install/turtlebot3_msgs LD_LIBRARY_PATH=/root/ros_workspace/install/turtlebot3_msgs/lib:${LD_LIBRARY_PATH} PYTHONPATH=/root/ros_workspace/build/turtlebot3_example/prefix_override:/usr/lib/python3/dist-packages/colcon_core/task/python/colcon_distutils_commands:/root/ros_workspace/install/turtlebot3_example/lib/python3.10/site-packages:/root/ros_workspace/install/turtlebot3_msgs/local/lib/python3.10/dist-packages:${PYTHONPATH} /usr/bin/python3 -W ignore:setup.py install is deprecated -W ignore:easy_install command is deprecated setup.py egg_info --egg-base ../../../build/turtlebot3_example build --build-base /root/ros_workspace/build/turtlebot3_example/build install --record /root/ros_workspace/build/turtlebot3_example/install.log --single-version-externally-managed install_data --force
[0.561s] running egg_info
[0.561s] writing ../../../build/turtlebot3_example/turtlebot3_example.egg-info/PKG-INFO
[0.561s] writing dependency_links to ../../../build/turtlebot3_example/turtlebot3_example.egg-info/dependency_links.txt
[0.561s] writing entry points to ../../../build/turtlebot3_example/turtlebot3_example.egg-info/entry_points.txt
[0.561s] writing requirements to ../../../build/turtlebot3_example/turtlebot3_example.egg-info/requires.txt
[0.561s] writing top-level names to ../../../build/turtlebot3_example/turtlebot3_example.egg-info/top_level.txt
[0.562s] reading manifest file '../../../build/turtlebot3_example/turtlebot3_example.egg-info/SOURCES.txt'
[0.562s] writing manifest file '../../../build/turtlebot3_example/turtlebot3_example.egg-info/SOURCES.txt'
[0.562s] running build
[0.563s] running build_py
[0.563s] creating /root/ros_workspace/build/turtlebot3_example/build
[0.563s] creating /root/ros_workspace/build/turtlebot3_example/build/lib
[0.563s] creating /root/ros_workspace/build/turtlebot3_example/build/lib/turtlebot3_example
[0.563s] copying turtlebot3_example/__init__.py -> /root/ros_workspace/build/turtlebot3_example/build/lib/turtlebot3_example
[0.563s] creating /root/ros_workspace/build/turtlebot3_example/build/lib/turtlebot3_example/turtlebot3_interactive_marker
[0.563s] copying turtlebot3_example/turtlebot3_interactive_marker/turtlebot3_interactive_marker.py -> /root/ros_workspace/build/turtlebot3_example/build/lib/turtlebot3_example/turtlebot3_interactive_marker
[0.563s] copying turtlebot3_example/turtlebot3_interactive_marker/__init__.py -> /root/ros_workspace/build/turtlebot3_example/build/lib/turtlebot3_example/turtlebot3_interactive_marker
[0.563s] creating /root/ros_workspace/build/turtlebot3_example/build/lib/turtlebot3_example/turtlebot3_patrol
[0.563s] copying turtlebot3_example/turtlebot3_patrol/turtlebot3_patrol_client.py -> /root/ros_workspace/build/turtlebot3_example/build/lib/turtlebot3_example/turtlebot3_patrol
[0.563s] copying turtlebot3_example/turtlebot3_patrol/__init__.py -> /root/ros_workspace/build/turtlebot3_example/build/lib/turtlebot3_example/turtlebot3_patrol
[0.563s] copying turtlebot3_example/turtlebot3_patrol/turtlebot3_patrol_server.py -> /root/ros_workspace/build/turtlebot3_example/build/lib/turtlebot3_example/turtlebot3_patrol
[0.563s] creating /root/ros_workspace/build/turtlebot3_example/build/lib/turtlebot3_example/turtlebot3_absolute_move
[0.563s] copying turtlebot3_example/turtlebot3_absolute_move/turtlebot3_absolute_move.py -> /root/ros_workspace/build/turtlebot3_example/build/lib/turtlebot3_example/turtlebot3_absolute_move
[0.563s] copying turtlebot3_example/turtlebot3_absolute_move/__init__.py -> /root/ros_workspace/build/turtlebot3_example/build/lib/turtlebot3_example/turtlebot3_absolute_move
[0.563s] creating /root/ros_workspace/build/turtlebot3_example/build/lib/turtlebot3_example/turtlebot3_obstacle_detection
[0.564s] copying turtlebot3_example/turtlebot3_obstacle_detection/__init__.py -> /root/ros_workspace/build/turtlebot3_example/build/lib/turtlebot3_example/turtlebot3_obstacle_detection
[0.564s] copying turtlebot3_example/turtlebot3_obstacle_detection/turtlebot3_obstacle_detection.py -> /root/ros_workspace/build/turtlebot3_example/build/lib/turtlebot3_example/turtlebot3_obstacle_detection
[0.564s] creating /root/ros_workspace/build/turtlebot3_example/build/lib/turtlebot3_example/turtlebot3_relative_move
[0.564s] copying turtlebot3_example/turtlebot3_relative_move/turtlebot3_relative_move.py -> /root/ros_workspace/build/turtlebot3_example/build/lib/turtlebot3_example/turtlebot3_relative_move
[0.564s] copying turtlebot3_example/turtlebot3_relative_move/__init__.py -> /root/ros_workspace/build/turtlebot3_example/build/lib/turtlebot3_example/turtlebot3_relative_move
[0.564s] running install
[0.564s] running install_lib
[0.564s] creating /root/ros_workspace/install/turtlebot3_example/lib/python3.10/site-packages/turtlebot3_example
[0.564s] creating /root/ros_workspace/install/turtlebot3_example/lib/python3.10/site-packages/turtlebot3_example/turtlebot3_interactive_marker
[0.564s] copying /root/ros_workspace/build/turtlebot3_example/build/lib/turtlebot3_example/turtlebot3_interactive_marker/turtlebot3_interactive_marker.py -> /root/ros_workspace/install/turtlebot3_example/lib/python3.10/site-packages/turtlebot3_example/turtlebot3_interactive_marker
[0.564s] copying /root/ros_workspace/build/turtlebot3_example/build/lib/turtlebot3_example/turtlebot3_interactive_marker/__init__.py -> /root/ros_workspace/install/turtlebot3_example/lib/python3.10/site-packages/turtlebot3_example/turtlebot3_interactive_marker
[0.564s] creating /root/ros_workspace/install/turtlebot3_example/lib/python3.10/site-packages/turtlebot3_example/turtlebot3_patrol
[0.564s] copying /root/ros_workspace/build/turtlebot3_example/build/lib/turtlebot3_example/turtlebot3_patrol/turtlebot3_patrol_client.py -> /root/ros_workspace/install/turtlebot3_example/lib/python3.10/site-packages/turtlebot3_example/turtlebot3_patrol
[0.564s] copying /root/ros_workspace/build/turtlebot3_example/build/lib/turtlebot3_example/turtlebot3_patrol/__init__.py -> /root/ros_workspace/install/turtlebot3_example/lib/python3.10/site-packages/turtlebot3_example/turtlebot3_patrol
[0.564s] copying /root/ros_workspace/build/turtlebot3_example/build/lib/turtlebot3_example/turtlebot3_patrol/turtlebot3_patrol_server.py -> /root/ros_workspace/install/turtlebot3_example/lib/python3.10/site-packages/turtlebot3_example/turtlebot3_patrol
[0.564s] creating /root/ros_workspace/install/turtlebot3_example/lib/python3.10/site-packages/turtlebot3_example/turtlebot3_absolute_move
[0.565s] copying /root/ros_workspace/build/turtlebot3_example/build/lib/turtlebot3_example/turtlebot3_absolute_move/turtlebot3_absolute_move.py -> /root/ros_workspace/install/turtlebot3_example/lib/python3.10/site-packages/turtlebot3_example/turtlebot3_absolute_move
[0.565s] copying /root/ros_workspace/build/turtlebot3_example/build/lib/turtlebot3_example/turtlebot3_absolute_move/__init__.py -> /root/ros_workspace/install/turtlebot3_example/lib/python3.10/site-packages/turtlebot3_example/turtlebot3_absolute_move
[0.565s] creating /root/ros_workspace/install/turtlebot3_example/lib/python3.10/site-packages/turtlebot3_example/turtlebot3_obstacle_detection
[0.565s] copying /root/ros_workspace/build/turtlebot3_example/build/lib/turtlebot3_example/turtlebot3_obstacle_detection/__init__.py -> /root/ros_workspace/install/turtlebot3_example/lib/python3.10/site-packages/turtlebot3_example/turtlebot3_obstacle_detection
[0.565s] copying /root/ros_workspace/build/turtlebot3_example/build/lib/turtlebot3_example/turtlebot3_obstacle_detection/turtlebot3_obstacle_detection.py -> /root/ros_workspace/install/turtlebot3_example/lib/python3.10/site-packages/turtlebot3_example/turtlebot3_obstacle_detection
[0.565s] creating /root/ros_workspace/install/turtlebot3_example/lib/python3.10/site-packages/turtlebot3_example/turtlebot3_relative_move
[0.565s] copying /root/ros_workspace/build/turtlebot3_example/build/lib/turtlebot3_example/turtlebot3_relative_move/turtlebot3_relative_move.py -> /root/ros_workspace/install/turtlebot3_example/lib/python3.10/site-packages/turtlebot3_example/turtlebot3_relative_move
[0.565s] copying /root/ros_workspace/build/turtlebot3_example/build/lib/turtlebot3_example/turtlebot3_relative_move/__init__.py -> /root/ros_workspace/install/turtlebot3_example/lib/python3.10/site-packages/turtlebot3_example/turtlebot3_relative_move
[0.565s] copying /root/ros_workspace/build/turtlebot3_example/build/lib/turtlebot3_example/__init__.py -> /root/ros_workspace/install/turtlebot3_example/lib/python3.10/site-packages/turtlebot3_example
[0.565s] byte-compiling /root/ros_workspace/install/turtlebot3_example/lib/python3.10/site-packages/turtlebot3_example/turtlebot3_interactive_marker/turtlebot3_interactive_marker.py to turtlebot3_interactive_marker.cpython-310.pyc
[0.565s] byte-compiling /root/ros_workspace/install/turtlebot3_example/lib/python3.10/site-packages/turtlebot3_example/turtlebot3_interactive_marker/__init__.py to __init__.cpython-310.pyc
[0.565s] byte-compiling /root/ros_workspace/install/turtlebot3_example/lib/python3.10/site-packages/turtlebot3_example/turtlebot3_patrol/turtlebot3_patrol_client.py to turtlebot3_patrol_client.cpython-310.pyc
[0.565s] byte-compiling /root/ros_workspace/install/turtlebot3_example/lib/python3.10/site-packages/turtlebot3_example/turtlebot3_patrol/__init__.py to __init__.cpython-310.pyc
[0.565s] byte-compiling /root/ros_workspace/install/turtlebot3_example/lib/python3.10/site-packages/turtlebot3_example/turtlebot3_patrol/turtlebot3_patrol_server.py to turtlebot3_patrol_server.cpython-310.pyc
[0.566s] byte-compiling /root/ros_workspace/install/turtlebot3_example/lib/python3.10/site-packages/turtlebot3_example/turtlebot3_absolute_move/turtlebot3_absolute_move.py to turtlebot3_absolute_move.cpython-310.pyc
[0.566s] byte-compiling /root/ros_workspace/install/turtlebot3_example/lib/python3.10/site-packages/turtlebot3_example/turtlebot3_absolute_move/__init__.py to __init__.cpython-310.pyc
[0.566s] byte-compiling /root/ros_workspace/install/turtlebot3_example/lib/python3.10/site-packages/turtlebot3_example/turtlebot3_obstacle_detection/__init__.py to __init__.cpython-310.pyc
[0.567s] byte-compiling /root/ros_workspace/install/turtlebot3_example/lib/python3.10/site-packages/turtlebot3_example/turtlebot3_obstacle_detection/turtlebot3_obstacle_detection.py to turtlebot3_obstacle_detection.cpython-310.pyc
[0.567s] byte-compiling /root/ros_workspace/install/turtlebot3_example/lib/python3.10/site-packages/turtlebot3_example/turtlebot3_relative_move/turtlebot3_relative_move.py to turtlebot3_relative_move.cpython-310.pyc
[0.567s] byte-compiling /root/ros_workspace/install/turtlebot3_example/lib/python3.10/site-packages/turtlebot3_example/turtlebot3_relative_move/__init__.py to __init__.cpython-310.pyc
[0.567s] byte-compiling /root/ros_workspace/install/turtlebot3_example/lib/python3.10/site-packages/turtlebot3_example/__init__.py to __init__.cpython-310.pyc
[0.567s] running install_data
[0.567s] copying resource/turtlebot3_example -> /root/ros_workspace/install/turtlebot3_example/share/ament_index/resource_index/packages
[0.568s] copying package.xml -> /root/ros_workspace/install/turtlebot3_example/share/turtlebot3_example
[0.568s] running install_egg_info
[0.568s] Copying ../../../build/turtlebot3_example/turtlebot3_example.egg-info to /root/ros_workspace/install/turtlebot3_example/lib/python3.10/site-packages/turtlebot3_example-2.3.4-py3.10.egg-info
[0.569s] running install_scripts
[0.578s] Installing turtlebot3_absolute_move script to /root/ros_workspace/install/turtlebot3_example/lib/turtlebot3_example
[0.578s] Installing turtlebot3_interactive_marker script to /root/ros_workspace/install/turtlebot3_example/lib/turtlebot3_example
[0.578s] Installing turtlebot3_obstacle_detection script to /root/ros_workspace/install/turtlebot3_example/lib/turtlebot3_example
[0.579s] Installing turtlebot3_patrol_client script to /root/ros_workspace/install/turtlebot3_example/lib/turtlebot3_example
[0.579s] Installing turtlebot3_patrol_server script to /root/ros_workspace/install/turtlebot3_example/lib/turtlebot3_example
[0.579s] Installing turtlebot3_relative_move script to /root/ros_workspace/install/turtlebot3_example/lib/turtlebot3_example
[0.579s] writing list of installed files to '/root/ros_workspace/build/turtlebot3_example/install.log'
[0.590s] Invoked command in '/root/ros_workspace/src/turtlebot3/turtlebot3_example' returned '0': AMENT_PREFIX_PATH=/root/ros_workspace/install/turtlebot3_msgs:${AMENT_PREFIX_PATH} CMAKE_PREFIX_PATH=/root/ros_workspace/install/turtlebot3_msgs LD_LIBRARY_PATH=/root/ros_workspace/install/turtlebot3_msgs/lib:${LD_LIBRARY_PATH} PYTHONPATH=/root/ros_workspace/build/turtlebot3_example/prefix_override:/usr/lib/python3/dist-packages/colcon_core/task/python/colcon_distutils_commands:/root/ros_workspace/install/turtlebot3_example/lib/python3.10/site-packages:/root/ros_workspace/install/turtlebot3_msgs/local/lib/python3.10/dist-packages:${PYTHONPATH} /usr/bin/python3 -W ignore:setup.py install is deprecated -W ignore:easy_install command is deprecated setup.py egg_info --egg-base ../../../build/turtlebot3_example build --build-base /root/ros_workspace/build/turtlebot3_example/build install --record /root/ros_workspace/build/turtlebot3_example/install.log --single-version-externally-managed install_data --force
