[0.008s] Invoking command in '/root/ros_workspace/build/zed_wrapper': AMENT_PREFIX_PATH=/root/ros_workspace/install/zed_components:${AMENT_PREFIX_PATH} CMAKE_PREFIX_PATH=/root/ros_workspace/install/zed_components:/opt/ros/humble LD_LIBRARY_PATH=/root/ros_workspace/install/zed_components/lib:${LD_LIBRARY_PATH} /usr/bin/cmake /root/ros_workspace/src/zed-ros2-wrapper/zed_wrapper -DCMAKE_BUILD_TYPE=Release -DAMENT_CMAKE_SYMLINK_INSTALL=1 -DCMAKE_INSTALL_PREFIX=/root/ros_workspace/install/zed_wrapper
[0.097s] -- The C compiler identification is GNU 11.4.0
[0.139s] -- The CXX compiler identification is GNU 11.4.0
[0.143s] -- Detecting C compiler ABI info
[0.216s] -- Detecting C compiler ABI info - done
[0.222s] -- Check for working C compiler: /usr/bin/cc - skipped
[0.223s] -- Detecting C compile features
[0.223s] -- Detecting C compile features - done
[0.226s] -- Detecting CXX compiler ABI info
[0.311s] -- Detecting CXX compiler ABI info - done
[0.319s] -- Check for working CXX compiler: /usr/bin/c++ - skipped
[0.320s] -- Detecting CXX compile features
[0.321s] -- Detecting CXX compile features - done
[0.323s] -- Found ament_cmake_auto: 1.3.12 (/opt/ros/humble/share/ament_cmake_auto/cmake)
[0.448s] -- Found Python3: /usr/bin/python3 (found version "3.10.12") found components: Interpreter 
[0.486s] -- Override CMake install command with custom implementation using symlinks instead of copying resources
[0.561s] -- Found rosidl_generator_c: 3.1.7 (/opt/ros/humble/share/rosidl_generator_c/cmake)
[0.563s] -- Found rosidl_adapter: 3.1.7 (/opt/ros/humble/share/rosidl_adapter/cmake)
[0.567s] -- Found rosidl_generator_cpp: 3.1.7 (/opt/ros/humble/share/rosidl_generator_cpp/cmake)
[0.572s] -- Using all available rosidl_typesupport_c: rosidl_typesupport_fastrtps_c;rosidl_typesupport_introspection_c
[0.580s] -- Using all available rosidl_typesupport_cpp: rosidl_typesupport_fastrtps_cpp;rosidl_typesupport_introspection_cpp
[0.601s] -- Found rmw_implementation_cmake: 6.1.2 (/opt/ros/humble/share/rmw_implementation_cmake/cmake)
[0.602s] -- Found rmw_fastrtps_cpp: 6.2.9 (/opt/ros/humble/share/rmw_fastrtps_cpp/cmake)
[0.692s] -- Found OpenSSL: /usr/lib/x86_64-linux-gnu/libcrypto.so (found version "3.0.2")  
[0.725s] -- Found FastRTPS: /opt/ros/humble/include  
[0.753s] -- Using RMW implementation 'rmw_fastrtps_cpp' as default
[0.762s] -- Looking for pthread.h
[0.873s] -- Looking for pthread.h - found
[0.873s] -- Performing Test CMAKE_HAVE_LIBC_PTHREAD
[0.979s] -- Performing Test CMAKE_HAVE_LIBC_PTHREAD - Success
[0.981s] -- Found Threads: TRUE  
[1.091s] -- Found eigen3_cmake_module: 0.1.1 (/opt/ros/humble/share/eigen3_cmake_module/cmake)
[1.092s] -- Found Eigen3: TRUE (found version "3.4.0") 
[1.092s] -- Ensuring Eigen3 include directory is part of orocos-kdl CMake target
[1.195s] -- Configuring done
[1.197s] -- Generating done
[1.198s] -- Build files have been written to: /root/ros_workspace/build/zed_wrapper
[1.203s] Invoked command in '/root/ros_workspace/build/zed_wrapper' returned '0': AMENT_PREFIX_PATH=/root/ros_workspace/install/zed_components:${AMENT_PREFIX_PATH} CMAKE_PREFIX_PATH=/root/ros_workspace/install/zed_components:/opt/ros/humble LD_LIBRARY_PATH=/root/ros_workspace/install/zed_components/lib:${LD_LIBRARY_PATH} /usr/bin/cmake /root/ros_workspace/src/zed-ros2-wrapper/zed_wrapper -DCMAKE_BUILD_TYPE=Release -DAMENT_CMAKE_SYMLINK_INSTALL=1 -DCMAKE_INSTALL_PREFIX=/root/ros_workspace/install/zed_wrapper
[1.204s] Invoking command in '/root/ros_workspace/build/zed_wrapper': AMENT_PREFIX_PATH=/root/ros_workspace/install/zed_components:${AMENT_PREFIX_PATH} CMAKE_PREFIX_PATH=/root/ros_workspace/install/zed_components:/opt/ros/humble LD_LIBRARY_PATH=/root/ros_workspace/install/zed_components/lib:${LD_LIBRARY_PATH} /usr/bin/cmake --build /root/ros_workspace/build/zed_wrapper -- -j24 -l24
[1.232s] Invoked command in '/root/ros_workspace/build/zed_wrapper' returned '0': AMENT_PREFIX_PATH=/root/ros_workspace/install/zed_components:${AMENT_PREFIX_PATH} CMAKE_PREFIX_PATH=/root/ros_workspace/install/zed_components:/opt/ros/humble LD_LIBRARY_PATH=/root/ros_workspace/install/zed_components/lib:${LD_LIBRARY_PATH} /usr/bin/cmake --build /root/ros_workspace/build/zed_wrapper -- -j24 -l24
[1.233s] Invoking command in '/root/ros_workspace/build/zed_wrapper': AMENT_PREFIX_PATH=/root/ros_workspace/install/zed_components:${AMENT_PREFIX_PATH} CMAKE_PREFIX_PATH=/root/ros_workspace/install/zed_components:/opt/ros/humble LD_LIBRARY_PATH=/root/ros_workspace/install/zed_components/lib:${LD_LIBRARY_PATH} /usr/bin/cmake --install /root/ros_workspace/build/zed_wrapper
[1.243s] -- Install configuration: "Release"
[1.243s] -- Execute custom install script
[1.244s] -- Symlinking: /root/ros_workspace/install/zed_wrapper/share/zed_wrapper/config/common_mono.yaml
[1.255s] -- Symlinking: /root/ros_workspace/install/zed_wrapper/share/zed_wrapper/config/common_stereo.yaml
[1.267s] -- Symlinking: /root/ros_workspace/install/zed_wrapper/share/zed_wrapper/config/custom_object_detection.yaml
[1.283s] -- Symlinking: /root/ros_workspace/install/zed_wrapper/share/zed_wrapper/config/object_detection.yaml
[1.293s] -- Symlinking: /root/ros_workspace/install/zed_wrapper/share/zed_wrapper/config/virtual.yaml
[1.306s] -- Symlinking: /root/ros_workspace/install/zed_wrapper/share/zed_wrapper/config/zed.yaml
[1.315s] -- Symlinking: /root/ros_workspace/install/zed_wrapper/share/zed_wrapper/config/zed2.yaml
[1.323s] -- Symlinking: /root/ros_workspace/install/zed_wrapper/share/zed_wrapper/config/zed2i.yaml
[1.337s] -- Symlinking: /root/ros_workspace/install/zed_wrapper/share/zed_wrapper/config/zedm.yaml
[1.348s] -- Symlinking: /root/ros_workspace/install/zed_wrapper/share/zed_wrapper/config/zedx.yaml
[1.365s] -- Symlinking: /root/ros_workspace/install/zed_wrapper/share/zed_wrapper/config/zedxhdr.yaml
[1.382s] -- Symlinking: /root/ros_workspace/install/zed_wrapper/share/zed_wrapper/config/zedxhdrmax.yaml
[1.400s] -- Symlinking: /root/ros_workspace/install/zed_wrapper/share/zed_wrapper/config/zedxhdrmini.yaml
[1.413s] -- Symlinking: /root/ros_workspace/install/zed_wrapper/share/zed_wrapper/config/zedxm.yaml
[1.426s] -- Symlinking: /root/ros_workspace/install/zed_wrapper/share/zed_wrapper/config/zedxone4k.yaml
[1.442s] -- Symlinking: /root/ros_workspace/install/zed_wrapper/share/zed_wrapper/config/zedxonegs.yaml
[1.461s] -- Symlinking: /root/ros_workspace/install/zed_wrapper/share/zed_wrapper/config/zedxonehdr.yaml
[1.471s] -- Symlinking: /root/ros_workspace/install/zed_wrapper/share/zed_wrapper/urdf/include/materials.urdf.xacro
[1.482s] -- Symlinking: /root/ros_workspace/install/zed_wrapper/share/zed_wrapper/urdf/zed_descr.urdf.xacro
[1.491s] -- Symlinking: /root/ros_workspace/install/zed_wrapper/share/zed_wrapper/urdf/zed_macro.urdf.xacro
[1.499s] -- Symlinking: /root/ros_workspace/install/zed_wrapper/share/zed_wrapper/launch/zed_camera.launch.py
[1.513s] -- Symlinking: /root/ros_workspace/install/zed_wrapper/share/ament_index/resource_index/package_run_dependencies/zed_wrapper
[1.524s] -- Symlinking: /root/ros_workspace/install/zed_wrapper/share/ament_index/resource_index/parent_prefix_path/zed_wrapper
[1.540s] -- Symlinking: /root/ros_workspace/install/zed_wrapper/share/zed_wrapper/environment/ament_prefix_path.sh
[1.554s] -- Symlinking: /root/ros_workspace/install/zed_wrapper/share/zed_wrapper/environment/ament_prefix_path.dsv
[1.569s] -- Symlinking: /root/ros_workspace/install/zed_wrapper/share/zed_wrapper/environment/path.sh
[1.585s] -- Symlinking: /root/ros_workspace/install/zed_wrapper/share/zed_wrapper/environment/path.dsv
[1.604s] -- Symlinking: /root/ros_workspace/install/zed_wrapper/share/zed_wrapper/local_setup.bash
[1.623s] -- Symlinking: /root/ros_workspace/install/zed_wrapper/share/zed_wrapper/local_setup.sh
[1.637s] -- Symlinking: /root/ros_workspace/install/zed_wrapper/share/zed_wrapper/local_setup.zsh
[1.646s] -- Symlinking: /root/ros_workspace/install/zed_wrapper/share/zed_wrapper/local_setup.dsv
[1.655s] -- Symlinking: /root/ros_workspace/install/zed_wrapper/share/zed_wrapper/package.dsv
[1.669s] -- Symlinking: /root/ros_workspace/install/zed_wrapper/share/ament_index/resource_index/packages/zed_wrapper
[1.683s] -- Symlinking: /root/ros_workspace/install/zed_wrapper/share/zed_wrapper/cmake/zed_wrapperConfig.cmake
[1.700s] -- Symlinking: /root/ros_workspace/install/zed_wrapper/share/zed_wrapper/cmake/zed_wrapperConfig-version.cmake
[1.711s] -- Symlinking: /root/ros_workspace/install/zed_wrapper/share/zed_wrapper/package.xml
[1.725s] Invoked command in '/root/ros_workspace/build/zed_wrapper' returned '0': AMENT_PREFIX_PATH=/root/ros_workspace/install/zed_components:${AMENT_PREFIX_PATH} CMAKE_PREFIX_PATH=/root/ros_workspace/install/zed_components:/opt/ros/humble LD_LIBRARY_PATH=/root/ros_workspace/install/zed_components/lib:${LD_LIBRARY_PATH} /usr/bin/cmake --install /root/ros_workspace/build/zed_wrapper
