[0.008s] Invoking command in '/root/ros_workspace/build/turtlebot3_node': AMENT_PREFIX_PATH=/root/ros_workspace/install/turtlebot3_msgs:/root/ros_workspace/install/dynamixel_sdk:${AMENT_PREFIX_PATH} CMAKE_PREFIX_PATH=/root/ros_workspace/install/turtlebot3_msgs:/root/ros_workspace/install/dynamixel_sdk:/opt/ros/humble LD_LIBRARY_PATH=/root/ros_workspace/install/turtlebot3_msgs/lib:/root/ros_workspace/install/dynamixel_sdk/lib:${LD_LIBRARY_PATH} PYTHONPATH=/root/ros_workspace/install/turtlebot3_msgs/local/lib/python3.10/dist-packages:/root/ros_workspace/install/dynamixel_sdk/local/lib/python3.10/dist-packages:${PYTHONPATH} /usr/bin/cmake /root/ros_workspace/src/turtlebot3/turtlebot3_node -DCMAKE_INSTALL_PREFIX=/root/ros_workspace/install/turtlebot3_node
[0.014s] -- Found ament_cmake: 1.3.12 (/opt/ros/humble/share/ament_cmake/cmake)
[0.076s] -- Override CMake install command with custom implementation using symlinks instead of copying resources
[0.079s] -- Found dynamixel_sdk: 3.8.4 (/root/ros_workspace/install/dynamixel_sdk/share/dynamixel_sdk/cmake)
[0.080s] -- Found geometry_msgs: 4.9.0 (/opt/ros/humble/share/geometry_msgs/cmake)
[0.092s] -- Found rosidl_generator_c: 3.1.7 (/opt/ros/humble/share/rosidl_generator_c/cmake)
[0.093s] -- Found rosidl_adapter: 3.1.7 (/opt/ros/humble/share/rosidl_adapter/cmake)
[0.096s] -- Found rosidl_generator_cpp: 3.1.7 (/opt/ros/humble/share/rosidl_generator_cpp/cmake)
[0.101s] -- Using all available rosidl_typesupport_c: rosidl_typesupport_fastrtps_c;rosidl_typesupport_introspection_c
[0.107s] -- Using all available rosidl_typesupport_cpp: rosidl_typesupport_fastrtps_cpp;rosidl_typesupport_introspection_cpp
[0.124s] -- Found message_filters: 4.3.11 (/opt/ros/humble/share/message_filters/cmake)
[0.138s] -- Found rmw_implementation_cmake: 6.1.2 (/opt/ros/humble/share/rmw_implementation_cmake/cmake)
[0.138s] -- Found rmw_fastrtps_cpp: 6.2.9 (/opt/ros/humble/share/rmw_fastrtps_cpp/cmake)
[0.206s] -- Using RMW implementation 'rmw_fastrtps_cpp' as default
[0.227s] -- Found nav_msgs: 4.9.0 (/opt/ros/humble/share/nav_msgs/cmake)
[0.237s] -- Found sensor_msgs: 4.9.0 (/opt/ros/humble/share/sensor_msgs/cmake)
[0.247s] -- Found std_srvs: 4.9.0 (/opt/ros/humble/share/std_srvs/cmake)
[0.252s] -- Found tf2: 0.25.17 (/opt/ros/humble/share/tf2/cmake)
[0.256s] -- Found tf2_ros: 0.25.17 (/opt/ros/humble/share/tf2_ros/cmake)
[0.298s] -- Found turtlebot3_msgs: 2.4.0 (/root/ros_workspace/install/turtlebot3_msgs/share/turtlebot3_msgs/cmake)
[0.344s] -- Configuring done
[0.353s] -- Generating done
[0.356s] -- Build files have been written to: /root/ros_workspace/build/turtlebot3_node
[0.360s] Invoked command in '/root/ros_workspace/build/turtlebot3_node' returned '0': AMENT_PREFIX_PATH=/root/ros_workspace/install/turtlebot3_msgs:/root/ros_workspace/install/dynamixel_sdk:${AMENT_PREFIX_PATH} CMAKE_PREFIX_PATH=/root/ros_workspace/install/turtlebot3_msgs:/root/ros_workspace/install/dynamixel_sdk:/opt/ros/humble LD_LIBRARY_PATH=/root/ros_workspace/install/turtlebot3_msgs/lib:/root/ros_workspace/install/dynamixel_sdk/lib:${LD_LIBRARY_PATH} PYTHONPATH=/root/ros_workspace/install/turtlebot3_msgs/local/lib/python3.10/dist-packages:/root/ros_workspace/install/dynamixel_sdk/local/lib/python3.10/dist-packages:${PYTHONPATH} /usr/bin/cmake /root/ros_workspace/src/turtlebot3/turtlebot3_node -DCMAKE_INSTALL_PREFIX=/root/ros_workspace/install/turtlebot3_node
[0.361s] Invoking command in '/root/ros_workspace/build/turtlebot3_node': AMENT_PREFIX_PATH=/root/ros_workspace/install/turtlebot3_msgs:/root/ros_workspace/install/dynamixel_sdk:${AMENT_PREFIX_PATH} CMAKE_PREFIX_PATH=/root/ros_workspace/install/turtlebot3_msgs:/root/ros_workspace/install/dynamixel_sdk:/opt/ros/humble LD_LIBRARY_PATH=/root/ros_workspace/install/turtlebot3_msgs/lib:/root/ros_workspace/install/dynamixel_sdk/lib:${LD_LIBRARY_PATH} PYTHONPATH=/root/ros_workspace/install/turtlebot3_msgs/local/lib/python3.10/dist-packages:/root/ros_workspace/install/dynamixel_sdk/local/lib/python3.10/dist-packages:${PYTHONPATH} /usr/bin/cmake --build /root/ros_workspace/build/turtlebot3_node -- -j24 -l24
[0.394s] [35m[1mConsolidate compiler generated dependencies of target turtlebot3_node_lib[0m
[0.416s] [ 85%] Built target turtlebot3_node_lib
[0.423s] [35m[1mConsolidate compiler generated dependencies of target turtlebot3_ros[0m
[0.433s] [100%] Built target turtlebot3_ros
[0.441s] Invoked command in '/root/ros_workspace/build/turtlebot3_node' returned '0': AMENT_PREFIX_PATH=/root/ros_workspace/install/turtlebot3_msgs:/root/ros_workspace/install/dynamixel_sdk:${AMENT_PREFIX_PATH} CMAKE_PREFIX_PATH=/root/ros_workspace/install/turtlebot3_msgs:/root/ros_workspace/install/dynamixel_sdk:/opt/ros/humble LD_LIBRARY_PATH=/root/ros_workspace/install/turtlebot3_msgs/lib:/root/ros_workspace/install/dynamixel_sdk/lib:${LD_LIBRARY_PATH} PYTHONPATH=/root/ros_workspace/install/turtlebot3_msgs/local/lib/python3.10/dist-packages:/root/ros_workspace/install/dynamixel_sdk/local/lib/python3.10/dist-packages:${PYTHONPATH} /usr/bin/cmake --build /root/ros_workspace/build/turtlebot3_node -- -j24 -l24
[0.442s] Invoking command in '/root/ros_workspace/build/turtlebot3_node': AMENT_PREFIX_PATH=/root/ros_workspace/install/turtlebot3_msgs:/root/ros_workspace/install/dynamixel_sdk:${AMENT_PREFIX_PATH} CMAKE_PREFIX_PATH=/root/ros_workspace/install/turtlebot3_msgs:/root/ros_workspace/install/dynamixel_sdk:/opt/ros/humble LD_LIBRARY_PATH=/root/ros_workspace/install/turtlebot3_msgs/lib:/root/ros_workspace/install/dynamixel_sdk/lib:${LD_LIBRARY_PATH} PYTHONPATH=/root/ros_workspace/install/turtlebot3_msgs/local/lib/python3.10/dist-packages:/root/ros_workspace/install/dynamixel_sdk/local/lib/python3.10/dist-packages:${PYTHONPATH} /usr/bin/cmake --install /root/ros_workspace/build/turtlebot3_node
[0.445s] -- Install configuration: ""
[0.445s] -- Execute custom install script
[0.445s] -- Up-to-date symlink: /root/ros_workspace/install/turtlebot3_node/share/turtlebot3_node/param/burger.yaml
[0.445s] -- Up-to-date symlink: /root/ros_workspace/install/turtlebot3_node/share/turtlebot3_node/param/waffle.yaml
[0.445s] -- Up-to-date symlink: /root/ros_workspace/install/turtlebot3_node/share/turtlebot3_node/param/waffle_pi.yaml
[0.445s] -- Up-to-date symlink: /root/ros_workspace/install/turtlebot3_node/lib/turtlebot3_node/turtlebot3_ros
[0.445s] -- Up-to-date symlink: /root/ros_workspace/install/turtlebot3_node/share/ament_index/resource_index/package_run_dependencies/turtlebot3_node
[0.445s] -- Up-to-date symlink: /root/ros_workspace/install/turtlebot3_node/share/ament_index/resource_index/parent_prefix_path/turtlebot3_node
[0.446s] -- Up-to-date symlink: /root/ros_workspace/install/turtlebot3_node/share/turtlebot3_node/environment/ament_prefix_path.sh
[0.446s] -- Up-to-date symlink: /root/ros_workspace/install/turtlebot3_node/share/turtlebot3_node/environment/ament_prefix_path.dsv
[0.446s] -- Up-to-date symlink: /root/ros_workspace/install/turtlebot3_node/share/turtlebot3_node/environment/path.sh
[0.446s] -- Up-to-date symlink: /root/ros_workspace/install/turtlebot3_node/share/turtlebot3_node/environment/path.dsv
[0.446s] -- Up-to-date symlink: /root/ros_workspace/install/turtlebot3_node/share/turtlebot3_node/local_setup.bash
[0.446s] -- Up-to-date symlink: /root/ros_workspace/install/turtlebot3_node/share/turtlebot3_node/local_setup.sh
[0.446s] -- Up-to-date symlink: /root/ros_workspace/install/turtlebot3_node/share/turtlebot3_node/local_setup.zsh
[0.446s] -- Up-to-date symlink: /root/ros_workspace/install/turtlebot3_node/share/turtlebot3_node/local_setup.dsv
[0.446s] -- Symlinking: /root/ros_workspace/install/turtlebot3_node/share/turtlebot3_node/package.dsv
[0.452s] -- Up-to-date symlink: /root/ros_workspace/install/turtlebot3_node/share/ament_index/resource_index/packages/turtlebot3_node
[0.452s] -- Up-to-date symlink: /root/ros_workspace/install/turtlebot3_node/share/turtlebot3_node/cmake/ament_cmake_export_dependencies-extras.cmake
[0.452s] -- Up-to-date symlink: /root/ros_workspace/install/turtlebot3_node/share/turtlebot3_node/cmake/ament_cmake_export_include_directories-extras.cmake
[0.452s] -- Up-to-date symlink: /root/ros_workspace/install/turtlebot3_node/share/turtlebot3_node/cmake/turtlebot3_nodeConfig.cmake
[0.452s] -- Up-to-date symlink: /root/ros_workspace/install/turtlebot3_node/share/turtlebot3_node/cmake/turtlebot3_nodeConfig-version.cmake
[0.452s] -- Up-to-date symlink: /root/ros_workspace/install/turtlebot3_node/share/turtlebot3_node/package.xml
[0.454s] Invoked command in '/root/ros_workspace/build/turtlebot3_node' returned '0': AMENT_PREFIX_PATH=/root/ros_workspace/install/turtlebot3_msgs:/root/ros_workspace/install/dynamixel_sdk:${AMENT_PREFIX_PATH} CMAKE_PREFIX_PATH=/root/ros_workspace/install/turtlebot3_msgs:/root/ros_workspace/install/dynamixel_sdk:/opt/ros/humble LD_LIBRARY_PATH=/root/ros_workspace/install/turtlebot3_msgs/lib:/root/ros_workspace/install/dynamixel_sdk/lib:${LD_LIBRARY_PATH} PYTHONPATH=/root/ros_workspace/install/turtlebot3_msgs/local/lib/python3.10/dist-packages:/root/ros_workspace/install/dynamixel_sdk/local/lib/python3.10/dist-packages:${PYTHONPATH} /usr/bin/cmake --install /root/ros_workspace/build/turtlebot3_node
