-- Found CUDA: /usr/local/cuda (found suitable version "12.8", minimum required is "12") 
-- Found CUDA: /usr/local/cuda (found version "12.8") 
-- Found ament_cmake_auto: 1.3.12 (/opt/ros/humble/share/ament_cmake_auto/cmake)
-- Override CMake install command with custom implementation using symlinks instead of copying resources
-- Found rosidl_generator_c: 3.1.7 (/opt/ros/humble/share/rosidl_generator_c/cmake)
-- Found rosidl_adapter: 3.1.7 (/opt/ros/humble/share/rosidl_adapter/cmake)
-- Found rosidl_generator_cpp: 3.1.7 (/opt/ros/humble/share/rosidl_generator_cpp/cmake)
-- Using all available rosidl_typesupport_c: rosidl_typesupport_fastrtps_c;rosidl_typesupport_introspection_c
-- Using all available rosidl_typesupport_cpp: rosidl_typesupport_fastrtps_cpp;rosidl_typesupport_introspection_cpp
-- Found rmw_implementation_cmake: 6.1.2 (/opt/ros/humble/share/rmw_implementation_cmake/cmake)
-- Found rmw_fastrtps_cpp: 6.2.9 (/opt/ros/humble/share/rmw_fastrtps_cpp/cmake)
-- Using RMW implementation 'rmw_fastrtps_cpp' as default
-- Found eigen3_cmake_module: 0.1.1 (/opt/ros/humble/share/eigen3_cmake_module/cmake)
-- Ensuring Eigen3 include directory is part of orocos-kdl CMake target
-- Found ament_lint_auto: 0.12.14 (/opt/ros/humble/share/ament_lint_auto/cmake)
-- Added test 'copyright' to check source files copyright and LICENSE
-- Added test 'cppcheck' to perform static code analysis on C / C++ code
-- Configured cppcheck include dirs: /root/ros_workspace/src/zed-ros2-wrapper/zed_components/src/include;/root/ros_workspace/src/zed-ros2-wrapper/zed_components/src/zed_camera/include;/root/ros_workspace/src/zed-ros2-wrapper/zed_components/src/tools/include;/root/ros_workspace/src/zed-ros2-wrapper/zed_components/src/zed_camera_one/include
-- Configured cppcheck exclude dirs and/or files: 
-- Added test 'lint_cmake' to check CMake code style
-- Added test 'uncrustify' to check C / C++ code style
-- Configured uncrustify additional arguments: 
-- Added test 'xmllint' to check XML markup files
-- Configuring done
-- Generating done
-- Build files have been written to: /root/ros_workspace/build/zed_components
[35m[1mConsolidate compiler generated dependencies of target zed_camera_one_component[0m
[35m[1mConsolidate compiler generated dependencies of target zed_camera_component[0m
[ 11%] [32mBuilding CXX object CMakeFiles/zed_camera_component.dir/src/tools/src/gnss_replay.cpp.o[0m
[ 11%] [32mBuilding CXX object CMakeFiles/zed_camera_one_component.dir/src/tools/src/gnss_replay.cpp.o[0m
[ 17%] [32mBuilding CXX object CMakeFiles/zed_camera_one_component.dir/src/tools/src/sl_win_avg.cpp.o[0m
[ 23%] [32mBuilding CXX object CMakeFiles/zed_camera_one_component.dir/src/tools/src/sl_types.cpp.o[0m
[ 35%] [32mBuilding CXX object CMakeFiles/zed_camera_component.dir/src/tools/src/sl_tools.cpp.o[0m
[ 41%] [32mBuilding CXX object CMakeFiles/zed_camera_component.dir/src/tools/src/sl_win_avg.cpp.o[0m
[ 41%] [32mBuilding CXX object CMakeFiles/zed_camera_one_component.dir/src/tools/src/sl_tools.cpp.o[0m
[ 47%] [32mBuilding CXX object CMakeFiles/zed_camera_one_component.dir/src/zed_camera_one/src/zed_camera_one_component_sensors.cpp.o[0m
[ 58%] [32mBuilding CXX object CMakeFiles/zed_camera_component.dir/src/zed_camera/src/zed_camera_component_objdet.cpp.o[0m
[ 58%] [32mBuilding CXX object CMakeFiles/zed_camera_one_component.dir/src/zed_camera_one/src/zed_camera_one_component_video.cpp.o[0m
[ 64%] [32mBuilding CXX object CMakeFiles/zed_camera_component.dir/src/tools/src/sl_types.cpp.o[0m
[ 70%] [32mBuilding CXX object CMakeFiles/zed_camera_component.dir/src/zed_camera/src/zed_camera_component_video_depth.cpp.o[0m
[ 76%] [32mBuilding CXX object CMakeFiles/zed_camera_one_component.dir/src/zed_camera_one/src/zed_camera_one_component_main.cpp.o[0m
[ 82%] [32mBuilding CXX object CMakeFiles/zed_camera_component.dir/src/zed_camera/src/zed_camera_component_bodytrk.cpp.o[0m
[ 88%] [32mBuilding CXX object CMakeFiles/zed_camera_component.dir/src/zed_camera/src/zed_camera_component_main.cpp.o[0m
[ 94%] [32m[1mLinking CXX shared library libzed_camera_one_component.so[0m
[ 94%] Built target zed_camera_one_component
[100%] [32m[1mLinking CXX shared library libzed_camera_component.so[0m
[100%] Built target zed_camera_component
-- Install configuration: "Release"
-- Execute custom install script
-- Symlinking: /root/ros_workspace/install/zed_components/lib/libzed_camera_component.so
-- Symlinking: /root/ros_workspace/install/zed_components/lib/libzed_camera_one_component.so
-- Symlinking: /root/ros_workspace/install/zed_components/include/zed_components//cost_traversability.hpp
-- Symlinking: /root/ros_workspace/install/zed_components/include/zed_components//zed_camera_component.hpp
-- Symlinking: /root/ros_workspace/install/zed_components/include/zed_components//gnss_replay.hpp
-- Symlinking: /root/ros_workspace/install/zed_components/include/zed_components//json.hpp
-- Symlinking: /root/ros_workspace/install/zed_components/include/zed_components//sl_logging.hpp
-- Symlinking: /root/ros_workspace/install/zed_components/include/zed_components//sl_tools.hpp
-- Symlinking: /root/ros_workspace/install/zed_components/include/zed_components//sl_types.hpp
-- Symlinking: /root/ros_workspace/install/zed_components/include/zed_components//sl_win_avg.hpp
-- Symlinking: /root/ros_workspace/install/zed_components/include/zed_components//sl_version.hpp
-- Symlinking: /root/ros_workspace/install/zed_components/include/zed_components//visibility_control.hpp
-- Symlinking: /root/ros_workspace/install/zed_components/share/zed_components/environment/library_path.sh
-- Symlinking: /root/ros_workspace/install/zed_components/share/zed_components/environment/library_path.dsv
-- Symlinking: /root/ros_workspace/install/zed_components/share/ament_index/resource_index/package_run_dependencies/zed_components
-- Symlinking: /root/ros_workspace/install/zed_components/share/ament_index/resource_index/parent_prefix_path/zed_components
-- Symlinking: /root/ros_workspace/install/zed_components/share/zed_components/environment/ament_prefix_path.sh
-- Symlinking: /root/ros_workspace/install/zed_components/share/zed_components/environment/ament_prefix_path.dsv
-- Symlinking: /root/ros_workspace/install/zed_components/share/zed_components/environment/path.sh
-- Symlinking: /root/ros_workspace/install/zed_components/share/zed_components/environment/path.dsv
-- Symlinking: /root/ros_workspace/install/zed_components/share/zed_components/local_setup.bash
-- Symlinking: /root/ros_workspace/install/zed_components/share/zed_components/local_setup.sh
-- Symlinking: /root/ros_workspace/install/zed_components/share/zed_components/local_setup.zsh
-- Symlinking: /root/ros_workspace/install/zed_components/share/zed_components/local_setup.dsv
-- Symlinking: /root/ros_workspace/install/zed_components/share/zed_components/package.dsv
-- Symlinking: /root/ros_workspace/install/zed_components/share/ament_index/resource_index/packages/zed_components
-- Symlinking: /root/ros_workspace/install/zed_components/share/ament_index/resource_index/rclcpp_components/zed_components
-- Symlinking: /root/ros_workspace/install/zed_components/share/zed_components/cmake/ament_cmake_export_include_directories-extras.cmake
-- Symlinking: /root/ros_workspace/install/zed_components/share/zed_components/cmake/ament_cmake_export_libraries-extras.cmake
-- Symlinking: /root/ros_workspace/install/zed_components/share/zed_components/cmake/ament_cmake_export_dependencies-extras.cmake
-- Symlinking: /root/ros_workspace/install/zed_components/share/zed_components/cmake/zed_componentsConfig.cmake
-- Symlinking: /root/ros_workspace/install/zed_components/share/zed_components/cmake/zed_componentsConfig-version.cmake
-- Symlinking: /root/ros_workspace/install/zed_components/share/zed_components/package.xml
