[0.006s] Invoking command in '/root/ros_workspace/build/zed_components': CMAKE_PREFIX_PATH=/opt/ros/humble /usr/bin/cmake --build /root/ros_workspace/build/zed_components -- -j24 -l24
[0.046s] -- Found CUDA: /usr/local/cuda (found suitable version "12.8", minimum required is "12") 
[0.091s] -- Found CUDA: /usr/local/cuda (found version "12.8") 
[0.091s] -- Found ament_cmake_auto: 1.3.12 (/opt/ros/humble/share/ament_cmake_auto/cmake)
[0.153s] -- Override CMake install command with custom implementation using symlinks instead of copying resources
[0.196s] -- Found rosidl_generator_c: 3.1.7 (/opt/ros/humble/share/rosidl_generator_c/cmake)
[0.197s] -- Found rosidl_adapter: 3.1.7 (/opt/ros/humble/share/rosidl_adapter/cmake)
[0.200s] -- Found rosidl_generator_cpp: 3.1.7 (/opt/ros/humble/share/rosidl_generator_cpp/cmake)
[0.204s] -- Using all available rosidl_typesupport_c: rosidl_typesupport_fastrtps_c;rosidl_typesupport_introspection_c
[0.210s] -- Using all available rosidl_typesupport_cpp: rosidl_typesupport_fastrtps_cpp;rosidl_typesupport_introspection_cpp
[0.252s] -- Found rmw_implementation_cmake: 6.1.2 (/opt/ros/humble/share/rmw_implementation_cmake/cmake)
[0.253s] -- Found rmw_fastrtps_cpp: 6.2.9 (/opt/ros/humble/share/rmw_fastrtps_cpp/cmake)
[0.309s] -- Using RMW implementation 'rmw_fastrtps_cpp' as default
[0.407s] -- Found eigen3_cmake_module: 0.1.1 (/opt/ros/humble/share/eigen3_cmake_module/cmake)
[0.408s] -- Ensuring Eigen3 include directory is part of orocos-kdl CMake target
[0.467s] -- Found ament_lint_auto: 0.12.14 (/opt/ros/humble/share/ament_lint_auto/cmake)
[0.480s] -- Added test 'copyright' to check source files copyright and LICENSE
[0.481s] -- Added test 'cppcheck' to perform static code analysis on C / C++ code
[0.481s] -- Configured cppcheck include dirs: /root/ros_workspace/src/zed-ros2-wrapper/zed_components/src/include;/root/ros_workspace/src/zed-ros2-wrapper/zed_components/src/zed_camera/include;/root/ros_workspace/src/zed-ros2-wrapper/zed_components/src/tools/include;/root/ros_workspace/src/zed-ros2-wrapper/zed_components/src/zed_camera_one/include
[0.481s] -- Configured cppcheck exclude dirs and/or files: 
[0.481s] -- Added test 'lint_cmake' to check CMake code style
[0.482s] -- Added test 'uncrustify' to check C / C++ code style
[0.482s] -- Configured uncrustify additional arguments: 
[0.482s] -- Added test 'xmllint' to check XML markup files
[0.483s] -- Configuring done
[0.498s] -- Generating done
[0.503s] -- Build files have been written to: /root/ros_workspace/build/zed_components
[0.522s] [35m[1mConsolidate compiler generated dependencies of target zed_camera_one_component[0m
[0.523s] [35m[1mConsolidate compiler generated dependencies of target zed_camera_component[0m
[0.543s] [ 11%] [32mBuilding CXX object CMakeFiles/zed_camera_component.dir/src/tools/src/gnss_replay.cpp.o[0m
[0.543s] [ 11%] [32mBuilding CXX object CMakeFiles/zed_camera_one_component.dir/src/tools/src/gnss_replay.cpp.o[0m
[0.543s] [ 17%] [32mBuilding CXX object CMakeFiles/zed_camera_one_component.dir/src/tools/src/sl_win_avg.cpp.o[0m
[0.543s] [ 23%] [32mBuilding CXX object CMakeFiles/zed_camera_one_component.dir/src/tools/src/sl_types.cpp.o[0m
[0.544s] [ 35%] [32mBuilding CXX object CMakeFiles/zed_camera_component.dir/src/tools/src/sl_tools.cpp.o[0m
[0.544s] [ 41%] [32mBuilding CXX object CMakeFiles/zed_camera_component.dir/src/tools/src/sl_win_avg.cpp.o[0m
[0.544s] [ 41%] [32mBuilding CXX object CMakeFiles/zed_camera_one_component.dir/src/tools/src/sl_tools.cpp.o[0m
[0.544s] [ 47%] [32mBuilding CXX object CMakeFiles/zed_camera_one_component.dir/src/zed_camera_one/src/zed_camera_one_component_sensors.cpp.o[0m
[0.545s] [ 58%] [32mBuilding CXX object CMakeFiles/zed_camera_component.dir/src/zed_camera/src/zed_camera_component_objdet.cpp.o[0m
[0.545s] [ 58%] [32mBuilding CXX object CMakeFiles/zed_camera_one_component.dir/src/zed_camera_one/src/zed_camera_one_component_video.cpp.o[0m
[0.545s] [ 64%] [32mBuilding CXX object CMakeFiles/zed_camera_component.dir/src/tools/src/sl_types.cpp.o[0m
[0.546s] [ 70%] [32mBuilding CXX object CMakeFiles/zed_camera_component.dir/src/zed_camera/src/zed_camera_component_video_depth.cpp.o[0m
[0.546s] [ 76%] [32mBuilding CXX object CMakeFiles/zed_camera_one_component.dir/src/zed_camera_one/src/zed_camera_one_component_main.cpp.o[0m
[0.546s] [ 82%] [32mBuilding CXX object CMakeFiles/zed_camera_component.dir/src/zed_camera/src/zed_camera_component_bodytrk.cpp.o[0m
[0.546s] [ 88%] [32mBuilding CXX object CMakeFiles/zed_camera_component.dir/src/zed_camera/src/zed_camera_component_main.cpp.o[0m
[8.198s] [ 94%] [32m[1mLinking CXX shared library libzed_camera_one_component.so[0m
[8.427s] [ 94%] Built target zed_camera_one_component
[29.437s] [100%] [32m[1mLinking CXX shared library libzed_camera_component.so[0m
[29.742s] [100%] Built target zed_camera_component
[29.751s] Invoked command in '/root/ros_workspace/build/zed_components' returned '0': CMAKE_PREFIX_PATH=/opt/ros/humble /usr/bin/cmake --build /root/ros_workspace/build/zed_components -- -j24 -l24
[29.760s] Invoking command in '/root/ros_workspace/build/zed_components': CMAKE_PREFIX_PATH=/opt/ros/humble /usr/bin/cmake --install /root/ros_workspace/build/zed_components
[29.767s] -- Install configuration: "Release"
[29.768s] -- Execute custom install script
[29.768s] -- Symlinking: /root/ros_workspace/install/zed_components/lib/libzed_camera_component.so
[29.778s] -- Symlinking: /root/ros_workspace/install/zed_components/lib/libzed_camera_one_component.so
[29.786s] -- Symlinking: /root/ros_workspace/install/zed_components/include/zed_components//cost_traversability.hpp
[29.796s] -- Symlinking: /root/ros_workspace/install/zed_components/include/zed_components//zed_camera_component.hpp
[29.805s] -- Symlinking: /root/ros_workspace/install/zed_components/include/zed_components//gnss_replay.hpp
[29.815s] -- Symlinking: /root/ros_workspace/install/zed_components/include/zed_components//json.hpp
[29.822s] -- Symlinking: /root/ros_workspace/install/zed_components/include/zed_components//sl_logging.hpp
[29.827s] -- Symlinking: /root/ros_workspace/install/zed_components/include/zed_components//sl_tools.hpp
[29.834s] -- Symlinking: /root/ros_workspace/install/zed_components/include/zed_components//sl_types.hpp
[29.843s] -- Symlinking: /root/ros_workspace/install/zed_components/include/zed_components//sl_win_avg.hpp
[29.850s] -- Symlinking: /root/ros_workspace/install/zed_components/include/zed_components//sl_version.hpp
[29.858s] -- Symlinking: /root/ros_workspace/install/zed_components/include/zed_components//visibility_control.hpp
[29.869s] -- Symlinking: /root/ros_workspace/install/zed_components/share/zed_components/environment/library_path.sh
[29.884s] -- Symlinking: /root/ros_workspace/install/zed_components/share/zed_components/environment/library_path.dsv
[29.902s] -- Symlinking: /root/ros_workspace/install/zed_components/share/ament_index/resource_index/package_run_dependencies/zed_components
[29.915s] -- Symlinking: /root/ros_workspace/install/zed_components/share/ament_index/resource_index/parent_prefix_path/zed_components
[29.929s] -- Symlinking: /root/ros_workspace/install/zed_components/share/zed_components/environment/ament_prefix_path.sh
[29.945s] -- Symlinking: /root/ros_workspace/install/zed_components/share/zed_components/environment/ament_prefix_path.dsv
[29.957s] -- Symlinking: /root/ros_workspace/install/zed_components/share/zed_components/environment/path.sh
[29.974s] -- Symlinking: /root/ros_workspace/install/zed_components/share/zed_components/environment/path.dsv
[29.990s] -- Symlinking: /root/ros_workspace/install/zed_components/share/zed_components/local_setup.bash
[29.994s] -- Symlinking: /root/ros_workspace/install/zed_components/share/zed_components/local_setup.sh
[30.001s] -- Symlinking: /root/ros_workspace/install/zed_components/share/zed_components/local_setup.zsh
[30.006s] -- Symlinking: /root/ros_workspace/install/zed_components/share/zed_components/local_setup.dsv
[30.020s] -- Symlinking: /root/ros_workspace/install/zed_components/share/zed_components/package.dsv
[30.024s] -- Symlinking: /root/ros_workspace/install/zed_components/share/ament_index/resource_index/packages/zed_components
[30.029s] -- Symlinking: /root/ros_workspace/install/zed_components/share/ament_index/resource_index/rclcpp_components/zed_components
[30.034s] -- Symlinking: /root/ros_workspace/install/zed_components/share/zed_components/cmake/ament_cmake_export_include_directories-extras.cmake
[30.039s] -- Symlinking: /root/ros_workspace/install/zed_components/share/zed_components/cmake/ament_cmake_export_libraries-extras.cmake
[30.044s] -- Symlinking: /root/ros_workspace/install/zed_components/share/zed_components/cmake/ament_cmake_export_dependencies-extras.cmake
[30.047s] -- Symlinking: /root/ros_workspace/install/zed_components/share/zed_components/cmake/zed_componentsConfig.cmake
[30.052s] -- Symlinking: /root/ros_workspace/install/zed_components/share/zed_components/cmake/zed_componentsConfig-version.cmake
[30.057s] -- Symlinking: /root/ros_workspace/install/zed_components/share/zed_components/package.xml
[30.062s] Invoked command in '/root/ros_workspace/build/zed_components' returned '0': CMAKE_PREFIX_PATH=/opt/ros/humble /usr/bin/cmake --install /root/ros_workspace/build/zed_components
