[0.022s] Invoking command in '/root/ros_workspace/build/zed_isaac_ros_april_tag': CMAKE_PREFIX_PATH=/root/ros_workspace/install/zed_wrapper:/root/ros_workspace/install/zed_components:/root/ros_workspace/install/zed_ros2:/root/ros_workspace/install/zed_robot_integration:/root/ros_workspace/install/zed_multi_camera:/root/ros_workspace/install/zed_isaac_ros_multi_camera:/root/ros_workspace/install/zed_isaac_ros_april_tag:/root/ros_workspace/install/zed_display_rviz2:/root/ros_workspace/install/zed_depth_to_laserscan:/root/ros_workspace/install/zed_tutorial_video:/root/ros_workspace/install/zed_tutorial_pos_tracking:/root/ros_workspace/install/zed_tutorial_depth:/root/ros_workspace/install/zed_topic_benchmark:/root/ros_workspace/install/zed_topic_benchmark_component:/root/ros_workspace/install/zed_topic_benchmark_interfaces:/root/ros_workspace/install/zed_isaac_ros_nitros_sub:/root/ros_workspace/install/rviz_plugin_zed_od:/root/ros_workspace/install/object_avoidance:/opt/ros/humble LD_LIBRARY_PATH=/root/ros_workspace/install/zed_components/lib:/root/ros_workspace/install/zed_topic_benchmark_component/lib:/root/ros_workspace/install/zed_topic_benchmark_interfaces/lib:/root/ros_workspace/install/rviz_plugin_zed_od/lib:/opt/ros/humble/opt/rviz_ogre_vendor/lib:/opt/ros/humble/lib/x86_64-linux-gnu:/opt/ros/humble/lib:/usr/lib/x86_64-linux-gnu:/usr/lib/i386-linux-gnu:/usr/local/cuda/lib64:/usr/local/nvidia/lib:/usr/local/nvidia/lib64 /usr/bin/cmake --build /root/ros_workspace/build/zed_isaac_ros_april_tag -- -j24 -l24
[0.035s] -- Found ament_cmake_auto: 1.3.12 (/opt/ros/humble/share/ament_cmake_auto/cmake)
[0.099s] -- Override CMake install command with custom implementation using symlinks instead of copying resources
[0.150s] -- Found rosidl_generator_c: 3.1.7 (/opt/ros/humble/share/rosidl_generator_c/cmake)
[0.152s] -- Found rosidl_adapter: 3.1.7 (/opt/ros/humble/share/rosidl_adapter/cmake)
[0.155s] -- Found rosidl_generator_cpp: 3.1.7 (/opt/ros/humble/share/rosidl_generator_cpp/cmake)
[0.163s] -- Using all available rosidl_typesupport_c: rosidl_typesupport_fastrtps_c;rosidl_typesupport_introspection_c
[0.168s] -- Using all available rosidl_typesupport_cpp: rosidl_typesupport_fastrtps_cpp;rosidl_typesupport_introspection_cpp
[0.193s] -- Configuring done
[0.194s] -- Generating done
[0.195s] -- Build files have been written to: /root/ros_workspace/build/zed_isaac_ros_april_tag
[0.221s] Invoked command in '/root/ros_workspace/build/zed_isaac_ros_april_tag' returned '0': CMAKE_PREFIX_PATH=/root/ros_workspace/install/zed_wrapper:/root/ros_workspace/install/zed_components:/root/ros_workspace/install/zed_ros2:/root/ros_workspace/install/zed_robot_integration:/root/ros_workspace/install/zed_multi_camera:/root/ros_workspace/install/zed_isaac_ros_multi_camera:/root/ros_workspace/install/zed_isaac_ros_april_tag:/root/ros_workspace/install/zed_display_rviz2:/root/ros_workspace/install/zed_depth_to_laserscan:/root/ros_workspace/install/zed_tutorial_video:/root/ros_workspace/install/zed_tutorial_pos_tracking:/root/ros_workspace/install/zed_tutorial_depth:/root/ros_workspace/install/zed_topic_benchmark:/root/ros_workspace/install/zed_topic_benchmark_component:/root/ros_workspace/install/zed_topic_benchmark_interfaces:/root/ros_workspace/install/zed_isaac_ros_nitros_sub:/root/ros_workspace/install/rviz_plugin_zed_od:/root/ros_workspace/install/object_avoidance:/opt/ros/humble LD_LIBRARY_PATH=/root/ros_workspace/install/zed_components/lib:/root/ros_workspace/install/zed_topic_benchmark_component/lib:/root/ros_workspace/install/zed_topic_benchmark_interfaces/lib:/root/ros_workspace/install/rviz_plugin_zed_od/lib:/opt/ros/humble/opt/rviz_ogre_vendor/lib:/opt/ros/humble/lib/x86_64-linux-gnu:/opt/ros/humble/lib:/usr/lib/x86_64-linux-gnu:/usr/lib/i386-linux-gnu:/usr/local/cuda/lib64:/usr/local/nvidia/lib:/usr/local/nvidia/lib64 /usr/bin/cmake --build /root/ros_workspace/build/zed_isaac_ros_april_tag -- -j24 -l24
[0.222s] Invoking command in '/root/ros_workspace/build/zed_isaac_ros_april_tag': CMAKE_PREFIX_PATH=/root/ros_workspace/install/zed_wrapper:/root/ros_workspace/install/zed_components:/root/ros_workspace/install/zed_ros2:/root/ros_workspace/install/zed_robot_integration:/root/ros_workspace/install/zed_multi_camera:/root/ros_workspace/install/zed_isaac_ros_multi_camera:/root/ros_workspace/install/zed_isaac_ros_april_tag:/root/ros_workspace/install/zed_display_rviz2:/root/ros_workspace/install/zed_depth_to_laserscan:/root/ros_workspace/install/zed_tutorial_video:/root/ros_workspace/install/zed_tutorial_pos_tracking:/root/ros_workspace/install/zed_tutorial_depth:/root/ros_workspace/install/zed_topic_benchmark:/root/ros_workspace/install/zed_topic_benchmark_component:/root/ros_workspace/install/zed_topic_benchmark_interfaces:/root/ros_workspace/install/zed_isaac_ros_nitros_sub:/root/ros_workspace/install/rviz_plugin_zed_od:/root/ros_workspace/install/object_avoidance:/opt/ros/humble LD_LIBRARY_PATH=/root/ros_workspace/install/zed_components/lib:/root/ros_workspace/install/zed_topic_benchmark_component/lib:/root/ros_workspace/install/zed_topic_benchmark_interfaces/lib:/root/ros_workspace/install/rviz_plugin_zed_od/lib:/opt/ros/humble/opt/rviz_ogre_vendor/lib:/opt/ros/humble/lib/x86_64-linux-gnu:/opt/ros/humble/lib:/usr/lib/x86_64-linux-gnu:/usr/lib/i386-linux-gnu:/usr/local/cuda/lib64:/usr/local/nvidia/lib:/usr/local/nvidia/lib64 /usr/bin/cmake --install /root/ros_workspace/build/zed_isaac_ros_april_tag
[0.228s] -- Install configuration: "Release"
[0.228s] -- Execute custom install script
[0.229s] -- Up-to-date symlink: /root/ros_workspace/install/zed_isaac_ros_april_tag/share/ament_index/resource_index/package_run_dependencies/zed_isaac_ros_april_tag
[0.229s] -- Up-to-date symlink: /root/ros_workspace/install/zed_isaac_ros_april_tag/share/ament_index/resource_index/parent_prefix_path/zed_isaac_ros_april_tag
[0.229s] -- Up-to-date symlink: /root/ros_workspace/install/zed_isaac_ros_april_tag/share/zed_isaac_ros_april_tag/environment/ament_prefix_path.sh
[0.229s] -- Up-to-date symlink: /root/ros_workspace/install/zed_isaac_ros_april_tag/share/zed_isaac_ros_april_tag/environment/ament_prefix_path.dsv
[0.230s] -- Up-to-date symlink: /root/ros_workspace/install/zed_isaac_ros_april_tag/share/zed_isaac_ros_april_tag/environment/path.sh
[0.230s] -- Up-to-date symlink: /root/ros_workspace/install/zed_isaac_ros_april_tag/share/zed_isaac_ros_april_tag/environment/path.dsv
[0.230s] -- Up-to-date symlink: /root/ros_workspace/install/zed_isaac_ros_april_tag/share/zed_isaac_ros_april_tag/local_setup.bash
[0.230s] -- Up-to-date symlink: /root/ros_workspace/install/zed_isaac_ros_april_tag/share/zed_isaac_ros_april_tag/local_setup.sh
[0.230s] -- Up-to-date symlink: /root/ros_workspace/install/zed_isaac_ros_april_tag/share/zed_isaac_ros_april_tag/local_setup.zsh
[0.231s] -- Up-to-date symlink: /root/ros_workspace/install/zed_isaac_ros_april_tag/share/zed_isaac_ros_april_tag/local_setup.dsv
[0.231s] -- Symlinking: /root/ros_workspace/install/zed_isaac_ros_april_tag/share/zed_isaac_ros_april_tag/package.dsv
[0.235s] -- Up-to-date symlink: /root/ros_workspace/install/zed_isaac_ros_april_tag/share/ament_index/resource_index/packages/zed_isaac_ros_april_tag
[0.235s] -- Up-to-date symlink: /root/ros_workspace/install/zed_isaac_ros_april_tag/share/zed_isaac_ros_april_tag/cmake/zed_isaac_ros_april_tagConfig.cmake
[0.235s] -- Up-to-date symlink: /root/ros_workspace/install/zed_isaac_ros_april_tag/share/zed_isaac_ros_april_tag/cmake/zed_isaac_ros_april_tagConfig-version.cmake
[0.235s] -- Up-to-date symlink: /root/ros_workspace/install/zed_isaac_ros_april_tag/share/zed_isaac_ros_april_tag/package.xml
[0.237s] Invoked command in '/root/ros_workspace/build/zed_isaac_ros_april_tag' returned '0': CMAKE_PREFIX_PATH=/root/ros_workspace/install/zed_wrapper:/root/ros_workspace/install/zed_components:/root/ros_workspace/install/zed_ros2:/root/ros_workspace/install/zed_robot_integration:/root/ros_workspace/install/zed_multi_camera:/root/ros_workspace/install/zed_isaac_ros_multi_camera:/root/ros_workspace/install/zed_isaac_ros_april_tag:/root/ros_workspace/install/zed_display_rviz2:/root/ros_workspace/install/zed_depth_to_laserscan:/root/ros_workspace/install/zed_tutorial_video:/root/ros_workspace/install/zed_tutorial_pos_tracking:/root/ros_workspace/install/zed_tutorial_depth:/root/ros_workspace/install/zed_topic_benchmark:/root/ros_workspace/install/zed_topic_benchmark_component:/root/ros_workspace/install/zed_topic_benchmark_interfaces:/root/ros_workspace/install/zed_isaac_ros_nitros_sub:/root/ros_workspace/install/rviz_plugin_zed_od:/root/ros_workspace/install/object_avoidance:/opt/ros/humble LD_LIBRARY_PATH=/root/ros_workspace/install/zed_components/lib:/root/ros_workspace/install/zed_topic_benchmark_component/lib:/root/ros_workspace/install/zed_topic_benchmark_interfaces/lib:/root/ros_workspace/install/rviz_plugin_zed_od/lib:/opt/ros/humble/opt/rviz_ogre_vendor/lib:/opt/ros/humble/lib/x86_64-linux-gnu:/opt/ros/humble/lib:/usr/lib/x86_64-linux-gnu:/usr/lib/i386-linux-gnu:/usr/local/cuda/lib64:/usr/local/nvidia/lib:/usr/local/nvidia/lib64 /usr/bin/cmake --install /root/ros_workspace/build/zed_isaac_ros_april_tag
