-- Found CUDA: /usr/local/cuda (found suitable version "12.8", minimum required is "12") 
-- Found CUDA: /usr/local/cuda (found version "12.8") 
-- Found ament_cmake_auto: 1.3.12 (/opt/ros/humble/share/ament_cmake_auto/cmake)
-- Override CMake install command with custom implementation using symlinks instead of copying resources
-- Found rosidl_generator_c: 3.1.7 (/opt/ros/humble/share/rosidl_generator_c/cmake)
-- Found rosidl_adapter: 3.1.7 (/opt/ros/humble/share/rosidl_adapter/cmake)
-- Found rosidl_generator_cpp: 3.1.7 (/opt/ros/humble/share/rosidl_generator_cpp/cmake)
-- Using all available rosidl_typesupport_c: rosidl_typesupport_fastrtps_c;rosidl_typesupport_introspection_c
-- Using all available rosidl_typesupport_cpp: rosidl_typesupport_fastrtps_cpp;rosidl_typesupport_introspection_cpp
-- Found rmw_implementation_cmake: 6.1.2 (/opt/ros/humble/share/rmw_implementation_cmake/cmake)
-- Found rmw_fastrtps_cpp: 6.2.9 (/opt/ros/humble/share/rmw_fastrtps_cpp/cmake)
-- Using RMW implementation 'rmw_fastrtps_cpp' as default
-- Found eigen3_cmake_module: 0.1.1 (/opt/ros/humble/share/eigen3_cmake_module/cmake)
-- Found Eigen3: TRUE (found version "3.4.0") 
-- Ensuring Eigen3 include directory is part of orocos-kdl CMake target
-- Found ament_lint_auto: 0.12.14 (/opt/ros/humble/share/ament_lint_auto/cmake)
-- Added test 'copyright' to check source files copyright and LICENSE
-- Added test 'cppcheck' to perform static code analysis on C / C++ code
-- Configured cppcheck include dirs: /root/ros_workspace/src/zed-ros2-examples/tutorials/zed_rgb_convert/src/include;/root/ros_workspace/src/zed-ros2-examples/tutorials/zed_rgb_convert/src/component/include
-- Configured cppcheck exclude dirs and/or files: 
-- Added test 'cpplint' to check C / C++ code against the Google style
-- Configured cpplint exclude dirs and/or files: 
-- Added test 'flake8' to check Python code syntax and style conventions
-- Added test 'lint_cmake' to check CMake code style
-- Added test 'pep257' to check Python code against some of the docstring style conventions in PEP 257
-- Added test 'uncrustify' to check C / C++ code style
-- Configured uncrustify additional arguments: 
-- Added test 'xmllint' to check XML markup files
-- Added test 'clang_format' to check C / C++ code style
-- Configuring done
-- Generating done
-- Build files have been written to: /root/ros_workspace/build/zed_rgb_convert
[ 25%] [32mBuilding CXX object CMakeFiles/zed_rgb_convert_component.dir/src/component/src/zed_rgb_convert_component.cpp.o[0m
[ 50%] [32m[1mLinking CXX shared library libzed_rgb_convert_component.so[0m
[ 50%] Built target zed_rgb_convert_component
[ 75%] [32mBuilding CXX object CMakeFiles/zed_rgb_convert.dir/src/container/zed_rgb_convert.cpp.o[0m
[100%] [32m[1mLinking CXX executable zed_rgb_convert[0m
[100%] Built target zed_rgb_convert
-- Install configuration: "Release"
-- Execute custom install script
-- Symlinking: /root/ros_workspace/install/zed_rgb_convert/lib/zed_rgb_convert/zed_rgb_convert
-- Symlinking: /root/ros_workspace/install/zed_rgb_convert/lib/libzed_rgb_convert_component.so
-- Symlinking: /root/ros_workspace/install/zed_rgb_convert/include/zed_rgb_convert//cvt_visibility_control.hpp
-- Symlinking: /root/ros_workspace/install/zed_rgb_convert/share/zed_rgb_convert/launch/zed_rgb_convert.launch.py
-- Symlinking: /root/ros_workspace/install/zed_rgb_convert/share/zed_rgb_convert/environment/library_path.sh
-- Symlinking: /root/ros_workspace/install/zed_rgb_convert/share/zed_rgb_convert/environment/library_path.dsv
-- Symlinking: /root/ros_workspace/install/zed_rgb_convert/share/ament_index/resource_index/package_run_dependencies/zed_rgb_convert
-- Symlinking: /root/ros_workspace/install/zed_rgb_convert/share/ament_index/resource_index/parent_prefix_path/zed_rgb_convert
-- Symlinking: /root/ros_workspace/install/zed_rgb_convert/share/zed_rgb_convert/environment/ament_prefix_path.sh
-- Symlinking: /root/ros_workspace/install/zed_rgb_convert/share/zed_rgb_convert/environment/ament_prefix_path.dsv
-- Symlinking: /root/ros_workspace/install/zed_rgb_convert/share/zed_rgb_convert/environment/path.sh
-- Symlinking: /root/ros_workspace/install/zed_rgb_convert/share/zed_rgb_convert/environment/path.dsv
-- Symlinking: /root/ros_workspace/install/zed_rgb_convert/share/zed_rgb_convert/local_setup.bash
-- Symlinking: /root/ros_workspace/install/zed_rgb_convert/share/zed_rgb_convert/local_setup.sh
-- Symlinking: /root/ros_workspace/install/zed_rgb_convert/share/zed_rgb_convert/local_setup.zsh
-- Symlinking: /root/ros_workspace/install/zed_rgb_convert/share/zed_rgb_convert/local_setup.dsv
-- Symlinking: /root/ros_workspace/install/zed_rgb_convert/share/zed_rgb_convert/package.dsv
-- Symlinking: /root/ros_workspace/install/zed_rgb_convert/share/ament_index/resource_index/packages/zed_rgb_convert
-- Symlinking: /root/ros_workspace/install/zed_rgb_convert/share/ament_index/resource_index/rclcpp_components/zed_rgb_convert
-- Symlinking: /root/ros_workspace/install/zed_rgb_convert/share/zed_rgb_convert/cmake/ament_cmake_export_include_directories-extras.cmake
-- Symlinking: /root/ros_workspace/install/zed_rgb_convert/share/zed_rgb_convert/cmake/ament_cmake_export_libraries-extras.cmake
-- Symlinking: /root/ros_workspace/install/zed_rgb_convert/share/zed_rgb_convert/cmake/ament_cmake_export_dependencies-extras.cmake
-- Symlinking: /root/ros_workspace/install/zed_rgb_convert/share/zed_rgb_convert/cmake/zed_rgb_convertConfig.cmake
-- Symlinking: /root/ros_workspace/install/zed_rgb_convert/share/zed_rgb_convert/cmake/zed_rgb_convertConfig-version.cmake
-- Symlinking: /root/ros_workspace/install/zed_rgb_convert/share/zed_rgb_convert/package.xml
