[0.012s] Invoking command in '/root/ros_workspace/build/zed_rgb_convert': CMAKE_PREFIX_PATH=/root/ros_workspace/install/zed_components:/root/ros_workspace/install/zed_ros2:/root/ros_workspace/install/zed_robot_integration:/root/ros_workspace/install/zed_multi_camera:/root/ros_workspace/install/zed_isaac_ros_multi_camera:/root/ros_workspace/install/zed_isaac_ros_april_tag:/root/ros_workspace/install/zed_display_rviz2:/root/ros_workspace/install/zed_depth_to_laserscan:/root/ros_workspace/install/zed_wrapper:/root/ros_workspace/install/zed_tutorial_video:/root/ros_workspace/install/zed_tutorial_pos_tracking:/root/ros_workspace/install/zed_tutorial_depth:/root/ros_workspace/install/zed_topic_benchmark:/root/ros_workspace/install/zed_topic_benchmark_component:/root/ros_workspace/install/zed_topic_benchmark_interfaces:/root/ros_workspace/install/zed_isaac_ros_nitros_sub:/root/ros_workspace/install/rviz_plugin_zed_od:/root/ros_workspace/install/object_avoidance:/opt/ros/humble LD_LIBRARY_PATH=/root/ros_workspace/install/zed_components/lib:/root/ros_workspace/install/zed_topic_benchmark_component/lib:/root/ros_workspace/install/zed_topic_benchmark_interfaces/lib:/root/ros_workspace/install/rviz_plugin_zed_od/lib:/opt/ros/humble/opt/rviz_ogre_vendor/lib:/opt/ros/humble/lib/x86_64-linux-gnu:/opt/ros/humble/lib:/usr/lib/x86_64-linux-gnu:/usr/lib/i386-linux-gnu:/usr/local/cuda/lib64:/usr/local/nvidia/lib:/usr/local/nvidia/lib64 /usr/bin/cmake /root/ros_workspace/src/zed-ros2-examples/tutorials/zed_rgb_convert -DCMAKE_BUILD_TYPE=Release -DAMENT_CMAKE_SYMLINK_INSTALL=1 -DCMAKE_INSTALL_PREFIX=/root/ros_workspace/install/zed_rgb_convert
[0.057s] -- Found CUDA: /usr/local/cuda (found suitable version "12.8", minimum required is "12") 
[0.188s] -- Found CUDA: /usr/local/cuda (found version "12.8") 
[0.189s] -- Found ament_cmake_auto: 1.3.12 (/opt/ros/humble/share/ament_cmake_auto/cmake)
[0.258s] -- Override CMake install command with custom implementation using symlinks instead of copying resources
[0.306s] -- Found rosidl_generator_c: 3.1.7 (/opt/ros/humble/share/rosidl_generator_c/cmake)
[0.306s] -- Found rosidl_adapter: 3.1.7 (/opt/ros/humble/share/rosidl_adapter/cmake)
[0.310s] -- Found rosidl_generator_cpp: 3.1.7 (/opt/ros/humble/share/rosidl_generator_cpp/cmake)
[0.315s] -- Using all available rosidl_typesupport_c: rosidl_typesupport_fastrtps_c;rosidl_typesupport_introspection_c
[0.321s] -- Using all available rosidl_typesupport_cpp: rosidl_typesupport_fastrtps_cpp;rosidl_typesupport_introspection_cpp
[0.337s] -- Found rmw_implementation_cmake: 6.1.2 (/opt/ros/humble/share/rmw_implementation_cmake/cmake)
[0.338s] -- Found rmw_fastrtps_cpp: 6.2.9 (/opt/ros/humble/share/rmw_fastrtps_cpp/cmake)
[0.407s] -- Using RMW implementation 'rmw_fastrtps_cpp' as default
[0.534s] -- Found eigen3_cmake_module: 0.1.1 (/opt/ros/humble/share/eigen3_cmake_module/cmake)
[0.535s] -- Found Eigen3: TRUE (found version "3.4.0") 
[0.535s] -- Ensuring Eigen3 include directory is part of orocos-kdl CMake target
[0.643s] -- Found ament_lint_auto: 0.12.14 (/opt/ros/humble/share/ament_lint_auto/cmake)
[0.668s] -- Added test 'copyright' to check source files copyright and LICENSE
[0.669s] -- Added test 'cppcheck' to perform static code analysis on C / C++ code
[0.669s] -- Configured cppcheck include dirs: /root/ros_workspace/src/zed-ros2-examples/tutorials/zed_rgb_convert/src/include;/root/ros_workspace/src/zed-ros2-examples/tutorials/zed_rgb_convert/src/component/include
[0.669s] -- Configured cppcheck exclude dirs and/or files: 
[0.670s] -- Added test 'cpplint' to check C / C++ code against the Google style
[0.670s] -- Configured cpplint exclude dirs and/or files: 
[0.670s] -- Added test 'flake8' to check Python code syntax and style conventions
[0.671s] -- Added test 'lint_cmake' to check CMake code style
[0.671s] -- Added test 'pep257' to check Python code against some of the docstring style conventions in PEP 257
[0.672s] -- Added test 'uncrustify' to check C / C++ code style
[0.672s] -- Configured uncrustify additional arguments: 
[0.672s] -- Added test 'xmllint' to check XML markup files
[0.673s] -- Added test 'clang_format' to check C / C++ code style
[0.674s] -- Configuring done
[0.730s] -- Generating done
[0.735s] -- Build files have been written to: /root/ros_workspace/build/zed_rgb_convert
[0.740s] Invoked command in '/root/ros_workspace/build/zed_rgb_convert' returned '0': CMAKE_PREFIX_PATH=/root/ros_workspace/install/zed_components:/root/ros_workspace/install/zed_ros2:/root/ros_workspace/install/zed_robot_integration:/root/ros_workspace/install/zed_multi_camera:/root/ros_workspace/install/zed_isaac_ros_multi_camera:/root/ros_workspace/install/zed_isaac_ros_april_tag:/root/ros_workspace/install/zed_display_rviz2:/root/ros_workspace/install/zed_depth_to_laserscan:/root/ros_workspace/install/zed_wrapper:/root/ros_workspace/install/zed_tutorial_video:/root/ros_workspace/install/zed_tutorial_pos_tracking:/root/ros_workspace/install/zed_tutorial_depth:/root/ros_workspace/install/zed_topic_benchmark:/root/ros_workspace/install/zed_topic_benchmark_component:/root/ros_workspace/install/zed_topic_benchmark_interfaces:/root/ros_workspace/install/zed_isaac_ros_nitros_sub:/root/ros_workspace/install/rviz_plugin_zed_od:/root/ros_workspace/install/object_avoidance:/opt/ros/humble LD_LIBRARY_PATH=/root/ros_workspace/install/zed_components/lib:/root/ros_workspace/install/zed_topic_benchmark_component/lib:/root/ros_workspace/install/zed_topic_benchmark_interfaces/lib:/root/ros_workspace/install/rviz_plugin_zed_od/lib:/opt/ros/humble/opt/rviz_ogre_vendor/lib:/opt/ros/humble/lib/x86_64-linux-gnu:/opt/ros/humble/lib:/usr/lib/x86_64-linux-gnu:/usr/lib/i386-linux-gnu:/usr/local/cuda/lib64:/usr/local/nvidia/lib:/usr/local/nvidia/lib64 /usr/bin/cmake /root/ros_workspace/src/zed-ros2-examples/tutorials/zed_rgb_convert -DCMAKE_BUILD_TYPE=Release -DAMENT_CMAKE_SYMLINK_INSTALL=1 -DCMAKE_INSTALL_PREFIX=/root/ros_workspace/install/zed_rgb_convert
[0.741s] Invoking command in '/root/ros_workspace/build/zed_rgb_convert': CMAKE_PREFIX_PATH=/root/ros_workspace/install/zed_components:/root/ros_workspace/install/zed_ros2:/root/ros_workspace/install/zed_robot_integration:/root/ros_workspace/install/zed_multi_camera:/root/ros_workspace/install/zed_isaac_ros_multi_camera:/root/ros_workspace/install/zed_isaac_ros_april_tag:/root/ros_workspace/install/zed_display_rviz2:/root/ros_workspace/install/zed_depth_to_laserscan:/root/ros_workspace/install/zed_wrapper:/root/ros_workspace/install/zed_tutorial_video:/root/ros_workspace/install/zed_tutorial_pos_tracking:/root/ros_workspace/install/zed_tutorial_depth:/root/ros_workspace/install/zed_topic_benchmark:/root/ros_workspace/install/zed_topic_benchmark_component:/root/ros_workspace/install/zed_topic_benchmark_interfaces:/root/ros_workspace/install/zed_isaac_ros_nitros_sub:/root/ros_workspace/install/rviz_plugin_zed_od:/root/ros_workspace/install/object_avoidance:/opt/ros/humble LD_LIBRARY_PATH=/root/ros_workspace/install/zed_components/lib:/root/ros_workspace/install/zed_topic_benchmark_component/lib:/root/ros_workspace/install/zed_topic_benchmark_interfaces/lib:/root/ros_workspace/install/rviz_plugin_zed_od/lib:/opt/ros/humble/opt/rviz_ogre_vendor/lib:/opt/ros/humble/lib/x86_64-linux-gnu:/opt/ros/humble/lib:/usr/lib/x86_64-linux-gnu:/usr/lib/i386-linux-gnu:/usr/local/cuda/lib64:/usr/local/nvidia/lib:/usr/local/nvidia/lib64 /usr/bin/cmake --build /root/ros_workspace/build/zed_rgb_convert -- -j24 -l24
[0.777s] [ 25%] [32mBuilding CXX object CMakeFiles/zed_rgb_convert_component.dir/src/component/src/zed_rgb_convert_component.cpp.o[0m
[3.811s] [ 50%] [32m[1mLinking CXX shared library libzed_rgb_convert_component.so[0m
[3.954s] [ 50%] Built target zed_rgb_convert_component
[3.971s] [ 75%] [32mBuilding CXX object CMakeFiles/zed_rgb_convert.dir/src/container/zed_rgb_convert.cpp.o[0m
[7.586s] [100%] [32m[1mLinking CXX executable zed_rgb_convert[0m
[7.798s] [100%] Built target zed_rgb_convert
[7.804s] Invoked command in '/root/ros_workspace/build/zed_rgb_convert' returned '0': CMAKE_PREFIX_PATH=/root/ros_workspace/install/zed_components:/root/ros_workspace/install/zed_ros2:/root/ros_workspace/install/zed_robot_integration:/root/ros_workspace/install/zed_multi_camera:/root/ros_workspace/install/zed_isaac_ros_multi_camera:/root/ros_workspace/install/zed_isaac_ros_april_tag:/root/ros_workspace/install/zed_display_rviz2:/root/ros_workspace/install/zed_depth_to_laserscan:/root/ros_workspace/install/zed_wrapper:/root/ros_workspace/install/zed_tutorial_video:/root/ros_workspace/install/zed_tutorial_pos_tracking:/root/ros_workspace/install/zed_tutorial_depth:/root/ros_workspace/install/zed_topic_benchmark:/root/ros_workspace/install/zed_topic_benchmark_component:/root/ros_workspace/install/zed_topic_benchmark_interfaces:/root/ros_workspace/install/zed_isaac_ros_nitros_sub:/root/ros_workspace/install/rviz_plugin_zed_od:/root/ros_workspace/install/object_avoidance:/opt/ros/humble LD_LIBRARY_PATH=/root/ros_workspace/install/zed_components/lib:/root/ros_workspace/install/zed_topic_benchmark_component/lib:/root/ros_workspace/install/zed_topic_benchmark_interfaces/lib:/root/ros_workspace/install/rviz_plugin_zed_od/lib:/opt/ros/humble/opt/rviz_ogre_vendor/lib:/opt/ros/humble/lib/x86_64-linux-gnu:/opt/ros/humble/lib:/usr/lib/x86_64-linux-gnu:/usr/lib/i386-linux-gnu:/usr/local/cuda/lib64:/usr/local/nvidia/lib:/usr/local/nvidia/lib64 /usr/bin/cmake --build /root/ros_workspace/build/zed_rgb_convert -- -j24 -l24
[7.805s] Invoking command in '/root/ros_workspace/build/zed_rgb_convert': CMAKE_PREFIX_PATH=/root/ros_workspace/install/zed_components:/root/ros_workspace/install/zed_ros2:/root/ros_workspace/install/zed_robot_integration:/root/ros_workspace/install/zed_multi_camera:/root/ros_workspace/install/zed_isaac_ros_multi_camera:/root/ros_workspace/install/zed_isaac_ros_april_tag:/root/ros_workspace/install/zed_display_rviz2:/root/ros_workspace/install/zed_depth_to_laserscan:/root/ros_workspace/install/zed_wrapper:/root/ros_workspace/install/zed_tutorial_video:/root/ros_workspace/install/zed_tutorial_pos_tracking:/root/ros_workspace/install/zed_tutorial_depth:/root/ros_workspace/install/zed_topic_benchmark:/root/ros_workspace/install/zed_topic_benchmark_component:/root/ros_workspace/install/zed_topic_benchmark_interfaces:/root/ros_workspace/install/zed_isaac_ros_nitros_sub:/root/ros_workspace/install/rviz_plugin_zed_od:/root/ros_workspace/install/object_avoidance:/opt/ros/humble LD_LIBRARY_PATH=/root/ros_workspace/install/zed_components/lib:/root/ros_workspace/install/zed_topic_benchmark_component/lib:/root/ros_workspace/install/zed_topic_benchmark_interfaces/lib:/root/ros_workspace/install/rviz_plugin_zed_od/lib:/opt/ros/humble/opt/rviz_ogre_vendor/lib:/opt/ros/humble/lib/x86_64-linux-gnu:/opt/ros/humble/lib:/usr/lib/x86_64-linux-gnu:/usr/lib/i386-linux-gnu:/usr/local/cuda/lib64:/usr/local/nvidia/lib:/usr/local/nvidia/lib64 /usr/bin/cmake --install /root/ros_workspace/build/zed_rgb_convert
[7.809s] -- Install configuration: "Release"
[7.809s] -- Execute custom install script
[7.809s] -- Symlinking: /root/ros_workspace/install/zed_rgb_convert/lib/zed_rgb_convert/zed_rgb_convert
[7.814s] -- Symlinking: /root/ros_workspace/install/zed_rgb_convert/lib/libzed_rgb_convert_component.so
[7.819s] -- Symlinking: /root/ros_workspace/install/zed_rgb_convert/include/zed_rgb_convert//cvt_visibility_control.hpp
[7.825s] -- Symlinking: /root/ros_workspace/install/zed_rgb_convert/share/zed_rgb_convert/launch/zed_rgb_convert.launch.py
[7.831s] -- Symlinking: /root/ros_workspace/install/zed_rgb_convert/share/zed_rgb_convert/environment/library_path.sh
[7.836s] -- Symlinking: /root/ros_workspace/install/zed_rgb_convert/share/zed_rgb_convert/environment/library_path.dsv
[7.842s] -- Symlinking: /root/ros_workspace/install/zed_rgb_convert/share/ament_index/resource_index/package_run_dependencies/zed_rgb_convert
[7.847s] -- Symlinking: /root/ros_workspace/install/zed_rgb_convert/share/ament_index/resource_index/parent_prefix_path/zed_rgb_convert
[7.852s] -- Symlinking: /root/ros_workspace/install/zed_rgb_convert/share/zed_rgb_convert/environment/ament_prefix_path.sh
[7.858s] -- Symlinking: /root/ros_workspace/install/zed_rgb_convert/share/zed_rgb_convert/environment/ament_prefix_path.dsv
[7.863s] -- Symlinking: /root/ros_workspace/install/zed_rgb_convert/share/zed_rgb_convert/environment/path.sh
[7.868s] -- Symlinking: /root/ros_workspace/install/zed_rgb_convert/share/zed_rgb_convert/environment/path.dsv
[7.872s] -- Symlinking: /root/ros_workspace/install/zed_rgb_convert/share/zed_rgb_convert/local_setup.bash
[7.877s] -- Symlinking: /root/ros_workspace/install/zed_rgb_convert/share/zed_rgb_convert/local_setup.sh
[7.883s] -- Symlinking: /root/ros_workspace/install/zed_rgb_convert/share/zed_rgb_convert/local_setup.zsh
[7.887s] -- Symlinking: /root/ros_workspace/install/zed_rgb_convert/share/zed_rgb_convert/local_setup.dsv
[7.891s] -- Symlinking: /root/ros_workspace/install/zed_rgb_convert/share/zed_rgb_convert/package.dsv
[7.896s] -- Symlinking: /root/ros_workspace/install/zed_rgb_convert/share/ament_index/resource_index/packages/zed_rgb_convert
[7.901s] -- Symlinking: /root/ros_workspace/install/zed_rgb_convert/share/ament_index/resource_index/rclcpp_components/zed_rgb_convert
[7.905s] -- Symlinking: /root/ros_workspace/install/zed_rgb_convert/share/zed_rgb_convert/cmake/ament_cmake_export_include_directories-extras.cmake
[7.909s] -- Symlinking: /root/ros_workspace/install/zed_rgb_convert/share/zed_rgb_convert/cmake/ament_cmake_export_libraries-extras.cmake
[7.915s] -- Symlinking: /root/ros_workspace/install/zed_rgb_convert/share/zed_rgb_convert/cmake/ament_cmake_export_dependencies-extras.cmake
[7.920s] -- Symlinking: /root/ros_workspace/install/zed_rgb_convert/share/zed_rgb_convert/cmake/zed_rgb_convertConfig.cmake
[7.925s] -- Symlinking: /root/ros_workspace/install/zed_rgb_convert/share/zed_rgb_convert/cmake/zed_rgb_convertConfig-version.cmake
[7.931s] -- Symlinking: /root/ros_workspace/install/zed_rgb_convert/share/zed_rgb_convert/package.xml
[7.937s] Invoked command in '/root/ros_workspace/build/zed_rgb_convert' returned '0': CMAKE_PREFIX_PATH=/root/ros_workspace/install/zed_components:/root/ros_workspace/install/zed_ros2:/root/ros_workspace/install/zed_robot_integration:/root/ros_workspace/install/zed_multi_camera:/root/ros_workspace/install/zed_isaac_ros_multi_camera:/root/ros_workspace/install/zed_isaac_ros_april_tag:/root/ros_workspace/install/zed_display_rviz2:/root/ros_workspace/install/zed_depth_to_laserscan:/root/ros_workspace/install/zed_wrapper:/root/ros_workspace/install/zed_tutorial_video:/root/ros_workspace/install/zed_tutorial_pos_tracking:/root/ros_workspace/install/zed_tutorial_depth:/root/ros_workspace/install/zed_topic_benchmark:/root/ros_workspace/install/zed_topic_benchmark_component:/root/ros_workspace/install/zed_topic_benchmark_interfaces:/root/ros_workspace/install/zed_isaac_ros_nitros_sub:/root/ros_workspace/install/rviz_plugin_zed_od:/root/ros_workspace/install/object_avoidance:/opt/ros/humble LD_LIBRARY_PATH=/root/ros_workspace/install/zed_components/lib:/root/ros_workspace/install/zed_topic_benchmark_component/lib:/root/ros_workspace/install/zed_topic_benchmark_interfaces/lib:/root/ros_workspace/install/rviz_plugin_zed_od/lib:/opt/ros/humble/opt/rviz_ogre_vendor/lib:/opt/ros/humble/lib/x86_64-linux-gnu:/opt/ros/humble/lib:/usr/lib/x86_64-linux-gnu:/usr/lib/i386-linux-gnu:/usr/local/cuda/lib64:/usr/local/nvidia/lib:/usr/local/nvidia/lib64 /usr/bin/cmake --install /root/ros_workspace/build/zed_rgb_convert
