[0.020s] Invoking command in '/root/ros_workspace/build/zed_components': CMAKE_PREFIX_PATH=/opt/ros/humble /usr/bin/cmake --build /root/ros_workspace/build/zed_components -- -j24 -l24
[0.164s] -- Found CUDA: /usr/local/cuda (found suitable version "12.8", minimum required is "12") 
[0.232s] -- Found CUDA: /usr/local/cuda (found version "12.8") 
[0.233s] -- Found ament_cmake_auto: 1.3.12 (/opt/ros/humble/share/ament_cmake_auto/cmake)
[0.310s] -- Override CMake install command with custom implementation using symlinks instead of copying resources
[0.365s] -- Found rosidl_generator_c: 3.1.7 (/opt/ros/humble/share/rosidl_generator_c/cmake)
[0.367s] -- Found rosidl_adapter: 3.1.7 (/opt/ros/humble/share/rosidl_adapter/cmake)
[0.370s] -- Found rosidl_generator_cpp: 3.1.7 (/opt/ros/humble/share/rosidl_generator_cpp/cmake)
[0.375s] -- Using all available rosidl_typesupport_c: rosidl_typesupport_fastrtps_c;rosidl_typesupport_introspection_c
[0.381s] -- Using all available rosidl_typesupport_cpp: rosidl_typesupport_fastrtps_cpp;rosidl_typesupport_introspection_cpp
[0.437s] -- Found rmw_implementation_cmake: 6.1.2 (/opt/ros/humble/share/rmw_implementation_cmake/cmake)
[0.438s] -- Found rmw_fastrtps_cpp: 6.2.9 (/opt/ros/humble/share/rmw_fastrtps_cpp/cmake)
[0.509s] -- Using RMW implementation 'rmw_fastrtps_cpp' as default
[0.628s] -- Found eigen3_cmake_module: 0.1.1 (/opt/ros/humble/share/eigen3_cmake_module/cmake)
[0.629s] -- Ensuring Eigen3 include directory is part of orocos-kdl CMake target
[0.711s] -- Found ament_lint_auto: 0.12.14 (/opt/ros/humble/share/ament_lint_auto/cmake)
[0.726s] -- Added test 'copyright' to check source files copyright and LICENSE
[0.727s] -- Added test 'cppcheck' to perform static code analysis on C / C++ code
[0.727s] -- Configured cppcheck include dirs: /root/ros_workspace/src/zed-ros2-wrapper/zed_components/src/include;/root/ros_workspace/src/zed-ros2-wrapper/zed_components/src/zed_camera/include;/root/ros_workspace/src/zed-ros2-wrapper/zed_components/src/tools/include;/root/ros_workspace/src/zed-ros2-wrapper/zed_components/src/zed_camera_one/include
[0.727s] -- Configured cppcheck exclude dirs and/or files: 
[0.727s] -- Added test 'lint_cmake' to check CMake code style
[0.728s] -- Added test 'uncrustify' to check C / C++ code style
[0.728s] -- Configured uncrustify additional arguments: 
[0.728s] -- Added test 'xmllint' to check XML markup files
[0.730s] -- Configuring done
[0.749s] -- Generating done
[0.755s] -- Build files have been written to: /root/ros_workspace/build/zed_components
[0.778s] [35m[1mConsolidate compiler generated dependencies of target zed_camera_one_component[0m
[0.778s] [35m[1mConsolidate compiler generated dependencies of target zed_camera_component[0m
[0.797s] [ 17%] [32mBuilding CXX object CMakeFiles/zed_camera_one_component.dir/src/tools/src/sl_win_avg.cpp.o[0m
[0.797s] [ 17%] [32mBuilding CXX object CMakeFiles/zed_camera_one_component.dir/src/tools/src/sl_tools.cpp.o[0m
[0.797s] [ 17%] [32mBuilding CXX object CMakeFiles/zed_camera_component.dir/src/tools/src/sl_tools.cpp.o[0m
[0.797s] [ 23%] [32mBuilding CXX object CMakeFiles/zed_camera_component.dir/src/tools/src/gnss_replay.cpp.o[0m
[0.798s] [ 29%] [32mBuilding CXX object CMakeFiles/zed_camera_component.dir/src/tools/src/sl_win_avg.cpp.o[0m
[0.798s] [ 35%] [32mBuilding CXX object CMakeFiles/zed_camera_one_component.dir/src/tools/src/gnss_replay.cpp.o[0m
[0.804s] [ 41%] [32mBuilding CXX object CMakeFiles/zed_camera_one_component.dir/src/tools/src/sl_types.cpp.o[0m
[0.805s] [ 47%] [32mBuilding CXX object CMakeFiles/zed_camera_component.dir/src/tools/src/sl_types.cpp.o[0m
[0.807s] [ 52%] [32mBuilding CXX object CMakeFiles/zed_camera_one_component.dir/src/zed_camera_one/src/zed_camera_one_component_main.cpp.o[0m
[0.807s] [ 58%] [32mBuilding CXX object CMakeFiles/zed_camera_component.dir/src/zed_camera/src/zed_camera_component_main.cpp.o[0m
[0.808s] [ 70%] [32mBuilding CXX object CMakeFiles/zed_camera_one_component.dir/src/zed_camera_one/src/zed_camera_one_component_sensors.cpp.o[0m
[0.808s] [ 70%] [32mBuilding CXX object CMakeFiles/zed_camera_component.dir/src/zed_camera/src/zed_camera_component_video_depth.cpp.o[0m
[0.809s] [ 82%] [32mBuilding CXX object CMakeFiles/zed_camera_one_component.dir/src/zed_camera_one/src/zed_camera_one_component_video.cpp.o[0m
[0.809s] [ 82%] [32mBuilding CXX object CMakeFiles/zed_camera_component.dir/src/zed_camera/src/zed_camera_component_objdet.cpp.o[0m
[0.811s] [ 88%] [32mBuilding CXX object CMakeFiles/zed_camera_component.dir/src/zed_camera/src/zed_camera_component_bodytrk.cpp.o[0m
[68.267s] [ 94%] [32m[1mLinking CXX shared library libzed_camera_one_component.so[0m
[68.520s] [ 94%] Built target zed_camera_one_component
[91.099s] [100%] [32m[1mLinking CXX shared library libzed_camera_component.so[0m
[91.498s] [100%] Built target zed_camera_component
[91.523s] Invoked command in '/root/ros_workspace/build/zed_components' returned '0': CMAKE_PREFIX_PATH=/opt/ros/humble /usr/bin/cmake --build /root/ros_workspace/build/zed_components -- -j24 -l24
[91.526s] Invoking command in '/root/ros_workspace/build/zed_components': CMAKE_PREFIX_PATH=/opt/ros/humble /usr/bin/cmake --install /root/ros_workspace/build/zed_components
[91.541s] -- Install configuration: "Release"
[91.542s] -- Execute custom install script
[91.544s] -- Up-to-date symlink: /root/ros_workspace/install/zed_components/lib/libzed_camera_component.so
[91.544s] -- Up-to-date symlink: /root/ros_workspace/install/zed_components/lib/libzed_camera_one_component.so
[91.545s] -- Up-to-date symlink: /root/ros_workspace/install/zed_components/include/zed_components//cost_traversability.hpp
[91.545s] -- Up-to-date symlink: /root/ros_workspace/install/zed_components/include/zed_components//zed_camera_component.hpp
[91.546s] -- Up-to-date symlink: /root/ros_workspace/install/zed_components/include/zed_components//gnss_replay.hpp
[91.546s] -- Up-to-date symlink: /root/ros_workspace/install/zed_components/include/zed_components//json.hpp
[91.546s] -- Up-to-date symlink: /root/ros_workspace/install/zed_components/include/zed_components//sl_logging.hpp
[91.546s] -- Up-to-date symlink: /root/ros_workspace/install/zed_components/include/zed_components//sl_tools.hpp
[91.546s] -- Up-to-date symlink: /root/ros_workspace/install/zed_components/include/zed_components//sl_types.hpp
[91.546s] -- Up-to-date symlink: /root/ros_workspace/install/zed_components/include/zed_components//sl_win_avg.hpp
[91.547s] -- Up-to-date symlink: /root/ros_workspace/install/zed_components/include/zed_components//sl_version.hpp
[91.547s] -- Up-to-date symlink: /root/ros_workspace/install/zed_components/include/zed_components//visibility_control.hpp
[91.548s] -- Up-to-date symlink: /root/ros_workspace/install/zed_components/share/zed_components/environment/library_path.sh
[91.548s] -- Up-to-date symlink: /root/ros_workspace/install/zed_components/share/zed_components/environment/library_path.dsv
[91.549s] -- Up-to-date symlink: /root/ros_workspace/install/zed_components/share/ament_index/resource_index/package_run_dependencies/zed_components
[91.549s] -- Up-to-date symlink: /root/ros_workspace/install/zed_components/share/ament_index/resource_index/parent_prefix_path/zed_components
[91.550s] -- Up-to-date symlink: /root/ros_workspace/install/zed_components/share/zed_components/environment/ament_prefix_path.sh
[91.550s] -- Up-to-date symlink: /root/ros_workspace/install/zed_components/share/zed_components/environment/ament_prefix_path.dsv
[91.550s] -- Up-to-date symlink: /root/ros_workspace/install/zed_components/share/zed_components/environment/path.sh
[91.550s] -- Up-to-date symlink: /root/ros_workspace/install/zed_components/share/zed_components/environment/path.dsv
[91.551s] -- Up-to-date symlink: /root/ros_workspace/install/zed_components/share/zed_components/local_setup.bash
[91.551s] -- Up-to-date symlink: /root/ros_workspace/install/zed_components/share/zed_components/local_setup.sh
[91.551s] -- Up-to-date symlink: /root/ros_workspace/install/zed_components/share/zed_components/local_setup.zsh
[91.551s] -- Up-to-date symlink: /root/ros_workspace/install/zed_components/share/zed_components/local_setup.dsv
[91.551s] -- Symlinking: /root/ros_workspace/install/zed_components/share/zed_components/package.dsv
[91.565s] -- Up-to-date symlink: /root/ros_workspace/install/zed_components/share/ament_index/resource_index/packages/zed_components
[91.566s] -- Up-to-date symlink: /root/ros_workspace/install/zed_components/share/ament_index/resource_index/rclcpp_components/zed_components
[91.566s] -- Up-to-date symlink: /root/ros_workspace/install/zed_components/share/zed_components/cmake/ament_cmake_export_include_directories-extras.cmake
[91.567s] -- Up-to-date symlink: /root/ros_workspace/install/zed_components/share/zed_components/cmake/ament_cmake_export_libraries-extras.cmake
[91.567s] -- Up-to-date symlink: /root/ros_workspace/install/zed_components/share/zed_components/cmake/ament_cmake_export_dependencies-extras.cmake
[91.567s] -- Up-to-date symlink: /root/ros_workspace/install/zed_components/share/zed_components/cmake/zed_componentsConfig.cmake
[91.568s] -- Up-to-date symlink: /root/ros_workspace/install/zed_components/share/zed_components/cmake/zed_componentsConfig-version.cmake
[91.568s] -- Up-to-date symlink: /root/ros_workspace/install/zed_components/share/zed_components/package.xml
[91.574s] Invoked command in '/root/ros_workspace/build/zed_components' returned '0': CMAKE_PREFIX_PATH=/opt/ros/humble /usr/bin/cmake --install /root/ros_workspace/build/zed_components
