[0.009s] Invoking command in '/root/ros_workspace/build/zed_aruco_localization': AMENT_PREFIX_PATH=/root/ros_workspace/install/zed_components:${AMENT_PREFIX_PATH} CMAKE_PREFIX_PATH=/root/ros_workspace/install/zed_components:/opt/ros/humble LD_LIBRARY_PATH=/root/ros_workspace/install/zed_components/lib:${LD_LIBRARY_PATH} /usr/bin/cmake --build /root/ros_workspace/build/zed_aruco_localization -- -j24 -l24
[0.069s] -- Found CUDA: /usr/local/cuda (found suitable version "12.8", minimum required is "12") 
[0.196s] -- Found CUDA: /usr/local/cuda (found version "12.8") 
[0.196s] -- Found ament_cmake_auto: 1.3.12 (/opt/ros/humble/share/ament_cmake_auto/cmake)
[0.267s] -- Override CMake install command with custom implementation using symlinks instead of copying resources
[0.314s] -- Found rosidl_generator_c: 3.1.7 (/opt/ros/humble/share/rosidl_generator_c/cmake)
[0.315s] -- Found rosidl_adapter: 3.1.7 (/opt/ros/humble/share/rosidl_adapter/cmake)
[0.318s] -- Found rosidl_generator_cpp: 3.1.7 (/opt/ros/humble/share/rosidl_generator_cpp/cmake)
[0.323s] -- Using all available rosidl_typesupport_c: rosidl_typesupport_fastrtps_c;rosidl_typesupport_introspection_c
[0.329s] -- Using all available rosidl_typesupport_cpp: rosidl_typesupport_fastrtps_cpp;rosidl_typesupport_introspection_cpp
[0.345s] -- Found rmw_implementation_cmake: 6.1.2 (/opt/ros/humble/share/rmw_implementation_cmake/cmake)
[0.345s] -- Found rmw_fastrtps_cpp: 6.2.9 (/opt/ros/humble/share/rmw_fastrtps_cpp/cmake)
[0.402s] -- Using RMW implementation 'rmw_fastrtps_cpp' as default
[0.490s] -- Found eigen3_cmake_module: 0.1.1 (/opt/ros/humble/share/eigen3_cmake_module/cmake)
[0.491s] -- Ensuring Eigen3 include directory is part of orocos-kdl CMake target
[0.580s] -- Found ament_lint_auto: 0.12.14 (/opt/ros/humble/share/ament_lint_auto/cmake)
[0.588s] -- Added test 'copyright' to check source files copyright and LICENSE
[0.589s] -- Added test 'cppcheck' to perform static code analysis on C / C++ code
[0.589s] -- Configured cppcheck include dirs: /root/ros_workspace/src/zed-ros2-examples/examples/zed_aruco_localization/src/include;/root/ros_workspace/src/zed-ros2-examples/examples/zed_aruco_localization/src/component/include
[0.589s] -- Configured cppcheck exclude dirs and/or files: 
[0.589s] -- Added test 'cpplint' to check C / C++ code against the Google style
[0.589s] -- Configured cpplint exclude dirs and/or files: 
[0.589s] -- Added test 'flake8' to check Python code syntax and style conventions
[0.590s] -- Added test 'lint_cmake' to check CMake code style
[0.590s] -- Added test 'pep257' to check Python code against some of the docstring style conventions in PEP 257
[0.590s] -- Added test 'uncrustify' to check C / C++ code style
[0.591s] -- Configured uncrustify additional arguments: 
[0.591s] -- Added test 'xmllint' to check XML markup files
[0.591s] -- Added test 'clang_format' to check C / C++ code style
[0.595s] -- Configuring done
[0.611s] -- Generating done
[0.614s] -- Build files have been written to: /root/ros_workspace/build/zed_aruco_localization
[0.640s] [35m[1mConsolidate compiler generated dependencies of target zed_aruco_localization_component[0m
[0.659s] [ 33%] [32mBuilding CXX object CMakeFiles/zed_aruco_localization_component.dir/src/component/src/zed_aruco_localization_component.cpp.o[0m
[5.224s] [ 66%] [32mBuilding CXX object CMakeFiles/zed_aruco_localization_component.dir/src/component/src/aruco.cpp.o[0m
[7.460s] [100%] [32m[1mLinking CXX shared library libzed_aruco_localization_component.so[0m
[7.575s] [100%] Built target zed_aruco_localization_component
[7.586s] Invoked command in '/root/ros_workspace/build/zed_aruco_localization' returned '0': AMENT_PREFIX_PATH=/root/ros_workspace/install/zed_components:${AMENT_PREFIX_PATH} CMAKE_PREFIX_PATH=/root/ros_workspace/install/zed_components:/opt/ros/humble LD_LIBRARY_PATH=/root/ros_workspace/install/zed_components/lib:${LD_LIBRARY_PATH} /usr/bin/cmake --build /root/ros_workspace/build/zed_aruco_localization -- -j24 -l24
[7.587s] Invoking command in '/root/ros_workspace/build/zed_aruco_localization': AMENT_PREFIX_PATH=/root/ros_workspace/install/zed_components:${AMENT_PREFIX_PATH} CMAKE_PREFIX_PATH=/root/ros_workspace/install/zed_components:/opt/ros/humble LD_LIBRARY_PATH=/root/ros_workspace/install/zed_components/lib:${LD_LIBRARY_PATH} /usr/bin/cmake --install /root/ros_workspace/build/zed_aruco_localization
[7.595s] -- Install configuration: "Release"
[7.596s] -- Execute custom install script
[7.596s] -- Up-to-date symlink: /root/ros_workspace/install/zed_aruco_localization/lib/libzed_aruco_localization_component.so
[7.596s] -- Up-to-date symlink: /root/ros_workspace/install/zed_aruco_localization/include/zed_aruco_localization//aruco_loc_visibility_control.hpp
[7.597s] -- Up-to-date symlink: /root/ros_workspace/install/zed_aruco_localization/include/zed_aruco_localization//aruco.hpp
[7.597s] -- Up-to-date symlink: /root/ros_workspace/install/zed_aruco_localization/include/zed_aruco_localization//zed_aruco_localization_component.hpp
[7.597s] -- Up-to-date symlink: /root/ros_workspace/install/zed_aruco_localization/share/zed_aruco_localization/launch/zed_aruco_loc.launch.py
[7.598s] -- Up-to-date symlink: /root/ros_workspace/install/zed_aruco_localization/share/zed_aruco_localization/config/aruco_loc.yaml
[7.598s] -- Up-to-date symlink: /root/ros_workspace/install/zed_aruco_localization/share/zed_aruco_localization/rviz2/aruco.rviz
[7.598s] -- Up-to-date symlink: /root/ros_workspace/install/zed_aruco_localization/share/zed_aruco_localization/environment/library_path.sh
[7.599s] -- Up-to-date symlink: /root/ros_workspace/install/zed_aruco_localization/share/zed_aruco_localization/environment/library_path.dsv
[7.599s] -- Up-to-date symlink: /root/ros_workspace/install/zed_aruco_localization/share/ament_index/resource_index/package_run_dependencies/zed_aruco_localization
[7.599s] -- Up-to-date symlink: /root/ros_workspace/install/zed_aruco_localization/share/ament_index/resource_index/parent_prefix_path/zed_aruco_localization
[7.600s] -- Up-to-date symlink: /root/ros_workspace/install/zed_aruco_localization/share/zed_aruco_localization/environment/ament_prefix_path.sh
[7.600s] -- Up-to-date symlink: /root/ros_workspace/install/zed_aruco_localization/share/zed_aruco_localization/environment/ament_prefix_path.dsv
[7.600s] -- Up-to-date symlink: /root/ros_workspace/install/zed_aruco_localization/share/zed_aruco_localization/environment/path.sh
[7.600s] -- Up-to-date symlink: /root/ros_workspace/install/zed_aruco_localization/share/zed_aruco_localization/environment/path.dsv
[7.601s] -- Up-to-date symlink: /root/ros_workspace/install/zed_aruco_localization/share/zed_aruco_localization/local_setup.bash
[7.601s] -- Up-to-date symlink: /root/ros_workspace/install/zed_aruco_localization/share/zed_aruco_localization/local_setup.sh
[7.601s] -- Up-to-date symlink: /root/ros_workspace/install/zed_aruco_localization/share/zed_aruco_localization/local_setup.zsh
[7.601s] -- Up-to-date symlink: /root/ros_workspace/install/zed_aruco_localization/share/zed_aruco_localization/local_setup.dsv
[7.602s] -- Symlinking: /root/ros_workspace/install/zed_aruco_localization/share/zed_aruco_localization/package.dsv
[7.616s] -- Up-to-date symlink: /root/ros_workspace/install/zed_aruco_localization/share/ament_index/resource_index/packages/zed_aruco_localization
[7.616s] -- Up-to-date symlink: /root/ros_workspace/install/zed_aruco_localization/share/ament_index/resource_index/rclcpp_components/zed_aruco_localization
[7.616s] -- Up-to-date symlink: /root/ros_workspace/install/zed_aruco_localization/share/zed_aruco_localization/cmake/ament_cmake_export_include_directories-extras.cmake
[7.617s] -- Up-to-date symlink: /root/ros_workspace/install/zed_aruco_localization/share/zed_aruco_localization/cmake/ament_cmake_export_libraries-extras.cmake
[7.617s] -- Up-to-date symlink: /root/ros_workspace/install/zed_aruco_localization/share/zed_aruco_localization/cmake/ament_cmake_export_dependencies-extras.cmake
[7.617s] -- Up-to-date symlink: /root/ros_workspace/install/zed_aruco_localization/share/zed_aruco_localization/cmake/zed_aruco_localizationConfig.cmake
[7.617s] -- Up-to-date symlink: /root/ros_workspace/install/zed_aruco_localization/share/zed_aruco_localization/cmake/zed_aruco_localizationConfig-version.cmake
[7.617s] -- Up-to-date symlink: /root/ros_workspace/install/zed_aruco_localization/share/zed_aruco_localization/package.xml
[7.619s] Invoked command in '/root/ros_workspace/build/zed_aruco_localization' returned '0': AMENT_PREFIX_PATH=/root/ros_workspace/install/zed_components:${AMENT_PREFIX_PATH} CMAKE_PREFIX_PATH=/root/ros_workspace/install/zed_components:/opt/ros/humble LD_LIBRARY_PATH=/root/ros_workspace/install/zed_components/lib:${LD_LIBRARY_PATH} /usr/bin/cmake --install /root/ros_workspace/build/zed_aruco_localization
