[0.289s] Invoking command in '/root/ros_workspace/build/yolov8_msgs': /usr/bin/cmake /root/ros_workspace/src/yolov8_msgs -DCMAKE_INSTALL_PREFIX=/root/ros_workspace/install/yolov8_msgs
[0.293s] -- Found ament_cmake: 1.3.12 (/opt/ros/humble/share/ament_cmake/cmake)
[0.337s] Traceback (most recent call last):
[0.337s]   File "/opt/ros/humble/share/ament_cmake_core/cmake/package_templates/templates_2_cmake.py", line 21, in <module>
[0.337s]     from ament_package.templates import get_environment_hook_template_path
[0.337s] ModuleNotFoundError: No module named 'ament_package'
[0.339s] [31mCMake Error at /opt/ros/humble/share/ament_cmake_core/cmake/ament_cmake_package_templates-extras.cmake:41 (message):
[0.340s]   execute_process(/usr/bin/python3
[0.340s]   /opt/ros/humble/share/ament_cmake_core/cmake/package_templates/templates_2_cmake.py
[0.340s]   /root/ros_workspace/build/yolov8_msgs/ament_cmake_package_templates/templates.cmake)
[0.340s]   returned error code 1
[0.340s] Call Stack (most recent call first):
[0.340s]   /opt/ros/humble/share/ament_cmake_core/cmake/ament_cmake_coreConfig.cmake:41 (include)
[0.340s]   /opt/ros/humble/share/ament_cmake/cmake/ament_cmake_export_dependencies-extras.cmake:15 (find_package)
[0.340s]   /opt/ros/humble/share/ament_cmake/cmake/ament_cmakeConfig.cmake:41 (include)
[0.340s]   CMakeLists.txt:19 (find_package)
[0.340s] 
[0.340s] [0m
[0.341s] -- Configuring incomplete, errors occurred!
[0.341s] See also "/root/ros_workspace/build/yolov8_msgs/CMakeFiles/CMakeOutput.log".
