/root/ros_workspace/install/object_detection/lib/python3.10/site-packages/object_detection/yolov8_ros2_pt.py
/root/ros_workspace/install/object_detection/lib/python3.10/site-packages/object_detection/yolov8_ros2_subscriber.py
/root/ros_workspace/install/object_detection/lib/python3.10/site-packages/object_detection/__init__.py
/root/ros_workspace/install/object_detection/lib/python3.10/site-packages/object_detection/dataset_collector.py
/root/ros_workspace/install/object_detection/lib/python3.10/site-packages/object_detection/__pycache__/yolov8_ros2_pt.cpython-310.pyc
/root/ros_workspace/install/object_detection/lib/python3.10/site-packages/object_detection/__pycache__/yolov8_ros2_subscriber.cpython-310.pyc
/root/ros_workspace/install/object_detection/lib/python3.10/site-packages/object_detection/__pycache__/__init__.cpython-310.pyc
/root/ros_workspace/install/object_detection/lib/python3.10/site-packages/object_detection/__pycache__/dataset_collector.cpython-310.pyc
/root/ros_workspace/install/object_detection/share/ament_index/resource_index/packages/object_detection
/root/ros_workspace/install/object_detection/share/object_detection/package.xml
/root/ros_workspace/install/object_detection/lib/python3.10/site-packages/object_detection-0.0.0-py3.10.egg-info/top_level.txt
/root/ros_workspace/install/object_detection/lib/python3.10/site-packages/object_detection-0.0.0-py3.10.egg-info/zip-safe
/root/ros_workspace/install/object_detection/lib/python3.10/site-packages/object_detection-0.0.0-py3.10.egg-info/SOURCES.txt
/root/ros_workspace/install/object_detection/lib/python3.10/site-packages/object_detection-0.0.0-py3.10.egg-info/dependency_links.txt
/root/ros_workspace/install/object_detection/lib/python3.10/site-packages/object_detection-0.0.0-py3.10.egg-info/entry_points.txt
/root/ros_workspace/install/object_detection/lib/python3.10/site-packages/object_detection-0.0.0-py3.10.egg-info/requires.txt
/root/ros_workspace/install/object_detection/lib/python3.10/site-packages/object_detection-0.0.0-py3.10.egg-info/PKG-INFO
/root/ros_workspace/install/object_detection/lib/object_detection/data_collector
/root/ros_workspace/install/object_detection/lib/object_detection/yolov8_ros2_pt
/root/ros_workspace/install/object_detection/lib/object_detection/yolov8_ros2_subscriber
