[0.008s] Invoking command in '/root/ros_workspace/build/zed_topic_benchmark': AMENT_PREFIX_PATH=/root/ros_workspace/install/zed_topic_benchmark_component:/root/ros_workspace/install/zed_topic_benchmark_interfaces:${AMENT_PREFIX_PATH} CMAKE_PREFIX_PATH=/root/ros_workspace/install/zed_topic_benchmark_component:/root/ros_workspace/install/zed_topic_benchmark_interfaces:/opt/ros/humble LD_LIBRARY_PATH=/root/ros_workspace/install/zed_topic_benchmark_component/lib:/root/ros_workspace/install/zed_topic_benchmark_interfaces/lib:${LD_LIBRARY_PATH} PYTHONPATH=/root/ros_workspace/install/zed_topic_benchmark_interfaces/local/lib/python3.10/dist-packages:${PYTHONPATH} /usr/bin/cmake --build /root/ros_workspace/build/zed_topic_benchmark -- -j24 -l24
[0.035s] [35m[1mConsolidate compiler generated dependencies of target zed_topic_benchmark[0m
[0.045s] [100%] Built target zed_topic_benchmark
[0.053s] Invoked command in '/root/ros_workspace/build/zed_topic_benchmark' returned '0': AMENT_PREFIX_PATH=/root/ros_workspace/install/zed_topic_benchmark_component:/root/ros_workspace/install/zed_topic_benchmark_interfaces:${AMENT_PREFIX_PATH} CMAKE_PREFIX_PATH=/root/ros_workspace/install/zed_topic_benchmark_component:/root/ros_workspace/install/zed_topic_benchmark_interfaces:/opt/ros/humble LD_LIBRARY_PATH=/root/ros_workspace/install/zed_topic_benchmark_component/lib:/root/ros_workspace/install/zed_topic_benchmark_interfaces/lib:${LD_LIBRARY_PATH} PYTHONPATH=/root/ros_workspace/install/zed_topic_benchmark_interfaces/local/lib/python3.10/dist-packages:${PYTHONPATH} /usr/bin/cmake --build /root/ros_workspace/build/zed_topic_benchmark -- -j24 -l24
[0.054s] Invoking command in '/root/ros_workspace/build/zed_topic_benchmark': AMENT_PREFIX_PATH=/root/ros_workspace/install/zed_topic_benchmark_component:/root/ros_workspace/install/zed_topic_benchmark_interfaces:${AMENT_PREFIX_PATH} CMAKE_PREFIX_PATH=/root/ros_workspace/install/zed_topic_benchmark_component:/root/ros_workspace/install/zed_topic_benchmark_interfaces:/opt/ros/humble LD_LIBRARY_PATH=/root/ros_workspace/install/zed_topic_benchmark_component/lib:/root/ros_workspace/install/zed_topic_benchmark_interfaces/lib:${LD_LIBRARY_PATH} PYTHONPATH=/root/ros_workspace/install/zed_topic_benchmark_interfaces/local/lib/python3.10/dist-packages:${PYTHONPATH} /usr/bin/cmake --install /root/ros_workspace/build/zed_topic_benchmark
[0.059s] -- Install configuration: "Release"
[0.060s] -- Execute custom install script
[0.060s] -- Up-to-date symlink: /root/ros_workspace/install/zed_topic_benchmark/lib/zed_topic_benchmark/zed_topic_benchmark
[0.060s] -- Up-to-date symlink: /root/ros_workspace/install/zed_topic_benchmark/share/zed_topic_benchmark/launch/zed_test_ipc.launch.py
[0.060s] -- Up-to-date symlink: /root/ros_workspace/install/zed_topic_benchmark/share/ament_index/resource_index/package_run_dependencies/zed_topic_benchmark
[0.060s] -- Up-to-date symlink: /root/ros_workspace/install/zed_topic_benchmark/share/ament_index/resource_index/parent_prefix_path/zed_topic_benchmark
[0.060s] -- Up-to-date symlink: /root/ros_workspace/install/zed_topic_benchmark/share/zed_topic_benchmark/environment/ament_prefix_path.sh
[0.060s] -- Up-to-date symlink: /root/ros_workspace/install/zed_topic_benchmark/share/zed_topic_benchmark/environment/ament_prefix_path.dsv
[0.060s] -- Up-to-date symlink: /root/ros_workspace/install/zed_topic_benchmark/share/zed_topic_benchmark/environment/path.sh
[0.060s] -- Up-to-date symlink: /root/ros_workspace/install/zed_topic_benchmark/share/zed_topic_benchmark/environment/path.dsv
[0.060s] -- Up-to-date symlink: /root/ros_workspace/install/zed_topic_benchmark/share/zed_topic_benchmark/local_setup.bash
[0.060s] -- Up-to-date symlink: /root/ros_workspace/install/zed_topic_benchmark/share/zed_topic_benchmark/local_setup.sh
[0.060s] -- Up-to-date symlink: /root/ros_workspace/install/zed_topic_benchmark/share/zed_topic_benchmark/local_setup.zsh
[0.060s] -- Up-to-date symlink: /root/ros_workspace/install/zed_topic_benchmark/share/zed_topic_benchmark/local_setup.dsv
[0.060s] -- Symlinking: /root/ros_workspace/install/zed_topic_benchmark/share/zed_topic_benchmark/package.dsv
[0.065s] -- Up-to-date symlink: /root/ros_workspace/install/zed_topic_benchmark/share/ament_index/resource_index/packages/zed_topic_benchmark
[0.066s] -- Up-to-date symlink: /root/ros_workspace/install/zed_topic_benchmark/share/zed_topic_benchmark/cmake/zed_topic_benchmarkConfig.cmake
[0.066s] -- Up-to-date symlink: /root/ros_workspace/install/zed_topic_benchmark/share/zed_topic_benchmark/cmake/zed_topic_benchmarkConfig-version.cmake
[0.066s] -- Up-to-date symlink: /root/ros_workspace/install/zed_topic_benchmark/share/zed_topic_benchmark/package.xml
[0.067s] Invoked command in '/root/ros_workspace/build/zed_topic_benchmark' returned '0': AMENT_PREFIX_PATH=/root/ros_workspace/install/zed_topic_benchmark_component:/root/ros_workspace/install/zed_topic_benchmark_interfaces:${AMENT_PREFIX_PATH} CMAKE_PREFIX_PATH=/root/ros_workspace/install/zed_topic_benchmark_component:/root/ros_workspace/install/zed_topic_benchmark_interfaces:/opt/ros/humble LD_LIBRARY_PATH=/root/ros_workspace/install/zed_topic_benchmark_component/lib:/root/ros_workspace/install/zed_topic_benchmark_interfaces/lib:${LD_LIBRARY_PATH} PYTHONPATH=/root/ros_workspace/install/zed_topic_benchmark_interfaces/local/lib/python3.10/dist-packages:${PYTHONPATH} /usr/bin/cmake --install /root/ros_workspace/build/zed_topic_benchmark
