[0.540s] Invoking command in '/root/ros_workspace/build/object_detection': PYTHONPATH=/root/ros_workspace/build/object_detection/prefix_override:/usr/lib/python3/dist-packages/colcon_core/task/python/colcon_distutils_commands:/root/ros_workspace/install/object_detection/lib/python3.10/site-packages:${PYTHONPATH} /usr/bin/python3 -W ignore:setup.py install is deprecated -W ignore:easy_install command is deprecated setup.py develop --uninstall --editable --build-directory /root/ros_workspace/build/object_detection/build
[0.671s] running develop
[0.727s] Removing /root/ros_workspace/install/object_detection/lib/python3.10/site-packages/object-detection.egg-link (link to .)
[0.739s] Invoked command in '/root/ros_workspace/build/object_detection' returned '0': PYTHONPATH=/root/ros_workspace/build/object_detection/prefix_override:/usr/lib/python3/dist-packages/colcon_core/task/python/colcon_distutils_commands:/root/ros_workspace/install/object_detection/lib/python3.10/site-packages:${PYTHONPATH} /usr/bin/python3 -W ignore:setup.py install is deprecated -W ignore:easy_install command is deprecated setup.py develop --uninstall --editable --build-directory /root/ros_workspace/build/object_detection/build
[0.740s] Invoking command in '/root/ros_workspace/src/object_detection': PYTHONPATH=/root/ros_workspace/build/object_detection/prefix_override:/usr/lib/python3/dist-packages/colcon_core/task/python/colcon_distutils_commands:/root/ros_workspace/install/object_detection/lib/python3.10/site-packages:${PYTHONPATH} /usr/bin/python3 -W ignore:setup.py install is deprecated -W ignore:easy_install command is deprecated setup.py egg_info --egg-base ../../build/object_detection build --build-base /root/ros_workspace/build/object_detection/build install --record /root/ros_workspace/build/object_detection/install.log --single-version-externally-managed install_data --force
[0.853s] running egg_info
[0.854s] writing ../../build/object_detection/object_detection.egg-info/PKG-INFO
[0.854s] writing dependency_links to ../../build/object_detection/object_detection.egg-info/dependency_links.txt
[0.854s] writing entry points to ../../build/object_detection/object_detection.egg-info/entry_points.txt
[0.854s] writing requirements to ../../build/object_detection/object_detection.egg-info/requires.txt
[0.854s] writing top-level names to ../../build/object_detection/object_detection.egg-info/top_level.txt
[0.855s] reading manifest file '../../build/object_detection/object_detection.egg-info/SOURCES.txt'
[0.855s] writing manifest file '../../build/object_detection/object_detection.egg-info/SOURCES.txt'
[0.855s] running build
[0.855s] running build_py
[0.855s] running install
[0.855s] running install_lib
[0.856s] creating /root/ros_workspace/install/object_detection/lib/python3.10/site-packages/object_detection
[0.856s] copying /root/ros_workspace/build/object_detection/build/lib/object_detection/yolov8_ros2_pt.py -> /root/ros_workspace/install/object_detection/lib/python3.10/site-packages/object_detection
[0.856s] copying /root/ros_workspace/build/object_detection/build/lib/object_detection/yolov8_ros2_subscriber.py -> /root/ros_workspace/install/object_detection/lib/python3.10/site-packages/object_detection
[0.856s] copying /root/ros_workspace/build/object_detection/build/lib/object_detection/__init__.py -> /root/ros_workspace/install/object_detection/lib/python3.10/site-packages/object_detection
[0.856s] copying /root/ros_workspace/build/object_detection/build/lib/object_detection/dataset_collector.py -> /root/ros_workspace/install/object_detection/lib/python3.10/site-packages/object_detection
[0.856s] byte-compiling /root/ros_workspace/install/object_detection/lib/python3.10/site-packages/object_detection/yolov8_ros2_pt.py to yolov8_ros2_pt.cpython-310.pyc
[0.856s] byte-compiling /root/ros_workspace/install/object_detection/lib/python3.10/site-packages/object_detection/yolov8_ros2_subscriber.py to yolov8_ros2_subscriber.cpython-310.pyc
[0.857s] byte-compiling /root/ros_workspace/install/object_detection/lib/python3.10/site-packages/object_detection/__init__.py to __init__.cpython-310.pyc
[0.857s] byte-compiling /root/ros_workspace/install/object_detection/lib/python3.10/site-packages/object_detection/dataset_collector.py to dataset_collector.cpython-310.pyc
[0.857s] running install_data
[0.857s] copying resource/object_detection -> /root/ros_workspace/install/object_detection/share/ament_index/resource_index/packages
[0.857s] copying package.xml -> /root/ros_workspace/install/object_detection/share/object_detection
[0.857s] running install_egg_info
[0.858s] Copying ../../build/object_detection/object_detection.egg-info to /root/ros_workspace/install/object_detection/lib/python3.10/site-packages/object_detection-0.0.0-py3.10.egg-info
[0.858s] running install_scripts
[0.869s] Installing data_collector script to /root/ros_workspace/install/object_detection/lib/object_detection
[0.869s] Installing yolov8_ros2_pt script to /root/ros_workspace/install/object_detection/lib/object_detection
[0.869s] Installing yolov8_ros2_subscriber script to /root/ros_workspace/install/object_detection/lib/object_detection
[0.869s] writing list of installed files to '/root/ros_workspace/build/object_detection/install.log'
[0.881s] Invoked command in '/root/ros_workspace/src/object_detection' returned '0': PYTHONPATH=/root/ros_workspace/build/object_detection/prefix_override:/usr/lib/python3/dist-packages/colcon_core/task/python/colcon_distutils_commands:/root/ros_workspace/install/object_detection/lib/python3.10/site-packages:${PYTHONPATH} /usr/bin/python3 -W ignore:setup.py install is deprecated -W ignore:easy_install command is deprecated setup.py egg_info --egg-base ../../build/object_detection build --build-base /root/ros_workspace/build/object_detection/build install --record /root/ros_workspace/build/object_detection/install.log --single-version-externally-managed install_data --force
