[0.031s] Invoking command in '/root/ros_workspace/build/turtlebot3_gazebo': CMAKE_PREFIX_PATH=${CMAKE_PREFIX_PATH}:/root/ros_workspace/install/turtlebot3_teleop:/root/ros_workspace/install/turtlebot3_example:/root/ros_workspace/install/object_detection:/root/ros_workspace/install/object_avoidance:/opt/ros/humble /usr/bin/cmake /root/ros_workspace/src/turtlebot3_simulations/turtlebot3_gazebo -DCMAKE_INSTALL_PREFIX=/root/ros_workspace/install/turtlebot3_gazebo
[0.399s] -- Found ament_cmake: 1.3.12 (/opt/ros/humble/share/ament_cmake/cmake)
[0.399s] -- Override CMake install command with custom implementation using symlinks instead of copying resources
[0.399s] -- Configuring incomplete, errors occurred!
[0.399s] See also "/root/ros_workspace/build/turtlebot3_gazebo/CMakeFiles/CMakeOutput.log".
[0.399s] [31mCMake Error at CMakeLists.txt:23 (find_package):
[0.400s]   By not providing "Findgazebo.cmake" in CMAKE_MODULE_PATH this project has
[0.400s]   asked CMake to find a package configuration file provided by "gazebo", but
[0.400s]   CMake did not find one.
[0.400s] 
[0.400s]   Could not find a package configuration file provided by "gazebo" with any
[0.400s]   of the following names:
[0.400s] 
[0.400s]     gazeboConfig.cmake
[0.400s]     gazebo-config.cmake
[0.400s] 
[0.400s]   Add the installation prefix of "gazebo" to CMAKE_PREFIX_PATH or set
[0.400s]   "gazebo_DIR" to a directory containing one of the above files.  If "gazebo"
[0.400s]   provides a separate development package or SDK, be sure it has been
[0.400s]   installed.
[0.400s] 
[0.400s] [0m
[0.413s] Invoked command in '/root/ros_workspace/build/turtlebot3_gazebo' returned '1': CMAKE_PREFIX_PATH=${CMAKE_PREFIX_PATH}:/root/ros_workspace/install/turtlebot3_teleop:/root/ros_workspace/install/turtlebot3_example:/root/ros_workspace/install/object_detection:/root/ros_workspace/install/object_avoidance:/opt/ros/humble /usr/bin/cmake /root/ros_workspace/src/turtlebot3_simulations/turtlebot3_gazebo -DCMAKE_INSTALL_PREFIX=/root/ros_workspace/install/turtlebot3_gazebo
