[0.010s] Invoking command in '/root/ros_workspace/build/zed_components': CMAKE_PREFIX_PATH=/root/ros_workspace/install/object_avoidance:/opt/ros/humble /usr/bin/cmake /root/ros_workspace/src/zed-ros2-wrapper/zed_components -DCMAKE_BUILD_TYPE=Release -DAMENT_CMAKE_SYMLINK_INSTALL=1 -DCMAKE_INSTALL_PREFIX=/root/ros_workspace/install/zed_components
[0.087s] -- The C compiler identification is GNU 11.4.0
[0.148s] -- The CXX compiler identification is GNU 11.4.0
[0.155s] -- Detecting C compiler ABI info
[0.201s] -- Detecting C compiler ABI info - done
[0.205s] -- Check for working C compiler: /usr/bin/cc - skipped
[0.205s] -- Detecting C compile features
[0.205s] -- Detecting C compile features - done
[0.207s] -- Detecting CXX compiler ABI info
[0.253s] -- Detecting CXX compiler ABI info - done
[0.257s] -- Check for working CXX compiler: /usr/bin/c++ - skipped
[0.257s] -- Detecting CXX compile features
[0.257s] -- Detecting CXX compile features - done
[0.260s] -- Looking for sgemm_
[0.303s] -- Looking for sgemm_ - not found
[0.304s] -- Looking for pthread.h
[0.354s] -- Looking for pthread.h - found
[0.354s] -- Performing Test CMAKE_HAVE_LIBC_PTHREAD
[0.400s] -- Performing Test CMAKE_HAVE_LIBC_PTHREAD - Success
[0.401s] -- Found Threads: TRUE  
[0.417s] -- Looking for sgemm_
[0.478s] -- Looking for sgemm_ - found
[0.479s] -- Found BLAS: /usr/lib/x86_64-linux-gnu/libopenblas.so  
[0.496s] -- Found CUDA: /usr/local/cuda (found suitable version "12.8", minimum required is "12") 
[0.577s] -- Found CUDA: /usr/local/cuda (found version "12.8") 
[0.578s] -- Found ament_cmake_auto: 1.3.12 (/opt/ros/humble/share/ament_cmake_auto/cmake)
[0.697s] -- Found Python3: /usr/bin/python3 (found version "3.10.12") found components: Interpreter 
[0.734s] -- Override CMake install command with custom implementation using symlinks instead of copying resources
[0.827s] -- Found rosidl_generator_c: 3.1.7 (/opt/ros/humble/share/rosidl_generator_c/cmake)
[0.830s] -- Found rosidl_adapter: 3.1.7 (/opt/ros/humble/share/rosidl_adapter/cmake)
[0.838s] -- Found rosidl_generator_cpp: 3.1.7 (/opt/ros/humble/share/rosidl_generator_cpp/cmake)
[0.849s] -- Using all available rosidl_typesupport_c: rosidl_typesupport_fastrtps_c;rosidl_typesupport_introspection_c
[0.860s] -- Using all available rosidl_typesupport_cpp: rosidl_typesupport_fastrtps_cpp;rosidl_typesupport_introspection_cpp
[0.943s] -- Found rmw_implementation_cmake: 6.1.2 (/opt/ros/humble/share/rmw_implementation_cmake/cmake)
[0.946s] -- Found rmw_fastrtps_cpp: 6.2.9 (/opt/ros/humble/share/rmw_fastrtps_cpp/cmake)
[1.037s] -- Found OpenSSL: /usr/lib/x86_64-linux-gnu/libcrypto.so (found version "3.0.2")  
[1.060s] -- Found FastRTPS: /opt/ros/humble/include  
[1.091s] -- Using RMW implementation 'rmw_fastrtps_cpp' as default
[1.277s] -- Found eigen3_cmake_module: 0.1.1 (/opt/ros/humble/share/eigen3_cmake_module/cmake)
[1.279s] -- Found Eigen3: TRUE (found version "3.4.0") 
[1.279s] -- Ensuring Eigen3 include directory is part of orocos-kdl CMake target
[1.365s] -- Found ament_lint_auto: 0.12.14 (/opt/ros/humble/share/ament_lint_auto/cmake)
[1.386s] -- Added test 'copyright' to check source files copyright and LICENSE
[1.387s] -- Added test 'cppcheck' to perform static code analysis on C / C++ code
[1.388s] -- Configured cppcheck include dirs: /root/ros_workspace/src/zed-ros2-wrapper/zed_components/src/include;/root/ros_workspace/src/zed-ros2-wrapper/zed_components/src/zed_camera/include;/root/ros_workspace/src/zed-ros2-wrapper/zed_components/src/tools/include;/root/ros_workspace/src/zed-ros2-wrapper/zed_components/src/zed_camera_one/include
[1.388s] -- Configured cppcheck exclude dirs and/or files: 
[1.388s] -- Added test 'lint_cmake' to check CMake code style
[1.389s] -- Added test 'uncrustify' to check C / C++ code style
[1.389s] -- Configured uncrustify additional arguments: 
[1.389s] -- Added test 'xmllint' to check XML markup files
[1.392s] -- Configuring done
[1.409s] -- Generating done
[1.413s] -- Build files have been written to: /root/ros_workspace/build/zed_components
[1.420s] Invoked command in '/root/ros_workspace/build/zed_components' returned '0': CMAKE_PREFIX_PATH=/root/ros_workspace/install/object_avoidance:/opt/ros/humble /usr/bin/cmake /root/ros_workspace/src/zed-ros2-wrapper/zed_components -DCMAKE_BUILD_TYPE=Release -DAMENT_CMAKE_SYMLINK_INSTALL=1 -DCMAKE_INSTALL_PREFIX=/root/ros_workspace/install/zed_components
[1.421s] Invoking command in '/root/ros_workspace/build/zed_components': CMAKE_PREFIX_PATH=/root/ros_workspace/install/object_avoidance:/opt/ros/humble /usr/bin/cmake --build /root/ros_workspace/build/zed_components -- -j24 -l24
[1.454s] [  5%] [32mBuilding CXX object CMakeFiles/zed_camera_component.dir/src/zed_camera/src/zed_camera_component_main.cpp.o[0m
[1.454s] [ 11%] [32mBuilding CXX object CMakeFiles/zed_camera_one_component.dir/src/tools/src/sl_tools.cpp.o[0m
[1.454s] [ 17%] [32mBuilding CXX object CMakeFiles/zed_camera_component.dir/src/zed_camera/src/zed_camera_component_bodytrk.cpp.o[0m
[1.454s] [ 23%] [32mBuilding CXX object CMakeFiles/zed_camera_one_component.dir/src/tools/src/sl_types.cpp.o[0m
[1.454s] [ 29%] [32mBuilding CXX object CMakeFiles/zed_camera_one_component.dir/src/tools/src/gnss_replay.cpp.o[0m
[1.454s] [ 35%] [32mBuilding CXX object CMakeFiles/zed_camera_component.dir/src/tools/src/sl_types.cpp.o[0m
[1.455s] [ 47%] [32mBuilding CXX object CMakeFiles/zed_camera_one_component.dir/src/zed_camera_one/src/zed_camera_one_component_sensors.cpp.o[0m
[1.456s] [ 47%] [32mBuilding CXX object CMakeFiles/zed_camera_one_component.dir/src/tools/src/sl_win_avg.cpp.o[0m
[1.456s] [ 64%] [32mBuilding CXX object CMakeFiles/zed_camera_one_component.dir/src/zed_camera_one/src/zed_camera_one_component_main.cpp.o[0m
[1.456s] [ 64%] [32mBuilding CXX object CMakeFiles/zed_camera_component.dir/src/tools/src/sl_tools.cpp.o[0m
[1.456s] [ 70%] [32mBuilding CXX object CMakeFiles/zed_camera_one_component.dir/src/zed_camera_one/src/zed_camera_one_component_video.cpp.o[0m
[1.456s] [ 70%] [32mBuilding CXX object CMakeFiles/zed_camera_component.dir/src/tools/src/gnss_replay.cpp.o[0m
[1.456s] [ 76%] [32mBuilding CXX object CMakeFiles/zed_camera_component.dir/src/tools/src/sl_win_avg.cpp.o[0m
[1.457s] [ 82%] [32mBuilding CXX object CMakeFiles/zed_camera_component.dir/src/zed_camera/src/zed_camera_component_video_depth.cpp.o[0m
[1.457s] [ 88%] [32mBuilding CXX object CMakeFiles/zed_camera_component.dir/src/zed_camera/src/zed_camera_component_objdet.cpp.o[0m
[6.817s] [01m[K/root/ros_workspace/src/zed-ros2-wrapper/zed_components/src/zed_camera_one/src/zed_camera_one_component_video.cpp:[m[K In member function ‘[01m[Kvoid stereolabs::ZedCameraOne::retrieveImages(bool)[m[K’:
[6.823s] [01m[K/root/ros_workspace/src/zed-ros2-wrapper/zed_components/src/zed_camera_one/src/zed_camera_one_component_video.cpp:450:32:[m[K [01;31m[Kerror: [m[K‘[01m[KLEFT_BGR[m[K’ is not a member of ‘[01m[Ksl::VIEW[m[K’; did you mean ‘[01m[KLEFT_GRAY[m[K’?
[6.826s]   450 |         _24bitMode ? sl::VIEW::[01;31m[KLEFT_BGR[m[K : sl::VIEW::LEFT_BGRA,
[6.826s]       |                                [01;31m[K^~~~~~~~[m[K
[6.826s]       |                                [32m[KLEFT_GRAY[m[K
[6.826s] [01m[K/root/ros_workspace/src/zed-ros2-wrapper/zed_components/src/zed_camera_one/src/zed_camera_one_component_video.cpp:450:53:[m[K [01;31m[Kerror: [m[K‘[01m[KLEFT_BGRA[m[K’ is not a member of ‘[01m[Ksl::VIEW[m[K’; did you mean ‘[01m[KLEFT_GRAY[m[K’?
[6.826s]   450 |         _24bitMode ? sl::VIEW::LEFT_BGR : sl::VIEW::[01;31m[KLEFT_BGRA[m[K,
[6.826s]       |                                                     [01;31m[K^~~~~~~~~[m[K
[6.826s]       |                                                     [32m[KLEFT_GRAY[m[K
[6.826s] [01m[K/root/ros_workspace/src/zed-ros2-wrapper/zed_components/src/zed_camera_one/src/zed_camera_one_component_video.cpp:462:32:[m[K [01;31m[Kerror: [m[K‘[01m[KLEFT_UNRECTIFIED_BGR[m[K’ is not a member of ‘[01m[Ksl::VIEW[m[K’; did you mean ‘[01m[KLEFT_UNRECTIFIED_GRAY[m[K’?
[6.826s]   462 |         _24bitMode ? sl::VIEW::[01;31m[KLEFT_UNRECTIFIED_BGR[m[K : sl::VIEW::LEFT_UNRECTIFIED_BGRA,
[6.827s]       |                                [01;31m[K^~~~~~~~~~~~~~~~~~~~[m[K
[6.827s]       |                                [32m[KLEFT_UNRECTIFIED_GRAY[m[K
[6.827s] [01m[K/root/ros_workspace/src/zed-ros2-wrapper/zed_components/src/zed_camera_one/src/zed_camera_one_component_video.cpp:462:65:[m[K [01;31m[Kerror: [m[K‘[01m[KLEFT_UNRECTIFIED_BGRA[m[K’ is not a member of ‘[01m[Ksl::VIEW[m[K’; did you mean ‘[01m[KLEFT_UNRECTIFIED_GRAY[m[K’?
[6.827s]   462 |         _24bitMode ? sl::VIEW::LEFT_UNRECTIFIED_BGR : sl::VIEW::[01;31m[KLEFT_UNRECTIFIED_BGRA[m[K,
[6.827s]       |                                                                 [01;31m[K^~~~~~~~~~~~~~~~~~~~~[m[K
[6.827s]       |                                                                 [32m[KLEFT_UNRECTIFIED_GRAY[m[K
[6.857s] [01m[K/root/ros_workspace/src/zed-ros2-wrapper/zed_components/src/zed_camera/src/zed_camera_component_video_depth.cpp:[m[K In member function ‘[01m[Kbool stereolabs::ZedCamera::retrieveLeftImage(bool)[m[K’:
[6.857s] [01m[K/root/ros_workspace/src/zed-ros2-wrapper/zed_components/src/zed_camera/src/zed_camera_component_video_depth.cpp:1494:30:[m[K [01;31m[Kerror: [m[K‘[01m[KLEFT_BGR[m[K’ is not a member of ‘[01m[Ksl::VIEW[m[K’; did you mean ‘[01m[KLEFT_GRAY[m[K’?
[6.857s]  1494 |       m24bitMode ? sl::VIEW::[01;31m[KLEFT_BGR[m[K : sl::VIEW::LEFT_BGRA,
[6.857s]       |                              [01;31m[K^~~~~~~~[m[K
[6.858s]       |                              [32m[KLEFT_GRAY[m[K
[6.858s] [01m[K/root/ros_workspace/src/zed-ros2-wrapper/zed_components/src/zed_camera/src/zed_camera_component_video_depth.cpp:1494:51:[m[K [01;31m[Kerror: [m[K‘[01m[KLEFT_BGRA[m[K’ is not a member of ‘[01m[Ksl::VIEW[m[K’; did you mean ‘[01m[KLEFT_GRAY[m[K’?
[6.858s]  1494 |       m24bitMode ? sl::VIEW::LEFT_BGR : sl::VIEW::[01;31m[KLEFT_BGRA[m[K,
[6.858s]       |                                                   [01;31m[K^~~~~~~~~[m[K
[6.858s]       |                                                   [32m[KLEFT_GRAY[m[K
[6.858s] [01m[K/root/ros_workspace/src/zed-ros2-wrapper/zed_components/src/zed_camera/src/zed_camera_component_video_depth.cpp:[m[K In member function ‘[01m[Kbool stereolabs::ZedCamera::retrieveLeftRawImage(bool)[m[K’:
[6.858s] [01m[K/root/ros_workspace/src/zed-ros2-wrapper/zed_components/src/zed_camera/src/zed_camera_component_video_depth.cpp:1512:30:[m[K [01;31m[Kerror: [m[K‘[01m[KLEFT_UNRECTIFIED_BGR[m[K’ is not a member of ‘[01m[Ksl::VIEW[m[K’; did you mean ‘[01m[KLEFT_UNRECTIFIED_GRAY[m[K’?
[6.858s]  1512 |       m24bitMode ? sl::VIEW::[01;31m[KLEFT_UNRECTIFIED_BGR[m[K : sl::VIEW::LEFT_UNRECTIFIED_BGRA,
[6.858s]       |                              [01;31m[K^~~~~~~~~~~~~~~~~~~~[m[K
[6.858s]       |                              [32m[KLEFT_UNRECTIFIED_GRAY[m[K
[6.858s] [01m[K/root/ros_workspace/src/zed-ros2-wrapper/zed_components/src/zed_camera/src/zed_camera_component_video_depth.cpp:1512:63:[m[K [01;31m[Kerror: [m[K‘[01m[KLEFT_UNRECTIFIED_BGRA[m[K’ is not a member of ‘[01m[Ksl::VIEW[m[K’; did you mean ‘[01m[KLEFT_UNRECTIFIED_GRAY[m[K’?
[6.858s]  1512 |       m24bitMode ? sl::VIEW::LEFT_UNRECTIFIED_BGR : sl::VIEW::[01;31m[KLEFT_UNRECTIFIED_BGRA[m[K,
[6.859s]       |                                                               [01;31m[K^~~~~~~~~~~~~~~~~~~~~[m[K
[6.859s]       |                                                               [32m[KLEFT_UNRECTIFIED_GRAY[m[K
[6.859s] [01m[K/root/ros_workspace/src/zed-ros2-wrapper/zed_components/src/zed_camera/src/zed_camera_component_video_depth.cpp:[m[K In member function ‘[01m[Kbool stereolabs::ZedCamera::retrieveRightImage(bool)[m[K’:
[6.859s] [01m[K/root/ros_workspace/src/zed-ros2-wrapper/zed_components/src/zed_camera/src/zed_camera_component_video_depth.cpp:1529:30:[m[K [01;31m[Kerror: [m[K‘[01m[KRIGHT_BGR[m[K’ is not a member of ‘[01m[Ksl::VIEW[m[K’; did you mean ‘[01m[KRIGHT_GRAY[m[K’?
[6.859s]  1529 |       m24bitMode ? sl::VIEW::[01;31m[KRIGHT_BGR[m[K : sl::VIEW::RIGHT_BGRA,
[6.859s]       |                              [01;31m[K^~~~~~~~~[m[K
[6.860s]       |                              [32m[KRIGHT_GRAY[m[K
[6.860s] [01m[K/root/ros_workspace/src/zed-ros2-wrapper/zed_components/src/zed_camera/src/zed_camera_component_video_depth.cpp:1529:52:[m[K [01;31m[Kerror: [m[K‘[01m[KRIGHT_BGRA[m[K’ is not a member of ‘[01m[Ksl::VIEW[m[K’; did you mean ‘[01m[KRIGHT_GRAY[m[K’?
[6.860s]  1529 |       m24bitMode ? sl::VIEW::RIGHT_BGR : sl::VIEW::[01;31m[KRIGHT_BGRA[m[K,
[6.860s]       |                                                    [01;31m[K^~~~~~~~~~[m[K
[6.860s]       |                                                    [32m[KRIGHT_GRAY[m[K
[6.860s] [01m[K/root/ros_workspace/src/zed-ros2-wrapper/zed_components/src/zed_camera/src/zed_camera_component_video_depth.cpp:[m[K In member function ‘[01m[Kbool stereolabs::ZedCamera::retrieveRightRawImage(bool)[m[K’:
[6.860s] [01m[K/root/ros_workspace/src/zed-ros2-wrapper/zed_components/src/zed_camera/src/zed_camera_component_video_depth.cpp:1546:30:[m[K [01;31m[Kerror: [m[K‘[01m[KRIGHT_UNRECTIFIED_BGR[m[K’ is not a member of ‘[01m[Ksl::VIEW[m[K’; did you mean ‘[01m[KRIGHT_UNRECTIFIED_GRAY[m[K’?
[6.860s]  1546 |       m24bitMode ? sl::VIEW::[01;31m[KRIGHT_UNRECTIFIED_BGR[m[K : sl::VIEW::RIGHT_UNRECTIFIED_BGRA,
[6.860s]       |                              [01;31m[K^~~~~~~~~~~~~~~~~~~~~[m[K
[6.860s]       |                              [32m[KRIGHT_UNRECTIFIED_GRAY[m[K
[6.860s] [01m[K/root/ros_workspace/src/zed-ros2-wrapper/zed_components/src/zed_camera/src/zed_camera_component_video_depth.cpp:1546:64:[m[K [01;31m[Kerror: [m[K‘[01m[KRIGHT_UNRECTIFIED_BGRA[m[K’ is not a member of ‘[01m[Ksl::VIEW[m[K’; did you mean ‘[01m[KRIGHT_UNRECTIFIED_GRAY[m[K’?
[6.860s]  1546 |       m24bitMode ? sl::VIEW::RIGHT_UNRECTIFIED_BGR : sl::VIEW::[01;31m[KRIGHT_UNRECTIFIED_BGRA[m[K,
[6.860s]       |                                                                [01;31m[K^~~~~~~~~~~~~~~~~~~~~~[m[K
[6.860s]       |                                                                [32m[KRIGHT_UNRECTIFIED_GRAY[m[K
[7.888s] gmake[2]: *** [CMakeFiles/zed_camera_one_component.dir/build.make:160: CMakeFiles/zed_camera_one_component.dir/src/zed_camera_one/src/zed_camera_one_component_video.cpp.o] Error 1
[7.888s] gmake[2]: *** Waiting for unfinished jobs....
[8.705s] gmake[2]: *** [CMakeFiles/zed_camera_component.dir/build.make:146: CMakeFiles/zed_camera_component.dir/src/zed_camera/src/zed_camera_component_video_depth.cpp.o] Error 1
[8.705s] gmake[2]: *** Waiting for unfinished jobs....
[13.130s] gmake[1]: *** [CMakeFiles/Makefile2:192: CMakeFiles/zed_camera_one_component.dir/all] Error 2
[13.130s] gmake[1]: *** Waiting for unfinished jobs....
[38.649s] gmake[1]: *** [CMakeFiles/Makefile2:166: CMakeFiles/zed_camera_component.dir/all] Error 2
[38.649s] gmake: *** [Makefile:146: all] Error 2
[38.684s] Invoked command in '/root/ros_workspace/build/zed_components' returned '2': CMAKE_PREFIX_PATH=/root/ros_workspace/install/object_avoidance:/opt/ros/humble /usr/bin/cmake --build /root/ros_workspace/build/zed_components -- -j24 -l24
