[0.012s] Invoking command in '/root/ros_workspace/build/zed_aruco_localization': CMAKE_PREFIX_PATH=/root/ros_workspace/install/zed_components:/root/ros_workspace/install/zed_ros2:/root/ros_workspace/install/zed_robot_integration:/root/ros_workspace/install/zed_multi_camera:/root/ros_workspace/install/zed_isaac_ros_multi_camera:/root/ros_workspace/install/zed_isaac_ros_april_tag:/root/ros_workspace/install/zed_display_rviz2:/root/ros_workspace/install/zed_depth_to_laserscan:/root/ros_workspace/install/zed_wrapper:/root/ros_workspace/install/zed_tutorial_video:/root/ros_workspace/install/zed_tutorial_pos_tracking:/root/ros_workspace/install/zed_tutorial_depth:/root/ros_workspace/install/zed_topic_benchmark:/root/ros_workspace/install/zed_topic_benchmark_component:/root/ros_workspace/install/zed_topic_benchmark_interfaces:/root/ros_workspace/install/zed_isaac_ros_nitros_sub:/root/ros_workspace/install/rviz_plugin_zed_od:/root/ros_workspace/install/object_avoidance:/opt/ros/humble LD_LIBRARY_PATH=/root/ros_workspace/install/zed_components/lib:/root/ros_workspace/install/zed_topic_benchmark_component/lib:/root/ros_workspace/install/zed_topic_benchmark_interfaces/lib:/root/ros_workspace/install/rviz_plugin_zed_od/lib:/opt/ros/humble/opt/rviz_ogre_vendor/lib:/opt/ros/humble/lib/x86_64-linux-gnu:/opt/ros/humble/lib:/usr/lib/x86_64-linux-gnu:/usr/lib/i386-linux-gnu:/usr/local/cuda/lib64:/usr/local/nvidia/lib:/usr/local/nvidia/lib64 /usr/bin/cmake --build /root/ros_workspace/build/zed_aruco_localization -- -j24 -l24
[0.060s] -- Found CUDA: /usr/local/cuda (found suitable version "12.8", minimum required is "12") 
[0.197s] -- Found CUDA: /usr/local/cuda (found version "12.8") 
[0.197s] -- Found ament_cmake_auto: 1.3.12 (/opt/ros/humble/share/ament_cmake_auto/cmake)
[0.276s] -- Override CMake install command with custom implementation using symlinks instead of copying resources
[0.328s] -- Found rosidl_generator_c: 3.1.7 (/opt/ros/humble/share/rosidl_generator_c/cmake)
[0.330s] -- Found rosidl_adapter: 3.1.7 (/opt/ros/humble/share/rosidl_adapter/cmake)
[0.333s] -- Found rosidl_generator_cpp: 3.1.7 (/opt/ros/humble/share/rosidl_generator_cpp/cmake)
[0.338s] -- Using all available rosidl_typesupport_c: rosidl_typesupport_fastrtps_c;rosidl_typesupport_introspection_c
[0.344s] -- Using all available rosidl_typesupport_cpp: rosidl_typesupport_fastrtps_cpp;rosidl_typesupport_introspection_cpp
[0.360s] -- Found rmw_implementation_cmake: 6.1.2 (/opt/ros/humble/share/rmw_implementation_cmake/cmake)
[0.361s] -- Found rmw_fastrtps_cpp: 6.2.9 (/opt/ros/humble/share/rmw_fastrtps_cpp/cmake)
[0.427s] -- Using RMW implementation 'rmw_fastrtps_cpp' as default
[0.523s] -- Found eigen3_cmake_module: 0.1.1 (/opt/ros/humble/share/eigen3_cmake_module/cmake)
[0.523s] -- Ensuring Eigen3 include directory is part of orocos-kdl CMake target
[0.633s] -- Found ament_lint_auto: 0.12.14 (/opt/ros/humble/share/ament_lint_auto/cmake)
[0.641s] -- Added test 'copyright' to check source files copyright and LICENSE
[0.643s] -- Added test 'cppcheck' to perform static code analysis on C / C++ code
[0.644s] -- Configured cppcheck include dirs: /root/ros_workspace/src/zed-ros2-examples/examples/zed_aruco_localization/src/include;/root/ros_workspace/src/zed-ros2-examples/examples/zed_aruco_localization/src/component/include
[0.644s] -- Configured cppcheck exclude dirs and/or files: 
[0.644s] -- Added test 'cpplint' to check C / C++ code against the Google style
[0.644s] -- Configured cpplint exclude dirs and/or files: 
[0.644s] -- Added test 'flake8' to check Python code syntax and style conventions
[0.644s] -- Added test 'lint_cmake' to check CMake code style
[0.644s] -- Added test 'pep257' to check Python code against some of the docstring style conventions in PEP 257
[0.644s] -- Added test 'uncrustify' to check C / C++ code style
[0.644s] -- Configured uncrustify additional arguments: 
[0.645s] -- Added test 'xmllint' to check XML markup files
[0.645s] -- Added test 'clang_format' to check C / C++ code style
[0.646s] -- Configuring done
[0.657s] -- Generating done
[0.660s] -- Build files have been written to: /root/ros_workspace/build/zed_aruco_localization
[0.680s] [35m[1mConsolidate compiler generated dependencies of target zed_aruco_localization_component[0m
[0.693s] [ 33%] [32mBuilding CXX object CMakeFiles/zed_aruco_localization_component.dir/src/component/src/aruco.cpp.o[0m
[0.694s] [ 66%] [32mBuilding CXX object CMakeFiles/zed_aruco_localization_component.dir/src/component/src/zed_aruco_localization_component.cpp.o[0m
[5.828s] [100%] [32m[1mLinking CXX shared library libzed_aruco_localization_component.so[0m
[5.955s] [100%] Built target zed_aruco_localization_component
[5.962s] Invoked command in '/root/ros_workspace/build/zed_aruco_localization' returned '0': CMAKE_PREFIX_PATH=/root/ros_workspace/install/zed_components:/root/ros_workspace/install/zed_ros2:/root/ros_workspace/install/zed_robot_integration:/root/ros_workspace/install/zed_multi_camera:/root/ros_workspace/install/zed_isaac_ros_multi_camera:/root/ros_workspace/install/zed_isaac_ros_april_tag:/root/ros_workspace/install/zed_display_rviz2:/root/ros_workspace/install/zed_depth_to_laserscan:/root/ros_workspace/install/zed_wrapper:/root/ros_workspace/install/zed_tutorial_video:/root/ros_workspace/install/zed_tutorial_pos_tracking:/root/ros_workspace/install/zed_tutorial_depth:/root/ros_workspace/install/zed_topic_benchmark:/root/ros_workspace/install/zed_topic_benchmark_component:/root/ros_workspace/install/zed_topic_benchmark_interfaces:/root/ros_workspace/install/zed_isaac_ros_nitros_sub:/root/ros_workspace/install/rviz_plugin_zed_od:/root/ros_workspace/install/object_avoidance:/opt/ros/humble LD_LIBRARY_PATH=/root/ros_workspace/install/zed_components/lib:/root/ros_workspace/install/zed_topic_benchmark_component/lib:/root/ros_workspace/install/zed_topic_benchmark_interfaces/lib:/root/ros_workspace/install/rviz_plugin_zed_od/lib:/opt/ros/humble/opt/rviz_ogre_vendor/lib:/opt/ros/humble/lib/x86_64-linux-gnu:/opt/ros/humble/lib:/usr/lib/x86_64-linux-gnu:/usr/lib/i386-linux-gnu:/usr/local/cuda/lib64:/usr/local/nvidia/lib:/usr/local/nvidia/lib64 /usr/bin/cmake --build /root/ros_workspace/build/zed_aruco_localization -- -j24 -l24
[5.964s] Invoking command in '/root/ros_workspace/build/zed_aruco_localization': CMAKE_PREFIX_PATH=/root/ros_workspace/install/zed_components:/root/ros_workspace/install/zed_ros2:/root/ros_workspace/install/zed_robot_integration:/root/ros_workspace/install/zed_multi_camera:/root/ros_workspace/install/zed_isaac_ros_multi_camera:/root/ros_workspace/install/zed_isaac_ros_april_tag:/root/ros_workspace/install/zed_display_rviz2:/root/ros_workspace/install/zed_depth_to_laserscan:/root/ros_workspace/install/zed_wrapper:/root/ros_workspace/install/zed_tutorial_video:/root/ros_workspace/install/zed_tutorial_pos_tracking:/root/ros_workspace/install/zed_tutorial_depth:/root/ros_workspace/install/zed_topic_benchmark:/root/ros_workspace/install/zed_topic_benchmark_component:/root/ros_workspace/install/zed_topic_benchmark_interfaces:/root/ros_workspace/install/zed_isaac_ros_nitros_sub:/root/ros_workspace/install/rviz_plugin_zed_od:/root/ros_workspace/install/object_avoidance:/opt/ros/humble LD_LIBRARY_PATH=/root/ros_workspace/install/zed_components/lib:/root/ros_workspace/install/zed_topic_benchmark_component/lib:/root/ros_workspace/install/zed_topic_benchmark_interfaces/lib:/root/ros_workspace/install/rviz_plugin_zed_od/lib:/opt/ros/humble/opt/rviz_ogre_vendor/lib:/opt/ros/humble/lib/x86_64-linux-gnu:/opt/ros/humble/lib:/usr/lib/x86_64-linux-gnu:/usr/lib/i386-linux-gnu:/usr/local/cuda/lib64:/usr/local/nvidia/lib:/usr/local/nvidia/lib64 /usr/bin/cmake --install /root/ros_workspace/build/zed_aruco_localization
[5.968s] -- Install configuration: "Release"
[5.968s] -- Execute custom install script
[5.968s] -- Symlinking: /root/ros_workspace/install/zed_aruco_localization/lib/libzed_aruco_localization_component.so
[5.973s] -- Symlinking: /root/ros_workspace/install/zed_aruco_localization/include/zed_aruco_localization//aruco_loc_visibility_control.hpp
[5.978s] -- Symlinking: /root/ros_workspace/install/zed_aruco_localization/include/zed_aruco_localization//aruco.hpp
[5.984s] -- Symlinking: /root/ros_workspace/install/zed_aruco_localization/include/zed_aruco_localization//zed_aruco_localization_component.hpp
[5.989s] -- Symlinking: /root/ros_workspace/install/zed_aruco_localization/share/zed_aruco_localization/launch/zed_aruco_loc.launch.py
[5.994s] -- Symlinking: /root/ros_workspace/install/zed_aruco_localization/share/zed_aruco_localization/config/aruco_loc.yaml
[5.998s] -- Symlinking: /root/ros_workspace/install/zed_aruco_localization/share/zed_aruco_localization/rviz2/aruco.rviz
[6.003s] -- Symlinking: /root/ros_workspace/install/zed_aruco_localization/share/zed_aruco_localization/environment/library_path.sh
[6.010s] -- Symlinking: /root/ros_workspace/install/zed_aruco_localization/share/zed_aruco_localization/environment/library_path.dsv
[6.018s] -- Symlinking: /root/ros_workspace/install/zed_aruco_localization/share/ament_index/resource_index/package_run_dependencies/zed_aruco_localization
[6.025s] -- Symlinking: /root/ros_workspace/install/zed_aruco_localization/share/ament_index/resource_index/parent_prefix_path/zed_aruco_localization
[6.030s] -- Symlinking: /root/ros_workspace/install/zed_aruco_localization/share/zed_aruco_localization/environment/ament_prefix_path.sh
[6.035s] -- Symlinking: /root/ros_workspace/install/zed_aruco_localization/share/zed_aruco_localization/environment/ament_prefix_path.dsv
[6.039s] -- Symlinking: /root/ros_workspace/install/zed_aruco_localization/share/zed_aruco_localization/environment/path.sh
[6.044s] -- Symlinking: /root/ros_workspace/install/zed_aruco_localization/share/zed_aruco_localization/environment/path.dsv
[6.048s] -- Symlinking: /root/ros_workspace/install/zed_aruco_localization/share/zed_aruco_localization/local_setup.bash
[6.053s] -- Symlinking: /root/ros_workspace/install/zed_aruco_localization/share/zed_aruco_localization/local_setup.sh
[6.060s] -- Symlinking: /root/ros_workspace/install/zed_aruco_localization/share/zed_aruco_localization/local_setup.zsh
[6.066s] -- Symlinking: /root/ros_workspace/install/zed_aruco_localization/share/zed_aruco_localization/local_setup.dsv
[6.073s] -- Symlinking: /root/ros_workspace/install/zed_aruco_localization/share/zed_aruco_localization/package.dsv
[6.081s] -- Symlinking: /root/ros_workspace/install/zed_aruco_localization/share/ament_index/resource_index/packages/zed_aruco_localization
[6.086s] -- Symlinking: /root/ros_workspace/install/zed_aruco_localization/share/ament_index/resource_index/rclcpp_components/zed_aruco_localization
[6.093s] -- Symlinking: /root/ros_workspace/install/zed_aruco_localization/share/zed_aruco_localization/cmake/ament_cmake_export_include_directories-extras.cmake
[6.100s] -- Symlinking: /root/ros_workspace/install/zed_aruco_localization/share/zed_aruco_localization/cmake/ament_cmake_export_libraries-extras.cmake
[6.108s] -- Symlinking: /root/ros_workspace/install/zed_aruco_localization/share/zed_aruco_localization/cmake/ament_cmake_export_dependencies-extras.cmake
[6.112s] -- Symlinking: /root/ros_workspace/install/zed_aruco_localization/share/zed_aruco_localization/cmake/zed_aruco_localizationConfig.cmake
[6.118s] -- Symlinking: /root/ros_workspace/install/zed_aruco_localization/share/zed_aruco_localization/cmake/zed_aruco_localizationConfig-version.cmake
[6.123s] -- Symlinking: /root/ros_workspace/install/zed_aruco_localization/share/zed_aruco_localization/package.xml
[6.131s] Invoked command in '/root/ros_workspace/build/zed_aruco_localization' returned '0': CMAKE_PREFIX_PATH=/root/ros_workspace/install/zed_components:/root/ros_workspace/install/zed_ros2:/root/ros_workspace/install/zed_robot_integration:/root/ros_workspace/install/zed_multi_camera:/root/ros_workspace/install/zed_isaac_ros_multi_camera:/root/ros_workspace/install/zed_isaac_ros_april_tag:/root/ros_workspace/install/zed_display_rviz2:/root/ros_workspace/install/zed_depth_to_laserscan:/root/ros_workspace/install/zed_wrapper:/root/ros_workspace/install/zed_tutorial_video:/root/ros_workspace/install/zed_tutorial_pos_tracking:/root/ros_workspace/install/zed_tutorial_depth:/root/ros_workspace/install/zed_topic_benchmark:/root/ros_workspace/install/zed_topic_benchmark_component:/root/ros_workspace/install/zed_topic_benchmark_interfaces:/root/ros_workspace/install/zed_isaac_ros_nitros_sub:/root/ros_workspace/install/rviz_plugin_zed_od:/root/ros_workspace/install/object_avoidance:/opt/ros/humble LD_LIBRARY_PATH=/root/ros_workspace/install/zed_components/lib:/root/ros_workspace/install/zed_topic_benchmark_component/lib:/root/ros_workspace/install/zed_topic_benchmark_interfaces/lib:/root/ros_workspace/install/rviz_plugin_zed_od/lib:/opt/ros/humble/opt/rviz_ogre_vendor/lib:/opt/ros/humble/lib/x86_64-linux-gnu:/opt/ros/humble/lib:/usr/lib/x86_64-linux-gnu:/usr/lib/i386-linux-gnu:/usr/local/cuda/lib64:/usr/local/nvidia/lib:/usr/local/nvidia/lib64 /usr/bin/cmake --install /root/ros_workspace/build/zed_aruco_localization
