[0.123s] Invoking command in '/root/ros_workspace/build/zed_rgb_convert': CMAKE_PREFIX_PATH=/opt/ros/humble /usr/bin/cmake /root/ros_workspace/src/zed-ros2-examples/tutorials/zed_rgb_convert -DCMAKE_BUILD_TYPE=Release -DAMENT_CMAKE_SYMLINK_INSTALL=1 -DCMAKE_INSTALL_PREFIX=/root/ros_workspace/install/zed_rgb_convert
[0.154s] -- Found CUDA: /usr/local/cuda (found suitable version "12.8", minimum required is "12") 
[0.181s] -- Found CUDA: /usr/local/cuda (found version "12.8") 
[0.181s] -- Found ament_cmake_auto: 1.3.12 (/opt/ros/humble/share/ament_cmake_auto/cmake)
[0.242s] -- Override CMake install command with custom implementation using symlinks instead of copying resources
[0.295s] -- Found rosidl_generator_c: 3.1.7 (/opt/ros/humble/share/rosidl_generator_c/cmake)
[0.296s] -- Found rosidl_adapter: 3.1.7 (/opt/ros/humble/share/rosidl_adapter/cmake)
[0.299s] -- Found rosidl_generator_cpp: 3.1.7 (/opt/ros/humble/share/rosidl_generator_cpp/cmake)
[0.303s] -- Using all available rosidl_typesupport_c: rosidl_typesupport_fastrtps_c;rosidl_typesupport_introspection_c
[0.309s] -- Using all available rosidl_typesupport_cpp: rosidl_typesupport_fastrtps_cpp;rosidl_typesupport_introspection_cpp
[0.325s] -- Found rmw_implementation_cmake: 6.1.2 (/opt/ros/humble/share/rmw_implementation_cmake/cmake)
[0.326s] -- Found rmw_fastrtps_cpp: 6.2.9 (/opt/ros/humble/share/rmw_fastrtps_cpp/cmake)
[0.395s] -- Using RMW implementation 'rmw_fastrtps_cpp' as default
[0.466s] [33mCMake Warning at CMakeLists.txt:115 (find_package):
[0.466s]   By not providing "Findzed_components.cmake" in CMAKE_MODULE_PATH this
[0.466s]   project has asked CMake to find a package configuration file provided by
[0.466s]   "zed_components", but CMake did not find one.
[0.467s] 
[0.467s]   Could not find a package configuration file provided by "zed_components"
[0.467s]   with any of the following names:
[0.467s] 
[0.467s]     zed_componentsConfig.cmake
[0.467s]     zed_components-config.cmake
[0.467s] 
[0.467s]   Add the installation prefix of "zed_components" to CMAKE_PREFIX_PATH or set
[0.467s]   "zed_components_DIR" to a directory containing one of the above files.  If
[0.467s]   "zed_components" provides a separate development package or SDK, be sure it
[0.467s]   has been installed.
[0.467s] 
[0.467s] [0m
[0.467s] -- Found ament_lint_auto: 0.12.14 (/opt/ros/humble/share/ament_lint_auto/cmake)
[0.471s] [31mCMake Error at /opt/ros/humble/share/ament_cmake_target_dependencies/cmake/ament_target_dependencies.cmake:77 (message):
[0.471s]   ament_target_dependencies() the passed package name 'zed_components' was
[0.471s]   not found before
[0.471s] Call Stack (most recent call first):
[0.471s]   CMakeLists.txt:186 (ament_target_dependencies)
[0.471s] 
[0.471s] [0m
[0.471s] -- Configuring incomplete, errors occurred!
[0.471s] See also "/root/ros_workspace/build/zed_rgb_convert/CMakeFiles/CMakeOutput.log".
[0.471s] See also "/root/ros_workspace/build/zed_rgb_convert/CMakeFiles/CMakeError.log".
[0.475s] Invoked command in '/root/ros_workspace/build/zed_rgb_convert' returned '1': CMAKE_PREFIX_PATH=/opt/ros/humble /usr/bin/cmake /root/ros_workspace/src/zed-ros2-examples/tutorials/zed_rgb_convert -DCMAKE_BUILD_TYPE=Release -DAMENT_CMAKE_SYMLINK_INSTALL=1 -DCMAKE_INSTALL_PREFIX=/root/ros_workspace/install/zed_rgb_convert
