[0.023s] Invoking command in '/root/ros_workspace/build/turtlebot3_gazebo': CMAKE_PREFIX_PATH=/opt/ros/humble /usr/bin/cmake /root/ros_workspace/src/turtlebot3_simulations/turtlebot3_gazebo -DAMENT_CMAKE_SYMLINK_INSTALL=1 -DCMAKE_INSTALL_PREFIX=/root/ros_workspace/install/turtlebot3_gazebo
[0.489s] -- The C compiler identification is GNU 11.4.0
[0.489s] -- The CXX compiler identification is GNU 11.4.0
[0.489s] -- Detecting C compiler ABI info
[0.489s] -- Detecting C compiler ABI info - done
[0.490s] -- Check for working C compiler: /usr/bin/cc - skipped
[0.490s] -- Detecting C compile features
[0.490s] -- Detecting C compile features - done
[0.490s] -- Detecting CXX compiler ABI info
[0.490s] -- Detecting CXX compiler ABI info - done
[0.490s] -- Check for working CXX compiler: /usr/bin/c++ - skipped
[0.490s] -- Detecting CXX compile features
[0.490s] -- Detecting CXX compile features - done
[0.490s] -- Found ament_cmake: 1.3.12 (/opt/ros/humble/share/ament_cmake/cmake)
[0.490s] -- Found Python3: /usr/bin/python3 (found version "3.10.12") found components: Interpreter 
[0.490s] -- Override CMake install command with custom implementation using symlinks instead of copying resources
[0.490s] -- Configuring incomplete, errors occurred!
[0.490s] See also "/root/ros_workspace/build/turtlebot3_gazebo/CMakeFiles/CMakeOutput.log".
[0.491s] [31mCMake Error at CMakeLists.txt:23 (find_package):
[0.491s]   By not providing "Findgazebo.cmake" in CMAKE_MODULE_PATH this project has
[0.491s]   asked CMake to find a package configuration file provided by "gazebo", but
[0.492s]   CMake did not find one.
[0.492s] 
[0.492s]   Could not find a package configuration file provided by "gazebo" with any
[0.493s]   of the following names:
[0.493s] 
[0.494s]     gazeboConfig.cmake
[0.494s]     gazebo-config.cmake
[0.494s] 
[0.494s]   Add the installation prefix of "gazebo" to CMAKE_PREFIX_PATH or set
[0.494s]   "gazebo_DIR" to a directory containing one of the above files.  If "gazebo"
[0.494s]   provides a separate development package or SDK, be sure it has been
[0.494s]   installed.
[0.494s] 
[0.494s] [0m
[0.497s] Invoked command in '/root/ros_workspace/build/turtlebot3_gazebo' returned '1': CMAKE_PREFIX_PATH=/opt/ros/humble /usr/bin/cmake /root/ros_workspace/src/turtlebot3_simulations/turtlebot3_gazebo -DAMENT_CMAKE_SYMLINK_INSTALL=1 -DCMAKE_INSTALL_PREFIX=/root/ros_workspace/install/turtlebot3_gazebo
