[0.121s] Invoking command in '/root/ros_workspace/build/zed_rgb_convert': CMAKE_PREFIX_PATH=/opt/ros/humble /usr/bin/cmake /root/ros_workspace/src/zed-ros2-examples/tutorials/zed_rgb_convert -DCMAKE_BUILD_TYPE=Release -DAMENT_CMAKE_SYMLINK_INSTALL=1 -DCMAKE_INSTALL_PREFIX=/root/ros_workspace/install/zed_rgb_convert
[0.156s] -- The C compiler identification is GNU 11.4.0
[0.187s] -- The CXX compiler identification is GNU 11.4.0
[0.189s] -- Detecting C compiler ABI info
[0.221s] -- Detecting C compiler ABI info - done
[0.229s] -- Check for working C compiler: /usr/bin/cc - skipped
[0.229s] -- Detecting C compile features
[0.229s] -- Detecting C compile features - done
[0.232s] -- Detecting CXX compiler ABI info
[0.270s] -- Detecting CXX compiler ABI info - done
[0.273s] -- Check for working CXX compiler: /usr/bin/c++ - skipped
[0.273s] -- Detecting CXX compile features
[0.273s] -- Detecting CXX compile features - done
[0.278s] -- Found OpenCV: /usr (found version "4.5.4") 
[0.281s] -- Looking for sgemm_
[0.320s] -- Looking for sgemm_ - not found
[0.321s] -- Looking for pthread.h
[0.357s] -- Looking for pthread.h - found
[0.357s] -- Performing Test CMAKE_HAVE_LIBC_PTHREAD
[0.398s] -- Performing Test CMAKE_HAVE_LIBC_PTHREAD - Success
[0.399s] -- Found Threads: TRUE  
[0.413s] -- Looking for sgemm_
[0.461s] -- Looking for sgemm_ - found
[0.461s] -- Found BLAS: /usr/lib/x86_64-linux-gnu/libopenblas.so  
[0.477s] -- Found CUDA: /usr/local/cuda (found suitable version "12.8", minimum required is "12") 
[0.618s] -- Found CUDA: /usr/local/cuda (found version "12.8") 
[0.619s] -- Found ament_cmake_auto: 1.3.12 (/opt/ros/humble/share/ament_cmake_auto/cmake)
[0.695s] -- Found Python3: /usr/bin/python3 (found version "3.10.12") found components: Interpreter 
[0.726s] -- Override CMake install command with custom implementation using symlinks instead of copying resources
[0.786s] -- Found rosidl_generator_c: 3.1.7 (/opt/ros/humble/share/rosidl_generator_c/cmake)
[0.789s] -- Found rosidl_adapter: 3.1.7 (/opt/ros/humble/share/rosidl_adapter/cmake)
[0.792s] -- Found rosidl_generator_cpp: 3.1.7 (/opt/ros/humble/share/rosidl_generator_cpp/cmake)
[0.798s] -- Using all available rosidl_typesupport_c: rosidl_typesupport_fastrtps_c;rosidl_typesupport_introspection_c
[0.806s] -- Using all available rosidl_typesupport_cpp: rosidl_typesupport_fastrtps_cpp;rosidl_typesupport_introspection_cpp
[0.826s] -- Found rmw_implementation_cmake: 6.1.2 (/opt/ros/humble/share/rmw_implementation_cmake/cmake)
[0.828s] -- Found rmw_fastrtps_cpp: 6.2.9 (/opt/ros/humble/share/rmw_fastrtps_cpp/cmake)
[0.877s] -- Found OpenSSL: /usr/lib/x86_64-linux-gnu/libcrypto.so (found version "3.0.2")  
[0.890s] -- Found FastRTPS: /opt/ros/humble/include  
[0.915s] -- Using RMW implementation 'rmw_fastrtps_cpp' as default
[1.000s] [33mCMake Warning at CMakeLists.txt:115 (find_package):
[1.000s]   By not providing "Findzed_components.cmake" in CMAKE_MODULE_PATH this
[1.000s]   project has asked CMake to find a package configuration file provided by
[1.000s]   "zed_components", but CMake did not find one.
[1.000s] 
[1.000s]   Could not find a package configuration file provided by "zed_components"
[1.000s]   with any of the following names:
[1.000s] 
[1.000s]     zed_componentsConfig.cmake
[1.000s]     zed_components-config.cmake
[1.000s] 
[1.000s]   Add the installation prefix of "zed_components" to CMAKE_PREFIX_PATH or set
[1.000s]   "zed_components_DIR" to a directory containing one of the above files.  If
[1.000s]   "zed_components" provides a separate development package or SDK, be sure it
[1.000s]   has been installed.
[1.000s] 
[1.000s] [0m
[1.000s] -- Found ament_lint_auto: 0.12.14 (/opt/ros/humble/share/ament_lint_auto/cmake)
[1.010s] [31mCMake Error at /opt/ros/humble/share/ament_cmake_target_dependencies/cmake/ament_target_dependencies.cmake:77 (message):
[1.010s]   ament_target_dependencies() the passed package name 'zed_components' was
[1.010s]   not found before
[1.010s] Call Stack (most recent call first):
[1.010s]   CMakeLists.txt:186 (ament_target_dependencies)
[1.010s] 
[1.010s] [0m
[1.010s] -- Configuring incomplete, errors occurred!
[1.010s] See also "/root/ros_workspace/build/zed_rgb_convert/CMakeFiles/CMakeOutput.log".
[1.010s] See also "/root/ros_workspace/build/zed_rgb_convert/CMakeFiles/CMakeError.log".
[1.014s] Invoked command in '/root/ros_workspace/build/zed_rgb_convert' returned '1': CMAKE_PREFIX_PATH=/opt/ros/humble /usr/bin/cmake /root/ros_workspace/src/zed-ros2-examples/tutorials/zed_rgb_convert -DCMAKE_BUILD_TYPE=Release -DAMENT_CMAKE_SYMLINK_INSTALL=1 -DCMAKE_INSTALL_PREFIX=/root/ros_workspace/install/zed_rgb_convert
