[0.425s] Invoking command in '/root/ros_workspace/src/object_detection': PYTHONPATH=/root/ros_workspace/build/object_detection/prefix_override:/usr/lib/python3/dist-packages/colcon_core/task/python/colcon_distutils_commands:/root/ros_workspace/install/object_detection/lib/python3.10/site-packages:${PYTHONPATH} /usr/bin/python3 -W ignore:setup.py install is deprecated -W ignore:easy_install command is deprecated setup.py egg_info --egg-base ../../build/object_detection build --build-base /root/ros_workspace/build/object_detection/build install --record /root/ros_workspace/build/object_detection/install.log --single-version-externally-managed install_data
[0.532s] running egg_info
[0.532s] writing ../../build/object_detection/object_detection.egg-info/PKG-INFO
[0.532s] writing dependency_links to ../../build/object_detection/object_detection.egg-info/dependency_links.txt
[0.532s] writing entry points to ../../build/object_detection/object_detection.egg-info/entry_points.txt
[0.532s] writing requirements to ../../build/object_detection/object_detection.egg-info/requires.txt
[0.532s] writing top-level names to ../../build/object_detection/object_detection.egg-info/top_level.txt
[0.533s] reading manifest file '../../build/object_detection/object_detection.egg-info/SOURCES.txt'
[0.534s] writing manifest file '../../build/object_detection/object_detection.egg-info/SOURCES.txt'
[0.534s] running build
[0.534s] running build_py
[0.534s] copying object_detection/yolov8_ros2_pt.py -> /root/ros_workspace/build/object_detection/build/lib/object_detection
[0.534s] copying object_detection/dataset_collector.py -> /root/ros_workspace/build/object_detection/build/lib/object_detection
[0.534s] running install
[0.534s] running install_lib
[0.535s] copying /root/ros_workspace/build/object_detection/build/lib/object_detection/yolov8_ros2_pt.py -> /root/ros_workspace/install/object_detection/lib/python3.10/site-packages/object_detection
[0.535s] copying /root/ros_workspace/build/object_detection/build/lib/object_detection/dataset_collector.py -> /root/ros_workspace/install/object_detection/lib/python3.10/site-packages/object_detection
[0.535s] byte-compiling /root/ros_workspace/install/object_detection/lib/python3.10/site-packages/object_detection/yolov8_ros2_pt.py to yolov8_ros2_pt.cpython-310.pyc
[0.535s] byte-compiling /root/ros_workspace/install/object_detection/lib/python3.10/site-packages/object_detection/dataset_collector.py to dataset_collector.cpython-310.pyc
[0.536s] running install_data
[0.536s] running install_egg_info
[0.537s] removing '/root/ros_workspace/install/object_detection/lib/python3.10/site-packages/object_detection-0.0.0-py3.10.egg-info' (and everything under it)
[0.537s] Copying ../../build/object_detection/object_detection.egg-info to /root/ros_workspace/install/object_detection/lib/python3.10/site-packages/object_detection-0.0.0-py3.10.egg-info
[0.537s] running install_scripts
[0.548s] Installing data_collector script to /root/ros_workspace/install/object_detection/lib/object_detection
[0.548s] Installing yolov8_ros2_pt script to /root/ros_workspace/install/object_detection/lib/object_detection
[0.548s] Installing yolov8_ros2_subscriber script to /root/ros_workspace/install/object_detection/lib/object_detection
[0.549s] writing list of installed files to '/root/ros_workspace/build/object_detection/install.log'
[0.561s] Invoked command in '/root/ros_workspace/src/object_detection' returned '0': PYTHONPATH=/root/ros_workspace/build/object_detection/prefix_override:/usr/lib/python3/dist-packages/colcon_core/task/python/colcon_distutils_commands:/root/ros_workspace/install/object_detection/lib/python3.10/site-packages:${PYTHONPATH} /usr/bin/python3 -W ignore:setup.py install is deprecated -W ignore:easy_install command is deprecated setup.py egg_info --egg-base ../../build/object_detection build --build-base /root/ros_workspace/build/object_detection/build install --record /root/ros_workspace/build/object_detection/install.log --single-version-externally-managed install_data
