running develop
Removing /root/ros_workspace/install/object_detection/lib/python3.10/site-packages/object-detection.egg-link (link to .)
running egg_info
writing ../../build/object_detection/object_detection.egg-info/PKG-INFO
writing dependency_links to ../../build/object_detection/object_detection.egg-info/dependency_links.txt
writing entry points to ../../build/object_detection/object_detection.egg-info/entry_points.txt
writing requirements to ../../build/object_detection/object_detection.egg-info/requires.txt
writing top-level names to ../../build/object_detection/object_detection.egg-info/top_level.txt
reading manifest file '../../build/object_detection/object_detection.egg-info/SOURCES.txt'
writing manifest file '../../build/object_detection/object_detection.egg-info/SOURCES.txt'
running build
running build_py
copying object_detection/yolov8_ros2_pt.py -> /root/ros_workspace/build/object_detection/build/lib/object_detection
copying object_detection/dataset_collector.py -> /root/ros_workspace/build/object_detection/build/lib/object_detection
running install
running install_lib
creating /root/ros_workspace/install/object_detection/lib/python3.10/site-packages/object_detection
copying /root/ros_workspace/build/object_detection/build/lib/object_detection/yolov8_ros2_pt.py -> /root/ros_workspace/install/object_detection/lib/python3.10/site-packages/object_detection
copying /root/ros_workspace/build/object_detection/build/lib/object_detection/yolov8_ros2_subscriber.py -> /root/ros_workspace/install/object_detection/lib/python3.10/site-packages/object_detection
copying /root/ros_workspace/build/object_detection/build/lib/object_detection/__init__.py -> /root/ros_workspace/install/object_detection/lib/python3.10/site-packages/object_detection
copying /root/ros_workspace/build/object_detection/build/lib/object_detection/dataset_collector.py -> /root/ros_workspace/install/object_detection/lib/python3.10/site-packages/object_detection
byte-compiling /root/ros_workspace/install/object_detection/lib/python3.10/site-packages/object_detection/yolov8_ros2_pt.py to yolov8_ros2_pt.cpython-310.pyc
byte-compiling /root/ros_workspace/install/object_detection/lib/python3.10/site-packages/object_detection/yolov8_ros2_subscriber.py to yolov8_ros2_subscriber.cpython-310.pyc
byte-compiling /root/ros_workspace/install/object_detection/lib/python3.10/site-packages/object_detection/__init__.py to __init__.cpython-310.pyc
byte-compiling /root/ros_workspace/install/object_detection/lib/python3.10/site-packages/object_detection/dataset_collector.py to dataset_collector.cpython-310.pyc
running install_data
copying resource/object_detection -> /root/ros_workspace/install/object_detection/share/ament_index/resource_index/packages
copying package.xml -> /root/ros_workspace/install/object_detection/share/object_detection
running install_egg_info
Copying ../../build/object_detection/object_detection.egg-info to /root/ros_workspace/install/object_detection/lib/python3.10/site-packages/object_detection-0.0.0-py3.10.egg-info
running install_scripts
Installing data_collector script to /root/ros_workspace/install/object_detection/lib/object_detection
Installing yolov8_ros2_pt script to /root/ros_workspace/install/object_detection/lib/object_detection
Installing yolov8_ros2_subscriber script to /root/ros_workspace/install/object_detection/lib/object_detection
writing list of installed files to '/root/ros_workspace/build/object_detection/install.log'
