[0.014s] Invoking command in '/root/ros_workspace/build/zed_rgb_convert': AMENT_PREFIX_PATH=/root/ros_workspace/install/zed_components:${AMENT_PREFIX_PATH} CMAKE_PREFIX_PATH=/root/ros_workspace/install/zed_components:/opt/ros/humble LD_LIBRARY_PATH=/root/ros_workspace/install/zed_components/lib:${LD_LIBRARY_PATH} /usr/bin/cmake --build /root/ros_workspace/build/zed_rgb_convert -- -j24 -l24
[0.064s] -- Found CUDA: /usr/local/cuda (found suitable version "12.8", minimum required is "12") 
[0.192s] -- Found CUDA: /usr/local/cuda (found version "12.8") 
[0.192s] -- Found ament_cmake_auto: 1.3.12 (/opt/ros/humble/share/ament_cmake_auto/cmake)
[0.260s] -- Override CMake install command with custom implementation using symlinks instead of copying resources
[0.307s] -- Found rosidl_generator_c: 3.1.7 (/opt/ros/humble/share/rosidl_generator_c/cmake)
[0.308s] -- Found rosidl_adapter: 3.1.7 (/opt/ros/humble/share/rosidl_adapter/cmake)
[0.311s] -- Found rosidl_generator_cpp: 3.1.7 (/opt/ros/humble/share/rosidl_generator_cpp/cmake)
[0.316s] -- Using all available rosidl_typesupport_c: rosidl_typesupport_fastrtps_c;rosidl_typesupport_introspection_c
[0.322s] -- Using all available rosidl_typesupport_cpp: rosidl_typesupport_fastrtps_cpp;rosidl_typesupport_introspection_cpp
[0.337s] -- Found rmw_implementation_cmake: 6.1.2 (/opt/ros/humble/share/rmw_implementation_cmake/cmake)
[0.338s] -- Found rmw_fastrtps_cpp: 6.2.9 (/opt/ros/humble/share/rmw_fastrtps_cpp/cmake)
[0.402s] -- Using RMW implementation 'rmw_fastrtps_cpp' as default
[0.492s] -- Found eigen3_cmake_module: 0.1.1 (/opt/ros/humble/share/eigen3_cmake_module/cmake)
[0.493s] -- Ensuring Eigen3 include directory is part of orocos-kdl CMake target
[0.578s] -- Found ament_lint_auto: 0.12.14 (/opt/ros/humble/share/ament_lint_auto/cmake)
[0.598s] -- Added test 'copyright' to check source files copyright and LICENSE
[0.598s] -- Added test 'cppcheck' to perform static code analysis on C / C++ code
[0.599s] -- Configured cppcheck include dirs: /root/ros_workspace/src/zed-ros2-examples/tutorials/zed_rgb_convert/src/include;/root/ros_workspace/src/zed-ros2-examples/tutorials/zed_rgb_convert/src/component/include
[0.599s] -- Configured cppcheck exclude dirs and/or files: 
[0.599s] -- Added test 'cpplint' to check C / C++ code against the Google style
[0.599s] -- Configured cpplint exclude dirs and/or files: 
[0.599s] -- Added test 'flake8' to check Python code syntax and style conventions
[0.599s] -- Added test 'lint_cmake' to check CMake code style
[0.600s] -- Added test 'pep257' to check Python code against some of the docstring style conventions in PEP 257
[0.600s] -- Added test 'uncrustify' to check C / C++ code style
[0.600s] -- Configured uncrustify additional arguments: 
[0.600s] -- Added test 'xmllint' to check XML markup files
[0.601s] -- Added test 'clang_format' to check C / C++ code style
[0.603s] -- Configuring done
[0.640s] -- Generating done
[0.646s] -- Build files have been written to: /root/ros_workspace/build/zed_rgb_convert
[0.670s] [35m[1mConsolidate compiler generated dependencies of target zed_rgb_convert_component[0m
[0.683s] [ 25%] [32mBuilding CXX object CMakeFiles/zed_rgb_convert_component.dir/src/component/src/zed_rgb_convert_component.cpp.o[0m
[3.276s] [ 50%] [32m[1mLinking CXX shared library libzed_rgb_convert_component.so[0m
[3.383s] [ 50%] Built target zed_rgb_convert_component
[3.393s] [35m[1mConsolidate compiler generated dependencies of target zed_rgb_convert[0m
[3.410s] [ 75%] [32mBuilding CXX object CMakeFiles/zed_rgb_convert.dir/src/container/zed_rgb_convert.cpp.o[0m
[6.547s] [100%] [32m[1mLinking CXX executable zed_rgb_convert[0m
[6.773s] [100%] Built target zed_rgb_convert
[6.781s] Invoked command in '/root/ros_workspace/build/zed_rgb_convert' returned '0': AMENT_PREFIX_PATH=/root/ros_workspace/install/zed_components:${AMENT_PREFIX_PATH} CMAKE_PREFIX_PATH=/root/ros_workspace/install/zed_components:/opt/ros/humble LD_LIBRARY_PATH=/root/ros_workspace/install/zed_components/lib:${LD_LIBRARY_PATH} /usr/bin/cmake --build /root/ros_workspace/build/zed_rgb_convert -- -j24 -l24
[6.783s] Invoking command in '/root/ros_workspace/build/zed_rgb_convert': AMENT_PREFIX_PATH=/root/ros_workspace/install/zed_components:${AMENT_PREFIX_PATH} CMAKE_PREFIX_PATH=/root/ros_workspace/install/zed_components:/opt/ros/humble LD_LIBRARY_PATH=/root/ros_workspace/install/zed_components/lib:${LD_LIBRARY_PATH} /usr/bin/cmake --install /root/ros_workspace/build/zed_rgb_convert
[6.788s] -- Install configuration: "Release"
[6.789s] -- Execute custom install script
[6.789s] -- Up-to-date symlink: /root/ros_workspace/install/zed_rgb_convert/lib/zed_rgb_convert/zed_rgb_convert
[6.789s] -- Up-to-date symlink: /root/ros_workspace/install/zed_rgb_convert/lib/libzed_rgb_convert_component.so
[6.790s] -- Up-to-date symlink: /root/ros_workspace/install/zed_rgb_convert/include/zed_rgb_convert//cvt_visibility_control.hpp
[6.790s] -- Up-to-date symlink: /root/ros_workspace/install/zed_rgb_convert/share/zed_rgb_convert/launch/zed_rgb_convert.launch.py
[6.790s] -- Up-to-date symlink: /root/ros_workspace/install/zed_rgb_convert/share/zed_rgb_convert/environment/library_path.sh
[6.790s] -- Up-to-date symlink: /root/ros_workspace/install/zed_rgb_convert/share/zed_rgb_convert/environment/library_path.dsv
[6.791s] -- Up-to-date symlink: /root/ros_workspace/install/zed_rgb_convert/share/ament_index/resource_index/package_run_dependencies/zed_rgb_convert
[6.791s] -- Up-to-date symlink: /root/ros_workspace/install/zed_rgb_convert/share/ament_index/resource_index/parent_prefix_path/zed_rgb_convert
[6.791s] -- Up-to-date symlink: /root/ros_workspace/install/zed_rgb_convert/share/zed_rgb_convert/environment/ament_prefix_path.sh
[6.791s] -- Up-to-date symlink: /root/ros_workspace/install/zed_rgb_convert/share/zed_rgb_convert/environment/ament_prefix_path.dsv
[6.792s] -- Up-to-date symlink: /root/ros_workspace/install/zed_rgb_convert/share/zed_rgb_convert/environment/path.sh
[6.792s] -- Up-to-date symlink: /root/ros_workspace/install/zed_rgb_convert/share/zed_rgb_convert/environment/path.dsv
[6.792s] -- Up-to-date symlink: /root/ros_workspace/install/zed_rgb_convert/share/zed_rgb_convert/local_setup.bash
[6.792s] -- Up-to-date symlink: /root/ros_workspace/install/zed_rgb_convert/share/zed_rgb_convert/local_setup.sh
[6.792s] -- Up-to-date symlink: /root/ros_workspace/install/zed_rgb_convert/share/zed_rgb_convert/local_setup.zsh
[6.792s] -- Up-to-date symlink: /root/ros_workspace/install/zed_rgb_convert/share/zed_rgb_convert/local_setup.dsv
[6.792s] -- Symlinking: /root/ros_workspace/install/zed_rgb_convert/share/zed_rgb_convert/package.dsv
[6.799s] -- Up-to-date symlink: /root/ros_workspace/install/zed_rgb_convert/share/ament_index/resource_index/packages/zed_rgb_convert
[6.799s] -- Up-to-date symlink: /root/ros_workspace/install/zed_rgb_convert/share/ament_index/resource_index/rclcpp_components/zed_rgb_convert
[6.799s] -- Up-to-date symlink: /root/ros_workspace/install/zed_rgb_convert/share/zed_rgb_convert/cmake/ament_cmake_export_include_directories-extras.cmake
[6.799s] -- Up-to-date symlink: /root/ros_workspace/install/zed_rgb_convert/share/zed_rgb_convert/cmake/ament_cmake_export_libraries-extras.cmake
[6.800s] -- Up-to-date symlink: /root/ros_workspace/install/zed_rgb_convert/share/zed_rgb_convert/cmake/ament_cmake_export_dependencies-extras.cmake
[6.800s] -- Up-to-date symlink: /root/ros_workspace/install/zed_rgb_convert/share/zed_rgb_convert/cmake/zed_rgb_convertConfig.cmake
[6.800s] -- Up-to-date symlink: /root/ros_workspace/install/zed_rgb_convert/share/zed_rgb_convert/cmake/zed_rgb_convertConfig-version.cmake
[6.800s] -- Up-to-date symlink: /root/ros_workspace/install/zed_rgb_convert/share/zed_rgb_convert/package.xml
[6.801s] Invoked command in '/root/ros_workspace/build/zed_rgb_convert' returned '0': AMENT_PREFIX_PATH=/root/ros_workspace/install/zed_components:${AMENT_PREFIX_PATH} CMAKE_PREFIX_PATH=/root/ros_workspace/install/zed_components:/opt/ros/humble LD_LIBRARY_PATH=/root/ros_workspace/install/zed_components/lib:${LD_LIBRARY_PATH} /usr/bin/cmake --install /root/ros_workspace/build/zed_rgb_convert
