[0.036s] Invoking command in '/root/ros_workspace/build/turtlebot3_msgs': CMAKE_PREFIX_PATH=/opt/ros/humble /usr/bin/cmake --build /root/ros_workspace/build/turtlebot3_msgs -- -j24 -l24
[0.417s] [ 11%] Built target turtlebot3_msgs__rosidl_generator_c
[0.417s] [ 12%] Built target turtlebot3_msgs__cpp
[0.417s] [ 12%] Built target ament_cmake_python_symlink_turtlebot3_msgs
[0.417s] [ 24%] Built target turtlebot3_msgs__rosidl_typesupport_introspection_c
[0.417s] [ 36%] Built target turtlebot3_msgs__rosidl_typesupport_c
[0.417s] [ 46%] Built target turtlebot3_msgs__rosidl_typesupport_fastrtps_c
[0.417s] [ 58%] Built target turtlebot3_msgs__rosidl_typesupport_introspection_cpp
[0.417s] [ 69%] Built target turtlebot3_msgs__rosidl_typesupport_cpp
[0.417s] [ 81%] Built target turtlebot3_msgs__rosidl_typesupport_fastrtps_cpp
[0.417s] [ 81%] Built target turtlebot3_msgs
[0.417s] [ 82%] Built target turtlebot3_msgs__py
[0.417s] [ 92%] Built target turtlebot3_msgs__rosidl_generator_py
[0.418s] [ 94%] Built target turtlebot3_msgs__rosidl_typesupport_introspection_c__pyext
[0.418s] [ 97%] Built target turtlebot3_msgs__rosidl_typesupport_fastrtps_c__pyext
[0.418s] [100%] Built target turtlebot3_msgs__rosidl_typesupport_c__pyext
[0.418s] running egg_info
[0.418s] writing turtlebot3_msgs.egg-info/PKG-INFO
[0.418s] writing dependency_links to turtlebot3_msgs.egg-info/dependency_links.txt
[0.418s] writing top-level names to turtlebot3_msgs.egg-info/top_level.txt
[0.418s] reading manifest file 'turtlebot3_msgs.egg-info/SOURCES.txt'
[0.418s] writing manifest file 'turtlebot3_msgs.egg-info/SOURCES.txt'
[0.418s] [100%] Built target ament_cmake_python_build_turtlebot3_msgs_egg
[0.444s] Invoked command in '/root/ros_workspace/build/turtlebot3_msgs' returned '0': CMAKE_PREFIX_PATH=/opt/ros/humble /usr/bin/cmake --build /root/ros_workspace/build/turtlebot3_msgs -- -j24 -l24
[0.445s] Invoking command in '/root/ros_workspace/build/turtlebot3_msgs': CMAKE_PREFIX_PATH=/opt/ros/humble /usr/bin/cmake --install /root/ros_workspace/build/turtlebot3_msgs
