[0.006s] Invoking command in '/root/ros_workspace/build/zed_topic_benchmark': AMENT_PREFIX_PATH=/root/ros_workspace/install/zed_topic_benchmark_component:/root/ros_workspace/install/zed_topic_benchmark_interfaces:${AMENT_PREFIX_PATH} CMAKE_PREFIX_PATH=/root/ros_workspace/install/zed_topic_benchmark_component:/root/ros_workspace/install/zed_topic_benchmark_interfaces:/opt/ros/humble LD_LIBRARY_PATH=/root/ros_workspace/install/zed_topic_benchmark_component/lib:/root/ros_workspace/install/zed_topic_benchmark_interfaces/lib:${LD_LIBRARY_PATH} PYTHONPATH=/root/ros_workspace/install/zed_topic_benchmark_interfaces/local/lib/python3.10/dist-packages:${PYTHONPATH} /usr/bin/cmake /root/ros_workspace/src/zed-ros2-examples/tools/zed_benchmark -DCMAKE_BUILD_TYPE=Release -DAMENT_CMAKE_SYMLINK_INSTALL=1 -DCMAKE_INSTALL_PREFIX=/root/ros_workspace/install/zed_topic_benchmark
[0.063s] -- The C compiler identification is GNU 11.4.0
[0.097s] -- The CXX compiler identification is GNU 11.4.0
[0.102s] -- Detecting C compiler ABI info
[0.146s] -- Detecting C compiler ABI info - done
[0.149s] -- Check for working C compiler: /usr/bin/cc - skipped
[0.150s] -- Detecting C compile features
[0.150s] -- Detecting C compile features - done
[0.152s] -- Detecting CXX compiler ABI info
[0.198s] -- Detecting CXX compiler ABI info - done
[0.201s] -- Check for working CXX compiler: /usr/bin/c++ - skipped
[0.201s] -- Detecting CXX compile features
[0.201s] -- Detecting CXX compile features - done
[0.203s] -- Found ament_cmake_auto: 1.3.12 (/opt/ros/humble/share/ament_cmake_auto/cmake)
[0.291s] -- Found Python3: /usr/bin/python3 (found version "3.10.12") found components: Interpreter 
[0.325s] -- Override CMake install command with custom implementation using symlinks instead of copying resources
[0.405s] -- Found rosidl_generator_c: 3.1.7 (/opt/ros/humble/share/rosidl_generator_c/cmake)
[0.408s] -- Found rosidl_adapter: 3.1.7 (/opt/ros/humble/share/rosidl_adapter/cmake)
[0.414s] -- Found rosidl_generator_cpp: 3.1.7 (/opt/ros/humble/share/rosidl_generator_cpp/cmake)
[0.422s] -- Using all available rosidl_typesupport_c: rosidl_typesupport_fastrtps_c;rosidl_typesupport_introspection_c
[0.433s] -- Using all available rosidl_typesupport_cpp: rosidl_typesupport_fastrtps_cpp;rosidl_typesupport_introspection_cpp
[0.461s] -- Found rmw_implementation_cmake: 6.1.2 (/opt/ros/humble/share/rmw_implementation_cmake/cmake)
[0.463s] -- Found rmw_fastrtps_cpp: 6.2.9 (/opt/ros/humble/share/rmw_fastrtps_cpp/cmake)
[0.525s] -- Found OpenSSL: /usr/lib/x86_64-linux-gnu/libcrypto.so (found version "3.0.2")  
[0.543s] -- Found FastRTPS: /opt/ros/humble/include  
[0.573s] -- Using RMW implementation 'rmw_fastrtps_cpp' as default
[0.581s] -- Looking for pthread.h
[0.621s] -- Looking for pthread.h - found
[0.621s] -- Performing Test CMAKE_HAVE_LIBC_PTHREAD
[0.665s] -- Performing Test CMAKE_HAVE_LIBC_PTHREAD - Success
[0.666s] -- Found Threads: TRUE  
[0.726s] -- Found ament_lint_auto: 0.12.14 (/opt/ros/humble/share/ament_lint_auto/cmake)
[0.742s] -- Added test 'copyright' to check source files copyright and LICENSE
[0.743s] -- Added test 'cppcheck' to perform static code analysis on C / C++ code
[0.743s] -- Configured cppcheck include dirs: 
[0.743s] -- Configured cppcheck exclude dirs and/or files: 
[0.743s] -- Added test 'cpplint' to check C / C++ code against the Google style
[0.743s] -- Configured cpplint exclude dirs and/or files: 
[0.744s] -- Added test 'flake8' to check Python code syntax and style conventions
[0.744s] -- Added test 'lint_cmake' to check CMake code style
[0.744s] -- Added test 'pep257' to check Python code against some of the docstring style conventions in PEP 257
[0.745s] -- Added test 'uncrustify' to check C / C++ code style
[0.745s] -- Configured uncrustify additional arguments: 
[0.745s] -- Added test 'xmllint' to check XML markup files
[0.745s] -- Added test 'clang_format' to check C / C++ code style
[0.746s] -- Configuring done
[0.769s] -- Generating done
[0.771s] -- Build files have been written to: /root/ros_workspace/build/zed_topic_benchmark
[0.776s] Invoked command in '/root/ros_workspace/build/zed_topic_benchmark' returned '0': AMENT_PREFIX_PATH=/root/ros_workspace/install/zed_topic_benchmark_component:/root/ros_workspace/install/zed_topic_benchmark_interfaces:${AMENT_PREFIX_PATH} CMAKE_PREFIX_PATH=/root/ros_workspace/install/zed_topic_benchmark_component:/root/ros_workspace/install/zed_topic_benchmark_interfaces:/opt/ros/humble LD_LIBRARY_PATH=/root/ros_workspace/install/zed_topic_benchmark_component/lib:/root/ros_workspace/install/zed_topic_benchmark_interfaces/lib:${LD_LIBRARY_PATH} PYTHONPATH=/root/ros_workspace/install/zed_topic_benchmark_interfaces/local/lib/python3.10/dist-packages:${PYTHONPATH} /usr/bin/cmake /root/ros_workspace/src/zed-ros2-examples/tools/zed_benchmark -DCMAKE_BUILD_TYPE=Release -DAMENT_CMAKE_SYMLINK_INSTALL=1 -DCMAKE_INSTALL_PREFIX=/root/ros_workspace/install/zed_topic_benchmark
[0.776s] Invoking command in '/root/ros_workspace/build/zed_topic_benchmark': AMENT_PREFIX_PATH=/root/ros_workspace/install/zed_topic_benchmark_component:/root/ros_workspace/install/zed_topic_benchmark_interfaces:${AMENT_PREFIX_PATH} CMAKE_PREFIX_PATH=/root/ros_workspace/install/zed_topic_benchmark_component:/root/ros_workspace/install/zed_topic_benchmark_interfaces:/opt/ros/humble LD_LIBRARY_PATH=/root/ros_workspace/install/zed_topic_benchmark_component/lib:/root/ros_workspace/install/zed_topic_benchmark_interfaces/lib:${LD_LIBRARY_PATH} PYTHONPATH=/root/ros_workspace/install/zed_topic_benchmark_interfaces/local/lib/python3.10/dist-packages:${PYTHONPATH} /usr/bin/cmake --build /root/ros_workspace/build/zed_topic_benchmark -- -j24 -l24
[0.807s] [ 50%] [32mBuilding CXX object CMakeFiles/zed_topic_benchmark.dir/src/topic_benchmark_container.cpp.o[0m
[2.090s] [100%] [32m[1mLinking CXX executable zed_topic_benchmark[0m
[2.161s] [100%] Built target zed_topic_benchmark
[2.167s] Invoked command in '/root/ros_workspace/build/zed_topic_benchmark' returned '0': AMENT_PREFIX_PATH=/root/ros_workspace/install/zed_topic_benchmark_component:/root/ros_workspace/install/zed_topic_benchmark_interfaces:${AMENT_PREFIX_PATH} CMAKE_PREFIX_PATH=/root/ros_workspace/install/zed_topic_benchmark_component:/root/ros_workspace/install/zed_topic_benchmark_interfaces:/opt/ros/humble LD_LIBRARY_PATH=/root/ros_workspace/install/zed_topic_benchmark_component/lib:/root/ros_workspace/install/zed_topic_benchmark_interfaces/lib:${LD_LIBRARY_PATH} PYTHONPATH=/root/ros_workspace/install/zed_topic_benchmark_interfaces/local/lib/python3.10/dist-packages:${PYTHONPATH} /usr/bin/cmake --build /root/ros_workspace/build/zed_topic_benchmark -- -j24 -l24
[2.168s] Invoking command in '/root/ros_workspace/build/zed_topic_benchmark': AMENT_PREFIX_PATH=/root/ros_workspace/install/zed_topic_benchmark_component:/root/ros_workspace/install/zed_topic_benchmark_interfaces:${AMENT_PREFIX_PATH} CMAKE_PREFIX_PATH=/root/ros_workspace/install/zed_topic_benchmark_component:/root/ros_workspace/install/zed_topic_benchmark_interfaces:/opt/ros/humble LD_LIBRARY_PATH=/root/ros_workspace/install/zed_topic_benchmark_component/lib:/root/ros_workspace/install/zed_topic_benchmark_interfaces/lib:${LD_LIBRARY_PATH} PYTHONPATH=/root/ros_workspace/install/zed_topic_benchmark_interfaces/local/lib/python3.10/dist-packages:${PYTHONPATH} /usr/bin/cmake --install /root/ros_workspace/build/zed_topic_benchmark
[2.171s] -- Install configuration: "Release"
[2.172s] -- Execute custom install script
[2.172s] -- Symlinking: /root/ros_workspace/install/zed_topic_benchmark/lib/zed_topic_benchmark/zed_topic_benchmark
[2.177s] -- Symlinking: /root/ros_workspace/install/zed_topic_benchmark/share/zed_topic_benchmark/launch/zed_test_ipc.launch.py
[2.182s] -- Symlinking: /root/ros_workspace/install/zed_topic_benchmark/share/ament_index/resource_index/package_run_dependencies/zed_topic_benchmark
[2.185s] -- Symlinking: /root/ros_workspace/install/zed_topic_benchmark/share/ament_index/resource_index/parent_prefix_path/zed_topic_benchmark
[2.190s] -- Symlinking: /root/ros_workspace/install/zed_topic_benchmark/share/zed_topic_benchmark/environment/ament_prefix_path.sh
[2.194s] -- Symlinking: /root/ros_workspace/install/zed_topic_benchmark/share/zed_topic_benchmark/environment/ament_prefix_path.dsv
[2.199s] -- Symlinking: /root/ros_workspace/install/zed_topic_benchmark/share/zed_topic_benchmark/environment/path.sh
[2.204s] -- Symlinking: /root/ros_workspace/install/zed_topic_benchmark/share/zed_topic_benchmark/environment/path.dsv
[2.208s] -- Symlinking: /root/ros_workspace/install/zed_topic_benchmark/share/zed_topic_benchmark/local_setup.bash
[2.213s] -- Symlinking: /root/ros_workspace/install/zed_topic_benchmark/share/zed_topic_benchmark/local_setup.sh
[2.217s] -- Symlinking: /root/ros_workspace/install/zed_topic_benchmark/share/zed_topic_benchmark/local_setup.zsh
[2.222s] -- Symlinking: /root/ros_workspace/install/zed_topic_benchmark/share/zed_topic_benchmark/local_setup.dsv
[2.226s] -- Symlinking: /root/ros_workspace/install/zed_topic_benchmark/share/zed_topic_benchmark/package.dsv
[2.229s] -- Symlinking: /root/ros_workspace/install/zed_topic_benchmark/share/ament_index/resource_index/packages/zed_topic_benchmark
[2.233s] -- Symlinking: /root/ros_workspace/install/zed_topic_benchmark/share/zed_topic_benchmark/cmake/zed_topic_benchmarkConfig.cmake
[2.237s] -- Symlinking: /root/ros_workspace/install/zed_topic_benchmark/share/zed_topic_benchmark/cmake/zed_topic_benchmarkConfig-version.cmake
[2.241s] -- Symlinking: /root/ros_workspace/install/zed_topic_benchmark/share/zed_topic_benchmark/package.xml
[2.248s] Invoked command in '/root/ros_workspace/build/zed_topic_benchmark' returned '0': AMENT_PREFIX_PATH=/root/ros_workspace/install/zed_topic_benchmark_component:/root/ros_workspace/install/zed_topic_benchmark_interfaces:${AMENT_PREFIX_PATH} CMAKE_PREFIX_PATH=/root/ros_workspace/install/zed_topic_benchmark_component:/root/ros_workspace/install/zed_topic_benchmark_interfaces:/opt/ros/humble LD_LIBRARY_PATH=/root/ros_workspace/install/zed_topic_benchmark_component/lib:/root/ros_workspace/install/zed_topic_benchmark_interfaces/lib:${LD_LIBRARY_PATH} PYTHONPATH=/root/ros_workspace/install/zed_topic_benchmark_interfaces/local/lib/python3.10/dist-packages:${PYTHONPATH} /usr/bin/cmake --install /root/ros_workspace/build/zed_topic_benchmark
