[0.013s] Invoking command in '/root/ros_workspace/build/zed_components': CMAKE_PREFIX_PATH=/opt/ros/humble /usr/bin/cmake /root/ros_workspace/src/zed-ros2-wrapper/zed_components -DCMAKE_BUILD_TYPE=Release -DAMENT_CMAKE_SYMLINK_INSTALL=1 -DCMAKE_INSTALL_PREFIX=/root/ros_workspace/install/zed_components
[0.129s] -- Found CUDA: /usr/local/cuda (found suitable version "12.8", minimum required is "12") 
[0.129s] -- Found CUDA: /usr/local/cuda (found version "12.8") 
[0.129s] -- Found ament_cmake_auto: 1.3.12 (/opt/ros/humble/share/ament_cmake_auto/cmake)
[0.143s] -- Override CMake install command with custom implementation using symlinks instead of copying resources
[0.185s] -- Found rosidl_generator_c: 3.1.7 (/opt/ros/humble/share/rosidl_generator_c/cmake)
[0.186s] -- Found rosidl_adapter: 3.1.7 (/opt/ros/humble/share/rosidl_adapter/cmake)
[0.190s] -- Found rosidl_generator_cpp: 3.1.7 (/opt/ros/humble/share/rosidl_generator_cpp/cmake)
[0.194s] -- Using all available rosidl_typesupport_c: rosidl_typesupport_fastrtps_c;rosidl_typesupport_introspection_c
[0.199s] -- Using all available rosidl_typesupport_cpp: rosidl_typesupport_fastrtps_cpp;rosidl_typesupport_introspection_cpp
[0.242s] -- Found rmw_implementation_cmake: 6.1.2 (/opt/ros/humble/share/rmw_implementation_cmake/cmake)
[0.242s] -- Found rmw_fastrtps_cpp: 6.2.9 (/opt/ros/humble/share/rmw_fastrtps_cpp/cmake)
[0.308s] -- Using RMW implementation 'rmw_fastrtps_cpp' as default
[0.408s] -- Found eigen3_cmake_module: 0.1.1 (/opt/ros/humble/share/eigen3_cmake_module/cmake)
[0.408s] -- Ensuring Eigen3 include directory is part of orocos-kdl CMake target
[0.468s] -- Found ament_lint_auto: 0.12.14 (/opt/ros/humble/share/ament_lint_auto/cmake)
[0.482s] -- Added test 'copyright' to check source files copyright and LICENSE
[0.483s] -- Added test 'cppcheck' to perform static code analysis on C / C++ code
[0.483s] -- Configured cppcheck include dirs: /root/ros_workspace/src/zed-ros2-wrapper/zed_components/src/include;/root/ros_workspace/src/zed-ros2-wrapper/zed_components/src/zed_camera/include;/root/ros_workspace/src/zed-ros2-wrapper/zed_components/src/tools/include;/root/ros_workspace/src/zed-ros2-wrapper/zed_components/src/zed_camera_one/include
[0.483s] -- Configured cppcheck exclude dirs and/or files: 
[0.483s] -- Added test 'lint_cmake' to check CMake code style
[0.484s] -- Added test 'uncrustify' to check C / C++ code style
[0.484s] -- Configured uncrustify additional arguments: 
[0.484s] -- Added test 'xmllint' to check XML markup files
[0.486s] -- Configuring done
[0.501s] -- Generating done
[0.505s] -- Build files have been written to: /root/ros_workspace/build/zed_components
[0.510s] Invoked command in '/root/ros_workspace/build/zed_components' returned '0': CMAKE_PREFIX_PATH=/opt/ros/humble /usr/bin/cmake /root/ros_workspace/src/zed-ros2-wrapper/zed_components -DCMAKE_BUILD_TYPE=Release -DAMENT_CMAKE_SYMLINK_INSTALL=1 -DCMAKE_INSTALL_PREFIX=/root/ros_workspace/install/zed_components
[0.511s] Invoking command in '/root/ros_workspace/build/zed_components': CMAKE_PREFIX_PATH=/opt/ros/humble /usr/bin/cmake --build /root/ros_workspace/build/zed_components -- -j24 -l24
[0.540s] [35m[1mConsolidate compiler generated dependencies of target zed_camera_component[0m
[0.542s] [35m[1mConsolidate compiler generated dependencies of target zed_camera_one_component[0m
[0.561s] [  5%] [32mBuilding CXX object CMakeFiles/zed_camera_component.dir/src/zed_camera/src/zed_camera_component_video_depth.cpp.o[0m
[0.561s] [ 11%] [32mBuilding CXX object CMakeFiles/zed_camera_one_component.dir/src/zed_camera_one/src/zed_camera_one_component_video.cpp.o[0m
[2.429s] [01m[K/root/ros_workspace/src/zed-ros2-wrapper/zed_components/src/zed_camera_one/src/zed_camera_one_component_video.cpp:[m[K In member function ‘[01m[Kvoid stereolabs::ZedCameraOne::retrieveImages(bool)[m[K’:
[2.429s] [01m[K/root/ros_workspace/src/zed-ros2-wrapper/zed_components/src/zed_camera_one/src/zed_camera_one_component_video.cpp:450:32:[m[K [01;31m[Kerror: [m[K‘[01m[KLEFT_BGR[m[K’ is not a member of ‘[01m[Ksl::VIEW[m[K’; did you mean ‘[01m[KLEFT_GRAY[m[K’?
[2.429s]   450 |         _24bitMode ? sl::VIEW::[01;31m[KLEFT_BGR[m[K : sl::VIEW::LEFT_BGRA,
[2.429s]       |                                [01;31m[K^~~~~~~~[m[K
[2.430s]       |                                [32m[KLEFT_GRAY[m[K
[2.430s] [01m[K/root/ros_workspace/src/zed-ros2-wrapper/zed_components/src/zed_camera_one/src/zed_camera_one_component_video.cpp:450:53:[m[K [01;31m[Kerror: [m[K‘[01m[KLEFT_BGRA[m[K’ is not a member of ‘[01m[Ksl::VIEW[m[K’; did you mean ‘[01m[KLEFT_GRAY[m[K’?
[2.430s]   450 |         _24bitMode ? sl::VIEW::LEFT_BGR : sl::VIEW::[01;31m[KLEFT_BGRA[m[K,
[2.430s]       |                                                     [01;31m[K^~~~~~~~~[m[K
[2.430s]       |                                                     [32m[KLEFT_GRAY[m[K
[2.430s] [01m[K/root/ros_workspace/src/zed-ros2-wrapper/zed_components/src/zed_camera_one/src/zed_camera_one_component_video.cpp:462:32:[m[K [01;31m[Kerror: [m[K‘[01m[KLEFT_UNRECTIFIED_BGR[m[K’ is not a member of ‘[01m[Ksl::VIEW[m[K’; did you mean ‘[01m[KLEFT_UNRECTIFIED_GRAY[m[K’?
[2.430s]   462 |         _24bitMode ? sl::VIEW::[01;31m[KLEFT_UNRECTIFIED_BGR[m[K : sl::VIEW::LEFT_UNRECTIFIED_BGRA,
[2.430s]       |                                [01;31m[K^~~~~~~~~~~~~~~~~~~~[m[K
[2.430s]       |                                [32m[KLEFT_UNRECTIFIED_GRAY[m[K
[2.430s] [01m[K/root/ros_workspace/src/zed-ros2-wrapper/zed_components/src/zed_camera_one/src/zed_camera_one_component_video.cpp:462:65:[m[K [01;31m[Kerror: [m[K‘[01m[KLEFT_UNRECTIFIED_BGRA[m[K’ is not a member of ‘[01m[Ksl::VIEW[m[K’; did you mean ‘[01m[KLEFT_UNRECTIFIED_GRAY[m[K’?
[2.430s]   462 |         _24bitMode ? sl::VIEW::LEFT_UNRECTIFIED_BGR : sl::VIEW::[01;31m[KLEFT_UNRECTIFIED_BGRA[m[K,
[2.430s]       |                                                                 [01;31m[K^~~~~~~~~~~~~~~~~~~~~[m[K
[2.430s]       |                                                                 [32m[KLEFT_UNRECTIFIED_GRAY[m[K
[2.482s] [01m[K/root/ros_workspace/src/zed-ros2-wrapper/zed_components/src/zed_camera/src/zed_camera_component_video_depth.cpp:[m[K In member function ‘[01m[Kbool stereolabs::ZedCamera::retrieveLeftImage(bool)[m[K’:
[2.482s] [01m[K/root/ros_workspace/src/zed-ros2-wrapper/zed_components/src/zed_camera/src/zed_camera_component_video_depth.cpp:1494:30:[m[K [01;31m[Kerror: [m[K‘[01m[KLEFT_BGR[m[K’ is not a member of ‘[01m[Ksl::VIEW[m[K’; did you mean ‘[01m[KLEFT_GRAY[m[K’?
[2.482s]  1494 |       m24bitMode ? sl::VIEW::[01;31m[KLEFT_BGR[m[K : sl::VIEW::LEFT_BGRA,
[2.482s]       |                              [01;31m[K^~~~~~~~[m[K
[2.482s]       |                              [32m[KLEFT_GRAY[m[K
[2.482s] [01m[K/root/ros_workspace/src/zed-ros2-wrapper/zed_components/src/zed_camera/src/zed_camera_component_video_depth.cpp:1494:51:[m[K [01;31m[Kerror: [m[K‘[01m[KLEFT_BGRA[m[K’ is not a member of ‘[01m[Ksl::VIEW[m[K’; did you mean ‘[01m[KLEFT_GRAY[m[K’?
[2.482s]  1494 |       m24bitMode ? sl::VIEW::LEFT_BGR : sl::VIEW::[01;31m[KLEFT_BGRA[m[K,
[2.482s]       |                                                   [01;31m[K^~~~~~~~~[m[K
[2.482s]       |                                                   [32m[KLEFT_GRAY[m[K
[2.483s] [01m[K/root/ros_workspace/src/zed-ros2-wrapper/zed_components/src/zed_camera/src/zed_camera_component_video_depth.cpp:[m[K In member function ‘[01m[Kbool stereolabs::ZedCamera::retrieveLeftRawImage(bool)[m[K’:
[2.483s] [01m[K/root/ros_workspace/src/zed-ros2-wrapper/zed_components/src/zed_camera/src/zed_camera_component_video_depth.cpp:1512:30:[m[K [01;31m[Kerror: [m[K‘[01m[KLEFT_UNRECTIFIED_BGR[m[K’ is not a member of ‘[01m[Ksl::VIEW[m[K’; did you mean ‘[01m[KLEFT_UNRECTIFIED_GRAY[m[K’?
[2.483s]  1512 |       m24bitMode ? sl::VIEW::[01;31m[KLEFT_UNRECTIFIED_BGR[m[K : sl::VIEW::LEFT_UNRECTIFIED_BGRA,
[2.483s]       |                              [01;31m[K^~~~~~~~~~~~~~~~~~~~[m[K
[2.483s]       |                              [32m[KLEFT_UNRECTIFIED_GRAY[m[K
[2.483s] [01m[K/root/ros_workspace/src/zed-ros2-wrapper/zed_components/src/zed_camera/src/zed_camera_component_video_depth.cpp:1512:63:[m[K [01;31m[Kerror: [m[K‘[01m[KLEFT_UNRECTIFIED_BGRA[m[K’ is not a member of ‘[01m[Ksl::VIEW[m[K’; did you mean ‘[01m[KLEFT_UNRECTIFIED_GRAY[m[K’?
[2.483s]  1512 |     m24bitMode ? sl::VIEW::LEFT_UNRECTIFIED_BGR : sl::VIEW::[01;31m[KLEFT_UNRECTIFIED_BGRA[m[K,
[2.483s]       |                                                             [01;31m[K^~~~~~~~~~~~~~~~~~~~~[m[K
[2.483s]       |                                                             [32m[KLEFT_UNRECTIFIED_GRAY[m[K
[2.483s] [01m[K/root/ros_workspace/src/zed-ros2-wrapper/zed_components/src/zed_camera/src/zed_camera_component_video_depth.cpp:[m[K In member function ‘[01m[Kbool stereolabs::ZedCamera::retrieveRightImage(bool)[m[K’:
[2.483s] [01m[K/root/ros_workspace/src/zed-ros2-wrapper/zed_components/src/zed_camera/src/zed_camera_component_video_depth.cpp:1529:30:[m[K [01;31m[Kerror: [m[K‘[01m[KRIGHT_BGR[m[K’ is not a member of ‘[01m[Ksl::VIEW[m[K’; did you mean ‘[01m[KRIGHT_GRAY[m[K’?
[2.483s]  1529 |       m24bitMode ? sl::VIEW::[01;31m[KRIGHT_BGR[m[K : sl::VIEW::RIGHT_BGRA,
[2.483s]       |                              [01;31m[K^~~~~~~~~[m[K
[2.483s]       |                              [32m[KRIGHT_GRAY[m[K
[2.483s] [01m[K/root/ros_workspace/src/zed-ros2-wrapper/zed_components/src/zed_camera/src/zed_camera_component_video_depth.cpp:1529:52:[m[K [01;31m[Kerror: [m[K‘[01m[KRIGHT_BGRA[m[K’ is not a member of ‘[01m[Ksl::VIEW[m[K’; did you mean ‘[01m[KRIGHT_GRAY[m[K’?
[2.483s]  1529 |       m24bitMode ? sl::VIEW::RIGHT_BGR : sl::VIEW::[01;31m[KRIGHT_BGRA[m[K,
[2.484s]       |                                                    [01;31m[K^~~~~~~~~~[m[K
[2.484s]       |                                                    [32m[KRIGHT_GRAY[m[K
[2.484s] [01m[K/root/ros_workspace/src/zed-ros2-wrapper/zed_components/src/zed_camera/src/zed_camera_component_video_depth.cpp:[m[K In member function ‘[01m[Kbool stereolabs::ZedCamera::retrieveRightRawImage(bool)[m[K’:
[2.484s] [01m[K/root/ros_workspace/src/zed-ros2-wrapper/zed_components/src/zed_camera/src/zed_camera_component_video_depth.cpp:1546:30:[m[K [01;31m[Kerror: [m[K‘[01m[KRIGHT_UNRECTIFIED_BGR[m[K’ is not a member of ‘[01m[Ksl::VIEW[m[K’; did you mean ‘[01m[KRIGHT_UNRECTIFIED_GRAY[m[K’?
[2.484s]  1546 |       m24bitMode ? sl::VIEW::[01;31m[KRIGHT_UNRECTIFIED_BGR[m[K : sl::VIEW::RIGHT_UNRECTIFIED_BGRA,
[2.484s]       |                              [01;31m[K^~~~~~~~~~~~~~~~~~~~~[m[K
[2.484s]       |                              [32m[KRIGHT_UNRECTIFIED_GRAY[m[K
[2.484s] [01m[K/root/ros_workspace/src/zed-ros2-wrapper/zed_components/src/zed_camera/src/zed_camera_component_video_depth.cpp:1546:64:[m[K [01;31m[Kerror: [m[K‘[01m[KRIGHT_UNRECTIFIED_BGRA[m[K’ is not a member of ‘[01m[Ksl::VIEW[m[K’; did you mean ‘[01m[KRIGHT_UNRECTIFIED_GRAY[m[K’?
[2.484s]  1546 |    m24bitMode ? sl::VIEW::RIGHT_UNRECTIFIED_BGR : sl::VIEW::[01;31m[KRIGHT_UNRECTIFIED_BGRA[m[K,
[2.484s]       |                                                             [01;31m[K^~~~~~~~~~~~~~~~~~~~~~[m[K
[2.484s]       |                                                             [32m[KRIGHT_UNRECTIFIED_GRAY[m[K
[3.133s] gmake[2]: *** [CMakeFiles/zed_camera_one_component.dir/build.make:160: CMakeFiles/zed_camera_one_component.dir/src/zed_camera_one/src/zed_camera_one_component_video.cpp.o] Error 1
[3.133s] gmake[1]: *** [CMakeFiles/Makefile2:192: CMakeFiles/zed_camera_one_component.dir/all] Error 2
[3.133s] gmake[1]: *** Waiting for unfinished jobs....
[3.634s] gmake[2]: *** [CMakeFiles/zed_camera_component.dir/build.make:146: CMakeFiles/zed_camera_component.dir/src/zed_camera/src/zed_camera_component_video_depth.cpp.o] Error 1
[3.634s] gmake[1]: *** [CMakeFiles/Makefile2:166: CMakeFiles/zed_camera_component.dir/all] Error 2
[3.634s] gmake: *** [Makefile:146: all] Error 2
[3.636s] Invoked command in '/root/ros_workspace/build/zed_components' returned '2': CMAKE_PREFIX_PATH=/opt/ros/humble /usr/bin/cmake --build /root/ros_workspace/build/zed_components -- -j24 -l24
