[0.008s] Invoking command in '/root/ros_workspace/build/zed_isaac_ros_nitros_sub': AMENT_PREFIX_PATH=/root/ros_workspace/install/zed_components:${AMENT_PREFIX_PATH} CMAKE_PREFIX_PATH=/root/ros_workspace/install/zed_components:/opt/ros/humble LD_LIBRARY_PATH=/root/ros_workspace/install/zed_components/lib:${LD_LIBRARY_PATH} /usr/bin/cmake --build /root/ros_workspace/build/zed_isaac_ros_nitros_sub -- -j24 -l24
[0.040s] -- Found ament_cmake_auto: 1.3.12 (/opt/ros/humble/share/ament_cmake_auto/cmake)
[0.102s] -- Override CMake install command with custom implementation using symlinks instead of copying resources
[0.150s] -- Found rosidl_generator_c: 3.1.7 (/opt/ros/humble/share/rosidl_generator_c/cmake)
[0.152s] -- Found rosidl_adapter: 3.1.7 (/opt/ros/humble/share/rosidl_adapter/cmake)
[0.154s] -- Found rosidl_generator_cpp: 3.1.7 (/opt/ros/humble/share/rosidl_generator_cpp/cmake)
[0.159s] -- Using all available rosidl_typesupport_c: rosidl_typesupport_fastrtps_c;rosidl_typesupport_introspection_c
[0.165s] -- Using all available rosidl_typesupport_cpp: rosidl_typesupport_fastrtps_cpp;rosidl_typesupport_introspection_cpp
[0.180s] -- Found rmw_implementation_cmake: 6.1.2 (/opt/ros/humble/share/rmw_implementation_cmake/cmake)
[0.181s] -- Found rmw_fastrtps_cpp: 6.2.9 (/opt/ros/humble/share/rmw_fastrtps_cpp/cmake)
[0.250s] -- Using RMW implementation 'rmw_fastrtps_cpp' as default
[0.353s] -- Found eigen3_cmake_module: 0.1.1 (/opt/ros/humble/share/eigen3_cmake_module/cmake)
[0.353s] -- Ensuring Eigen3 include directory is part of orocos-kdl CMake target
[0.463s] -- Configuring done
[0.466s] -- Generating done
[0.468s] -- Build files have been written to: /root/ros_workspace/build/zed_isaac_ros_nitros_sub
[0.486s] Invoked command in '/root/ros_workspace/build/zed_isaac_ros_nitros_sub' returned '0': AMENT_PREFIX_PATH=/root/ros_workspace/install/zed_components:${AMENT_PREFIX_PATH} CMAKE_PREFIX_PATH=/root/ros_workspace/install/zed_components:/opt/ros/humble LD_LIBRARY_PATH=/root/ros_workspace/install/zed_components/lib:${LD_LIBRARY_PATH} /usr/bin/cmake --build /root/ros_workspace/build/zed_isaac_ros_nitros_sub -- -j24 -l24
[0.487s] Invoking command in '/root/ros_workspace/build/zed_isaac_ros_nitros_sub': AMENT_PREFIX_PATH=/root/ros_workspace/install/zed_components:${AMENT_PREFIX_PATH} CMAKE_PREFIX_PATH=/root/ros_workspace/install/zed_components:/opt/ros/humble LD_LIBRARY_PATH=/root/ros_workspace/install/zed_components/lib:${LD_LIBRARY_PATH} /usr/bin/cmake --install /root/ros_workspace/build/zed_isaac_ros_nitros_sub
[0.493s] -- Install configuration: "Release"
[0.493s] -- Execute custom install script
[0.493s] -- Up-to-date symlink: /root/ros_workspace/install/zed_isaac_ros_nitros_sub/share/ament_index/resource_index/package_run_dependencies/zed_isaac_ros_nitros_sub
[0.494s] -- Up-to-date symlink: /root/ros_workspace/install/zed_isaac_ros_nitros_sub/share/ament_index/resource_index/parent_prefix_path/zed_isaac_ros_nitros_sub
[0.494s] -- Up-to-date symlink: /root/ros_workspace/install/zed_isaac_ros_nitros_sub/share/zed_isaac_ros_nitros_sub/environment/ament_prefix_path.sh
[0.494s] -- Up-to-date symlink: /root/ros_workspace/install/zed_isaac_ros_nitros_sub/share/zed_isaac_ros_nitros_sub/environment/ament_prefix_path.dsv
[0.495s] -- Up-to-date symlink: /root/ros_workspace/install/zed_isaac_ros_nitros_sub/share/zed_isaac_ros_nitros_sub/environment/path.sh
[0.495s] -- Up-to-date symlink: /root/ros_workspace/install/zed_isaac_ros_nitros_sub/share/zed_isaac_ros_nitros_sub/environment/path.dsv
[0.495s] -- Up-to-date symlink: /root/ros_workspace/install/zed_isaac_ros_nitros_sub/share/zed_isaac_ros_nitros_sub/local_setup.bash
[0.495s] -- Up-to-date symlink: /root/ros_workspace/install/zed_isaac_ros_nitros_sub/share/zed_isaac_ros_nitros_sub/local_setup.sh
[0.495s] -- Up-to-date symlink: /root/ros_workspace/install/zed_isaac_ros_nitros_sub/share/zed_isaac_ros_nitros_sub/local_setup.zsh
[0.495s] -- Up-to-date symlink: /root/ros_workspace/install/zed_isaac_ros_nitros_sub/share/zed_isaac_ros_nitros_sub/local_setup.dsv
[0.496s] -- Symlinking: /root/ros_workspace/install/zed_isaac_ros_nitros_sub/share/zed_isaac_ros_nitros_sub/package.dsv
[0.502s] -- Up-to-date symlink: /root/ros_workspace/install/zed_isaac_ros_nitros_sub/share/ament_index/resource_index/packages/zed_isaac_ros_nitros_sub
[0.502s] -- Up-to-date symlink: /root/ros_workspace/install/zed_isaac_ros_nitros_sub/share/zed_isaac_ros_nitros_sub/cmake/zed_isaac_ros_nitros_subConfig.cmake
[0.502s] -- Up-to-date symlink: /root/ros_workspace/install/zed_isaac_ros_nitros_sub/share/zed_isaac_ros_nitros_sub/cmake/zed_isaac_ros_nitros_subConfig-version.cmake
[0.503s] -- Up-to-date symlink: /root/ros_workspace/install/zed_isaac_ros_nitros_sub/share/zed_isaac_ros_nitros_sub/package.xml
[0.528s] Invoked command in '/root/ros_workspace/build/zed_isaac_ros_nitros_sub' returned '0': AMENT_PREFIX_PATH=/root/ros_workspace/install/zed_components:${AMENT_PREFIX_PATH} CMAKE_PREFIX_PATH=/root/ros_workspace/install/zed_components:/opt/ros/humble LD_LIBRARY_PATH=/root/ros_workspace/install/zed_components/lib:${LD_LIBRARY_PATH} /usr/bin/cmake --install /root/ros_workspace/build/zed_isaac_ros_nitros_sub
