[0.123s] Invoking command in '/root/ros_workspace/build/zed_robot_integration': CMAKE_PREFIX_PATH=/opt/ros/humble /usr/bin/cmake --build /root/ros_workspace/build/zed_robot_integration -- -j24 -l24
[0.159s] Invoked command in '/root/ros_workspace/build/zed_robot_integration' returned '0': CMAKE_PREFIX_PATH=/opt/ros/humble /usr/bin/cmake --build /root/ros_workspace/build/zed_robot_integration -- -j24 -l24
[0.160s] Invoking command in '/root/ros_workspace/build/zed_robot_integration': CMAKE_PREFIX_PATH=/opt/ros/humble /usr/bin/cmake --install /root/ros_workspace/build/zed_robot_integration
[0.164s] -- Install configuration: "Release"
[0.164s] -- Execute custom install script
[0.164s] -- Up-to-date symlink: /root/ros_workspace/install/zed_robot_integration/share/zed_robot_integration//launch/view_dual_zed.launch.py
[0.164s] -- Up-to-date symlink: /root/ros_workspace/install/zed_robot_integration/share/zed_robot_integration//launch/view_mono_zed.launch.py
[0.164s] -- Up-to-date symlink: /root/ros_workspace/install/zed_robot_integration/share/zed_robot_integration//urdf/zed_robot_dual.urdf.xacro
[0.164s] -- Up-to-date symlink: /root/ros_workspace/install/zed_robot_integration/share/zed_robot_integration//urdf/zed_robot_mono.urdf.xacro
[0.164s] -- Up-to-date symlink: /root/ros_workspace/install/zed_robot_integration/share/zed_robot_integration//rviz2/view_config.rviz
[0.164s] -- Up-to-date symlink: /root/ros_workspace/install/zed_robot_integration/share/ament_index/resource_index/package_run_dependencies/zed_robot_integration
[0.164s] -- Up-to-date symlink: /root/ros_workspace/install/zed_robot_integration/share/ament_index/resource_index/parent_prefix_path/zed_robot_integration
[0.164s] -- Up-to-date symlink: /root/ros_workspace/install/zed_robot_integration/share/zed_robot_integration/environment/ament_prefix_path.sh
[0.164s] -- Up-to-date symlink: /root/ros_workspace/install/zed_robot_integration/share/zed_robot_integration/environment/ament_prefix_path.dsv
[0.164s] -- Up-to-date symlink: /root/ros_workspace/install/zed_robot_integration/share/zed_robot_integration/environment/path.sh
[0.164s] -- Up-to-date symlink: /root/ros_workspace/install/zed_robot_integration/share/zed_robot_integration/environment/path.dsv
[0.164s] -- Up-to-date symlink: /root/ros_workspace/install/zed_robot_integration/share/zed_robot_integration/local_setup.bash
[0.164s] -- Up-to-date symlink: /root/ros_workspace/install/zed_robot_integration/share/zed_robot_integration/local_setup.sh
[0.164s] -- Up-to-date symlink: /root/ros_workspace/install/zed_robot_integration/share/zed_robot_integration/local_setup.zsh
[0.164s] -- Up-to-date symlink: /root/ros_workspace/install/zed_robot_integration/share/zed_robot_integration/local_setup.dsv
[0.164s] -- Symlinking: /root/ros_workspace/install/zed_robot_integration/share/zed_robot_integration/package.dsv
[0.167s] -- Up-to-date symlink: /root/ros_workspace/install/zed_robot_integration/share/ament_index/resource_index/packages/zed_robot_integration
[0.167s] -- Up-to-date symlink: /root/ros_workspace/install/zed_robot_integration/share/zed_robot_integration/cmake/zed_robot_integrationConfig.cmake
[0.167s] -- Up-to-date symlink: /root/ros_workspace/install/zed_robot_integration/share/zed_robot_integration/cmake/zed_robot_integrationConfig-version.cmake
[0.167s] -- Up-to-date symlink: /root/ros_workspace/install/zed_robot_integration/share/zed_robot_integration/package.xml
[0.197s] Invoked command in '/root/ros_workspace/build/zed_robot_integration' returned '0': CMAKE_PREFIX_PATH=/opt/ros/humble /usr/bin/cmake --install /root/ros_workspace/build/zed_robot_integration
