[0.010s] Invoking command in '/root/ros_workspace/build/zed_topic_benchmark_component': CMAKE_PREFIX_PATH=/root/ros_workspace/install/zed_topic_benchmark_interfaces:/root/ros_workspace/install/zed_tutorial_video:/root/ros_workspace/install/zed_tutorial_pos_tracking:/root/ros_workspace/install/zed_tutorial_depth:/root/ros_workspace/install/zed_topic_benchmark:/root/ros_workspace/install/zed_topic_benchmark_component:/root/ros_workspace/install/zed_robot_integration:/root/ros_workspace/install/zed_multi_camera:/root/ros_workspace/install/zed_isaac_ros_nitros_sub:/root/ros_workspace/install/zed_isaac_ros_multi_camera:/root/ros_workspace/install/zed_isaac_ros_april_tag:/root/ros_workspace/install/zed_display_rviz2:/root/ros_workspace/install/zed_depth_to_laserscan:/root/ros_workspace/install/rviz_plugin_zed_od:/root/ros_workspace/install/object_avoidance:/opt/ros/humble LD_LIBRARY_PATH=/root/ros_workspace/install/zed_topic_benchmark_interfaces/lib:/root/ros_workspace/install/zed_topic_benchmark_component/lib:/root/ros_workspace/install/rviz_plugin_zed_od/lib:/opt/ros/humble/opt/rviz_ogre_vendor/lib:/opt/ros/humble/lib/x86_64-linux-gnu:/opt/ros/humble/lib:/usr/lib/x86_64-linux-gnu:/usr/lib/i386-linux-gnu:/usr/local/cuda/lib64:/usr/local/nvidia/lib:/usr/local/nvidia/lib64 /usr/bin/cmake --build /root/ros_workspace/build/zed_topic_benchmark_component -- -j24 -l24
[0.044s] [100%] Built target zed_topic_benchmark_component
[0.050s] Invoked command in '/root/ros_workspace/build/zed_topic_benchmark_component' returned '0': CMAKE_PREFIX_PATH=/root/ros_workspace/install/zed_topic_benchmark_interfaces:/root/ros_workspace/install/zed_tutorial_video:/root/ros_workspace/install/zed_tutorial_pos_tracking:/root/ros_workspace/install/zed_tutorial_depth:/root/ros_workspace/install/zed_topic_benchmark:/root/ros_workspace/install/zed_topic_benchmark_component:/root/ros_workspace/install/zed_robot_integration:/root/ros_workspace/install/zed_multi_camera:/root/ros_workspace/install/zed_isaac_ros_nitros_sub:/root/ros_workspace/install/zed_isaac_ros_multi_camera:/root/ros_workspace/install/zed_isaac_ros_april_tag:/root/ros_workspace/install/zed_display_rviz2:/root/ros_workspace/install/zed_depth_to_laserscan:/root/ros_workspace/install/rviz_plugin_zed_od:/root/ros_workspace/install/object_avoidance:/opt/ros/humble LD_LIBRARY_PATH=/root/ros_workspace/install/zed_topic_benchmark_interfaces/lib:/root/ros_workspace/install/zed_topic_benchmark_component/lib:/root/ros_workspace/install/rviz_plugin_zed_od/lib:/opt/ros/humble/opt/rviz_ogre_vendor/lib:/opt/ros/humble/lib/x86_64-linux-gnu:/opt/ros/humble/lib:/usr/lib/x86_64-linux-gnu:/usr/lib/i386-linux-gnu:/usr/local/cuda/lib64:/usr/local/nvidia/lib:/usr/local/nvidia/lib64 /usr/bin/cmake --build /root/ros_workspace/build/zed_topic_benchmark_component -- -j24 -l24
[0.051s] Invoking command in '/root/ros_workspace/build/zed_topic_benchmark_component': CMAKE_PREFIX_PATH=/root/ros_workspace/install/zed_topic_benchmark_interfaces:/root/ros_workspace/install/zed_tutorial_video:/root/ros_workspace/install/zed_tutorial_pos_tracking:/root/ros_workspace/install/zed_tutorial_depth:/root/ros_workspace/install/zed_topic_benchmark:/root/ros_workspace/install/zed_topic_benchmark_component:/root/ros_workspace/install/zed_robot_integration:/root/ros_workspace/install/zed_multi_camera:/root/ros_workspace/install/zed_isaac_ros_nitros_sub:/root/ros_workspace/install/zed_isaac_ros_multi_camera:/root/ros_workspace/install/zed_isaac_ros_april_tag:/root/ros_workspace/install/zed_display_rviz2:/root/ros_workspace/install/zed_depth_to_laserscan:/root/ros_workspace/install/rviz_plugin_zed_od:/root/ros_workspace/install/object_avoidance:/opt/ros/humble LD_LIBRARY_PATH=/root/ros_workspace/install/zed_topic_benchmark_interfaces/lib:/root/ros_workspace/install/zed_topic_benchmark_component/lib:/root/ros_workspace/install/rviz_plugin_zed_od/lib:/opt/ros/humble/opt/rviz_ogre_vendor/lib:/opt/ros/humble/lib/x86_64-linux-gnu:/opt/ros/humble/lib:/usr/lib/x86_64-linux-gnu:/usr/lib/i386-linux-gnu:/usr/local/cuda/lib64:/usr/local/nvidia/lib:/usr/local/nvidia/lib64 /usr/bin/cmake --install /root/ros_workspace/build/zed_topic_benchmark_component
[0.055s] -- Install configuration: "Release"
[0.055s] -- Execute custom install script
[0.055s] -- Up-to-date symlink: /root/ros_workspace/install/zed_topic_benchmark_component/lib/libzed_topic_benchmark_component.so
[0.055s] -- Up-to-date symlink: /root/ros_workspace/install/zed_topic_benchmark_component/include/zed_topic_benchmark_component/topic_benchmark_component.hpp
[0.055s] -- Up-to-date symlink: /root/ros_workspace/install/zed_topic_benchmark_component/include/zed_topic_benchmark_component/winavg.hpp
[0.056s] -- Up-to-date symlink: /root/ros_workspace/install/zed_topic_benchmark_component/include/zed_topic_benchmark_component/visibility_control.hpp
[0.056s] -- Up-to-date symlink: /root/ros_workspace/install/zed_topic_benchmark_component/share/zed_topic_benchmark_component/environment/library_path.sh
[0.056s] -- Up-to-date symlink: /root/ros_workspace/install/zed_topic_benchmark_component/share/zed_topic_benchmark_component/environment/library_path.dsv
[0.056s] -- Up-to-date symlink: /root/ros_workspace/install/zed_topic_benchmark_component/share/ament_index/resource_index/package_run_dependencies/zed_topic_benchmark_component
[0.056s] -- Up-to-date symlink: /root/ros_workspace/install/zed_topic_benchmark_component/share/ament_index/resource_index/parent_prefix_path/zed_topic_benchmark_component
[0.056s] -- Up-to-date symlink: /root/ros_workspace/install/zed_topic_benchmark_component/share/zed_topic_benchmark_component/environment/ament_prefix_path.sh
[0.056s] -- Up-to-date symlink: /root/ros_workspace/install/zed_topic_benchmark_component/share/zed_topic_benchmark_component/environment/ament_prefix_path.dsv
[0.056s] -- Up-to-date symlink: /root/ros_workspace/install/zed_topic_benchmark_component/share/zed_topic_benchmark_component/environment/path.sh
[0.056s] -- Up-to-date symlink: /root/ros_workspace/install/zed_topic_benchmark_component/share/zed_topic_benchmark_component/environment/path.dsv
[0.056s] -- Up-to-date symlink: /root/ros_workspace/install/zed_topic_benchmark_component/share/zed_topic_benchmark_component/local_setup.bash
[0.056s] -- Up-to-date symlink: /root/ros_workspace/install/zed_topic_benchmark_component/share/zed_topic_benchmark_component/local_setup.sh
[0.056s] -- Up-to-date symlink: /root/ros_workspace/install/zed_topic_benchmark_component/share/zed_topic_benchmark_component/local_setup.zsh
[0.056s] -- Up-to-date symlink: /root/ros_workspace/install/zed_topic_benchmark_component/share/zed_topic_benchmark_component/local_setup.dsv
[0.056s] -- Symlinking: /root/ros_workspace/install/zed_topic_benchmark_component/share/zed_topic_benchmark_component/package.dsv
[0.063s] -- Up-to-date symlink: /root/ros_workspace/install/zed_topic_benchmark_component/share/ament_index/resource_index/packages/zed_topic_benchmark_component
[0.063s] -- Up-to-date symlink: /root/ros_workspace/install/zed_topic_benchmark_component/share/ament_index/resource_index/rclcpp_components/zed_topic_benchmark_component
[0.063s] -- Up-to-date symlink: /root/ros_workspace/install/zed_topic_benchmark_component/share/zed_topic_benchmark_component/cmake/ament_cmake_export_include_directories-extras.cmake
[0.063s] -- Up-to-date symlink: /root/ros_workspace/install/zed_topic_benchmark_component/share/zed_topic_benchmark_component/cmake/ament_cmake_export_libraries-extras.cmake
[0.063s] -- Up-to-date symlink: /root/ros_workspace/install/zed_topic_benchmark_component/share/zed_topic_benchmark_component/cmake/ament_cmake_export_dependencies-extras.cmake
[0.063s] -- Up-to-date symlink: /root/ros_workspace/install/zed_topic_benchmark_component/share/zed_topic_benchmark_component/cmake/zed_topic_benchmark_componentConfig.cmake
[0.063s] -- Up-to-date symlink: /root/ros_workspace/install/zed_topic_benchmark_component/share/zed_topic_benchmark_component/cmake/zed_topic_benchmark_componentConfig-version.cmake
[0.063s] -- Up-to-date symlink: /root/ros_workspace/install/zed_topic_benchmark_component/share/zed_topic_benchmark_component/package.xml
[0.064s] Invoked command in '/root/ros_workspace/build/zed_topic_benchmark_component' returned '0': CMAKE_PREFIX_PATH=/root/ros_workspace/install/zed_topic_benchmark_interfaces:/root/ros_workspace/install/zed_tutorial_video:/root/ros_workspace/install/zed_tutorial_pos_tracking:/root/ros_workspace/install/zed_tutorial_depth:/root/ros_workspace/install/zed_topic_benchmark:/root/ros_workspace/install/zed_topic_benchmark_component:/root/ros_workspace/install/zed_robot_integration:/root/ros_workspace/install/zed_multi_camera:/root/ros_workspace/install/zed_isaac_ros_nitros_sub:/root/ros_workspace/install/zed_isaac_ros_multi_camera:/root/ros_workspace/install/zed_isaac_ros_april_tag:/root/ros_workspace/install/zed_display_rviz2:/root/ros_workspace/install/zed_depth_to_laserscan:/root/ros_workspace/install/rviz_plugin_zed_od:/root/ros_workspace/install/object_avoidance:/opt/ros/humble LD_LIBRARY_PATH=/root/ros_workspace/install/zed_topic_benchmark_interfaces/lib:/root/ros_workspace/install/zed_topic_benchmark_component/lib:/root/ros_workspace/install/rviz_plugin_zed_od/lib:/opt/ros/humble/opt/rviz_ogre_vendor/lib:/opt/ros/humble/lib/x86_64-linux-gnu:/opt/ros/humble/lib:/usr/lib/x86_64-linux-gnu:/usr/lib/i386-linux-gnu:/usr/local/cuda/lib64:/usr/local/nvidia/lib:/usr/local/nvidia/lib64 /usr/bin/cmake --install /root/ros_workspace/build/zed_topic_benchmark_component
