[0.022s] Invoking command in '/root/ros_workspace/build/zed_isaac_ros_april_tag': AMENT_PREFIX_PATH=/root/ros_workspace/install/zed_wrapper:/root/ros_workspace/install/zed_components:${AMENT_PREFIX_PATH} CMAKE_PREFIX_PATH=/root/ros_workspace/install/zed_wrapper:/root/ros_workspace/install/zed_components:/opt/ros/humble LD_LIBRARY_PATH=/root/ros_workspace/install/zed_components/lib:${LD_LIBRARY_PATH} /usr/bin/cmake --build /root/ros_workspace/build/zed_isaac_ros_april_tag -- -j24 -l24
[0.039s] -- Found ament_cmake_auto: 1.3.12 (/opt/ros/humble/share/ament_cmake_auto/cmake)
[0.110s] -- Override CMake install command with custom implementation using symlinks instead of copying resources
[0.163s] -- Found rosidl_generator_c: 3.1.7 (/opt/ros/humble/share/rosidl_generator_c/cmake)
[0.164s] -- Found rosidl_adapter: 3.1.7 (/opt/ros/humble/share/rosidl_adapter/cmake)
[0.167s] -- Found rosidl_generator_cpp: 3.1.7 (/opt/ros/humble/share/rosidl_generator_cpp/cmake)
[0.173s] -- Using all available rosidl_typesupport_c: rosidl_typesupport_fastrtps_c;rosidl_typesupport_introspection_c
[0.180s] -- Using all available rosidl_typesupport_cpp: rosidl_typesupport_fastrtps_cpp;rosidl_typesupport_introspection_cpp
[0.195s] -- Configuring done
[0.197s] -- Generating done
[0.198s] -- Build files have been written to: /root/ros_workspace/build/zed_isaac_ros_april_tag
[0.221s] Invoked command in '/root/ros_workspace/build/zed_isaac_ros_april_tag' returned '0': AMENT_PREFIX_PATH=/root/ros_workspace/install/zed_wrapper:/root/ros_workspace/install/zed_components:${AMENT_PREFIX_PATH} CMAKE_PREFIX_PATH=/root/ros_workspace/install/zed_wrapper:/root/ros_workspace/install/zed_components:/opt/ros/humble LD_LIBRARY_PATH=/root/ros_workspace/install/zed_components/lib:${LD_LIBRARY_PATH} /usr/bin/cmake --build /root/ros_workspace/build/zed_isaac_ros_april_tag -- -j24 -l24
[0.221s] Invoking command in '/root/ros_workspace/build/zed_isaac_ros_april_tag': AMENT_PREFIX_PATH=/root/ros_workspace/install/zed_wrapper:/root/ros_workspace/install/zed_components:${AMENT_PREFIX_PATH} CMAKE_PREFIX_PATH=/root/ros_workspace/install/zed_wrapper:/root/ros_workspace/install/zed_components:/opt/ros/humble LD_LIBRARY_PATH=/root/ros_workspace/install/zed_components/lib:${LD_LIBRARY_PATH} /usr/bin/cmake --install /root/ros_workspace/build/zed_isaac_ros_april_tag
[0.226s] -- Install configuration: "Release"
[0.226s] -- Execute custom install script
[0.227s] -- Up-to-date symlink: /root/ros_workspace/install/zed_isaac_ros_april_tag/share/ament_index/resource_index/package_run_dependencies/zed_isaac_ros_april_tag
[0.227s] -- Up-to-date symlink: /root/ros_workspace/install/zed_isaac_ros_april_tag/share/ament_index/resource_index/parent_prefix_path/zed_isaac_ros_april_tag
[0.227s] -- Up-to-date symlink: /root/ros_workspace/install/zed_isaac_ros_april_tag/share/zed_isaac_ros_april_tag/environment/ament_prefix_path.sh
[0.228s] -- Up-to-date symlink: /root/ros_workspace/install/zed_isaac_ros_april_tag/share/zed_isaac_ros_april_tag/environment/ament_prefix_path.dsv
[0.228s] -- Up-to-date symlink: /root/ros_workspace/install/zed_isaac_ros_april_tag/share/zed_isaac_ros_april_tag/environment/path.sh
[0.228s] -- Up-to-date symlink: /root/ros_workspace/install/zed_isaac_ros_april_tag/share/zed_isaac_ros_april_tag/environment/path.dsv
[0.228s] -- Up-to-date symlink: /root/ros_workspace/install/zed_isaac_ros_april_tag/share/zed_isaac_ros_april_tag/local_setup.bash
[0.229s] -- Up-to-date symlink: /root/ros_workspace/install/zed_isaac_ros_april_tag/share/zed_isaac_ros_april_tag/local_setup.sh
[0.229s] -- Up-to-date symlink: /root/ros_workspace/install/zed_isaac_ros_april_tag/share/zed_isaac_ros_april_tag/local_setup.zsh
[0.229s] -- Up-to-date symlink: /root/ros_workspace/install/zed_isaac_ros_april_tag/share/zed_isaac_ros_april_tag/local_setup.dsv
[0.229s] -- Symlinking: /root/ros_workspace/install/zed_isaac_ros_april_tag/share/zed_isaac_ros_april_tag/package.dsv
[0.235s] -- Up-to-date symlink: /root/ros_workspace/install/zed_isaac_ros_april_tag/share/ament_index/resource_index/packages/zed_isaac_ros_april_tag
[0.235s] -- Up-to-date symlink: /root/ros_workspace/install/zed_isaac_ros_april_tag/share/zed_isaac_ros_april_tag/cmake/zed_isaac_ros_april_tagConfig.cmake
[0.235s] -- Up-to-date symlink: /root/ros_workspace/install/zed_isaac_ros_april_tag/share/zed_isaac_ros_april_tag/cmake/zed_isaac_ros_april_tagConfig-version.cmake
[0.235s] -- Up-to-date symlink: /root/ros_workspace/install/zed_isaac_ros_april_tag/share/zed_isaac_ros_april_tag/package.xml
[0.242s] Invoked command in '/root/ros_workspace/build/zed_isaac_ros_april_tag' returned '0': AMENT_PREFIX_PATH=/root/ros_workspace/install/zed_wrapper:/root/ros_workspace/install/zed_components:${AMENT_PREFIX_PATH} CMAKE_PREFIX_PATH=/root/ros_workspace/install/zed_wrapper:/root/ros_workspace/install/zed_components:/opt/ros/humble LD_LIBRARY_PATH=/root/ros_workspace/install/zed_components/lib:${LD_LIBRARY_PATH} /usr/bin/cmake --install /root/ros_workspace/build/zed_isaac_ros_april_tag
