[0.020s] Invoking command in '/root/ros_workspace/build/zed_ros2': AMENT_PREFIX_PATH=/root/ros_workspace/install/zed_wrapper:/root/ros_workspace/install/zed_components:${AMENT_PREFIX_PATH} CMAKE_PREFIX_PATH=/root/ros_workspace/install/zed_wrapper:/root/ros_workspace/install/zed_components:/opt/ros/humble LD_LIBRARY_PATH=/root/ros_workspace/install/zed_components/lib:${LD_LIBRARY_PATH} /usr/bin/cmake --build /root/ros_workspace/build/zed_ros2 -- -j24 -l24
[0.033s] -- Found ament_cmake_auto: 1.3.12 (/opt/ros/humble/share/ament_cmake_auto/cmake)
[0.105s] -- Override CMake install command with custom implementation using symlinks instead of copying resources
[0.146s] -- Found ament_lint_auto: 0.12.14 (/opt/ros/humble/share/ament_lint_auto/cmake)
[0.150s] -- Added test 'copyright' to check source files copyright and LICENSE
[0.150s] -- Added test 'lint_cmake' to check CMake code style
[0.151s] -- Added test 'xmllint' to check XML markup files
[0.151s] -- Configuring done
[0.154s] -- Generating done
[0.154s] -- Build files have been written to: /root/ros_workspace/build/zed_ros2
[0.167s] Invoked command in '/root/ros_workspace/build/zed_ros2' returned '0': AMENT_PREFIX_PATH=/root/ros_workspace/install/zed_wrapper:/root/ros_workspace/install/zed_components:${AMENT_PREFIX_PATH} CMAKE_PREFIX_PATH=/root/ros_workspace/install/zed_wrapper:/root/ros_workspace/install/zed_components:/opt/ros/humble LD_LIBRARY_PATH=/root/ros_workspace/install/zed_components/lib:${LD_LIBRARY_PATH} /usr/bin/cmake --build /root/ros_workspace/build/zed_ros2 -- -j24 -l24
[0.168s] Invoking command in '/root/ros_workspace/build/zed_ros2': AMENT_PREFIX_PATH=/root/ros_workspace/install/zed_wrapper:/root/ros_workspace/install/zed_components:${AMENT_PREFIX_PATH} CMAKE_PREFIX_PATH=/root/ros_workspace/install/zed_wrapper:/root/ros_workspace/install/zed_components:/opt/ros/humble LD_LIBRARY_PATH=/root/ros_workspace/install/zed_components/lib:${LD_LIBRARY_PATH} /usr/bin/cmake --install /root/ros_workspace/build/zed_ros2
[0.173s] -- Install configuration: "Release"
[0.173s] -- Execute custom install script
[0.173s] -- Up-to-date symlink: /root/ros_workspace/install/zed_ros2/share/ament_index/resource_index/package_run_dependencies/zed_ros2
[0.173s] -- Up-to-date symlink: /root/ros_workspace/install/zed_ros2/share/ament_index/resource_index/parent_prefix_path/zed_ros2
[0.174s] -- Up-to-date symlink: /root/ros_workspace/install/zed_ros2/share/zed_ros2/environment/ament_prefix_path.sh
[0.174s] -- Up-to-date symlink: /root/ros_workspace/install/zed_ros2/share/zed_ros2/environment/ament_prefix_path.dsv
[0.174s] -- Up-to-date symlink: /root/ros_workspace/install/zed_ros2/share/zed_ros2/environment/path.sh
[0.174s] -- Up-to-date symlink: /root/ros_workspace/install/zed_ros2/share/zed_ros2/environment/path.dsv
[0.174s] -- Up-to-date symlink: /root/ros_workspace/install/zed_ros2/share/zed_ros2/local_setup.bash
[0.175s] -- Up-to-date symlink: /root/ros_workspace/install/zed_ros2/share/zed_ros2/local_setup.sh
[0.175s] -- Up-to-date symlink: /root/ros_workspace/install/zed_ros2/share/zed_ros2/local_setup.zsh
[0.175s] -- Up-to-date symlink: /root/ros_workspace/install/zed_ros2/share/zed_ros2/local_setup.dsv
[0.175s] -- Symlinking: /root/ros_workspace/install/zed_ros2/share/zed_ros2/package.dsv
[0.179s] -- Up-to-date symlink: /root/ros_workspace/install/zed_ros2/share/ament_index/resource_index/packages/zed_ros2
[0.180s] -- Up-to-date symlink: /root/ros_workspace/install/zed_ros2/share/zed_ros2/cmake/zed_ros2Config.cmake
[0.180s] -- Up-to-date symlink: /root/ros_workspace/install/zed_ros2/share/zed_ros2/cmake/zed_ros2Config-version.cmake
[0.180s] -- Up-to-date symlink: /root/ros_workspace/install/zed_ros2/share/zed_ros2/package.xml
[0.192s] Invoked command in '/root/ros_workspace/build/zed_ros2' returned '0': AMENT_PREFIX_PATH=/root/ros_workspace/install/zed_wrapper:/root/ros_workspace/install/zed_components:${AMENT_PREFIX_PATH} CMAKE_PREFIX_PATH=/root/ros_workspace/install/zed_wrapper:/root/ros_workspace/install/zed_components:/opt/ros/humble LD_LIBRARY_PATH=/root/ros_workspace/install/zed_components/lib:${LD_LIBRARY_PATH} /usr/bin/cmake --install /root/ros_workspace/build/zed_ros2
