[0.015s] Invoking command in '/root/ros_workspace/build/zed_components': CMAKE_PREFIX_PATH=/opt/ros/humble /usr/bin/cmake /root/ros_workspace/src/zed-ros2-wrapper/zed_components -DCMAKE_BUILD_TYPE=Release -DAMENT_CMAKE_SYMLINK_INSTALL=1 -DCMAKE_INSTALL_PREFIX=/root/ros_workspace/install/zed_components
[0.126s] -- Found CUDA: /usr/local/cuda (found suitable version "12.8", minimum required is "12") 
[0.126s] -- Found CUDA: /usr/local/cuda (found version "12.8") 
[0.126s] -- Found ament_cmake_auto: 1.3.12 (/opt/ros/humble/share/ament_cmake_auto/cmake)
[0.131s] -- Override CMake install command with custom implementation using symlinks instead of copying resources
[0.176s] -- Found rosidl_generator_c: 3.1.7 (/opt/ros/humble/share/rosidl_generator_c/cmake)
[0.178s] -- Found rosidl_adapter: 3.1.7 (/opt/ros/humble/share/rosidl_adapter/cmake)
[0.181s] -- Found rosidl_generator_cpp: 3.1.7 (/opt/ros/humble/share/rosidl_generator_cpp/cmake)
[0.185s] -- Using all available rosidl_typesupport_c: rosidl_typesupport_fastrtps_c;rosidl_typesupport_introspection_c
[0.194s] -- Using all available rosidl_typesupport_cpp: rosidl_typesupport_fastrtps_cpp;rosidl_typesupport_introspection_cpp
[0.245s] -- Found rmw_implementation_cmake: 6.1.2 (/opt/ros/humble/share/rmw_implementation_cmake/cmake)
[0.246s] -- Found rmw_fastrtps_cpp: 6.2.9 (/opt/ros/humble/share/rmw_fastrtps_cpp/cmake)
[0.308s] -- Using RMW implementation 'rmw_fastrtps_cpp' as default
[0.415s] -- Found eigen3_cmake_module: 0.1.1 (/opt/ros/humble/share/eigen3_cmake_module/cmake)
[0.415s] -- Ensuring Eigen3 include directory is part of orocos-kdl CMake target
[0.479s] -- Found ament_lint_auto: 0.12.14 (/opt/ros/humble/share/ament_lint_auto/cmake)
[0.493s] -- Added test 'copyright' to check source files copyright and LICENSE
[0.494s] -- Added test 'cppcheck' to perform static code analysis on C / C++ code
[0.494s] -- Configured cppcheck include dirs: /root/ros_workspace/src/zed-ros2-wrapper/zed_components/src/include;/root/ros_workspace/src/zed-ros2-wrapper/zed_components/src/zed_camera/include;/root/ros_workspace/src/zed-ros2-wrapper/zed_components/src/tools/include;/root/ros_workspace/src/zed-ros2-wrapper/zed_components/src/zed_camera_one/include
[0.494s] -- Configured cppcheck exclude dirs and/or files: 
[0.495s] -- Added test 'lint_cmake' to check CMake code style
[0.495s] -- Added test 'uncrustify' to check C / C++ code style
[0.495s] -- Configured uncrustify additional arguments: 
[0.496s] -- Added test 'xmllint' to check XML markup files
[0.497s] -- Configuring done
[0.513s] -- Generating done
[0.517s] -- Build files have been written to: /root/ros_workspace/build/zed_components
[0.524s] Invoked command in '/root/ros_workspace/build/zed_components' returned '0': CMAKE_PREFIX_PATH=/opt/ros/humble /usr/bin/cmake /root/ros_workspace/src/zed-ros2-wrapper/zed_components -DCMAKE_BUILD_TYPE=Release -DAMENT_CMAKE_SYMLINK_INSTALL=1 -DCMAKE_INSTALL_PREFIX=/root/ros_workspace/install/zed_components
[0.524s] Invoking command in '/root/ros_workspace/build/zed_components': CMAKE_PREFIX_PATH=/opt/ros/humble /usr/bin/cmake --build /root/ros_workspace/build/zed_components -- -j24 -l24
[0.552s] [35m[1mConsolidate compiler generated dependencies of target zed_camera_component[0m
[0.553s] [35m[1mConsolidate compiler generated dependencies of target zed_camera_one_component[0m
[0.571s] [ 47%] Built target zed_camera_one_component
[0.572s] [100%] Built target zed_camera_component
[0.578s] Invoked command in '/root/ros_workspace/build/zed_components' returned '0': CMAKE_PREFIX_PATH=/opt/ros/humble /usr/bin/cmake --build /root/ros_workspace/build/zed_components -- -j24 -l24
[0.579s] Invoking command in '/root/ros_workspace/build/zed_components': CMAKE_PREFIX_PATH=/opt/ros/humble /usr/bin/cmake --install /root/ros_workspace/build/zed_components
[0.583s] -- Install configuration: "Release"
[0.583s] -- Execute custom install script
[0.584s] -- Up-to-date symlink: /root/ros_workspace/install/zed_components/lib/libzed_camera_component.so
[0.584s] -- Up-to-date symlink: /root/ros_workspace/install/zed_components/lib/libzed_camera_one_component.so
[0.584s] -- Up-to-date symlink: /root/ros_workspace/install/zed_components/include/zed_components//cost_traversability.hpp
[0.584s] -- Up-to-date symlink: /root/ros_workspace/install/zed_components/include/zed_components//zed_camera_component.hpp
[0.584s] -- Up-to-date symlink: /root/ros_workspace/install/zed_components/include/zed_components//gnss_replay.hpp
[0.584s] -- Up-to-date symlink: /root/ros_workspace/install/zed_components/include/zed_components//json.hpp
[0.585s] -- Up-to-date symlink: /root/ros_workspace/install/zed_components/include/zed_components//sl_logging.hpp
[0.585s] -- Up-to-date symlink: /root/ros_workspace/install/zed_components/include/zed_components//sl_tools.hpp
[0.585s] -- Up-to-date symlink: /root/ros_workspace/install/zed_components/include/zed_components//sl_types.hpp
[0.585s] -- Up-to-date symlink: /root/ros_workspace/install/zed_components/include/zed_components//sl_win_avg.hpp
[0.585s] -- Up-to-date symlink: /root/ros_workspace/install/zed_components/include/zed_components//sl_version.hpp
[0.585s] -- Up-to-date symlink: /root/ros_workspace/install/zed_components/include/zed_components//visibility_control.hpp
[0.585s] -- Up-to-date symlink: /root/ros_workspace/install/zed_components/share/zed_components/environment/library_path.sh
[0.585s] -- Up-to-date symlink: /root/ros_workspace/install/zed_components/share/zed_components/environment/library_path.dsv
[0.585s] -- Up-to-date symlink: /root/ros_workspace/install/zed_components/share/ament_index/resource_index/package_run_dependencies/zed_components
[0.585s] -- Up-to-date symlink: /root/ros_workspace/install/zed_components/share/ament_index/resource_index/parent_prefix_path/zed_components
[0.586s] -- Up-to-date symlink: /root/ros_workspace/install/zed_components/share/zed_components/environment/ament_prefix_path.sh
[0.586s] -- Up-to-date symlink: /root/ros_workspace/install/zed_components/share/zed_components/environment/ament_prefix_path.dsv
[0.586s] -- Up-to-date symlink: /root/ros_workspace/install/zed_components/share/zed_components/environment/path.sh
[0.586s] -- Up-to-date symlink: /root/ros_workspace/install/zed_components/share/zed_components/environment/path.dsv
[0.586s] -- Up-to-date symlink: /root/ros_workspace/install/zed_components/share/zed_components/local_setup.bash
[0.586s] -- Up-to-date symlink: /root/ros_workspace/install/zed_components/share/zed_components/local_setup.sh
[0.586s] -- Up-to-date symlink: /root/ros_workspace/install/zed_components/share/zed_components/local_setup.zsh
[0.586s] -- Up-to-date symlink: /root/ros_workspace/install/zed_components/share/zed_components/local_setup.dsv
[0.586s] -- Symlinking: /root/ros_workspace/install/zed_components/share/zed_components/package.dsv
[0.591s] -- Up-to-date symlink: /root/ros_workspace/install/zed_components/share/ament_index/resource_index/packages/zed_components
[0.591s] -- Up-to-date symlink: /root/ros_workspace/install/zed_components/share/ament_index/resource_index/rclcpp_components/zed_components
[0.591s] -- Up-to-date symlink: /root/ros_workspace/install/zed_components/share/zed_components/cmake/ament_cmake_export_include_directories-extras.cmake
[0.591s] -- Up-to-date symlink: /root/ros_workspace/install/zed_components/share/zed_components/cmake/ament_cmake_export_libraries-extras.cmake
[0.592s] -- Up-to-date symlink: /root/ros_workspace/install/zed_components/share/zed_components/cmake/ament_cmake_export_dependencies-extras.cmake
[0.592s] -- Up-to-date symlink: /root/ros_workspace/install/zed_components/share/zed_components/cmake/zed_componentsConfig.cmake
[0.592s] -- Up-to-date symlink: /root/ros_workspace/install/zed_components/share/zed_components/cmake/zed_componentsConfig-version.cmake
[0.592s] -- Up-to-date symlink: /root/ros_workspace/install/zed_components/share/zed_components/package.xml
[0.593s] Invoked command in '/root/ros_workspace/build/zed_components' returned '0': CMAKE_PREFIX_PATH=/opt/ros/humble /usr/bin/cmake --install /root/ros_workspace/build/zed_components
