[0.335s] Invoking command in '/root/ros_workspace/build/object_avoidance': PYTHONPATH=/root/ros_workspace/build/object_avoidance/prefix_override:/usr/lib/python3/dist-packages/colcon_core/task/python/colcon_distutils_commands:/root/ros_workspace/install/object_avoidance/lib/python3.10/site-packages:${PYTHONPATH} /usr/bin/python3 -W ignore:setup.py install is deprecated -W ignore:easy_install command is deprecated setup.py develop --uninstall --editable --build-directory /root/ros_workspace/build/object_avoidance/build
[0.446s] running develop
[0.499s] Removing /root/ros_workspace/install/object_avoidance/lib/python3.10/site-packages/object-avoidance.egg-link (link to .)
[0.512s] Invoked command in '/root/ros_workspace/build/object_avoidance' returned '0': PYTHONPATH=/root/ros_workspace/build/object_avoidance/prefix_override:/usr/lib/python3/dist-packages/colcon_core/task/python/colcon_distutils_commands:/root/ros_workspace/install/object_avoidance/lib/python3.10/site-packages:${PYTHONPATH} /usr/bin/python3 -W ignore:setup.py install is deprecated -W ignore:easy_install command is deprecated setup.py develop --uninstall --editable --build-directory /root/ros_workspace/build/object_avoidance/build
[0.513s] Invoking command in '/root/ros_workspace/src/object_avoidance': PYTHONPATH=/root/ros_workspace/build/object_avoidance/prefix_override:/usr/lib/python3/dist-packages/colcon_core/task/python/colcon_distutils_commands:/root/ros_workspace/install/object_avoidance/lib/python3.10/site-packages:${PYTHONPATH} /usr/bin/python3 -W ignore:setup.py install is deprecated -W ignore:easy_install command is deprecated setup.py egg_info --egg-base ../../build/object_avoidance build --build-base /root/ros_workspace/build/object_avoidance/build install --record /root/ros_workspace/build/object_avoidance/install.log --single-version-externally-managed install_data --force
[0.606s] running egg_info
[0.606s] writing ../../build/object_avoidance/object_avoidance.egg-info/PKG-INFO
[0.607s] writing dependency_links to ../../build/object_avoidance/object_avoidance.egg-info/dependency_links.txt
[0.607s] writing entry points to ../../build/object_avoidance/object_avoidance.egg-info/entry_points.txt
[0.607s] writing requirements to ../../build/object_avoidance/object_avoidance.egg-info/requires.txt
[0.607s] writing top-level names to ../../build/object_avoidance/object_avoidance.egg-info/top_level.txt
[0.607s] reading manifest file '../../build/object_avoidance/object_avoidance.egg-info/SOURCES.txt'
[0.608s] writing manifest file '../../build/object_avoidance/object_avoidance.egg-info/SOURCES.txt'
[0.608s] running build
[0.608s] running build_py
[0.608s] running install
[0.608s] running install_lib
[0.609s] copying /root/ros_workspace/build/object_avoidance/build/lib/object_avoidance/object_avoidance_node.py -> /root/ros_workspace/install/object_avoidance/lib/python3.10/site-packages/object_avoidance
[0.609s] copying /root/ros_workspace/build/object_avoidance/build/lib/object_avoidance/__init__.py -> /root/ros_workspace/install/object_avoidance/lib/python3.10/site-packages/object_avoidance
[0.610s] byte-compiling /root/ros_workspace/install/object_avoidance/lib/python3.10/site-packages/object_avoidance/object_avoidance_node.py to object_avoidance_node.cpython-310.pyc
[0.610s] byte-compiling /root/ros_workspace/install/object_avoidance/lib/python3.10/site-packages/object_avoidance/__init__.py to __init__.cpython-310.pyc
[0.611s] running install_data
[0.611s] copying resource/object_avoidance -> /root/ros_workspace/install/object_avoidance/share/ament_index/resource_index/packages
[0.611s] copying package.xml -> /root/ros_workspace/install/object_avoidance/share/object_avoidance
[0.611s] running install_egg_info
[0.612s] Copying ../../build/object_avoidance/object_avoidance.egg-info to /root/ros_workspace/install/object_avoidance/lib/python3.10/site-packages/object_avoidance-0.0.0-py3.10.egg-info
[0.612s] running install_scripts
[0.622s] Installing object_avoidance_node script to /root/ros_workspace/install/object_avoidance/lib/object_avoidance
[0.623s] writing list of installed files to '/root/ros_workspace/build/object_avoidance/install.log'
